Info: Running script "./mvnw" on /home/martin/work/es-psql-quarkus
🚀 Quarkus + PostgreSQL Entwicklungsumgebung
   Java:       openjdk 21 2023-09-19
   Maven:      Apache Maven 3.9.12 (848fbb4bf2d427b72bdb2471c22fced7ebd9a7a1)
   Quarkus:    3.30.5
   PostgreSQL: postgres (PostgreSQL) 17.7

📋 Verfügbare Befehle:
   pg:start    - PostgreSQL starten
   pg:stop     - PostgreSQL stoppen
   pg:status   - PostgreSQL Status
   pg:create   - Entwicklungsdatenbank erstellen
   quarkus:dev - Quarkus im Dev-Modus starten
   quarkus:new - Neues Quarkus-Projekt erstellen
[INFO] Scanning for projects...
[INFO] 
[INFO] ------------------< space.maatini:eventsourcing-core >------------------
[INFO] Building Event Sourcing Core 2.0.0-SNAPSHOT
[INFO]   from pom.xml
[INFO] --------------------------------[ jar ]---------------------------------
[WARNING] The artifact io.quarkus:quarkus-junit5:jar:3.31.4 has been relocated to io.quarkus:quarkus-junit:jar:3.31.4: Update the artifactId in your project build file. Refer to https://github.com/quarkusio/quarkus/wiki/Migration-Guide-3.31 for more information.
[INFO] 
[INFO] --- resources:3.3.1:resources (default-resources) @ eventsourcing-core ---
[INFO] Copying 2 resources from src/main/resources to target/classes
[INFO] 
[INFO] --- quarkus:3.31.4:generate-code (default) @ eventsourcing-core ---
[INFO] 
[INFO] --- compiler:3.13.0:compile (default-compile) @ eventsourcing-core ---
[INFO] Nothing to compile - all classes are up to date.
[INFO] 
[INFO] --- jandex:3.1.2:jandex (make-index) @ eventsourcing-core ---
[INFO] Saving Jandex index: /home/martin/work/es-psql-quarkus/eventsourcing-core/target/classes/META-INF/jandex.idx
[INFO] 
[INFO] --- quarkus:3.31.4:generate-code-tests (default) @ eventsourcing-core ---
[INFO] 
[INFO] --- resources:3.3.1:testResources (default-testResources) @ eventsourcing-core ---
[INFO] Copying 1 resource from src/test/resources to target/test-classes
[INFO] 
[INFO] --- compiler:3.13.0:testCompile (default-testCompile) @ eventsourcing-core ---
[INFO] Nothing to compile - all classes are up to date.
[INFO] 
[INFO] --- surefire:3.5.2:test (default-test) @ eventsourcing-core ---
[INFO] Using auto detected provider org.apache.maven.surefire.junitplatform.JUnitPlatformProvider
[INFO] 
[INFO] -------------------------------------------------------
[INFO]  T E S T S
[INFO] -------------------------------------------------------
22:00:20 DEBUG [or.jb.logging] Logging Provider: org.jboss.logging.JBossLogManagerProvider
22:00:20 DEBUG [io.sm.config] SRCFG01006: Loaded ConfigSource ValueRegistryConfigSource with ordinal 2147483627
22:00:20 DEBUG [io.sm.config] SRCFG01006: Loaded ConfigSource SysPropConfigSource with ordinal 400
22:00:20 DEBUG [io.sm.config] SRCFG01006: Loaded ConfigSource EnvConfigSource with ordinal 300
22:00:20 DEBUG [io.sm.config] SRCFG01006: Loaded ConfigSource PropertiesConfigSource[source=file:/home/martin/work/es-psql-quarkus/eventsourcing-core/target/test-classes/application.properties] with ordinal 250
22:00:20 DEBUG [io.sm.config] SRCFG01006: Loaded ConfigSource PropertiesConfigSource[source=file:/home/martin/work/es-psql-quarkus/eventsourcing-core/target/classes/application.properties] with ordinal 250
22:00:20 DEBUG [io.sm.config] SRCFG01006: Loaded ConfigSource test URL provider with ordinal -2147482648
22:00:20 DEBUG [io.sm.config] SRCFG01006: Loaded ConfigSource DefaultValuesConfigSource with ordinal -2147483648
22:00:20 DEBUG [io.qu.te.ju.cl.FacadeClassLoader] Facade classloader loading io.quarkus.test.config.QuarkusClassOrderer for the first time

22:00:20 DEBUG [io.qu.te.ju.cl.FacadeClassLoader] Facade classloader loading space.maatini.eventsourcing.resource.AdminResourceTest for the first time

22:00:21 DEBUG [io.qu.bo.cl.QuarkusClassLoader] Adding normal priority element io.quarkus.bootstrap.classloading.PathTreeClassPathElement[io.quarkus:quarkus-arc /home/martin/.m2/repository/io/quarkus/quarkus-arc/3.31.4/quarkus-arc-3.31.4.jar runtime=true resources=85] to QuarkusClassLoader Quarkus Base Runtime ClassLoader: TEST for JUnitQuarkusTest-space.maatini.eventsourcing.TestProfile (QuarkusTest)
22:00:21 DEBUG [io.qu.bo.cl.QuarkusClassLoader] Adding normal priority element io.quarkus.bootstrap.classloading.PathTreeClassPathElement[io.quarkus.arc:arc /home/martin/.m2/repository/io/quarkus/arc/arc/3.31.4/arc-3.31.4.jar runtime=true resources=217] to QuarkusClassLoader Quarkus Base Runtime ClassLoader: TEST for JUnitQuarkusTest-space.maatini.eventsourcing.TestProfile (QuarkusTest)
22:00:21 DEBUG [io.qu.bo.cl.QuarkusClassLoader] Adding normal priority element io.quarkus.bootstrap.classloading.PathTreeClassPathElement[jakarta.enterprise:jakarta.enterprise.cdi-api /home/martin/.m2/repository/jakarta/enterprise/jakarta.enterprise.cdi-api/4.1.0/jakarta.enterprise.cdi-api-4.1.0.jar runtime=true resources=227] to QuarkusClassLoader Quarkus Base Runtime ClassLoader: TEST for JUnitQuarkusTest-space.maatini.eventsourcing.TestProfile (QuarkusTest)
22:00:21 DEBUG [io.qu.bo.cl.QuarkusClassLoader] Adding normal priority element io.quarkus.bootstrap.classloading.PathTreeClassPathElement[jakarta.enterprise:jakarta.enterprise.lang-model /home/martin/.m2/repository/jakarta/enterprise/jakarta.enterprise.lang-model/4.1.0/jakarta.enterprise.lang-model-4.1.0.jar runtime=true resources=41] to QuarkusClassLoader Quarkus Base Runtime ClassLoader: TEST for JUnitQuarkusTest-space.maatini.eventsourcing.TestProfile (QuarkusTest)
22:00:21 DEBUG [io.qu.bo.cl.QuarkusClassLoader] Adding normal priority element io.quarkus.bootstrap.classloading.PathTreeClassPathElement[jakarta.annotation:jakarta.annotation-api /home/martin/.m2/repository/jakarta/annotation/jakarta.annotation-api/3.0.0/jakarta.annotation-api-3.0.0.jar runtime=true resources=32] to QuarkusClassLoader Quarkus Base Runtime ClassLoader: TEST for JUnitQuarkusTest-space.maatini.eventsourcing.TestProfile (QuarkusTest)
22:00:21 DEBUG [io.qu.bo.cl.QuarkusClassLoader] Adding normal priority element io.quarkus.bootstrap.classloading.PathTreeClassPathElement[jakarta.transaction:jakarta.transaction-api /home/martin/.m2/repository/jakarta/transaction/jakarta.transaction-api/2.0.1/jakarta.transaction-api-2.0.1.jar runtime=true resources=32] to QuarkusClassLoader Quarkus Base Runtime ClassLoader: TEST for JUnitQuarkusTest-space.maatini.eventsourcing.TestProfile (QuarkusTest)
22:00:21 DEBUG [io.qu.bo.cl.QuarkusClassLoader] Adding normal priority element io.quarkus.bootstrap.classloading.PathTreeClassPathElement[io.smallrye.reactive:mutiny /home/martin/.m2/repository/io/smallrye/reactive/mutiny/3.1.1/mutiny-3.1.1.jar runtime=true resources=568] to QuarkusClassLoader Quarkus Base Runtime ClassLoader: TEST for JUnitQuarkusTest-space.maatini.eventsourcing.TestProfile (QuarkusTest)
22:00:21 DEBUG [io.qu.bo.cl.QuarkusClassLoader] Adding normal priority element io.quarkus.bootstrap.classloading.PathTreeClassPathElement[org.jctools:jctools-core /home/martin/.m2/repository/org/jctools/jctools-core/4.0.5/jctools-core-4.0.5.jar runtime=true resources=368] to QuarkusClassLoader Quarkus Base Runtime ClassLoader: TEST for JUnitQuarkusTest-space.maatini.eventsourcing.TestProfile (QuarkusTest)
22:00:21 DEBUG [io.qu.bo.cl.QuarkusClassLoader] Adding parent first element io.quarkus.bootstrap.classloading.PathTreeClassPathElement[org.jboss.logging:jboss-logging /home/martin/.m2/repository/org/jboss/logging/jboss-logging/3.6.2.Final/jboss-logging-3.6.2.Final.jar runtime=true resources=46] to QuarkusClassLoader Quarkus Base Runtime ClassLoader: TEST for JUnitQuarkusTest-space.maatini.eventsourcing.TestProfile (QuarkusTest)
22:00:21 DEBUG [io.qu.bo.cl.QuarkusClassLoader] Adding normal priority element io.quarkus.bootstrap.classloading.PathTreeClassPathElement[org.jboss.logging:jboss-logging /home/martin/.m2/repository/org/jboss/logging/jboss-logging/3.6.2.Final/jboss-logging-3.6.2.Final.jar runtime=true resources=46] to QuarkusClassLoader Quarkus Base Runtime ClassLoader: TEST for JUnitQuarkusTest-space.maatini.eventsourcing.TestProfile (QuarkusTest)
22:00:21 DEBUG [io.qu.bo.cl.QuarkusClassLoader] Adding normal priority element io.quarkus.bootstrap.classloading.PathTreeClassPathElement[io.quarkus:quarkus-core /home/martin/.m2/repository/io/quarkus/quarkus-core/3.31.4/quarkus-core-3.31.4.jar runtime=true resources=355] to QuarkusClassLoader Quarkus Base Runtime ClassLoader: TEST for JUnitQuarkusTest-space.maatini.eventsourcing.TestProfile (QuarkusTest)
22:00:21 DEBUG [io.qu.bo.cl.QuarkusClassLoader] Adding normal priority element io.quarkus.bootstrap.classloading.PathTreeClassPathElement[jakarta.inject:jakarta.inject-api /home/martin/.m2/repository/jakarta/inject/jakarta.inject-api/2.0.1/jakarta.inject-api-2.0.1.jar runtime=true resources=18] to QuarkusClassLoader Quarkus Base Runtime ClassLoader: TEST for JUnitQuarkusTest-space.maatini.eventsourcing.TestProfile (QuarkusTest)
22:00:21 DEBUG [io.qu.bo.cl.QuarkusClassLoader] Adding parent first element io.quarkus.bootstrap.classloading.PathTreeClassPathElement[io.smallrye.common:smallrye-common-os /home/martin/.m2/repository/io/smallrye/common/smallrye-common-os/2.15.0/smallrye-common-os-2.15.0.jar runtime=true resources=20] to QuarkusClassLoader Quarkus Base Runtime ClassLoader: TEST for JUnitQuarkusTest-space.maatini.eventsourcing.TestProfile (QuarkusTest)
22:00:21 DEBUG [io.qu.bo.cl.QuarkusClassLoader] Adding normal priority element io.quarkus.bootstrap.classloading.PathTreeClassPathElement[io.smallrye.common:smallrye-common-os /home/martin/.m2/repository/io/smallrye/common/smallrye-common-os/2.15.0/smallrye-common-os-2.15.0.jar runtime=true resources=20] to QuarkusClassLoader Quarkus Base Runtime ClassLoader: TEST for JUnitQuarkusTest-space.maatini.eventsourcing.TestProfile (QuarkusTest)
22:00:21 DEBUG [io.qu.bo.cl.QuarkusClassLoader] Adding parent first element io.quarkus.bootstrap.classloading.PathTreeClassPathElement[io.quarkus:quarkus-development-mode-spi /home/martin/.m2/repository/io/quarkus/quarkus-development-mode-spi/3.31.4/quarkus-development-mode-spi-3.31.4.jar runtime=true resources=62] to QuarkusClassLoader Quarkus Base Runtime ClassLoader: TEST for JUnitQuarkusTest-space.maatini.eventsourcing.TestProfile (QuarkusTest)
22:00:21 DEBUG [io.qu.bo.cl.QuarkusClassLoader] Adding normal priority element io.quarkus.bootstrap.classloading.PathTreeClassPathElement[io.quarkus:quarkus-development-mode-spi /home/martin/.m2/repository/io/quarkus/quarkus-development-mode-spi/3.31.4/quarkus-development-mode-spi-3.31.4.jar runtime=true resources=62] to QuarkusClassLoader Quarkus Base Runtime ClassLoader: TEST for JUnitQuarkusTest-space.maatini.eventsourcing.TestProfile (QuarkusTest)
22:00:21 DEBUG [io.qu.bo.cl.QuarkusClassLoader] Adding normal priority element io.quarkus.bootstrap.classloading.PathTreeClassPathElement[io.smallrye.config:smallrye-config /home/martin/.m2/repository/io/smallrye/config/smallrye-config/3.15.1/smallrye-config-3.15.1.jar runtime=true resources=29] to QuarkusClassLoader Quarkus Base Runtime ClassLoader: TEST for JUnitQuarkusTest-space.maatini.eventsourcing.TestProfile (QuarkusTest)
22:00:21 DEBUG [io.qu.bo.cl.QuarkusClassLoader] Adding normal priority element io.quarkus.bootstrap.classloading.PathTreeClassPathElement[io.smallrye.config:smallrye-config-core /home/martin/.m2/repository/io/smallrye/config/smallrye-config-core/3.15.1/smallrye-config-core-3.15.1.jar runtime=true resources=269] to QuarkusClassLoader Quarkus Base Runtime ClassLoader: TEST for JUnitQuarkusTest-space.maatini.eventsourcing.TestProfile (QuarkusTest)
22:00:21 DEBUG [io.qu.bo.cl.QuarkusClassLoader] Adding normal priority element io.quarkus.bootstrap.classloading.PathTreeClassPathElement[io.smallrye.config:smallrye-config-common /home/martin/.m2/repository/io/smallrye/config/smallrye-config-common/3.15.1/smallrye-config-common-3.15.1.jar runtime=true resources=20] to QuarkusClassLoader Quarkus Base Runtime ClassLoader: TEST for JUnitQuarkusTest-space.maatini.eventsourcing.TestProfile (QuarkusTest)
22:00:21 DEBUG [io.qu.bo.cl.QuarkusClassLoader] Adding parent first element io.quarkus.bootstrap.classloading.PathTreeClassPathElement[org.jboss.logmanager:jboss-logmanager /home/martin/.m2/repository/org/jboss/logmanager/jboss-logmanager/3.2.1.Final/jboss-logmanager-3.2.1.Final.jar runtime=true resources=237] to QuarkusClassLoader Quarkus Base Runtime ClassLoader: TEST for JUnitQuarkusTest-space.maatini.eventsourcing.TestProfile (QuarkusTest)
22:00:21 DEBUG [io.qu.bo.cl.QuarkusClassLoader] Adding normal priority element io.quarkus.bootstrap.classloading.PathTreeClassPathElement[org.jboss.logmanager:jboss-logmanager /home/martin/.m2/repository/org/jboss/logmanager/jboss-logmanager/3.2.1.Final/jboss-logmanager-3.2.1.Final.jar runtime=true resources=237] to QuarkusClassLoader Quarkus Base Runtime ClassLoader: TEST for JUnitQuarkusTest-space.maatini.eventsourcing.TestProfile (QuarkusTest)
22:00:21 DEBUG [io.qu.bo.cl.QuarkusClassLoader] Adding parent first element io.quarkus.bootstrap.classloading.PathTreeClassPathElement[io.smallrye.common:smallrye-common-constraint /home/martin/.m2/repository/io/smallrye/common/smallrye-common-constraint/2.15.0/smallrye-common-constraint-2.15.0.jar runtime=true resources=18] to QuarkusClassLoader Quarkus Base Runtime ClassLoader: TEST for JUnitQuarkusTest-space.maatini.eventsourcing.TestProfile (QuarkusTest)
22:00:21 DEBUG [io.qu.bo.cl.QuarkusClassLoader] Adding normal priority element io.quarkus.bootstrap.classloading.PathTreeClassPathElement[io.smallrye.common:smallrye-common-constraint /home/martin/.m2/repository/io/smallrye/common/smallrye-common-constraint/2.15.0/smallrye-common-constraint-2.15.0.jar runtime=true resources=18] to QuarkusClassLoader Quarkus Base Runtime ClassLoader: TEST for JUnitQuarkusTest-space.maatini.eventsourcing.TestProfile (QuarkusTest)
22:00:21 DEBUG [io.qu.bo.cl.QuarkusClassLoader] Adding parent first element io.quarkus.bootstrap.classloading.PathTreeClassPathElement[io.smallrye.common:smallrye-common-cpu /home/martin/.m2/repository/io/smallrye/common/smallrye-common-cpu/2.15.0/smallrye-common-cpu-2.15.0.jar runtime=true resources=20] to QuarkusClassLoader Quarkus Base Runtime ClassLoader: TEST for JUnitQuarkusTest-space.maatini.eventsourcing.TestProfile (QuarkusTest)
22:00:21 DEBUG [io.qu.bo.cl.QuarkusClassLoader] Adding normal priority element io.quarkus.bootstrap.classloading.PathTreeClassPathElement[io.smallrye.common:smallrye-common-cpu /home/martin/.m2/repository/io/smallrye/common/smallrye-common-cpu/2.15.0/smallrye-common-cpu-2.15.0.jar runtime=true resources=20] to QuarkusClassLoader Quarkus Base Runtime ClassLoader: TEST for JUnitQuarkusTest-space.maatini.eventsourcing.TestProfile (QuarkusTest)
22:00:21 DEBUG [io.qu.bo.cl.QuarkusClassLoader] Adding parent first element io.quarkus.bootstrap.classloading.PathTreeClassPathElement[io.smallrye.common:smallrye-common-expression /home/martin/.m2/repository/io/smallrye/common/smallrye-common-expression/2.15.0/smallrye-common-expression-2.15.0.jar runtime=true resources=25] to QuarkusClassLoader Quarkus Base Runtime ClassLoader: TEST for JUnitQuarkusTest-space.maatini.eventsourcing.TestProfile (QuarkusTest)
22:00:21 DEBUG [io.qu.bo.cl.QuarkusClassLoader] Adding normal priority element io.quarkus.bootstrap.classloading.PathTreeClassPathElement[io.smallrye.common:smallrye-common-expression /home/martin/.m2/repository/io/smallrye/common/smallrye-common-expression/2.15.0/smallrye-common-expression-2.15.0.jar runtime=true resources=25] to QuarkusClassLoader Quarkus Base Runtime ClassLoader: TEST for JUnitQuarkusTest-space.maatini.eventsourcing.TestProfile (QuarkusTest)
22:00:21 DEBUG [io.qu.bo.cl.QuarkusClassLoader] Adding parent first element io.quarkus.bootstrap.classloading.PathTreeClassPathElement[io.smallrye.common:smallrye-common-net /home/martin/.m2/repository/io/smallrye/common/smallrye-common-net/2.15.0/smallrye-common-net-2.15.0.jar runtime=true resources=30] to QuarkusClassLoader Quarkus Base Runtime ClassLoader: TEST for JUnitQuarkusTest-space.maatini.eventsourcing.TestProfile (QuarkusTest)
22:00:21 DEBUG [io.qu.bo.cl.QuarkusClassLoader] Adding normal priority element io.quarkus.bootstrap.classloading.PathTreeClassPathElement[io.smallrye.common:smallrye-common-net /home/martin/.m2/repository/io/smallrye/common/smallrye-common-net/2.15.0/smallrye-common-net-2.15.0.jar runtime=true resources=30] to QuarkusClassLoader Quarkus Base Runtime ClassLoader: TEST for JUnitQuarkusTest-space.maatini.eventsourcing.TestProfile (QuarkusTest)
22:00:21 DEBUG [io.qu.bo.cl.QuarkusClassLoader] Adding parent first element io.quarkus.bootstrap.classloading.PathTreeClassPathElement[io.smallrye.common:smallrye-common-ref /home/martin/.m2/repository/io/smallrye/common/smallrye-common-ref/2.15.0/smallrye-common-ref-2.15.0.jar runtime=true resources=27] to QuarkusClassLoader Quarkus Base Runtime ClassLoader: TEST for JUnitQuarkusTest-space.maatini.eventsourcing.TestProfile (QuarkusTest)
22:00:21 DEBUG [io.qu.bo.cl.QuarkusClassLoader] Adding normal priority element io.quarkus.bootstrap.classloading.PathTreeClassPathElement[io.smallrye.common:smallrye-common-ref /home/martin/.m2/repository/io/smallrye/common/smallrye-common-ref/2.15.0/smallrye-common-ref-2.15.0.jar runtime=true resources=27] to QuarkusClassLoader Quarkus Base Runtime ClassLoader: TEST for JUnitQuarkusTest-space.maatini.eventsourcing.TestProfile (QuarkusTest)
22:00:21 DEBUG [io.qu.bo.cl.QuarkusClassLoader] Adding normal priority element io.quarkus.bootstrap.classloading.PathTreeClassPathElement[org.jboss.threads:jboss-threads /home/martin/.m2/repository/org/jboss/threads/jboss-threads/3.9.2/jboss-threads-3.9.2.jar runtime=true resources=105] to QuarkusClassLoader Quarkus Base Runtime ClassLoader: TEST for JUnitQuarkusTest-space.maatini.eventsourcing.TestProfile (QuarkusTest)
22:00:21 DEBUG [io.qu.bo.cl.QuarkusClassLoader] Adding parent first element io.quarkus.bootstrap.classloading.PathTreeClassPathElement[io.smallrye.common:smallrye-common-function /home/martin/.m2/repository/io/smallrye/common/smallrye-common-function/2.15.0/smallrye-common-function-2.15.0.jar runtime=true resources=70] to QuarkusClassLoader Quarkus Base Runtime ClassLoader: TEST for JUnitQuarkusTest-space.maatini.eventsourcing.TestProfile (QuarkusTest)
22:00:21 DEBUG [io.qu.bo.cl.QuarkusClassLoader] Adding normal priority element io.quarkus.bootstrap.classloading.PathTreeClassPathElement[io.smallrye.common:smallrye-common-function /home/martin/.m2/repository/io/smallrye/common/smallrye-common-function/2.15.0/smallrye-common-function-2.15.0.jar runtime=true resources=70] to QuarkusClassLoader Quarkus Base Runtime ClassLoader: TEST for JUnitQuarkusTest-space.maatini.eventsourcing.TestProfile (QuarkusTest)
22:00:21 DEBUG [io.qu.bo.cl.QuarkusClassLoader] Adding parent first element io.quarkus.bootstrap.classloading.PathTreeClassPathElement[org.slf4j:slf4j-api /home/martin/.m2/repository/org/slf4j/slf4j-api/2.0.17/slf4j-api-2.0.17.jar runtime=true resources=72] to QuarkusClassLoader Quarkus Base Runtime ClassLoader: TEST for JUnitQuarkusTest-space.maatini.eventsourcing.TestProfile (QuarkusTest)
22:00:21 DEBUG [io.qu.bo.cl.QuarkusClassLoader] Adding normal priority element io.quarkus.bootstrap.classloading.PathTreeClassPathElement[org.slf4j:slf4j-api /home/martin/.m2/repository/org/slf4j/slf4j-api/2.0.17/slf4j-api-2.0.17.jar runtime=true resources=72] to QuarkusClassLoader Quarkus Base Runtime ClassLoader: TEST for JUnitQuarkusTest-space.maatini.eventsourcing.TestProfile (QuarkusTest)
22:00:21 DEBUG [io.qu.bo.cl.QuarkusClassLoader] Adding normal priority element io.quarkus.bootstrap.classloading.PathTreeClassPathElement[org.wildfly.common:wildfly-common /home/martin/.m2/repository/org/wildfly/common/wildfly-common/2.0.1/wildfly-common-2.0.1.jar runtime=true resources=242] to QuarkusClassLoader Quarkus Base Runtime ClassLoader: TEST for JUnitQuarkusTest-space.maatini.eventsourcing.TestProfile (QuarkusTest)
22:00:21 DEBUG [io.qu.bo.cl.QuarkusClassLoader] Adding parent first element io.quarkus.bootstrap.classloading.PathTreeClassPathElement[io.quarkus:quarkus-registry /home/martin/.m2/repository/io/quarkus/quarkus-registry/3.31.4/quarkus-registry-3.31.4.jar runtime=true resources=17] to QuarkusClassLoader Quarkus Base Runtime ClassLoader: TEST for JUnitQuarkusTest-space.maatini.eventsourcing.TestProfile (QuarkusTest)
22:00:21 DEBUG [io.qu.bo.cl.QuarkusClassLoader] Adding normal priority element io.quarkus.bootstrap.classloading.PathTreeClassPathElement[io.quarkus:quarkus-registry /home/martin/.m2/repository/io/quarkus/quarkus-registry/3.31.4/quarkus-registry-3.31.4.jar runtime=true resources=17] to QuarkusClassLoader Quarkus Base Runtime ClassLoader: TEST for JUnitQuarkusTest-space.maatini.eventsourcing.TestProfile (QuarkusTest)
22:00:21 DEBUG [io.qu.bo.cl.QuarkusClassLoader] Adding parent first element io.quarkus.bootstrap.classloading.PathTreeClassPathElement[io.quarkus:quarkus-bootstrap-runner /home/martin/.m2/repository/io/quarkus/quarkus-bootstrap-runner/3.31.4/quarkus-bootstrap-runner-3.31.4.jar runtime=true resources=51] to QuarkusClassLoader Quarkus Base Runtime ClassLoader: TEST for JUnitQuarkusTest-space.maatini.eventsourcing.TestProfile (QuarkusTest)
22:00:21 DEBUG [io.qu.bo.cl.QuarkusClassLoader] Adding normal priority element io.quarkus.bootstrap.classloading.PathTreeClassPathElement[io.quarkus:quarkus-bootstrap-runner /home/martin/.m2/repository/io/quarkus/quarkus-bootstrap-runner/3.31.4/quarkus-bootstrap-runner-3.31.4.jar runtime=true resources=51] to QuarkusClassLoader Quarkus Base Runtime ClassLoader: TEST for JUnitQuarkusTest-space.maatini.eventsourcing.TestProfile (QuarkusTest)
22:00:21 DEBUG [io.qu.bo.cl.QuarkusClassLoader] Adding normal priority element io.quarkus.bootstrap.classloading.PathTreeClassPathElement[io.quarkus:quarkus-fs-util /home/martin/.m2/repository/io/quarkus/quarkus-fs-util/1.3.0/quarkus-fs-util-1.3.0.jar runtime=true resources=27] to QuarkusClassLoader Quarkus Base Runtime ClassLoader: TEST for JUnitQuarkusTest-space.maatini.eventsourcing.TestProfile (QuarkusTest)
22:00:21 DEBUG [io.qu.bo.cl.QuarkusClassLoader] Adding normal priority element io.quarkus.bootstrap.classloading.PathTreeClassPathElement[org.eclipse.microprofile.context-propagation:microprofile-context-propagation-api /home/martin/.m2/repository/org/eclipse/microprofile/context-propagation/microprofile-context-propagation-api/1.3/microprofile-context-propagation-api-1.3.jar runtime=true resources=25] to QuarkusClassLoader Quarkus Base Runtime ClassLoader: TEST for JUnitQuarkusTest-space.maatini.eventsourcing.TestProfile (QuarkusTest)
22:00:21 DEBUG [io.qu.bo.cl.QuarkusClassLoader] Adding normal priority element io.quarkus.bootstrap.classloading.PathTreeClassPathElement[io.quarkus:quarkus-rest-jackson /home/martin/.m2/repository/io/quarkus/quarkus-rest-jackson/3.31.4/quarkus-rest-jackson-3.31.4.jar runtime=true resources=62] to QuarkusClassLoader Quarkus Base Runtime ClassLoader: TEST for JUnitQuarkusTest-space.maatini.eventsourcing.TestProfile (QuarkusTest)
22:00:21 DEBUG [io.qu.bo.cl.QuarkusClassLoader] Adding normal priority element io.quarkus.bootstrap.classloading.PathTreeClassPathElement[io.quarkus:quarkus-rest /home/martin/.m2/repository/io/quarkus/quarkus-rest/3.31.4/quarkus-rest-3.31.4.jar runtime=true resources=122] to QuarkusClassLoader Quarkus Base Runtime ClassLoader: TEST for JUnitQuarkusTest-space.maatini.eventsourcing.TestProfile (QuarkusTest)
22:00:21 DEBUG [io.qu.bo.cl.QuarkusClassLoader] Adding normal priority element io.quarkus.bootstrap.classloading.PathTreeClassPathElement[io.quarkus:quarkus-rest-common /home/martin/.m2/repository/io/quarkus/quarkus-rest-common/3.31.4/quarkus-rest-common-3.31.4.jar runtime=true resources=31] to QuarkusClassLoader Quarkus Base Runtime ClassLoader: TEST for JUnitQuarkusTest-space.maatini.eventsourcing.TestProfile (QuarkusTest)
22:00:21 DEBUG [io.qu.bo.cl.QuarkusClassLoader] Adding normal priority element io.quarkus.bootstrap.classloading.PathTreeClassPathElement[io.quarkus.resteasy.reactive:resteasy-reactive-common /home/martin/.m2/repository/io/quarkus/resteasy/reactive/resteasy-reactive-common/3.31.4/resteasy-reactive-common-3.31.4.jar runtime=true resources=226] to QuarkusClassLoader Quarkus Base Runtime ClassLoader: TEST for JUnitQuarkusTest-space.maatini.eventsourcing.TestProfile (QuarkusTest)
22:00:21 DEBUG [io.qu.bo.cl.QuarkusClassLoader] Adding normal priority element io.quarkus.bootstrap.classloading.PathTreeClassPathElement[io.quarkus.resteasy.reactive:resteasy-reactive-common-types /home/martin/.m2/repository/io/quarkus/resteasy/reactive/resteasy-reactive-common-types/3.31.4/resteasy-reactive-common-types-3.31.4.jar runtime=true resources=15] to QuarkusClassLoader Quarkus Base Runtime ClassLoader: TEST for JUnitQuarkusTest-space.maatini.eventsourcing.TestProfile (QuarkusTest)
22:00:21 DEBUG [io.qu.bo.cl.QuarkusClassLoader] Adding normal priority element io.quarkus.bootstrap.classloading.PathTreeClassPathElement[org.reactivestreams:reactive-streams /home/martin/.m2/repository/org/reactivestreams/reactive-streams/1.0.4/reactive-streams-1.0.4.jar runtime=true resources=17] to QuarkusClassLoader Quarkus Base Runtime ClassLoader: TEST for JUnitQuarkusTest-space.maatini.eventsourcing.TestProfile (QuarkusTest)
22:00:21 DEBUG [io.qu.bo.cl.QuarkusClassLoader] Adding normal priority element io.quarkus.bootstrap.classloading.PathTreeClassPathElement[io.smallrye.reactive:mutiny-zero-flow-adapters /home/martin/.m2/repository/io/smallrye/reactive/mutiny-zero-flow-adapters/1.1.1/mutiny-zero-flow-adapters-1.1.1.jar runtime=true resources=28] to QuarkusClassLoader Quarkus Base Runtime ClassLoader: TEST for JUnitQuarkusTest-space.maatini.eventsourcing.TestProfile (QuarkusTest)
22:00:21 DEBUG [io.qu.bo.cl.QuarkusClassLoader] Adding normal priority element io.quarkus.bootstrap.classloading.PathTreeClassPathElement[io.quarkus.resteasy.reactive:resteasy-reactive-vertx /home/martin/.m2/repository/io/quarkus/resteasy/reactive/resteasy-reactive-vertx/3.31.4/resteasy-reactive-vertx-3.31.4.jar runtime=true resources=42] to QuarkusClassLoader Quarkus Base Runtime ClassLoader: TEST for JUnitQuarkusTest-space.maatini.eventsourcing.TestProfile (QuarkusTest)
22:00:21 DEBUG [io.qu.bo.cl.QuarkusClassLoader] Adding normal priority element io.quarkus.bootstrap.classloading.PathTreeClassPathElement[io.quarkus.resteasy.reactive:resteasy-reactive /home/martin/.m2/repository/io/quarkus/resteasy/reactive/resteasy-reactive/3.31.4/resteasy-reactive-3.31.4.jar runtime=true resources=396] to QuarkusClassLoader Quarkus Base Runtime ClassLoader: TEST for JUnitQuarkusTest-space.maatini.eventsourcing.TestProfile (QuarkusTest)
22:00:21 DEBUG [io.qu.bo.cl.QuarkusClassLoader] Adding normal priority element io.quarkus.bootstrap.classloading.PathTreeClassPathElement[io.quarkus.vertx.utils:quarkus-vertx-utils /home/martin/.m2/repository/io/quarkus/vertx/utils/quarkus-vertx-utils/3.31.4/quarkus-vertx-utils-3.31.4.jar runtime=true resources=19] to QuarkusClassLoader Quarkus Base Runtime ClassLoader: TEST for JUnitQuarkusTest-space.maatini.eventsourcing.TestProfile (QuarkusTest)
22:00:21 DEBUG [io.qu.bo.cl.QuarkusClassLoader] Adding normal priority element io.quarkus.bootstrap.classloading.PathTreeClassPathElement[jakarta.xml.bind:jakarta.xml.bind-api /home/martin/.m2/repository/jakarta/xml/bind/jakarta.xml.bind-api/4.0.5/jakarta.xml.bind-api-4.0.5.jar runtime=true resources=138] to QuarkusClassLoader Quarkus Base Runtime ClassLoader: TEST for JUnitQuarkusTest-space.maatini.eventsourcing.TestProfile (QuarkusTest)
22:00:21 DEBUG [io.qu.bo.cl.QuarkusClassLoader] Adding normal priority element io.quarkus.bootstrap.classloading.PathTreeClassPathElement[jakarta.activation:jakarta.activation-api /home/martin/.m2/repository/jakarta/activation/jakarta.activation-api/2.1.4/jakarta.activation-api-2.1.4.jar runtime=true resources=60] to QuarkusClassLoader Quarkus Base Runtime ClassLoader: TEST for JUnitQuarkusTest-space.maatini.eventsourcing.TestProfile (QuarkusTest)
22:00:21 DEBUG [io.qu.bo.cl.QuarkusClassLoader] Adding normal priority element io.quarkus.bootstrap.classloading.PathTreeClassPathElement[io.quarkus:quarkus-rest-jackson-common /home/martin/.m2/repository/io/quarkus/quarkus-rest-jackson-common/3.31.4/quarkus-rest-jackson-common-3.31.4.jar runtime=true resources=23] to QuarkusClassLoader Quarkus Base Runtime ClassLoader: TEST for JUnitQuarkusTest-space.maatini.eventsourcing.TestProfile (QuarkusTest)
22:00:21 DEBUG [io.qu.bo.cl.QuarkusClassLoader] Adding normal priority element io.quarkus.bootstrap.classloading.PathTreeClassPathElement[io.quarkus.resteasy.reactive:resteasy-reactive-jackson /home/martin/.m2/repository/io/quarkus/resteasy/reactive/resteasy-reactive-jackson/3.31.4/resteasy-reactive-jackson-3.31.4.jar runtime=true resources=16] to QuarkusClassLoader Quarkus Base Runtime ClassLoader: TEST for JUnitQuarkusTest-space.maatini.eventsourcing.TestProfile (QuarkusTest)
22:00:21 DEBUG [io.qu.bo.cl.QuarkusClassLoader] Adding normal priority element io.quarkus.bootstrap.classloading.PathTreeClassPathElement[io.quarkus:quarkus-jackson /home/martin/.m2/repository/io/quarkus/quarkus-jackson/3.31.4/quarkus-jackson-3.31.4.jar runtime=true resources=33] to QuarkusClassLoader Quarkus Base Runtime ClassLoader: TEST for JUnitQuarkusTest-space.maatini.eventsourcing.TestProfile (QuarkusTest)
22:00:21 DEBUG [io.qu.bo.cl.QuarkusClassLoader] Adding normal priority element io.quarkus.bootstrap.classloading.PathTreeClassPathElement[com.fasterxml.jackson.datatype:jackson-datatype-jsr310 /home/martin/.m2/repository/com/fasterxml/jackson/datatype/jackson-datatype-jsr310/2.20.1/jackson-datatype-jsr310-2.20.1.jar runtime=true resources=89] to QuarkusClassLoader Quarkus Base Runtime ClassLoader: TEST for JUnitQuarkusTest-space.maatini.eventsourcing.TestProfile (QuarkusTest)
22:00:21 DEBUG [io.qu.bo.cl.QuarkusClassLoader] Adding normal priority element io.quarkus.bootstrap.classloading.PathTreeClassPathElement[com.fasterxml.jackson.datatype:jackson-datatype-jdk8 /home/martin/.m2/repository/com/fasterxml/jackson/datatype/jackson-datatype-jdk8/2.20.1/jackson-datatype-jdk8-2.20.1.jar runtime=true resources=42] to QuarkusClassLoader Quarkus Base Runtime ClassLoader: TEST for JUnitQuarkusTest-space.maatini.eventsourcing.TestProfile (QuarkusTest)
22:00:21 DEBUG [io.qu.bo.cl.QuarkusClassLoader] Adding normal priority element io.quarkus.bootstrap.classloading.PathTreeClassPathElement[com.fasterxml.jackson.module:jackson-module-parameter-names /home/martin/.m2/repository/com/fasterxml/jackson/module/jackson-module-parameter-names/2.20.1/jackson-module-parameter-names-2.20.1.jar runtime=true resources=24] to QuarkusClassLoader Quarkus Base Runtime ClassLoader: TEST for JUnitQuarkusTest-space.maatini.eventsourcing.TestProfile (QuarkusTest)
22:00:21 DEBUG [io.qu.bo.cl.QuarkusClassLoader] Adding normal priority element io.quarkus.bootstrap.classloading.PathTreeClassPathElement[io.quarkus:quarkus-hibernate-reactive-panache /home/martin/.m2/repository/io/quarkus/quarkus-hibernate-reactive-panache/3.31.4/quarkus-hibernate-reactive-panache-3.31.4.jar runtime=true resources=31] to QuarkusClassLoader Quarkus Base Runtime ClassLoader: TEST for JUnitQuarkusTest-space.maatini.eventsourcing.TestProfile (QuarkusTest)
22:00:21 DEBUG [io.qu.bo.cl.QuarkusClassLoader] Adding normal priority element io.quarkus.bootstrap.classloading.PathTreeClassPathElement[io.quarkus:quarkus-hibernate-reactive /home/martin/.m2/repository/io/quarkus/quarkus-hibernate-reactive/3.31.4/quarkus-hibernate-reactive-3.31.4.jar runtime=true resources=38] to QuarkusClassLoader Quarkus Base Runtime ClassLoader: TEST for JUnitQuarkusTest-space.maatini.eventsourcing.TestProfile (QuarkusTest)
22:00:21 DEBUG [io.qu.bo.cl.QuarkusClassLoader] Adding normal priority element io.quarkus.bootstrap.classloading.PathTreeClassPathElement[io.quarkus:quarkus-hibernate-orm /home/martin/.m2/repository/io/quarkus/quarkus-hibernate-orm/3.31.4/quarkus-hibernate-orm-3.31.4.jar runtime=true resources=232] to QuarkusClassLoader Quarkus Base Runtime ClassLoader: TEST for JUnitQuarkusTest-space.maatini.eventsourcing.TestProfile (QuarkusTest)
22:00:21 DEBUG [io.qu.bo.cl.QuarkusClassLoader] Adding normal priority element io.quarkus.bootstrap.classloading.PathTreeClassPathElement[org.hibernate.orm:hibernate-core /home/martin/.m2/repository/org/hibernate/orm/hibernate-core/7.2.4.Final/hibernate-core-7.2.4.Final.jar runtime=true resources=8521] to QuarkusClassLoader Quarkus Base Runtime ClassLoader: TEST for JUnitQuarkusTest-space.maatini.eventsourcing.TestProfile (QuarkusTest)
22:00:21 DEBUG [io.qu.bo.cl.QuarkusClassLoader] Adding normal priority element io.quarkus.bootstrap.classloading.PathTreeClassPathElement[org.hibernate.models:hibernate-models /home/martin/.m2/repository/org/hibernate/models/hibernate-models/1.0.1/hibernate-models-1.0.1.jar runtime=true resources=190] to QuarkusClassLoader Quarkus Base Runtime ClassLoader: TEST for JUnitQuarkusTest-space.maatini.eventsourcing.TestProfile (QuarkusTest)
22:00:21 DEBUG [io.qu.bo.cl.QuarkusClassLoader] Adding parent first element io.quarkus.bootstrap.classloading.PathTreeClassPathElement[net.bytebuddy:byte-buddy /home/martin/.m2/repository/net/bytebuddy/byte-buddy/1.17.8/byte-buddy-1.17.8.jar runtime=true resources=6067] to QuarkusClassLoader Quarkus Base Runtime ClassLoader: TEST for JUnitQuarkusTest-space.maatini.eventsourcing.TestProfile (QuarkusTest)
22:00:21 DEBUG [io.qu.bo.cl.QuarkusClassLoader] Adding normal priority element io.quarkus.bootstrap.classloading.PathTreeClassPathElement[net.bytebuddy:byte-buddy /home/martin/.m2/repository/net/bytebuddy/byte-buddy/1.17.8/byte-buddy-1.17.8.jar runtime=true resources=6067] to QuarkusClassLoader Quarkus Base Runtime ClassLoader: TEST for JUnitQuarkusTest-space.maatini.eventsourcing.TestProfile (QuarkusTest)
22:00:21 DEBUG [io.qu.bo.cl.QuarkusClassLoader] Adding normal priority element io.quarkus.bootstrap.classloading.PathTreeClassPathElement[org.hibernate.orm:hibernate-graalvm /home/martin/.m2/repository/org/hibernate/orm/hibernate-graalvm/7.2.4.Final/hibernate-graalvm-7.2.4.Final.jar runtime=true resources=9] to QuarkusClassLoader Quarkus Base Runtime ClassLoader: TEST for JUnitQuarkusTest-space.maatini.eventsourcing.TestProfile (QuarkusTest)
22:00:21 DEBUG [io.qu.bo.cl.QuarkusClassLoader] Adding normal priority element io.quarkus.bootstrap.classloading.PathTreeClassPathElement[org.glassfish.jaxb:jaxb-runtime /home/martin/.m2/repository/org/glassfish/jaxb/jaxb-runtime/4.0.6/jaxb-runtime-4.0.6.jar runtime=true resources=693] to QuarkusClassLoader Quarkus Base Runtime ClassLoader: TEST for JUnitQuarkusTest-space.maatini.eventsourcing.TestProfile (QuarkusTest)
22:00:21 DEBUG [io.qu.bo.cl.QuarkusClassLoader] Adding normal priority element io.quarkus.bootstrap.classloading.PathTreeClassPathElement[org.glassfish.jaxb:jaxb-core /home/martin/.m2/repository/org/glassfish/jaxb/jaxb-core/4.0.6/jaxb-core-4.0.6.jar runtime=true resources=157] to QuarkusClassLoader Quarkus Base Runtime ClassLoader: TEST for JUnitQuarkusTest-space.maatini.eventsourcing.TestProfile (QuarkusTest)
22:00:21 DEBUG [io.qu.bo.cl.QuarkusClassLoader] Adding normal priority element io.quarkus.bootstrap.classloading.PathTreeClassPathElement[org.eclipse.angus:angus-activation /home/martin/.m2/repository/org/eclipse/angus/angus-activation/2.0.3/angus-activation-2.0.3.jar runtime=true resources=32] to QuarkusClassLoader Quarkus Base Runtime ClassLoader: TEST for JUnitQuarkusTest-space.maatini.eventsourcing.TestProfile (QuarkusTest)
22:00:21 DEBUG [io.qu.bo.cl.QuarkusClassLoader] Adding normal priority element io.quarkus.bootstrap.classloading.PathTreeClassPathElement[org.glassfish.jaxb:txw2 /home/martin/.m2/repository/org/glassfish/jaxb/txw2/4.0.6/txw2-4.0.6.jar runtime=true resources=72] to QuarkusClassLoader Quarkus Base Runtime ClassLoader: TEST for JUnitQuarkusTest-space.maatini.eventsourcing.TestProfile (QuarkusTest)
22:00:21 DEBUG [io.qu.bo.cl.QuarkusClassLoader] Adding normal priority element io.quarkus.bootstrap.classloading.PathTreeClassPathElement[com.sun.istack:istack-commons-runtime /home/martin/.m2/repository/com/sun/istack/istack-commons-runtime/4.1.2/istack-commons-runtime-4.1.2.jar runtime=true resources=35] to QuarkusClassLoader Quarkus Base Runtime ClassLoader: TEST for JUnitQuarkusTest-space.maatini.eventsourcing.TestProfile (QuarkusTest)
22:00:21 DEBUG [io.qu.bo.cl.QuarkusClassLoader] Adding normal priority element io.quarkus.bootstrap.classloading.PathTreeClassPathElement[jakarta.persistence:jakarta.persistence-api /home/martin/.m2/repository/jakarta/persistence/jakarta.persistence-api/3.2.0/jakarta.persistence-api-3.2.0.jar runtime=true resources=252] to QuarkusClassLoader Quarkus Base Runtime ClassLoader: TEST for JUnitQuarkusTest-space.maatini.eventsourcing.TestProfile (QuarkusTest)
22:00:21 DEBUG [io.qu.bo.cl.QuarkusClassLoader] Adding normal priority element io.quarkus.bootstrap.classloading.PathTreeClassPathElement[org.hibernate.local-cache:quarkus-local-cache /home/martin/.m2/repository/org/hibernate/local-cache/quarkus-local-cache/0.5.0/quarkus-local-cache-0.5.0.jar runtime=true resources=50] to QuarkusClassLoader Quarkus Base Runtime ClassLoader: TEST for JUnitQuarkusTest-space.maatini.eventsourcing.TestProfile (QuarkusTest)
22:00:21 DEBUG [io.qu.bo.cl.QuarkusClassLoader] Adding normal priority element io.quarkus.bootstrap.classloading.PathTreeClassPathElement[io.quarkus:quarkus-caffeine /home/martin/.m2/repository/io/quarkus/quarkus-caffeine/3.31.4/quarkus-caffeine-3.31.4.jar runtime=true resources=16] to QuarkusClassLoader Quarkus Base Runtime ClassLoader: TEST for JUnitQuarkusTest-space.maatini.eventsourcing.TestProfile (QuarkusTest)
22:00:21 DEBUG [io.qu.bo.cl.QuarkusClassLoader] Adding normal priority element io.quarkus.bootstrap.classloading.PathTreeClassPathElement[com.github.ben-manes.caffeine:caffeine /home/martin/.m2/repository/com/github/ben-manes/caffeine/caffeine/3.2.3/caffeine-3.2.3.jar runtime=true resources=723] to QuarkusClassLoader Quarkus Base Runtime ClassLoader: TEST for JUnitQuarkusTest-space.maatini.eventsourcing.TestProfile (QuarkusTest)
22:00:21 DEBUG [io.qu.bo.cl.QuarkusClassLoader] Adding normal priority element io.quarkus.bootstrap.classloading.PathTreeClassPathElement[com.google.errorprone:error_prone_annotations /home/martin/.m2/repository/com/google/errorprone/error_prone_annotations/2.46.0/error_prone_annotations-2.46.0.jar runtime=true resources=50] to QuarkusClassLoader Quarkus Base Runtime ClassLoader: TEST for JUnitQuarkusTest-space.maatini.eventsourcing.TestProfile (QuarkusTest)
22:00:21 DEBUG [io.qu.bo.cl.QuarkusClassLoader] Adding normal priority element io.quarkus.bootstrap.classloading.PathTreeClassPathElement[org.hibernate.reactive:hibernate-reactive-core /home/martin/.m2/repository/org/hibernate/reactive/hibernate-reactive-core/3.2.2.Final/hibernate-reactive-core-3.2.2.Final.jar runtime=true resources=712] to QuarkusClassLoader Quarkus Base Runtime ClassLoader: TEST for JUnitQuarkusTest-space.maatini.eventsourcing.TestProfile (QuarkusTest)
22:00:21 DEBUG [io.qu.bo.cl.QuarkusClassLoader] Adding normal priority element io.quarkus.bootstrap.classloading.PathTreeClassPathElement[io.quarkus:quarkus-mutiny /home/martin/.m2/repository/io/quarkus/quarkus-mutiny/3.31.4/quarkus-mutiny-3.31.4.jar runtime=true resources=19] to QuarkusClassLoader Quarkus Base Runtime ClassLoader: TEST for JUnitQuarkusTest-space.maatini.eventsourcing.TestProfile (QuarkusTest)
22:00:21 DEBUG [io.qu.bo.cl.QuarkusClassLoader] Adding normal priority element io.quarkus.bootstrap.classloading.PathTreeClassPathElement[io.quarkus:quarkus-smallrye-context-propagation /home/martin/.m2/repository/io/quarkus/quarkus-smallrye-context-propagation/3.31.4/quarkus-smallrye-context-propagation-3.31.4.jar runtime=true resources=24] to QuarkusClassLoader Quarkus Base Runtime ClassLoader: TEST for JUnitQuarkusTest-space.maatini.eventsourcing.TestProfile (QuarkusTest)
22:00:21 DEBUG [io.qu.bo.cl.QuarkusClassLoader] Adding normal priority element io.quarkus.bootstrap.classloading.PathTreeClassPathElement[io.smallrye:smallrye-context-propagation /home/martin/.m2/repository/io/smallrye/smallrye-context-propagation/2.3.0/smallrye-context-propagation-2.3.0.jar runtime=true resources=86] to QuarkusClassLoader Quarkus Base Runtime ClassLoader: TEST for JUnitQuarkusTest-space.maatini.eventsourcing.TestProfile (QuarkusTest)
22:00:21 DEBUG [io.qu.bo.cl.QuarkusClassLoader] Adding normal priority element io.quarkus.bootstrap.classloading.PathTreeClassPathElement[io.smallrye:smallrye-context-propagation-api /home/martin/.m2/repository/io/smallrye/smallrye-context-propagation-api/2.3.0/smallrye-context-propagation-api-2.3.0.jar runtime=true resources=21] to QuarkusClassLoader Quarkus Base Runtime ClassLoader: TEST for JUnitQuarkusTest-space.maatini.eventsourcing.TestProfile (QuarkusTest)
22:00:21 DEBUG [io.qu.bo.cl.QuarkusClassLoader] Adding normal priority element io.quarkus.bootstrap.classloading.PathTreeClassPathElement[io.smallrye:smallrye-context-propagation-storage /home/martin/.m2/repository/io/smallrye/smallrye-context-propagation-storage/2.3.0/smallrye-context-propagation-storage-2.3.0.jar runtime=true resources=21] to QuarkusClassLoader Quarkus Base Runtime ClassLoader: TEST for JUnitQuarkusTest-space.maatini.eventsourcing.TestProfile (QuarkusTest)
22:00:21 DEBUG [io.qu.bo.cl.QuarkusClassLoader] Adding normal priority element io.quarkus.bootstrap.classloading.PathTreeClassPathElement[io.smallrye.reactive:mutiny-smallrye-context-propagation /home/martin/.m2/repository/io/smallrye/reactive/mutiny-smallrye-context-propagation/3.1.1/mutiny-smallrye-context-propagation-3.1.1.jar runtime=true resources=30] to QuarkusClassLoader Quarkus Base Runtime ClassLoader: TEST for JUnitQuarkusTest-space.maatini.eventsourcing.TestProfile (QuarkusTest)
22:00:21 DEBUG [io.qu.bo.cl.QuarkusClassLoader] Adding normal priority element io.quarkus.bootstrap.classloading.PathTreeClassPathElement[io.quarkus:quarkus-hibernate-reactive-panache-common /home/martin/.m2/repository/io/quarkus/quarkus-hibernate-reactive-panache-common/3.31.4/quarkus-hibernate-reactive-panache-common-3.31.4.jar runtime=true resources=41] to QuarkusClassLoader Quarkus Base Runtime ClassLoader: TEST for JUnitQuarkusTest-space.maatini.eventsourcing.TestProfile (QuarkusTest)
22:00:21 DEBUG [io.qu.bo.cl.QuarkusClassLoader] Adding normal priority element io.quarkus.bootstrap.classloading.PathTreeClassPathElement[io.quarkus:quarkus-panache-common /home/martin/.m2/repository/io/quarkus/quarkus-panache-common/3.31.4/quarkus-panache-common-3.31.4.jar runtime=true resources=23] to QuarkusClassLoader Quarkus Base Runtime ClassLoader: TEST for JUnitQuarkusTest-space.maatini.eventsourcing.TestProfile (QuarkusTest)
22:00:21 DEBUG [io.qu.bo.cl.QuarkusClassLoader] Adding normal priority element io.quarkus.bootstrap.classloading.PathTreeClassPathElement[io.quarkus:quarkus-panache-hibernate-common /home/martin/.m2/repository/io/quarkus/quarkus-panache-hibernate-common/3.31.4/quarkus-panache-hibernate-common-3.31.4.jar runtime=true resources=15] to QuarkusClassLoader Quarkus Base Runtime ClassLoader: TEST for JUnitQuarkusTest-space.maatini.eventsourcing.TestProfile (QuarkusTest)
22:00:21 DEBUG [io.qu.bo.cl.QuarkusClassLoader] Adding normal priority element io.quarkus.bootstrap.classloading.PathTreeClassPathElement[org.antlr:antlr4-runtime /home/martin/.m2/repository/org/antlr/antlr4-runtime/4.13.2/antlr4-runtime-4.13.2.jar runtime=true resources=232] to QuarkusClassLoader Quarkus Base Runtime ClassLoader: TEST for JUnitQuarkusTest-space.maatini.eventsourcing.TestProfile (QuarkusTest)
22:00:21 DEBUG [io.qu.bo.cl.QuarkusClassLoader] Adding normal priority element io.quarkus.bootstrap.classloading.PathTreeClassPathElement[io.smallrye.common:smallrye-common-annotation /home/martin/.m2/repository/io/smallrye/common/smallrye-common-annotation/2.15.0/smallrye-common-annotation-2.15.0.jar runtime=true resources=27] to QuarkusClassLoader Quarkus Base Runtime ClassLoader: TEST for JUnitQuarkusTest-space.maatini.eventsourcing.TestProfile (QuarkusTest)
22:00:21 DEBUG [io.qu.bo.cl.QuarkusClassLoader] Adding normal priority element io.quarkus.bootstrap.classloading.PathTreeClassPathElement[io.quarkus:quarkus-reactive-pg-client /home/martin/.m2/repository/io/quarkus/quarkus-reactive-pg-client/3.31.4/quarkus-reactive-pg-client-3.31.4.jar runtime=true resources=40] to QuarkusClassLoader Quarkus Base Runtime ClassLoader: TEST for JUnitQuarkusTest-space.maatini.eventsourcing.TestProfile (QuarkusTest)
22:00:21 DEBUG [io.qu.bo.cl.QuarkusClassLoader] Adding normal priority element io.quarkus.bootstrap.classloading.PathTreeClassPathElement[io.quarkus:quarkus-reactive-datasource /home/martin/.m2/repository/io/quarkus/quarkus-reactive-datasource/3.31.4/quarkus-reactive-datasource-3.31.4.jar runtime=true resources=33] to QuarkusClassLoader Quarkus Base Runtime ClassLoader: TEST for JUnitQuarkusTest-space.maatini.eventsourcing.TestProfile (QuarkusTest)
22:00:21 DEBUG [io.qu.bo.cl.QuarkusClassLoader] Adding normal priority element io.quarkus.bootstrap.classloading.PathTreeClassPathElement[io.quarkus:quarkus-datasource /home/martin/.m2/repository/io/quarkus/quarkus-datasource/3.31.4/quarkus-datasource-3.31.4.jar runtime=true resources=29] to QuarkusClassLoader Quarkus Base Runtime ClassLoader: TEST for JUnitQuarkusTest-space.maatini.eventsourcing.TestProfile (QuarkusTest)
22:00:21 DEBUG [io.qu.bo.cl.QuarkusClassLoader] Adding normal priority element io.quarkus.bootstrap.classloading.PathTreeClassPathElement[io.quarkus:quarkus-datasource-common /home/martin/.m2/repository/io/quarkus/quarkus-datasource-common/3.31.4/quarkus-datasource-common-3.31.4.jar runtime=true resources=16] to QuarkusClassLoader Quarkus Base Runtime ClassLoader: TEST for JUnitQuarkusTest-space.maatini.eventsourcing.TestProfile (QuarkusTest)
22:00:21 DEBUG [io.qu.bo.cl.QuarkusClassLoader] Adding normal priority element io.quarkus.bootstrap.classloading.PathTreeClassPathElement[io.vertx:vertx-sql-client /home/martin/.m2/repository/io/vertx/vertx-sql-client/4.5.25/vertx-sql-client-4.5.25.jar runtime=true resources=137] to QuarkusClassLoader Quarkus Base Runtime ClassLoader: TEST for JUnitQuarkusTest-space.maatini.eventsourcing.TestProfile (QuarkusTest)
22:00:21 DEBUG [io.qu.bo.cl.QuarkusClassLoader] Adding normal priority element io.quarkus.bootstrap.classloading.PathTreeClassPathElement[io.quarkus:quarkus-vertx /home/martin/.m2/repository/io/quarkus/quarkus-vertx/3.31.4/quarkus-vertx-3.31.4.jar runtime=true resources=133] to QuarkusClassLoader Quarkus Base Runtime ClassLoader: TEST for JUnitQuarkusTest-space.maatini.eventsourcing.TestProfile (QuarkusTest)
22:00:21 DEBUG [io.qu.bo.cl.QuarkusClassLoader] Adding normal priority element io.quarkus.bootstrap.classloading.PathTreeClassPathElement[io.quarkus:quarkus-netty /home/martin/.m2/repository/io/quarkus/quarkus-netty/3.31.4/quarkus-netty-3.31.4.jar runtime=true resources=73] to QuarkusClassLoader Quarkus Base Runtime ClassLoader: TEST for JUnitQuarkusTest-space.maatini.eventsourcing.TestProfile (QuarkusTest)
22:00:21 DEBUG [io.qu.bo.cl.QuarkusClassLoader] Adding normal priority element io.quarkus.bootstrap.classloading.PathTreeClassPathElement[io.netty:netty-codec /home/martin/.m2/repository/io/netty/netty-codec/4.1.130.Final/netty-codec-4.1.130.Final.jar runtime=true resources=250] to QuarkusClassLoader Quarkus Base Runtime ClassLoader: TEST for JUnitQuarkusTest-space.maatini.eventsourcing.TestProfile (QuarkusTest)
22:00:21 DEBUG [io.qu.bo.cl.QuarkusClassLoader] Adding normal priority element io.quarkus.bootstrap.classloading.PathTreeClassPathElement[io.netty:netty-codec-http /home/martin/.m2/repository/io/netty/netty-codec-http/4.1.130.Final/netty-codec-http-4.1.130.Final.jar runtime=true resources=431] to QuarkusClassLoader Quarkus Base Runtime ClassLoader: TEST for JUnitQuarkusTest-space.maatini.eventsourcing.TestProfile (QuarkusTest)
22:00:21 DEBUG [io.qu.bo.cl.QuarkusClassLoader] Adding normal priority element io.quarkus.bootstrap.classloading.PathTreeClassPathElement[io.netty:netty-codec-http2 /home/martin/.m2/repository/io/netty/netty-codec-http2/4.1.130.Final/netty-codec-http2-4.1.130.Final.jar runtime=true resources=307] to QuarkusClassLoader Quarkus Base Runtime ClassLoader: TEST for JUnitQuarkusTest-space.maatini.eventsourcing.TestProfile (QuarkusTest)
22:00:21 DEBUG [io.qu.bo.cl.QuarkusClassLoader] Adding normal priority element io.quarkus.bootstrap.classloading.PathTreeClassPathElement[io.netty:netty-handler /home/martin/.m2/repository/io/netty/netty-handler/4.1.130.Final/netty-handler-4.1.130.Final.jar runtime=true resources=392] to QuarkusClassLoader Quarkus Base Runtime ClassLoader: TEST for JUnitQuarkusTest-space.maatini.eventsourcing.TestProfile (QuarkusTest)
22:00:21 DEBUG [io.qu.bo.cl.QuarkusClassLoader] Adding normal priority element io.quarkus.bootstrap.classloading.PathTreeClassPathElement[io.netty:netty-transport-native-unix-common /home/martin/.m2/repository/io/netty/netty-transport-native-unix-common/4.1.130.Final/netty-transport-native-unix-common-4.1.130.Final.jar runtime=true resources=45] to QuarkusClassLoader Quarkus Base Runtime ClassLoader: TEST for JUnitQuarkusTest-space.maatini.eventsourcing.TestProfile (QuarkusTest)
22:00:21 DEBUG [io.qu.bo.cl.QuarkusClassLoader] Adding normal priority element io.quarkus.bootstrap.classloading.PathTreeClassPathElement[io.netty:netty-codec-haproxy /home/martin/.m2/repository/io/netty/netty-codec-haproxy/4.1.130.Final/netty-codec-haproxy-4.1.130.Final.jar runtime=true resources=39] to QuarkusClassLoader Quarkus Base Runtime ClassLoader: TEST for JUnitQuarkusTest-space.maatini.eventsourcing.TestProfile (QuarkusTest)
22:00:21 DEBUG [io.qu.bo.cl.QuarkusClassLoader] Adding normal priority element io.quarkus.bootstrap.classloading.PathTreeClassPathElement[io.netty:netty-buffer /home/martin/.m2/repository/io/netty/netty-buffer/4.1.130.Final/netty-buffer-4.1.130.Final.jar runtime=true resources=184] to QuarkusClassLoader Quarkus Base Runtime ClassLoader: TEST for JUnitQuarkusTest-space.maatini.eventsourcing.TestProfile (QuarkusTest)
22:00:21 DEBUG [io.qu.bo.cl.QuarkusClassLoader] Adding normal priority element io.quarkus.bootstrap.classloading.PathTreeClassPathElement[io.netty:netty-transport /home/martin/.m2/repository/io/netty/netty-transport/4.1.130.Final/netty-transport-4.1.130.Final.jar runtime=true resources=416] to QuarkusClassLoader Quarkus Base Runtime ClassLoader: TEST for JUnitQuarkusTest-space.maatini.eventsourcing.TestProfile (QuarkusTest)
22:00:21 DEBUG [io.qu.bo.cl.QuarkusClassLoader] Adding normal priority element io.quarkus.bootstrap.classloading.PathTreeClassPathElement[io.smallrye.common:smallrye-common-vertx-context /home/martin/.m2/repository/io/smallrye/common/smallrye-common-vertx-context/2.15.0/smallrye-common-vertx-context-2.15.0.jar runtime=true resources=15] to QuarkusClassLoader Quarkus Base Runtime ClassLoader: TEST for JUnitQuarkusTest-space.maatini.eventsourcing.TestProfile (QuarkusTest)
22:00:21 DEBUG [io.qu.bo.cl.QuarkusClassLoader] Adding parent first element io.quarkus.bootstrap.classloading.PathTreeClassPathElement[io.quarkus:quarkus-vertx-latebound-mdc-provider /home/martin/.m2/repository/io/quarkus/quarkus-vertx-latebound-mdc-provider/3.31.4/quarkus-vertx-latebound-mdc-provider-3.31.4.jar runtime=true resources=17] to QuarkusClassLoader Quarkus Base Runtime ClassLoader: TEST for JUnitQuarkusTest-space.maatini.eventsourcing.TestProfile (QuarkusTest)
22:00:21 DEBUG [io.qu.bo.cl.QuarkusClassLoader] Adding normal priority element io.quarkus.bootstrap.classloading.PathTreeClassPathElement[io.quarkus:quarkus-vertx-latebound-mdc-provider /home/martin/.m2/repository/io/quarkus/quarkus-vertx-latebound-mdc-provider/3.31.4/quarkus-vertx-latebound-mdc-provider-3.31.4.jar runtime=true resources=17] to QuarkusClassLoader Quarkus Base Runtime ClassLoader: TEST for JUnitQuarkusTest-space.maatini.eventsourcing.TestProfile (QuarkusTest)
22:00:21 DEBUG [io.qu.bo.cl.QuarkusClassLoader] Adding normal priority element io.quarkus.bootstrap.classloading.PathTreeClassPathElement[io.smallrye.reactive:smallrye-mutiny-vertx-core /home/martin/.m2/repository/io/smallrye/reactive/smallrye-mutiny-vertx-core/3.21.5/smallrye-mutiny-vertx-core-3.21.5.jar runtime=true resources=118] to QuarkusClassLoader Quarkus Base Runtime ClassLoader: TEST for JUnitQuarkusTest-space.maatini.eventsourcing.TestProfile (QuarkusTest)
22:00:21 DEBUG [io.qu.bo.cl.QuarkusClassLoader] Adding normal priority element io.quarkus.bootstrap.classloading.PathTreeClassPathElement[io.smallrye.reactive:smallrye-mutiny-vertx-runtime /home/martin/.m2/repository/io/smallrye/reactive/smallrye-mutiny-vertx-runtime/3.21.5/smallrye-mutiny-vertx-runtime-3.21.5.jar runtime=true resources=30] to QuarkusClassLoader Quarkus Base Runtime ClassLoader: TEST for JUnitQuarkusTest-space.maatini.eventsourcing.TestProfile (QuarkusTest)
22:00:21 DEBUG [io.qu.bo.cl.QuarkusClassLoader] Adding normal priority element io.quarkus.bootstrap.classloading.PathTreeClassPathElement[io.smallrye.reactive:vertx-mutiny-generator /home/martin/.m2/repository/io/smallrye/reactive/vertx-mutiny-generator/3.21.5/vertx-mutiny-generator-3.21.5.jar runtime=true resources=59] to QuarkusClassLoader Quarkus Base Runtime ClassLoader: TEST for JUnitQuarkusTest-space.maatini.eventsourcing.TestProfile (QuarkusTest)
22:00:21 DEBUG [io.qu.bo.cl.QuarkusClassLoader] Adding normal priority element io.quarkus.bootstrap.classloading.PathTreeClassPathElement[io.vertx:vertx-codegen /home/martin/.m2/repository/io/vertx/vertx-codegen/4.5.25/vertx-codegen-4.5.25.jar runtime=true resources=125] to QuarkusClassLoader Quarkus Base Runtime ClassLoader: TEST for JUnitQuarkusTest-space.maatini.eventsourcing.TestProfile (QuarkusTest)
22:00:21 DEBUG [io.qu.bo.cl.QuarkusClassLoader] Adding normal priority element io.quarkus.bootstrap.classloading.PathTreeClassPathElement[io.smallrye:smallrye-fault-tolerance-vertx /home/martin/.m2/repository/io/smallrye/smallrye-fault-tolerance-vertx/6.10.0/smallrye-fault-tolerance-vertx-6.10.0.jar runtime=true resources=21] to QuarkusClassLoader Quarkus Base Runtime ClassLoader: TEST for JUnitQuarkusTest-space.maatini.eventsourcing.TestProfile (QuarkusTest)
22:00:21 DEBUG [io.qu.bo.cl.QuarkusClassLoader] Adding normal priority element io.quarkus.bootstrap.classloading.PathTreeClassPathElement[io.quarkus:quarkus-security-runtime-spi /home/martin/.m2/repository/io/quarkus/quarkus-security-runtime-spi/3.31.4/quarkus-security-runtime-spi-3.31.4.jar runtime=true resources=35] to QuarkusClassLoader Quarkus Base Runtime ClassLoader: TEST for JUnitQuarkusTest-space.maatini.eventsourcing.TestProfile (QuarkusTest)
22:00:21 DEBUG [io.qu.bo.cl.QuarkusClassLoader] Adding normal priority element io.quarkus.bootstrap.classloading.PathTreeClassPathElement[io.vertx:vertx-pg-client /home/martin/.m2/repository/io/vertx/vertx-pg-client/4.5.25/vertx-pg-client-4.5.25.jar runtime=true resources=104] to QuarkusClassLoader Quarkus Base Runtime ClassLoader: TEST for JUnitQuarkusTest-space.maatini.eventsourcing.TestProfile (QuarkusTest)
22:00:21 DEBUG [io.qu.bo.cl.QuarkusClassLoader] Adding normal priority element io.quarkus.bootstrap.classloading.PathTreeClassPathElement[io.vertx:vertx-core /home/martin/.m2/repository/io/vertx/vertx-core/4.5.25/vertx-core-4.5.25.jar runtime=true resources=958] to QuarkusClassLoader Quarkus Base Runtime ClassLoader: TEST for JUnitQuarkusTest-space.maatini.eventsourcing.TestProfile (QuarkusTest)
22:00:21 DEBUG [io.qu.bo.cl.QuarkusClassLoader] Adding normal priority element io.quarkus.bootstrap.classloading.PathTreeClassPathElement[io.netty:netty-common /home/martin/.m2/repository/io/netty/netty-common/4.1.130.Final/netty-common-4.1.130.Final.jar runtime=true resources=576] to QuarkusClassLoader Quarkus Base Runtime ClassLoader: TEST for JUnitQuarkusTest-space.maatini.eventsourcing.TestProfile (QuarkusTest)
22:00:21 DEBUG [io.qu.bo.cl.QuarkusClassLoader] Adding normal priority element io.quarkus.bootstrap.classloading.PathTreeClassPathElement[io.netty:netty-handler-proxy /home/martin/.m2/repository/io/netty/netty-handler-proxy/4.1.130.Final/netty-handler-proxy-4.1.130.Final.jar runtime=true resources=31] to QuarkusClassLoader Quarkus Base Runtime ClassLoader: TEST for JUnitQuarkusTest-space.maatini.eventsourcing.TestProfile (QuarkusTest)
22:00:21 DEBUG [io.qu.bo.cl.QuarkusClassLoader] Adding normal priority element io.quarkus.bootstrap.classloading.PathTreeClassPathElement[io.netty:netty-codec-socks /home/martin/.m2/repository/io/netty/netty-codec-socks/4.1.130.Final/netty-codec-socks-4.1.130.Final.jar runtime=true resources=130] to QuarkusClassLoader Quarkus Base Runtime ClassLoader: TEST for JUnitQuarkusTest-space.maatini.eventsourcing.TestProfile (QuarkusTest)
22:00:21 DEBUG [io.qu.bo.cl.QuarkusClassLoader] Adding normal priority element io.quarkus.bootstrap.classloading.PathTreeClassPathElement[io.netty:netty-resolver /home/martin/.m2/repository/io/netty/netty-resolver/4.1.130.Final/netty-resolver-4.1.130.Final.jar runtime=true resources=41] to QuarkusClassLoader Quarkus Base Runtime ClassLoader: TEST for JUnitQuarkusTest-space.maatini.eventsourcing.TestProfile (QuarkusTest)
22:00:21 DEBUG [io.qu.bo.cl.QuarkusClassLoader] Adding normal priority element io.quarkus.bootstrap.classloading.PathTreeClassPathElement[io.netty:netty-resolver-dns /home/martin/.m2/repository/io/netty/netty-resolver-dns/4.1.130.Final/netty-resolver-dns-4.1.130.Final.jar runtime=true resources=143] to QuarkusClassLoader Quarkus Base Runtime ClassLoader: TEST for JUnitQuarkusTest-space.maatini.eventsourcing.TestProfile (QuarkusTest)
22:00:21 DEBUG [io.qu.bo.cl.QuarkusClassLoader] Adding normal priority element io.quarkus.bootstrap.classloading.PathTreeClassPathElement[io.netty:netty-codec-dns /home/martin/.m2/repository/io/netty/netty-codec-dns/4.1.130.Final/netty-codec-dns-4.1.130.Final.jar runtime=true resources=65] to QuarkusClassLoader Quarkus Base Runtime ClassLoader: TEST for JUnitQuarkusTest-space.maatini.eventsourcing.TestProfile (QuarkusTest)
22:00:21 DEBUG [io.qu.bo.cl.QuarkusClassLoader] Adding normal priority element io.quarkus.bootstrap.classloading.PathTreeClassPathElement[com.ongres.scram:scram-client /home/martin/.m2/repository/com/ongres/scram/scram-client/3.2/scram-client-3.2.jar runtime=true resources=28] to QuarkusClassLoader Quarkus Base Runtime ClassLoader: TEST for JUnitQuarkusTest-space.maatini.eventsourcing.TestProfile (QuarkusTest)
22:00:21 DEBUG [io.qu.bo.cl.QuarkusClassLoader] Adding normal priority element io.quarkus.bootstrap.classloading.PathTreeClassPathElement[com.ongres.scram:scram-common /home/martin/.m2/repository/com/ongres/scram/scram-common/3.2/scram-common-3.2.jar runtime=true resources=52] to QuarkusClassLoader Quarkus Base Runtime ClassLoader: TEST for JUnitQuarkusTest-space.maatini.eventsourcing.TestProfile (QuarkusTest)
22:00:21 DEBUG [io.qu.bo.cl.QuarkusClassLoader] Adding normal priority element io.quarkus.bootstrap.classloading.PathTreeClassPathElement[com.ongres.stringprep:saslprep /home/martin/.m2/repository/com/ongres/stringprep/saslprep/2.2/saslprep-2.2.jar runtime=true resources=19] to QuarkusClassLoader Quarkus Base Runtime ClassLoader: TEST for JUnitQuarkusTest-space.maatini.eventsourcing.TestProfile (QuarkusTest)
22:00:21 DEBUG [io.qu.bo.cl.QuarkusClassLoader] Adding normal priority element io.quarkus.bootstrap.classloading.PathTreeClassPathElement[com.ongres.stringprep:stringprep /home/martin/.m2/repository/com/ongres/stringprep/stringprep/2.2/stringprep-2.2.jar runtime=true resources=22] to QuarkusClassLoader Quarkus Base Runtime ClassLoader: TEST for JUnitQuarkusTest-space.maatini.eventsourcing.TestProfile (QuarkusTest)
22:00:21 DEBUG [io.qu.bo.cl.QuarkusClassLoader] Adding normal priority element io.quarkus.bootstrap.classloading.PathTreeClassPathElement[io.smallrye.reactive:smallrye-mutiny-vertx-pg-client /home/martin/.m2/repository/io/smallrye/reactive/smallrye-mutiny-vertx-pg-client/3.21.5/smallrye-mutiny-vertx-pg-client-3.21.5.jar runtime=true resources=19] to QuarkusClassLoader Quarkus Base Runtime ClassLoader: TEST for JUnitQuarkusTest-space.maatini.eventsourcing.TestProfile (QuarkusTest)
22:00:21 DEBUG [io.qu.bo.cl.QuarkusClassLoader] Adding normal priority element io.quarkus.bootstrap.classloading.PathTreeClassPathElement[io.smallrye.reactive:smallrye-mutiny-vertx-sql-client /home/martin/.m2/repository/io/smallrye/reactive/smallrye-mutiny-vertx-sql-client/3.21.5/smallrye-mutiny-vertx-sql-client-3.21.5.jar runtime=true resources=39] to QuarkusClassLoader Quarkus Base Runtime ClassLoader: TEST for JUnitQuarkusTest-space.maatini.eventsourcing.TestProfile (QuarkusTest)
22:00:21 DEBUG [io.qu.bo.cl.QuarkusClassLoader] Adding normal priority element io.quarkus.bootstrap.classloading.PathTreeClassPathElement[io.quarkus:quarkus-credentials /home/martin/.m2/repository/io/quarkus/quarkus-credentials/3.31.4/quarkus-credentials-3.31.4.jar runtime=true resources=14] to QuarkusClassLoader Quarkus Base Runtime ClassLoader: TEST for JUnitQuarkusTest-space.maatini.eventsourcing.TestProfile (QuarkusTest)
22:00:21 DEBUG [io.qu.bo.cl.QuarkusClassLoader] Adding normal priority element io.quarkus.bootstrap.classloading.PathTreeClassPathElement[io.quarkus:quarkus-hibernate-validator /home/martin/.m2/repository/io/quarkus/quarkus-hibernate-validator/3.31.4/quarkus-hibernate-validator-3.31.4.jar runtime=true resources=78] to QuarkusClassLoader Quarkus Base Runtime ClassLoader: TEST for JUnitQuarkusTest-space.maatini.eventsourcing.TestProfile (QuarkusTest)
22:00:21 DEBUG [io.qu.bo.cl.QuarkusClassLoader] Adding normal priority element io.quarkus.bootstrap.classloading.PathTreeClassPathElement[org.hibernate.validator:hibernate-validator /home/martin/.m2/repository/org/hibernate/validator/hibernate-validator/9.1.0.Final/hibernate-validator-9.1.0.Final.jar runtime=true resources=1133] to QuarkusClassLoader Quarkus Base Runtime ClassLoader: TEST for JUnitQuarkusTest-space.maatini.eventsourcing.TestProfile (QuarkusTest)
22:00:21 DEBUG [io.qu.bo.cl.QuarkusClassLoader] Adding normal priority element io.quarkus.bootstrap.classloading.PathTreeClassPathElement[jakarta.validation:jakarta.validation-api /home/martin/.m2/repository/jakarta/validation/jakarta.validation-api/3.1.1/jakarta.validation-api-3.1.1.jar runtime=true resources=180] to QuarkusClassLoader Quarkus Base Runtime ClassLoader: TEST for JUnitQuarkusTest-space.maatini.eventsourcing.TestProfile (QuarkusTest)
22:00:21 DEBUG [io.qu.bo.cl.QuarkusClassLoader] Adding normal priority element io.quarkus.bootstrap.classloading.PathTreeClassPathElement[com.fasterxml:classmate /home/martin/.m2/repository/com/fasterxml/classmate/1.7.1/classmate-1.7.1.jar runtime=true resources=59] to QuarkusClassLoader Quarkus Base Runtime ClassLoader: TEST for JUnitQuarkusTest-space.maatini.eventsourcing.TestProfile (QuarkusTest)
22:00:21 DEBUG [io.qu.bo.cl.QuarkusClassLoader] Adding normal priority element io.quarkus.bootstrap.classloading.PathTreeClassPathElement[org.glassfish.expressly:expressly /home/martin/.m2/repository/org/glassfish/expressly/expressly/6.0.0/expressly-6.0.0.jar runtime=true resources=131] to QuarkusClassLoader Quarkus Base Runtime ClassLoader: TEST for JUnitQuarkusTest-space.maatini.eventsourcing.TestProfile (QuarkusTest)
22:00:21 DEBUG [io.qu.bo.cl.QuarkusClassLoader] Adding normal priority element io.quarkus.bootstrap.classloading.PathTreeClassPathElement[jakarta.el:jakarta.el-api /home/martin/.m2/repository/jakarta/el/jakarta.el-api/6.0.1/jakarta.el-api-6.0.1.jar runtime=true resources=70] to QuarkusClassLoader Quarkus Base Runtime ClassLoader: TEST for JUnitQuarkusTest-space.maatini.eventsourcing.TestProfile (QuarkusTest)
22:00:21 DEBUG [io.qu.bo.cl.QuarkusClassLoader] Adding normal priority element io.quarkus.bootstrap.classloading.PathTreeClassPathElement[io.smallrye.config:smallrye-config-validator /home/martin/.m2/repository/io/smallrye/config/smallrye-config-validator/3.15.1/smallrye-config-validator-3.15.1.jar runtime=true resources=13] to QuarkusClassLoader Quarkus Base Runtime ClassLoader: TEST for JUnitQuarkusTest-space.maatini.eventsourcing.TestProfile (QuarkusTest)
22:00:21 DEBUG [io.qu.bo.cl.QuarkusClassLoader] Adding normal priority element io.quarkus.bootstrap.classloading.PathTreeClassPathElement[jakarta.ws.rs:jakarta.ws.rs-api /home/martin/.m2/repository/jakarta/ws/rs/jakarta.ws.rs-api/3.1.0/jakarta.ws.rs-api-3.1.0.jar runtime=true resources=167] to QuarkusClassLoader Quarkus Base Runtime ClassLoader: TEST for JUnitQuarkusTest-space.maatini.eventsourcing.TestProfile (QuarkusTest)
22:00:21 DEBUG [io.qu.bo.cl.QuarkusClassLoader] Adding normal priority element io.quarkus.bootstrap.classloading.PathTreeClassPathElement[io.quarkus:quarkus-smallrye-health /home/martin/.m2/repository/io/quarkus/quarkus-smallrye-health/3.31.4/quarkus-smallrye-health-3.31.4.jar runtime=true resources=38] to QuarkusClassLoader Quarkus Base Runtime ClassLoader: TEST for JUnitQuarkusTest-space.maatini.eventsourcing.TestProfile (QuarkusTest)
22:00:21 DEBUG [io.qu.bo.cl.QuarkusClassLoader] Adding normal priority element io.quarkus.bootstrap.classloading.PathTreeClassPathElement[io.smallrye:smallrye-health /home/martin/.m2/repository/io/smallrye/smallrye-health/4.3.0/smallrye-health-4.3.0.jar runtime=true resources=34] to QuarkusClassLoader Quarkus Base Runtime ClassLoader: TEST for JUnitQuarkusTest-space.maatini.eventsourcing.TestProfile (QuarkusTest)
22:00:21 DEBUG [io.qu.bo.cl.QuarkusClassLoader] Adding normal priority element io.quarkus.bootstrap.classloading.PathTreeClassPathElement[org.eclipse.microprofile.health:microprofile-health-api /home/martin/.m2/repository/org/eclipse/microprofile/health/microprofile-health-api/4.0.1/microprofile-health-api-4.0.1.jar runtime=true resources=27] to QuarkusClassLoader Quarkus Base Runtime ClassLoader: TEST for JUnitQuarkusTest-space.maatini.eventsourcing.TestProfile (QuarkusTest)
22:00:21 DEBUG [io.qu.bo.cl.QuarkusClassLoader] Adding normal priority element io.quarkus.bootstrap.classloading.PathTreeClassPathElement[io.smallrye:smallrye-health-api /home/martin/.m2/repository/io/smallrye/smallrye-health-api/4.3.0/smallrye-health-api-4.3.0.jar runtime=true resources=21] to QuarkusClassLoader Quarkus Base Runtime ClassLoader: TEST for JUnitQuarkusTest-space.maatini.eventsourcing.TestProfile (QuarkusTest)
22:00:21 DEBUG [io.qu.bo.cl.QuarkusClassLoader] Adding parent first element io.quarkus.bootstrap.classloading.PathTreeClassPathElement[jakarta.json:jakarta.json-api /home/martin/.m2/repository/jakarta/json/jakarta.json-api/2.1.3/jakarta.json-api-2.1.3.jar runtime=true resources=50] to QuarkusClassLoader Quarkus Base Runtime ClassLoader: TEST for JUnitQuarkusTest-space.maatini.eventsourcing.TestProfile (QuarkusTest)
22:00:21 DEBUG [io.qu.bo.cl.QuarkusClassLoader] Adding normal priority element io.quarkus.bootstrap.classloading.PathTreeClassPathElement[jakarta.json:jakarta.json-api /home/martin/.m2/repository/jakarta/json/jakarta.json-api/2.1.3/jakarta.json-api-2.1.3.jar runtime=true resources=50] to QuarkusClassLoader Quarkus Base Runtime ClassLoader: TEST for JUnitQuarkusTest-space.maatini.eventsourcing.TestProfile (QuarkusTest)
22:00:21 DEBUG [io.qu.bo.cl.QuarkusClassLoader] Adding normal priority element io.quarkus.bootstrap.classloading.PathTreeClassPathElement[io.smallrye:smallrye-health-provided-checks /home/martin/.m2/repository/io/smallrye/smallrye-health-provided-checks/4.3.0/smallrye-health-provided-checks-4.3.0.jar runtime=true resources=24] to QuarkusClassLoader Quarkus Base Runtime ClassLoader: TEST for JUnitQuarkusTest-space.maatini.eventsourcing.TestProfile (QuarkusTest)
22:00:21 DEBUG [io.qu.bo.cl.QuarkusClassLoader] Adding normal priority element io.quarkus.bootstrap.classloading.PathTreeClassPathElement[io.quarkus:quarkus-vertx-http /home/martin/.m2/repository/io/quarkus/quarkus-vertx-http/3.31.4/quarkus-vertx-http-3.31.4.jar runtime=true resources=505] to QuarkusClassLoader Quarkus Base Runtime ClassLoader: TEST for JUnitQuarkusTest-space.maatini.eventsourcing.TestProfile (QuarkusTest)
22:00:21 DEBUG [io.qu.bo.cl.QuarkusClassLoader] Adding normal priority element io.quarkus.bootstrap.classloading.PathTreeClassPathElement[io.quarkus:quarkus-tls-registry /home/martin/.m2/repository/io/quarkus/quarkus-tls-registry/3.31.4/quarkus-tls-registry-3.31.4.jar runtime=true resources=73] to QuarkusClassLoader Quarkus Base Runtime ClassLoader: TEST for JUnitQuarkusTest-space.maatini.eventsourcing.TestProfile (QuarkusTest)
22:00:21 DEBUG [io.qu.bo.cl.QuarkusClassLoader] Adding normal priority element io.quarkus.bootstrap.classloading.PathTreeClassPathElement[io.quarkus:quarkus-tls-registry-spi /home/martin/.m2/repository/io/quarkus/quarkus-tls-registry-spi/3.31.4/quarkus-tls-registry-spi-3.31.4.jar runtime=true resources=15] to QuarkusClassLoader Quarkus Base Runtime ClassLoader: TEST for JUnitQuarkusTest-space.maatini.eventsourcing.TestProfile (QuarkusTest)
22:00:21 DEBUG [io.qu.bo.cl.QuarkusClassLoader] Adding normal priority element io.quarkus.bootstrap.classloading.PathTreeClassPathElement[io.smallrye.certs:smallrye-private-key-pem-parser /home/martin/.m2/repository/io/smallrye/certs/smallrye-private-key-pem-parser/0.9.2/smallrye-private-key-pem-parser-0.9.2.jar runtime=true resources=24] to QuarkusClassLoader Quarkus Base Runtime ClassLoader: TEST for JUnitQuarkusTest-space.maatini.eventsourcing.TestProfile (QuarkusTest)
22:00:21 DEBUG [io.qu.bo.cl.QuarkusClassLoader] Adding normal priority element io.quarkus.bootstrap.classloading.PathTreeClassPathElement[io.quarkus.security:quarkus-security /home/martin/.m2/repository/io/quarkus/security/quarkus-security/2.3.2/quarkus-security-2.3.2.jar runtime=true resources=45] to QuarkusClassLoader Quarkus Base Runtime ClassLoader: TEST for JUnitQuarkusTest-space.maatini.eventsourcing.TestProfile (QuarkusTest)
22:00:21 DEBUG [io.qu.bo.cl.QuarkusClassLoader] Adding normal priority element io.quarkus.bootstrap.classloading.PathTreeClassPathElement[io.smallrye.reactive:smallrye-mutiny-vertx-web /home/martin/.m2/repository/io/smallrye/reactive/smallrye-mutiny-vertx-web/3.21.5/smallrye-mutiny-vertx-web-3.21.5.jar runtime=true resources=79] to QuarkusClassLoader Quarkus Base Runtime ClassLoader: TEST for JUnitQuarkusTest-space.maatini.eventsourcing.TestProfile (QuarkusTest)
22:00:21 DEBUG [io.qu.bo.cl.QuarkusClassLoader] Adding normal priority element io.quarkus.bootstrap.classloading.PathTreeClassPathElement[io.smallrye.reactive:smallrye-mutiny-vertx-web-common /home/martin/.m2/repository/io/smallrye/reactive/smallrye-mutiny-vertx-web-common/3.21.5/smallrye-mutiny-vertx-web-common-3.21.5.jar runtime=true resources=23] to QuarkusClassLoader Quarkus Base Runtime ClassLoader: TEST for JUnitQuarkusTest-space.maatini.eventsourcing.TestProfile (QuarkusTest)
22:00:21 DEBUG [io.qu.bo.cl.QuarkusClassLoader] Adding normal priority element io.quarkus.bootstrap.classloading.PathTreeClassPathElement[io.smallrye.reactive:smallrye-mutiny-vertx-auth-common /home/martin/.m2/repository/io/smallrye/reactive/smallrye-mutiny-vertx-auth-common/3.21.5/smallrye-mutiny-vertx-auth-common-3.21.5.jar runtime=true resources=34] to QuarkusClassLoader Quarkus Base Runtime ClassLoader: TEST for JUnitQuarkusTest-space.maatini.eventsourcing.TestProfile (QuarkusTest)
22:00:21 DEBUG [io.qu.bo.cl.QuarkusClassLoader] Adding normal priority element io.quarkus.bootstrap.classloading.PathTreeClassPathElement[io.smallrye.reactive:smallrye-mutiny-vertx-bridge-common /home/martin/.m2/repository/io/smallrye/reactive/smallrye-mutiny-vertx-bridge-common/3.21.5/smallrye-mutiny-vertx-bridge-common-3.21.5.jar runtime=true resources=14] to QuarkusClassLoader Quarkus Base Runtime ClassLoader: TEST for JUnitQuarkusTest-space.maatini.eventsourcing.TestProfile (QuarkusTest)
22:00:21 DEBUG [io.qu.bo.cl.QuarkusClassLoader] Adding normal priority element io.quarkus.bootstrap.classloading.PathTreeClassPathElement[io.smallrye.reactive:smallrye-mutiny-vertx-uri-template /home/martin/.m2/repository/io/smallrye/reactive/smallrye-mutiny-vertx-uri-template/3.21.5/smallrye-mutiny-vertx-uri-template-3.21.5.jar runtime=true resources=14] to QuarkusClassLoader Quarkus Base Runtime ClassLoader: TEST for JUnitQuarkusTest-space.maatini.eventsourcing.TestProfile (QuarkusTest)
22:00:21 DEBUG [io.qu.bo.cl.QuarkusClassLoader] Adding normal priority element io.quarkus.bootstrap.classloading.PathTreeClassPathElement[io.vertx:vertx-uri-template /home/martin/.m2/repository/io/vertx/vertx-uri-template/4.5.25/vertx-uri-template-4.5.25.jar runtime=true resources=40] to QuarkusClassLoader Quarkus Base Runtime ClassLoader: TEST for JUnitQuarkusTest-space.maatini.eventsourcing.TestProfile (QuarkusTest)
22:00:21 DEBUG [io.qu.bo.cl.QuarkusClassLoader] Adding normal priority element io.quarkus.bootstrap.classloading.PathTreeClassPathElement[io.vertx:vertx-web /home/martin/.m2/repository/io/vertx/vertx-web/4.5.25/vertx-web-4.5.25.jar runtime=true resources=199] to QuarkusClassLoader Quarkus Base Runtime ClassLoader: TEST for JUnitQuarkusTest-space.maatini.eventsourcing.TestProfile (QuarkusTest)
22:00:21 DEBUG [io.qu.bo.cl.QuarkusClassLoader] Adding normal priority element io.quarkus.bootstrap.classloading.PathTreeClassPathElement[io.vertx:vertx-web-common /home/martin/.m2/repository/io/vertx/vertx-web-common/4.5.25/vertx-web-common-4.5.25.jar runtime=true resources=44] to QuarkusClassLoader Quarkus Base Runtime ClassLoader: TEST for JUnitQuarkusTest-space.maatini.eventsourcing.TestProfile (QuarkusTest)
22:00:21 DEBUG [io.qu.bo.cl.QuarkusClassLoader] Adding normal priority element io.quarkus.bootstrap.classloading.PathTreeClassPathElement[io.vertx:vertx-auth-common /home/martin/.m2/repository/io/vertx/vertx-auth-common/4.5.25/vertx-auth-common-4.5.25.jar runtime=true resources=109] to QuarkusClassLoader Quarkus Base Runtime ClassLoader: TEST for JUnitQuarkusTest-space.maatini.eventsourcing.TestProfile (QuarkusTest)
22:00:21 DEBUG [io.qu.bo.cl.QuarkusClassLoader] Adding normal priority element io.quarkus.bootstrap.classloading.PathTreeClassPathElement[io.vertx:vertx-bridge-common /home/martin/.m2/repository/io/vertx/vertx-bridge-common/4.5.25/vertx-bridge-common-4.5.25.jar runtime=true resources=19] to QuarkusClassLoader Quarkus Base Runtime ClassLoader: TEST for JUnitQuarkusTest-space.maatini.eventsourcing.TestProfile (QuarkusTest)
22:00:21 DEBUG [io.qu.bo.cl.QuarkusClassLoader] Adding normal priority element io.quarkus.bootstrap.classloading.PathTreeClassPathElement[org.crac:crac /home/martin/.m2/repository/org/crac/crac/1.5.0/crac-1.5.0.jar runtime=true resources=24] to QuarkusClassLoader Quarkus Base Runtime ClassLoader: TEST for JUnitQuarkusTest-space.maatini.eventsourcing.TestProfile (QuarkusTest)
22:00:21 DEBUG [io.qu.bo.cl.QuarkusClassLoader] Adding normal priority element io.quarkus.bootstrap.classloading.PathTreeClassPathElement[com.aayushatharva.brotli4j:brotli4j /home/martin/.m2/repository/com/aayushatharva/brotli4j/brotli4j/1.16.0/brotli4j-1.16.0.jar runtime=true resources=51] to QuarkusClassLoader Quarkus Base Runtime ClassLoader: TEST for JUnitQuarkusTest-space.maatini.eventsourcing.TestProfile (QuarkusTest)
22:00:21 DEBUG [io.qu.bo.cl.QuarkusClassLoader] Adding normal priority element io.quarkus.bootstrap.classloading.PathTreeClassPathElement[com.aayushatharva.brotli4j:service /home/martin/.m2/repository/com/aayushatharva/brotli4j/service/1.16.0/service-1.16.0.jar runtime=true resources=16] to QuarkusClassLoader Quarkus Base Runtime ClassLoader: TEST for JUnitQuarkusTest-space.maatini.eventsourcing.TestProfile (QuarkusTest)
22:00:21 DEBUG [io.qu.bo.cl.QuarkusClassLoader] Adding normal priority element io.quarkus.bootstrap.classloading.PathTreeClassPathElement[com.aayushatharva.brotli4j:native-linux-x86_64 /home/martin/.m2/repository/com/aayushatharva/brotli4j/native-linux-x86_64/1.16.0/native-linux-x86_64-1.16.0.jar runtime=true resources=20] to QuarkusClassLoader Quarkus Base Runtime ClassLoader: TEST for JUnitQuarkusTest-space.maatini.eventsourcing.TestProfile (QuarkusTest)
22:00:21 DEBUG [io.qu.bo.cl.QuarkusClassLoader] Adding normal priority element io.quarkus.bootstrap.classloading.PathTreeClassPathElement[io.quarkus:quarkus-jsonp /home/martin/.m2/repository/io/quarkus/quarkus-jsonp/3.31.4/quarkus-jsonp-3.31.4.jar runtime=true resources=14] to QuarkusClassLoader Quarkus Base Runtime ClassLoader: TEST for JUnitQuarkusTest-space.maatini.eventsourcing.TestProfile (QuarkusTest)
22:00:21 DEBUG [io.qu.bo.cl.QuarkusClassLoader] Adding parent first element io.quarkus.bootstrap.classloading.PathTreeClassPathElement[org.eclipse.parsson:parsson /home/martin/.m2/repository/org/eclipse/parsson/parsson/1.1.7/parsson-1.1.7.jar runtime=true resources=85] to QuarkusClassLoader Quarkus Base Runtime ClassLoader: TEST for JUnitQuarkusTest-space.maatini.eventsourcing.TestProfile (QuarkusTest)
22:00:21 DEBUG [io.qu.bo.cl.QuarkusClassLoader] Adding normal priority element io.quarkus.bootstrap.classloading.PathTreeClassPathElement[org.eclipse.parsson:parsson /home/martin/.m2/repository/org/eclipse/parsson/parsson/1.1.7/parsson-1.1.7.jar runtime=true resources=85] to QuarkusClassLoader Quarkus Base Runtime ClassLoader: TEST for JUnitQuarkusTest-space.maatini.eventsourcing.TestProfile (QuarkusTest)
22:00:21 DEBUG [io.qu.bo.cl.QuarkusClassLoader] Adding normal priority element io.quarkus.bootstrap.classloading.PathTreeClassPathElement[io.quarkus:quarkus-smallrye-openapi /home/martin/.m2/repository/io/quarkus/quarkus-smallrye-openapi/3.31.4/quarkus-smallrye-openapi-3.31.4.jar runtime=true resources=49] to QuarkusClassLoader Quarkus Base Runtime ClassLoader: TEST for JUnitQuarkusTest-space.maatini.eventsourcing.TestProfile (QuarkusTest)
22:00:21 DEBUG [io.qu.bo.cl.QuarkusClassLoader] Adding normal priority element io.quarkus.bootstrap.classloading.PathTreeClassPathElement[io.smallrye:smallrye-open-api-core /home/martin/.m2/repository/io/smallrye/smallrye-open-api-core/4.2.4/smallrye-open-api-core-4.2.4.jar runtime=true resources=375] to QuarkusClassLoader Quarkus Base Runtime ClassLoader: TEST for JUnitQuarkusTest-space.maatini.eventsourcing.TestProfile (QuarkusTest)
22:00:21 DEBUG [io.qu.bo.cl.QuarkusClassLoader] Adding normal priority element io.quarkus.bootstrap.classloading.PathTreeClassPathElement[org.eclipse.microprofile.openapi:microprofile-openapi-api /home/martin/.m2/repository/org/eclipse/microprofile/openapi/microprofile-openapi-api/4.1.1/microprofile-openapi-api-4.1.1.jar runtime=true resources=169] to QuarkusClassLoader Quarkus Base Runtime ClassLoader: TEST for JUnitQuarkusTest-space.maatini.eventsourcing.TestProfile (QuarkusTest)
22:00:21 DEBUG [io.qu.bo.cl.QuarkusClassLoader] Adding normal priority element io.quarkus.bootstrap.classloading.PathTreeClassPathElement[org.eclipse.microprofile.config:microprofile-config-api /home/martin/.m2/repository/org/eclipse/microprofile/config/microprofile-config-api/3.1/microprofile-config-api-3.1.jar runtime=true resources=29] to QuarkusClassLoader Quarkus Base Runtime ClassLoader: TEST for JUnitQuarkusTest-space.maatini.eventsourcing.TestProfile (QuarkusTest)
22:00:21 DEBUG [io.qu.bo.cl.QuarkusClassLoader] Adding normal priority element io.quarkus.bootstrap.classloading.PathTreeClassPathElement[io.smallrye:smallrye-open-api-model /home/martin/.m2/repository/io/smallrye/smallrye-open-api-model/4.2.4/smallrye-open-api-model-4.2.4.jar runtime=true resources=28] to QuarkusClassLoader Quarkus Base Runtime ClassLoader: TEST for JUnitQuarkusTest-space.maatini.eventsourcing.TestProfile (QuarkusTest)
22:00:21 DEBUG [io.qu.bo.cl.QuarkusClassLoader] Adding normal priority element io.quarkus.bootstrap.classloading.PathTreeClassPathElement[com.fasterxml.jackson.core:jackson-core /home/martin/.m2/repository/com/fasterxml/jackson/core/jackson-core/2.20.1/jackson-core-2.20.1.jar runtime=true resources=287] to QuarkusClassLoader Quarkus Base Runtime ClassLoader: TEST for JUnitQuarkusTest-space.maatini.eventsourcing.TestProfile (QuarkusTest)
22:00:21 DEBUG [io.qu.bo.cl.QuarkusClassLoader] Adding normal priority element io.quarkus.bootstrap.classloading.PathTreeClassPathElement[com.fasterxml.jackson.core:jackson-databind /home/martin/.m2/repository/com/fasterxml/jackson/core/jackson-databind/2.20.1/jackson-databind-2.20.1.jar runtime=true resources=849] to QuarkusClassLoader Quarkus Base Runtime ClassLoader: TEST for JUnitQuarkusTest-space.maatini.eventsourcing.TestProfile (QuarkusTest)
22:00:21 DEBUG [io.qu.bo.cl.QuarkusClassLoader] Adding normal priority element io.quarkus.bootstrap.classloading.PathTreeClassPathElement[com.fasterxml.jackson.core:jackson-annotations /home/martin/.m2/repository/com/fasterxml/jackson/core/jackson-annotations/2.20/jackson-annotations-2.20.jar runtime=true resources=87] to QuarkusClassLoader Quarkus Base Runtime ClassLoader: TEST for JUnitQuarkusTest-space.maatini.eventsourcing.TestProfile (QuarkusTest)
22:00:21 DEBUG [io.qu.bo.cl.QuarkusClassLoader] Adding normal priority element io.quarkus.bootstrap.classloading.PathTreeClassPathElement[com.fasterxml.jackson.dataformat:jackson-dataformat-yaml /home/martin/.m2/repository/com/fasterxml/jackson/dataformat/jackson-dataformat-yaml/2.20.1/jackson-dataformat-yaml-2.20.1.jar runtime=true resources=47] to QuarkusClassLoader Quarkus Base Runtime ClassLoader: TEST for JUnitQuarkusTest-space.maatini.eventsourcing.TestProfile (QuarkusTest)
22:00:21 DEBUG [io.qu.bo.cl.QuarkusClassLoader] Adding normal priority element io.quarkus.bootstrap.classloading.PathTreeClassPathElement[org.yaml:snakeyaml /home/martin/.m2/repository/org/yaml/snakeyaml/2.5/snakeyaml-2.5.jar runtime=true resources=282] to QuarkusClassLoader Quarkus Base Runtime ClassLoader: TEST for JUnitQuarkusTest-space.maatini.eventsourcing.TestProfile (QuarkusTest)
22:00:21 DEBUG [io.qu.bo.cl.QuarkusClassLoader] Adding normal priority element io.quarkus.bootstrap.classloading.PathTreeClassPathElement[io.smallrye:jandex /home/martin/.m2/repository/io/smallrye/jandex/3.5.3/jandex-3.5.3.jar runtime=true resources=217] to QuarkusClassLoader Quarkus Base Runtime ClassLoader: TEST for JUnitQuarkusTest-space.maatini.eventsourcing.TestProfile (QuarkusTest)
22:00:21 DEBUG [io.qu.bo.cl.QuarkusClassLoader] Adding normal priority element io.quarkus.bootstrap.classloading.PathTreeClassPathElement[io.smallrye.common:smallrye-common-classloader /home/martin/.m2/repository/io/smallrye/common/smallrye-common-classloader/2.15.0/smallrye-common-classloader-2.15.0.jar runtime=true resources=16] to QuarkusClassLoader Quarkus Base Runtime ClassLoader: TEST for JUnitQuarkusTest-space.maatini.eventsourcing.TestProfile (QuarkusTest)
22:00:21 DEBUG [io.qu.bo.cl.QuarkusClassLoader] Adding normal priority element io.quarkus.bootstrap.classloading.PathTreeClassPathElement[io.quarkus:quarkus-swagger-ui /home/martin/.m2/repository/io/quarkus/quarkus-swagger-ui/3.31.4/quarkus-swagger-ui-3.31.4.jar runtime=true resources=22] to QuarkusClassLoader Quarkus Base Runtime ClassLoader: TEST for JUnitQuarkusTest-space.maatini.eventsourcing.TestProfile (QuarkusTest)
22:00:21 DEBUG [io.qu.bo.cl.QuarkusClassLoader] Adding normal priority element io.quarkus.bootstrap.classloading.PathTreeClassPathElement[io.quarkus:quarkus-micrometer-registry-prometheus /home/martin/.m2/repository/io/quarkus/quarkus-micrometer-registry-prometheus/3.31.4/quarkus-micrometer-registry-prometheus-3.31.4.jar runtime=true resources=10] to QuarkusClassLoader Quarkus Base Runtime ClassLoader: TEST for JUnitQuarkusTest-space.maatini.eventsourcing.TestProfile (QuarkusTest)
22:00:21 DEBUG [io.qu.bo.cl.QuarkusClassLoader] Adding normal priority element io.quarkus.bootstrap.classloading.PathTreeClassPathElement[io.quarkus:quarkus-micrometer /home/martin/.m2/repository/io/quarkus/quarkus-micrometer/3.31.4/quarkus-micrometer-3.31.4.jar runtime=true resources=195] to QuarkusClassLoader Quarkus Base Runtime ClassLoader: TEST for JUnitQuarkusTest-space.maatini.eventsourcing.TestProfile (QuarkusTest)
22:00:21 DEBUG [io.qu.bo.cl.QuarkusClassLoader] Adding normal priority element io.quarkus.bootstrap.classloading.PathTreeClassPathElement[io.micrometer:micrometer-core /home/martin/.m2/repository/io/micrometer/micrometer-core/1.16.3/micrometer-core-1.16.3.jar runtime=true resources=643] to QuarkusClassLoader Quarkus Base Runtime ClassLoader: TEST for JUnitQuarkusTest-space.maatini.eventsourcing.TestProfile (QuarkusTest)
22:00:21 DEBUG [io.qu.bo.cl.QuarkusClassLoader] Adding normal priority element io.quarkus.bootstrap.classloading.PathTreeClassPathElement[io.micrometer:micrometer-commons /home/martin/.m2/repository/io/micrometer/micrometer-commons/1.16.3/micrometer-commons-1.16.3.jar runtime=true resources=54] to QuarkusClassLoader Quarkus Base Runtime ClassLoader: TEST for JUnitQuarkusTest-space.maatini.eventsourcing.TestProfile (QuarkusTest)
22:00:21 DEBUG [io.qu.bo.cl.QuarkusClassLoader] Adding normal priority element io.quarkus.bootstrap.classloading.PathTreeClassPathElement[io.micrometer:micrometer-observation /home/martin/.m2/repository/io/micrometer/micrometer-observation/1.16.3/micrometer-observation-1.16.3.jar runtime=true resources=82] to QuarkusClassLoader Quarkus Base Runtime ClassLoader: TEST for JUnitQuarkusTest-space.maatini.eventsourcing.TestProfile (QuarkusTest)
22:00:21 DEBUG [io.qu.bo.cl.QuarkusClassLoader] Adding normal priority element io.quarkus.bootstrap.classloading.PathTreeClassPathElement[org.hdrhistogram:HdrHistogram /home/martin/.m2/repository/org/hdrhistogram/HdrHistogram/2.2.2/HdrHistogram-2.2.2.jar runtime=true resources=108] to QuarkusClassLoader Quarkus Base Runtime ClassLoader: TEST for JUnitQuarkusTest-space.maatini.eventsourcing.TestProfile (QuarkusTest)
22:00:21 DEBUG [io.qu.bo.cl.QuarkusClassLoader] Adding normal priority element io.quarkus.bootstrap.classloading.PathTreeClassPathElement[org.latencyutils:LatencyUtils /home/martin/.m2/repository/org/latencyutils/LatencyUtils/2.0.3/LatencyUtils-2.0.3.jar runtime=true resources=31] to QuarkusClassLoader Quarkus Base Runtime ClassLoader: TEST for JUnitQuarkusTest-space.maatini.eventsourcing.TestProfile (QuarkusTest)
22:00:21 DEBUG [io.qu.bo.cl.QuarkusClassLoader] Adding normal priority element io.quarkus.bootstrap.classloading.PathTreeClassPathElement[io.micrometer:micrometer-registry-prometheus-simpleclient /home/martin/.m2/repository/io/micrometer/micrometer-registry-prometheus-simpleclient/1.16.3/micrometer-registry-prometheus-simpleclient-1.16.3.jar runtime=true resources=29] to QuarkusClassLoader Quarkus Base Runtime ClassLoader: TEST for JUnitQuarkusTest-space.maatini.eventsourcing.TestProfile (QuarkusTest)
22:00:21 DEBUG [io.qu.bo.cl.QuarkusClassLoader] Adding normal priority element io.quarkus.bootstrap.classloading.PathTreeClassPathElement[org.jspecify:jspecify /home/martin/.m2/repository/org/jspecify/jspecify/1.0.0/jspecify-1.0.0.jar runtime=true resources=17] to QuarkusClassLoader Quarkus Base Runtime ClassLoader: TEST for JUnitQuarkusTest-space.maatini.eventsourcing.TestProfile (QuarkusTest)
22:00:21 DEBUG [io.qu.bo.cl.QuarkusClassLoader] Adding normal priority element io.quarkus.bootstrap.classloading.PathTreeClassPathElement[io.prometheus:simpleclient_common /home/martin/.m2/repository/io/prometheus/simpleclient_common/0.16.0/simpleclient_common-0.16.0.jar runtime=true resources=14] to QuarkusClassLoader Quarkus Base Runtime ClassLoader: TEST for JUnitQuarkusTest-space.maatini.eventsourcing.TestProfile (QuarkusTest)
22:00:21 DEBUG [io.qu.bo.cl.QuarkusClassLoader] Adding normal priority element io.quarkus.bootstrap.classloading.PathTreeClassPathElement[io.prometheus:simpleclient /home/martin/.m2/repository/io/prometheus/simpleclient/0.16.0/simpleclient-0.16.0.jar runtime=true resources=78] to QuarkusClassLoader Quarkus Base Runtime ClassLoader: TEST for JUnitQuarkusTest-space.maatini.eventsourcing.TestProfile (QuarkusTest)
22:00:21 DEBUG [io.qu.bo.cl.QuarkusClassLoader] Adding normal priority element io.quarkus.bootstrap.classloading.PathTreeClassPathElement[io.prometheus:simpleclient_tracer_otel /home/martin/.m2/repository/io/prometheus/simpleclient_tracer_otel/0.16.0/simpleclient_tracer_otel-0.16.0.jar runtime=true resources=14] to QuarkusClassLoader Quarkus Base Runtime ClassLoader: TEST for JUnitQuarkusTest-space.maatini.eventsourcing.TestProfile (QuarkusTest)
22:00:21 DEBUG [io.qu.bo.cl.QuarkusClassLoader] Adding normal priority element io.quarkus.bootstrap.classloading.PathTreeClassPathElement[io.prometheus:simpleclient_tracer_common /home/martin/.m2/repository/io/prometheus/simpleclient_tracer_common/0.16.0/simpleclient_tracer_common-0.16.0.jar runtime=true resources=14] to QuarkusClassLoader Quarkus Base Runtime ClassLoader: TEST for JUnitQuarkusTest-space.maatini.eventsourcing.TestProfile (QuarkusTest)
22:00:21 DEBUG [io.qu.bo.cl.QuarkusClassLoader] Adding normal priority element io.quarkus.bootstrap.classloading.PathTreeClassPathElement[io.prometheus:simpleclient_tracer_otel_agent /home/martin/.m2/repository/io/prometheus/simpleclient_tracer_otel_agent/0.16.0/simpleclient_tracer_otel_agent-0.16.0.jar runtime=true resources=14] to QuarkusClassLoader Quarkus Base Runtime ClassLoader: TEST for JUnitQuarkusTest-space.maatini.eventsourcing.TestProfile (QuarkusTest)
22:00:21 DEBUG [io.qu.bo.cl.QuarkusClassLoader] Adding normal priority element io.quarkus.bootstrap.classloading.PathTreeClassPathElement[io.quarkus:quarkus-scheduler /home/martin/.m2/repository/io/quarkus/quarkus-scheduler/3.31.4/quarkus-scheduler-3.31.4.jar runtime=true resources=40] to QuarkusClassLoader Quarkus Base Runtime ClassLoader: TEST for JUnitQuarkusTest-space.maatini.eventsourcing.TestProfile (QuarkusTest)
22:00:21 DEBUG [io.qu.bo.cl.QuarkusClassLoader] Adding normal priority element io.quarkus.bootstrap.classloading.PathTreeClassPathElement[io.quarkus:quarkus-scheduler-kotlin /home/martin/.m2/repository/io/quarkus/quarkus-scheduler-kotlin/3.31.4/quarkus-scheduler-kotlin-3.31.4.jar runtime=true resources=18] to QuarkusClassLoader Quarkus Base Runtime ClassLoader: TEST for JUnitQuarkusTest-space.maatini.eventsourcing.TestProfile (QuarkusTest)
22:00:21 DEBUG [io.qu.bo.cl.QuarkusClassLoader] Adding normal priority element io.quarkus.bootstrap.classloading.PathTreeClassPathElement[io.quarkus:quarkus-scheduler-common /home/martin/.m2/repository/io/quarkus/quarkus-scheduler-common/3.31.4/quarkus-scheduler-common-3.31.4.jar runtime=true resources=42] to QuarkusClassLoader Quarkus Base Runtime ClassLoader: TEST for JUnitQuarkusTest-space.maatini.eventsourcing.TestProfile (QuarkusTest)
22:00:21 DEBUG [io.qu.bo.cl.QuarkusClassLoader] Adding normal priority element io.quarkus.bootstrap.classloading.PathTreeClassPathElement[io.quarkus:quarkus-scheduler-api /home/martin/.m2/repository/io/quarkus/quarkus-scheduler-api/3.31.4/quarkus-scheduler-api-3.31.4.jar runtime=true resources=29] to QuarkusClassLoader Quarkus Base Runtime ClassLoader: TEST for JUnitQuarkusTest-space.maatini.eventsourcing.TestProfile (QuarkusTest)
22:00:21 DEBUG [io.qu.bo.cl.QuarkusClassLoader] Adding normal priority element io.quarkus.bootstrap.classloading.PathTreeClassPathElement[io.quarkus:quarkus-scheduler-spi /home/martin/.m2/repository/io/quarkus/quarkus-scheduler-spi/3.31.4/quarkus-scheduler-spi-3.31.4.jar runtime=true resources=14] to QuarkusClassLoader Quarkus Base Runtime ClassLoader: TEST for JUnitQuarkusTest-space.maatini.eventsourcing.TestProfile (QuarkusTest)
22:00:21 DEBUG [io.qu.bo.cl.QuarkusClassLoader] Adding normal priority element io.quarkus.bootstrap.classloading.PathTreeClassPathElement[io.opentelemetry.instrumentation:opentelemetry-instrumentation-api /home/martin/.m2/repository/io/opentelemetry/instrumentation/opentelemetry-instrumentation-api/2.23.0/opentelemetry-instrumentation-api-2.23.0.jar runtime=true resources=216] to QuarkusClassLoader Quarkus Base Runtime ClassLoader: TEST for JUnitQuarkusTest-space.maatini.eventsourcing.TestProfile (QuarkusTest)
22:00:21 DEBUG [io.qu.bo.cl.QuarkusClassLoader] Adding normal priority element io.quarkus.bootstrap.classloading.PathTreeClassPathElement[io.opentelemetry:opentelemetry-api /home/martin/.m2/repository/io/opentelemetry/opentelemetry-api/1.57.0/opentelemetry-api-1.57.0.jar runtime=true resources=185] to QuarkusClassLoader Quarkus Base Runtime ClassLoader: TEST for JUnitQuarkusTest-space.maatini.eventsourcing.TestProfile (QuarkusTest)
22:00:21 DEBUG [io.qu.bo.cl.QuarkusClassLoader] Adding normal priority element io.quarkus.bootstrap.classloading.PathTreeClassPathElement[io.opentelemetry:opentelemetry-context /home/martin/.m2/repository/io/opentelemetry/opentelemetry-context/1.57.0/opentelemetry-context-1.57.0.jar runtime=true resources=52] to QuarkusClassLoader Quarkus Base Runtime ClassLoader: TEST for JUnitQuarkusTest-space.maatini.eventsourcing.TestProfile (QuarkusTest)
22:00:21 DEBUG [io.qu.bo.cl.QuarkusClassLoader] Adding normal priority element io.quarkus.bootstrap.classloading.PathTreeClassPathElement[io.opentelemetry:opentelemetry-common /home/martin/.m2/repository/io/opentelemetry/opentelemetry-common/1.57.0/opentelemetry-common-1.57.0.jar runtime=true resources=8] to QuarkusClassLoader Quarkus Base Runtime ClassLoader: TEST for JUnitQuarkusTest-space.maatini.eventsourcing.TestProfile (QuarkusTest)
22:00:21 DEBUG [io.qu.bo.cl.QuarkusClassLoader] Adding normal priority element io.quarkus.bootstrap.classloading.PathTreeClassPathElement[io.opentelemetry:opentelemetry-api-incubator /home/martin/.m2/repository/io/opentelemetry/opentelemetry-api-incubator/1.57.0-alpha/opentelemetry-api-incubator-1.57.0-alpha.jar runtime=true resources=104] to QuarkusClassLoader Quarkus Base Runtime ClassLoader: TEST for JUnitQuarkusTest-space.maatini.eventsourcing.TestProfile (QuarkusTest)
22:00:21 DEBUG [io.qu.bo.cl.QuarkusClassLoader] Adding normal priority element io.quarkus.bootstrap.classloading.PathTreeClassPathElement[io.opentelemetry.semconv:opentelemetry-semconv /home/martin/.m2/repository/io/opentelemetry/semconv/opentelemetry-semconv/1.37.0/opentelemetry-semconv-1.37.0.jar runtime=true resources=30] to QuarkusClassLoader Quarkus Base Runtime ClassLoader: TEST for JUnitQuarkusTest-space.maatini.eventsourcing.TestProfile (QuarkusTest)
22:00:21 DEBUG [io.qu.bo.cl.QuarkusClassLoader] Adding normal priority element io.quarkus.bootstrap.classloading.PathTreeClassPathElement[com.cronutils:cron-utils /home/martin/.m2/repository/com/cronutils/cron-utils/9.2.1/cron-utils-9.2.1.jar runtime=true resources=148] to QuarkusClassLoader Quarkus Base Runtime ClassLoader: TEST for JUnitQuarkusTest-space.maatini.eventsourcing.TestProfile (QuarkusTest)
22:00:21 DEBUG [io.qu.bo.cl.QuarkusClassLoader] Adding normal priority element io.quarkus.bootstrap.classloading.PathTreeClassPathElement[io.quarkus:quarkus-virtual-threads /home/martin/.m2/repository/io/quarkus/quarkus-virtual-threads/3.31.4/quarkus-virtual-threads-3.31.4.jar runtime=true resources=33] to QuarkusClassLoader Quarkus Base Runtime ClassLoader: TEST for JUnitQuarkusTest-space.maatini.eventsourcing.TestProfile (QuarkusTest)
22:00:21 DEBUG [io.qu.bo.cl.QuarkusClassLoader] Adding parent first element io.quarkus.bootstrap.classloading.PathTreeClassPathElement[org.jboss.slf4j:slf4j-jboss-logmanager /home/martin/.m2/repository/org/jboss/slf4j/slf4j-jboss-logmanager/2.0.2.Final/slf4j-jboss-logmanager-2.0.2.Final.jar runtime=true resources=20] to QuarkusClassLoader Quarkus Base Runtime ClassLoader: TEST for JUnitQuarkusTest-space.maatini.eventsourcing.TestProfile (QuarkusTest)
22:00:21 DEBUG [io.qu.bo.cl.QuarkusClassLoader] Adding normal priority element io.quarkus.bootstrap.classloading.PathTreeClassPathElement[org.jboss.slf4j:slf4j-jboss-logmanager /home/martin/.m2/repository/org/jboss/slf4j/slf4j-jboss-logmanager/2.0.2.Final/slf4j-jboss-logmanager-2.0.2.Final.jar runtime=true resources=20] to QuarkusClassLoader Quarkus Base Runtime ClassLoader: TEST for JUnitQuarkusTest-space.maatini.eventsourcing.TestProfile (QuarkusTest)
22:00:21 DEBUG [io.qu.bo.cl.QuarkusClassLoader] Adding normal priority element io.quarkus.bootstrap.classloading.PathTreeClassPathElement[io.quarkus:quarkus-junit /home/martin/.m2/repository/io/quarkus/quarkus-junit/3.31.4/quarkus-junit-3.31.4.jar runtime=true resources=129] to QuarkusClassLoader Quarkus Base Runtime ClassLoader: TEST for JUnitQuarkusTest-space.maatini.eventsourcing.TestProfile (QuarkusTest)
22:00:21 DEBUG [io.qu.bo.cl.QuarkusClassLoader] Adding parent first element io.quarkus.bootstrap.classloading.PathTreeClassPathElement[io.quarkus:quarkus-bootstrap-core /home/martin/.m2/repository/io/quarkus/quarkus-bootstrap-core/3.31.4/quarkus-bootstrap-core-3.31.4.jar runtime=true resources=74] to QuarkusClassLoader Quarkus Base Runtime ClassLoader: TEST for JUnitQuarkusTest-space.maatini.eventsourcing.TestProfile (QuarkusTest)
22:00:21 DEBUG [io.qu.bo.cl.QuarkusClassLoader] Adding normal priority element io.quarkus.bootstrap.classloading.PathTreeClassPathElement[io.quarkus:quarkus-bootstrap-core /home/martin/.m2/repository/io/quarkus/quarkus-bootstrap-core/3.31.4/quarkus-bootstrap-core-3.31.4.jar runtime=true resources=74] to QuarkusClassLoader Quarkus Base Runtime ClassLoader: TEST for JUnitQuarkusTest-space.maatini.eventsourcing.TestProfile (QuarkusTest)
22:00:21 DEBUG [io.qu.bo.cl.QuarkusClassLoader] Adding parent first element io.quarkus.bootstrap.classloading.PathTreeClassPathElement[io.quarkus:quarkus-classloader-commons /home/martin/.m2/repository/io/quarkus/quarkus-classloader-commons/3.31.4/quarkus-classloader-commons-3.31.4.jar runtime=true resources=13] to QuarkusClassLoader Quarkus Base Runtime ClassLoader: TEST for JUnitQuarkusTest-space.maatini.eventsourcing.TestProfile (QuarkusTest)
22:00:21 DEBUG [io.qu.bo.cl.QuarkusClassLoader] Adding normal priority element io.quarkus.bootstrap.classloading.PathTreeClassPathElement[io.quarkus:quarkus-classloader-commons /home/martin/.m2/repository/io/quarkus/quarkus-classloader-commons/3.31.4/quarkus-classloader-commons-3.31.4.jar runtime=true resources=13] to QuarkusClassLoader Quarkus Base Runtime ClassLoader: TEST for JUnitQuarkusTest-space.maatini.eventsourcing.TestProfile (QuarkusTest)
22:00:21 DEBUG [io.qu.bo.cl.QuarkusClassLoader] Adding parent first element io.quarkus.bootstrap.classloading.PathTreeClassPathElement[io.quarkus:quarkus-bootstrap-app-model /home/martin/.m2/repository/io/quarkus/quarkus-bootstrap-app-model/3.31.4/quarkus-bootstrap-app-model-3.31.4.jar runtime=true resources=135] to QuarkusClassLoader Quarkus Base Runtime ClassLoader: TEST for JUnitQuarkusTest-space.maatini.eventsourcing.TestProfile (QuarkusTest)
22:00:21 DEBUG [io.qu.bo.cl.QuarkusClassLoader] Adding normal priority element io.quarkus.bootstrap.classloading.PathTreeClassPathElement[io.quarkus:quarkus-bootstrap-app-model /home/martin/.m2/repository/io/quarkus/quarkus-bootstrap-app-model/3.31.4/quarkus-bootstrap-app-model-3.31.4.jar runtime=true resources=135] to QuarkusClassLoader Quarkus Base Runtime ClassLoader: TEST for JUnitQuarkusTest-space.maatini.eventsourcing.TestProfile (QuarkusTest)
22:00:21 DEBUG [io.qu.bo.cl.QuarkusClassLoader] Adding normal priority element io.quarkus.bootstrap.classloading.PathTreeClassPathElement[io.quarkus:quarkus-bootstrap-json /home/martin/.m2/repository/io/quarkus/quarkus-bootstrap-json/3.31.4/quarkus-bootstrap-json-3.31.4.jar runtime=true resources=31] to QuarkusClassLoader Quarkus Base Runtime ClassLoader: TEST for JUnitQuarkusTest-space.maatini.eventsourcing.TestProfile (QuarkusTest)
22:00:21 DEBUG [io.qu.bo.cl.QuarkusClassLoader] Adding parent first element io.quarkus.bootstrap.classloading.PathTreeClassPathElement[io.smallrye.common:smallrye-common-io /home/martin/.m2/repository/io/smallrye/common/smallrye-common-io/2.15.0/smallrye-common-io-2.15.0.jar runtime=true resources=20] to QuarkusClassLoader Quarkus Base Runtime ClassLoader: TEST for JUnitQuarkusTest-space.maatini.eventsourcing.TestProfile (QuarkusTest)
22:00:21 DEBUG [io.qu.bo.cl.QuarkusClassLoader] Adding normal priority element io.quarkus.bootstrap.classloading.PathTreeClassPathElement[io.smallrye.common:smallrye-common-io /home/martin/.m2/repository/io/smallrye/common/smallrye-common-io/2.15.0/smallrye-common-io-2.15.0.jar runtime=true resources=20] to QuarkusClassLoader Quarkus Base Runtime ClassLoader: TEST for JUnitQuarkusTest-space.maatini.eventsourcing.TestProfile (QuarkusTest)
22:00:21 DEBUG [io.qu.bo.cl.QuarkusClassLoader] Adding normal priority element io.quarkus.bootstrap.classloading.PathTreeClassPathElement[org.eclipse.sisu:org.eclipse.sisu.inject /home/martin/.m2/repository/org/eclipse/sisu/org.eclipse.sisu.inject/0.9.0.M4/org.eclipse.sisu.inject-0.9.0.M4.jar runtime=true resources=281] to QuarkusClassLoader Quarkus Base Runtime ClassLoader: TEST for JUnitQuarkusTest-space.maatini.eventsourcing.TestProfile (QuarkusTest)
22:00:21 DEBUG [io.qu.bo.cl.QuarkusClassLoader] Adding normal priority element io.quarkus.bootstrap.classloading.PathTreeClassPathElement[org.ow2.asm:asm /home/martin/.m2/repository/org/ow2/asm/asm/9.9.1/asm-9.9.1.jar runtime=true resources=45] to QuarkusClassLoader Quarkus Base Runtime ClassLoader: TEST for JUnitQuarkusTest-space.maatini.eventsourcing.TestProfile (QuarkusTest)
22:00:21 DEBUG [io.qu.bo.cl.QuarkusClassLoader] Adding normal priority element io.quarkus.bootstrap.classloading.PathTreeClassPathElement[io.quarkus:quarkus-test-common /home/martin/.m2/repository/io/quarkus/quarkus-test-common/3.31.4/quarkus-test-common-3.31.4.jar runtime=true resources=113] to QuarkusClassLoader Quarkus Base Runtime ClassLoader: TEST for JUnitQuarkusTest-space.maatini.eventsourcing.TestProfile (QuarkusTest)
22:00:21 DEBUG [io.qu.bo.cl.QuarkusClassLoader] Adding normal priority element io.quarkus.bootstrap.classloading.PathTreeClassPathElement[io.quarkus:quarkus-core-deployment /home/martin/.m2/repository/io/quarkus/quarkus-core-deployment/3.31.4/quarkus-core-deployment-3.31.4.jar runtime=true resources=959] to QuarkusClassLoader Quarkus Base Runtime ClassLoader: TEST for JUnitQuarkusTest-space.maatini.eventsourcing.TestProfile (QuarkusTest)
22:00:21 DEBUG [io.qu.bo.cl.QuarkusClassLoader] Adding normal priority element io.quarkus.bootstrap.classloading.PathTreeClassPathElement[org.aesh:readline /home/martin/.m2/repository/org/aesh/readline/2.6/readline-2.6.jar runtime=true resources=233] to QuarkusClassLoader Quarkus Base Runtime ClassLoader: TEST for JUnitQuarkusTest-space.maatini.eventsourcing.TestProfile (QuarkusTest)
22:00:21 DEBUG [io.qu.bo.cl.QuarkusClassLoader] Adding normal priority element io.quarkus.bootstrap.classloading.PathTreeClassPathElement[org.fusesource.jansi:jansi /home/martin/.m2/repository/org/fusesource/jansi/jansi/2.4.0/jansi-2.4.0.jar runtime=true resources=98] to QuarkusClassLoader Quarkus Base Runtime ClassLoader: TEST for JUnitQuarkusTest-space.maatini.eventsourcing.TestProfile (QuarkusTest)
22:00:21 DEBUG [io.qu.bo.cl.QuarkusClassLoader] Adding normal priority element io.quarkus.bootstrap.classloading.PathTreeClassPathElement[org.aesh:aesh /home/martin/.m2/repository/org/aesh/aesh/2.8.2/aesh-2.8.2.jar runtime=true resources=318] to QuarkusClassLoader Quarkus Base Runtime ClassLoader: TEST for JUnitQuarkusTest-space.maatini.eventsourcing.TestProfile (QuarkusTest)
22:00:21 DEBUG [io.qu.bo.cl.QuarkusClassLoader] Adding normal priority element io.quarkus.bootstrap.classloading.PathTreeClassPathElement[org.apache.commons:commons-compress /home/martin/.m2/repository/org/apache/commons/commons-compress/1.28.0/commons-compress-1.28.0.jar runtime=true resources=645] to QuarkusClassLoader Quarkus Base Runtime ClassLoader: TEST for JUnitQuarkusTest-space.maatini.eventsourcing.TestProfile (QuarkusTest)
22:00:21 DEBUG [io.qu.bo.cl.QuarkusClassLoader] Adding normal priority element io.quarkus.bootstrap.classloading.PathTreeClassPathElement[io.quarkus.gizmo:gizmo /home/martin/.m2/repository/io/quarkus/gizmo/gizmo/1.10.1/gizmo-1.10.1.jar runtime=true resources=137] to QuarkusClassLoader Quarkus Base Runtime ClassLoader: TEST for JUnitQuarkusTest-space.maatini.eventsourcing.TestProfile (QuarkusTest)
22:00:21 DEBUG [io.qu.bo.cl.QuarkusClassLoader] Adding normal priority element io.quarkus.bootstrap.classloading.PathTreeClassPathElement[org.ow2.asm:asm-util /home/martin/.m2/repository/org/ow2/asm/asm-util/9.9.1/asm-util-9.9.1.jar runtime=true resources=33] to QuarkusClassLoader Quarkus Base Runtime ClassLoader: TEST for JUnitQuarkusTest-space.maatini.eventsourcing.TestProfile (QuarkusTest)
22:00:21 DEBUG [io.qu.bo.cl.QuarkusClassLoader] Adding normal priority element io.quarkus.bootstrap.classloading.PathTreeClassPathElement[org.ow2.asm:asm-analysis /home/martin/.m2/repository/org/ow2/asm/asm-analysis/9.9.1/asm-analysis-9.9.1.jar runtime=true resources=22] to QuarkusClassLoader Quarkus Base Runtime ClassLoader: TEST for JUnitQuarkusTest-space.maatini.eventsourcing.TestProfile (QuarkusTest)
22:00:21 DEBUG [io.qu.bo.cl.QuarkusClassLoader] Adding normal priority element io.quarkus.bootstrap.classloading.PathTreeClassPathElement[io.quarkus.gizmo:gizmo2 /home/martin/.m2/repository/io/quarkus/gizmo/gizmo2/2.0.0/gizmo2-2.0.0.jar runtime=true resources=379] to QuarkusClassLoader Quarkus Base Runtime ClassLoader: TEST for JUnitQuarkusTest-space.maatini.eventsourcing.TestProfile (QuarkusTest)
22:00:21 DEBUG [io.qu.bo.cl.QuarkusClassLoader] Adding normal priority element io.quarkus.bootstrap.classloading.PathTreeClassPathElement[io.smallrye.classfile:jdk-classfile-backport /home/martin/.m2/repository/io/smallrye/classfile/jdk-classfile-backport/26.cr1/jdk-classfile-backport-26.cr1.jar runtime=true resources=696] to QuarkusClassLoader Quarkus Base Runtime ClassLoader: TEST for JUnitQuarkusTest-space.maatini.eventsourcing.TestProfile (QuarkusTest)
22:00:21 DEBUG [io.qu.bo.cl.QuarkusClassLoader] Adding normal priority element io.quarkus.bootstrap.classloading.PathTreeClassPathElement[io.smallrye.common:smallrye-common-resource /home/martin/.m2/repository/io/smallrye/common/smallrye-common-resource/2.15.0/smallrye-common-resource-2.15.0.jar runtime=true resources=29] to QuarkusClassLoader Quarkus Base Runtime ClassLoader: TEST for JUnitQuarkusTest-space.maatini.eventsourcing.TestProfile (QuarkusTest)
22:00:21 DEBUG [io.qu.bo.cl.QuarkusClassLoader] Adding normal priority element io.quarkus.bootstrap.classloading.PathTreeClassPathElement[io.smallrye:jandex-gizmo2 /home/martin/.m2/repository/io/smallrye/jandex-gizmo2/3.5.3/jandex-gizmo2-3.5.3.jar runtime=true resources=16] to QuarkusClassLoader Quarkus Base Runtime ClassLoader: TEST for JUnitQuarkusTest-space.maatini.eventsourcing.TestProfile (QuarkusTest)
22:00:21 DEBUG [io.qu.bo.cl.QuarkusClassLoader] Adding normal priority element io.quarkus.bootstrap.classloading.PathTreeClassPathElement[io.smallrye.common:smallrye-common-process /home/martin/.m2/repository/io/smallrye/common/smallrye-common-process/2.15.0/smallrye-common-process-2.15.0.jar runtime=true resources=50] to QuarkusClassLoader Quarkus Base Runtime ClassLoader: TEST for JUnitQuarkusTest-space.maatini.eventsourcing.TestProfile (QuarkusTest)
22:00:21 DEBUG [io.qu.bo.cl.QuarkusClassLoader] Adding normal priority element io.quarkus.bootstrap.classloading.PathTreeClassPathElement[io.quarkus:quarkus-hibernate-validator-spi /home/martin/.m2/repository/io/quarkus/quarkus-hibernate-validator-spi/3.31.4/quarkus-hibernate-validator-spi-3.31.4.jar runtime=true resources=16] to QuarkusClassLoader Quarkus Base Runtime ClassLoader: TEST for JUnitQuarkusTest-space.maatini.eventsourcing.TestProfile (QuarkusTest)
22:00:21 DEBUG [io.qu.bo.cl.QuarkusClassLoader] Adding parent first element io.quarkus.bootstrap.classloading.PathTreeClassPathElement[io.quarkus:quarkus-class-change-agent /home/martin/.m2/repository/io/quarkus/quarkus-class-change-agent/3.31.4/quarkus-class-change-agent-3.31.4.jar runtime=true resources=13] to QuarkusClassLoader Quarkus Base Runtime ClassLoader: TEST for JUnitQuarkusTest-space.maatini.eventsourcing.TestProfile (QuarkusTest)
22:00:21 DEBUG [io.qu.bo.cl.QuarkusClassLoader] Adding normal priority element io.quarkus.bootstrap.classloading.PathTreeClassPathElement[io.quarkus:quarkus-class-change-agent /home/martin/.m2/repository/io/quarkus/quarkus-class-change-agent/3.31.4/quarkus-class-change-agent-3.31.4.jar runtime=true resources=13] to QuarkusClassLoader Quarkus Base Runtime ClassLoader: TEST for JUnitQuarkusTest-space.maatini.eventsourcing.TestProfile (QuarkusTest)
22:00:21 DEBUG [io.qu.bo.cl.QuarkusClassLoader] Adding normal priority element io.quarkus.bootstrap.classloading.PathTreeClassPathElement[io.quarkus:quarkus-builder /home/martin/.m2/repository/io/quarkus/quarkus-builder/3.31.4/quarkus-builder-3.31.4.jar runtime=true resources=67] to QuarkusClassLoader Quarkus Base Runtime ClassLoader: TEST for JUnitQuarkusTest-space.maatini.eventsourcing.TestProfile (QuarkusTest)
22:00:21 DEBUG [io.qu.bo.cl.QuarkusClassLoader] Adding parent first element io.quarkus.bootstrap.classloading.PathTreeClassPathElement[org.graalvm.sdk:nativeimage /home/martin/.m2/repository/org/graalvm/sdk/nativeimage/23.1.2/nativeimage-23.1.2.jar runtime=true resources=208] to QuarkusClassLoader Quarkus Base Runtime ClassLoader: TEST for JUnitQuarkusTest-space.maatini.eventsourcing.TestProfile (QuarkusTest)
22:00:21 DEBUG [io.qu.bo.cl.QuarkusClassLoader] Adding normal priority element io.quarkus.bootstrap.classloading.PathTreeClassPathElement[org.graalvm.sdk:nativeimage /home/martin/.m2/repository/org/graalvm/sdk/nativeimage/23.1.2/nativeimage-23.1.2.jar runtime=true resources=208] to QuarkusClassLoader Quarkus Base Runtime ClassLoader: TEST for JUnitQuarkusTest-space.maatini.eventsourcing.TestProfile (QuarkusTest)
22:00:21 DEBUG [io.qu.bo.cl.QuarkusClassLoader] Adding parent first element io.quarkus.bootstrap.classloading.PathTreeClassPathElement[org.graalvm.sdk:word /home/martin/.m2/repository/org/graalvm/sdk/word/23.1.2/word-23.1.2.jar runtime=true resources=22] to QuarkusClassLoader Quarkus Base Runtime ClassLoader: TEST for JUnitQuarkusTest-space.maatini.eventsourcing.TestProfile (QuarkusTest)
22:00:21 DEBUG [io.qu.bo.cl.QuarkusClassLoader] Adding normal priority element io.quarkus.bootstrap.classloading.PathTreeClassPathElement[org.graalvm.sdk:word /home/martin/.m2/repository/org/graalvm/sdk/word/23.1.2/word-23.1.2.jar runtime=true resources=22] to QuarkusClassLoader Quarkus Base Runtime ClassLoader: TEST for JUnitQuarkusTest-space.maatini.eventsourcing.TestProfile (QuarkusTest)
22:00:21 DEBUG [io.qu.bo.cl.QuarkusClassLoader] Adding parent first element io.quarkus.bootstrap.classloading.PathTreeClassPathElement[net.bytebuddy:byte-buddy-agent /home/martin/.m2/repository/net/bytebuddy/byte-buddy-agent/1.17.8/byte-buddy-agent-1.17.8.jar runtime=true resources=171] to QuarkusClassLoader Quarkus Base Runtime ClassLoader: TEST for JUnitQuarkusTest-space.maatini.eventsourcing.TestProfile (QuarkusTest)
22:00:21 DEBUG [io.qu.bo.cl.QuarkusClassLoader] Adding normal priority element io.quarkus.bootstrap.classloading.PathTreeClassPathElement[net.bytebuddy:byte-buddy-agent /home/martin/.m2/repository/net/bytebuddy/byte-buddy-agent/1.17.8/byte-buddy-agent-1.17.8.jar runtime=true resources=171] to QuarkusClassLoader Quarkus Base Runtime ClassLoader: TEST for JUnitQuarkusTest-space.maatini.eventsourcing.TestProfile (QuarkusTest)
22:00:21 DEBUG [io.qu.bo.cl.QuarkusClassLoader] Adding parent first element io.quarkus.bootstrap.classloading.PathTreeClassPathElement[org.junit.platform:junit-platform-launcher /home/martin/.m2/repository/org/junit/platform/junit-platform-launcher/6.0.3/junit-platform-launcher-6.0.3.jar runtime=true resources=166] to QuarkusClassLoader Quarkus Base Runtime ClassLoader: TEST for JUnitQuarkusTest-space.maatini.eventsourcing.TestProfile (QuarkusTest)
22:00:21 DEBUG [io.qu.bo.cl.QuarkusClassLoader] Adding normal priority element io.quarkus.bootstrap.classloading.PathTreeClassPathElement[org.junit.platform:junit-platform-launcher /home/martin/.m2/repository/org/junit/platform/junit-platform-launcher/6.0.3/junit-platform-launcher-6.0.3.jar runtime=true resources=166] to QuarkusClassLoader Quarkus Base Runtime ClassLoader: TEST for JUnitQuarkusTest-space.maatini.eventsourcing.TestProfile (QuarkusTest)
22:00:21 DEBUG [io.qu.bo.cl.QuarkusClassLoader] Adding parent first element io.quarkus.bootstrap.classloading.PathTreeClassPathElement[io.quarkus:quarkus-bootstrap-maven-resolver /home/martin/.m2/repository/io/quarkus/quarkus-bootstrap-maven-resolver/3.31.4/quarkus-bootstrap-maven-resolver-3.31.4.jar runtime=true resources=84] to QuarkusClassLoader Quarkus Base Runtime ClassLoader: TEST for JUnitQuarkusTest-space.maatini.eventsourcing.TestProfile (QuarkusTest)
22:00:21 DEBUG [io.qu.bo.cl.QuarkusClassLoader] Adding normal priority element io.quarkus.bootstrap.classloading.PathTreeClassPathElement[io.quarkus:quarkus-bootstrap-maven-resolver /home/martin/.m2/repository/io/quarkus/quarkus-bootstrap-maven-resolver/3.31.4/quarkus-bootstrap-maven-resolver-3.31.4.jar runtime=true resources=84] to QuarkusClassLoader Quarkus Base Runtime ClassLoader: TEST for JUnitQuarkusTest-space.maatini.eventsourcing.TestProfile (QuarkusTest)
22:00:21 DEBUG [io.qu.bo.cl.QuarkusClassLoader] Adding normal priority element io.quarkus.bootstrap.classloading.PathTreeClassPathElement[io.smallrye.beanbag:smallrye-beanbag-maven /home/martin/.m2/repository/io/smallrye/beanbag/smallrye-beanbag-maven/1.6.1/smallrye-beanbag-maven-1.6.1.jar runtime=true resources=14] to QuarkusClassLoader Quarkus Base Runtime ClassLoader: TEST for JUnitQuarkusTest-space.maatini.eventsourcing.TestProfile (QuarkusTest)
22:00:21 DEBUG [io.qu.bo.cl.QuarkusClassLoader] Adding normal priority element io.quarkus.bootstrap.classloading.PathTreeClassPathElement[io.smallrye.beanbag:smallrye-beanbag-sisu /home/martin/.m2/repository/io/smallrye/beanbag/smallrye-beanbag-sisu/1.6.1/smallrye-beanbag-sisu-1.6.1.jar runtime=true resources=27] to QuarkusClassLoader Quarkus Base Runtime ClassLoader: TEST for JUnitQuarkusTest-space.maatini.eventsourcing.TestProfile (QuarkusTest)
22:00:21 DEBUG [io.qu.bo.cl.QuarkusClassLoader] Adding normal priority element io.quarkus.bootstrap.classloading.PathTreeClassPathElement[io.smallrye.beanbag:smallrye-beanbag /home/martin/.m2/repository/io/smallrye/beanbag/smallrye-beanbag/1.6.1/smallrye-beanbag-1.6.1.jar runtime=true resources=39] to QuarkusClassLoader Quarkus Base Runtime ClassLoader: TEST for JUnitQuarkusTest-space.maatini.eventsourcing.TestProfile (QuarkusTest)
22:00:21 DEBUG [io.qu.bo.cl.QuarkusClassLoader] Adding normal priority element io.quarkus.bootstrap.classloading.PathTreeClassPathElement[javax.inject:javax.inject /home/martin/.m2/repository/javax/inject/javax.inject/1/javax.inject-1.jar runtime=true resources=8] to QuarkusClassLoader Quarkus Base Runtime ClassLoader: TEST for JUnitQuarkusTest-space.maatini.eventsourcing.TestProfile (QuarkusTest)
22:00:21 DEBUG [io.qu.bo.cl.QuarkusClassLoader] Adding normal priority element io.quarkus.bootstrap.classloading.PathTreeClassPathElement[org.apache.maven:maven-artifact /home/martin/.m2/repository/org/apache/maven/maven-artifact/3.9.12/maven-artifact-3.9.12.jar runtime=true resources=59] to QuarkusClassLoader Quarkus Base Runtime ClassLoader: TEST for JUnitQuarkusTest-space.maatini.eventsourcing.TestProfile (QuarkusTest)
22:00:21 DEBUG [io.qu.bo.cl.QuarkusClassLoader] Adding normal priority element io.quarkus.bootstrap.classloading.PathTreeClassPathElement[org.apache.maven:maven-builder-support /home/martin/.m2/repository/org/apache/maven/maven-builder-support/3.9.12/maven-builder-support-3.9.12.jar runtime=true resources=24] to QuarkusClassLoader Quarkus Base Runtime ClassLoader: TEST for JUnitQuarkusTest-space.maatini.eventsourcing.TestProfile (QuarkusTest)
22:00:21 DEBUG [io.qu.bo.cl.QuarkusClassLoader] Adding parent first element io.quarkus.bootstrap.classloading.PathTreeClassPathElement[org.apache.maven:maven-model /home/martin/.m2/repository/org/apache/maven/maven-model/3.9.12/maven-model-3.9.12.jar runtime=true resources=97] to QuarkusClassLoader Quarkus Base Runtime ClassLoader: TEST for JUnitQuarkusTest-space.maatini.eventsourcing.TestProfile (QuarkusTest)
22:00:21 DEBUG [io.qu.bo.cl.QuarkusClassLoader] Adding normal priority element io.quarkus.bootstrap.classloading.PathTreeClassPathElement[org.apache.maven:maven-model /home/martin/.m2/repository/org/apache/maven/maven-model/3.9.12/maven-model-3.9.12.jar runtime=true resources=97] to QuarkusClassLoader Quarkus Base Runtime ClassLoader: TEST for JUnitQuarkusTest-space.maatini.eventsourcing.TestProfile (QuarkusTest)
22:00:21 DEBUG [io.qu.bo.cl.QuarkusClassLoader] Adding normal priority element io.quarkus.bootstrap.classloading.PathTreeClassPathElement[org.apache.maven:maven-model-builder /home/martin/.m2/repository/org/apache/maven/maven-model-builder/3.9.12/maven-model-builder-3.9.12.jar runtime=true resources=164] to QuarkusClassLoader Quarkus Base Runtime ClassLoader: TEST for JUnitQuarkusTest-space.maatini.eventsourcing.TestProfile (QuarkusTest)
22:00:21 DEBUG [io.qu.bo.cl.QuarkusClassLoader] Adding normal priority element io.quarkus.bootstrap.classloading.PathTreeClassPathElement[org.apache.maven:maven-repository-metadata /home/martin/.m2/repository/org/apache/maven/maven-repository-metadata/3.9.12/maven-repository-metadata-3.9.12.jar runtime=true resources=27] to QuarkusClassLoader Quarkus Base Runtime ClassLoader: TEST for JUnitQuarkusTest-space.maatini.eventsourcing.TestProfile (QuarkusTest)
22:00:21 DEBUG [io.qu.bo.cl.QuarkusClassLoader] Adding normal priority element io.quarkus.bootstrap.classloading.PathTreeClassPathElement[org.apache.maven:maven-settings /home/martin/.m2/repository/org/apache/maven/maven-settings/3.9.12/maven-settings-3.9.12.jar runtime=true resources=35] to QuarkusClassLoader Quarkus Base Runtime ClassLoader: TEST for JUnitQuarkusTest-space.maatini.eventsourcing.TestProfile (QuarkusTest)
22:00:21 DEBUG [io.qu.bo.cl.QuarkusClassLoader] Adding parent first element io.quarkus.bootstrap.classloading.PathTreeClassPathElement[org.apache.maven.resolver:maven-resolver-api /home/martin/.m2/repository/org/apache/maven/resolver/maven-resolver-api/1.9.25/maven-resolver-api-1.9.25.jar runtime=true resources=170] to QuarkusClassLoader Quarkus Base Runtime ClassLoader: TEST for JUnitQuarkusTest-space.maatini.eventsourcing.TestProfile (QuarkusTest)
22:00:21 DEBUG [io.qu.bo.cl.QuarkusClassLoader] Adding normal priority element io.quarkus.bootstrap.classloading.PathTreeClassPathElement[org.apache.maven.resolver:maven-resolver-api /home/martin/.m2/repository/org/apache/maven/resolver/maven-resolver-api/1.9.25/maven-resolver-api-1.9.25.jar runtime=true resources=170] to QuarkusClassLoader Quarkus Base Runtime ClassLoader: TEST for JUnitQuarkusTest-space.maatini.eventsourcing.TestProfile (QuarkusTest)
22:00:21 DEBUG [io.qu.bo.cl.QuarkusClassLoader] Adding parent first element io.quarkus.bootstrap.classloading.PathTreeClassPathElement[org.apache.maven.resolver:maven-resolver-impl /home/martin/.m2/repository/org/apache/maven/resolver/maven-resolver-impl/1.9.25/maven-resolver-impl-1.9.25.jar runtime=true resources=213] to QuarkusClassLoader Quarkus Base Runtime ClassLoader: TEST for JUnitQuarkusTest-space.maatini.eventsourcing.TestProfile (QuarkusTest)
22:00:21 DEBUG [io.qu.bo.cl.QuarkusClassLoader] Adding normal priority element io.quarkus.bootstrap.classloading.PathTreeClassPathElement[org.apache.maven.resolver:maven-resolver-impl /home/martin/.m2/repository/org/apache/maven/resolver/maven-resolver-impl/1.9.25/maven-resolver-impl-1.9.25.jar runtime=true resources=213] to QuarkusClassLoader Quarkus Base Runtime ClassLoader: TEST for JUnitQuarkusTest-space.maatini.eventsourcing.TestProfile (QuarkusTest)
22:00:21 DEBUG [io.qu.bo.cl.QuarkusClassLoader] Adding normal priority element io.quarkus.bootstrap.classloading.PathTreeClassPathElement[org.apache.maven.resolver:maven-resolver-named-locks /home/martin/.m2/repository/org/apache/maven/resolver/maven-resolver-named-locks/1.9.25/maven-resolver-named-locks-1.9.25.jar runtime=true resources=40] to QuarkusClassLoader Quarkus Base Runtime ClassLoader: TEST for JUnitQuarkusTest-space.maatini.eventsourcing.TestProfile (QuarkusTest)
22:00:21 DEBUG [io.qu.bo.cl.QuarkusClassLoader] Adding normal priority element io.quarkus.bootstrap.classloading.PathTreeClassPathElement[org.apache.maven.resolver:maven-resolver-spi /home/martin/.m2/repository/org/apache/maven/resolver/maven-resolver-spi/1.9.25/maven-resolver-spi-1.9.25.jar runtime=true resources=84] to QuarkusClassLoader Quarkus Base Runtime ClassLoader: TEST for JUnitQuarkusTest-space.maatini.eventsourcing.TestProfile (QuarkusTest)
22:00:21 DEBUG [io.qu.bo.cl.QuarkusClassLoader] Adding normal priority element io.quarkus.bootstrap.classloading.PathTreeClassPathElement[org.apache.maven.resolver:maven-resolver-util /home/martin/.m2/repository/org/apache/maven/resolver/maven-resolver-util/1.9.25/maven-resolver-util-1.9.25.jar runtime=true resources=157] to QuarkusClassLoader Quarkus Base Runtime ClassLoader: TEST for JUnitQuarkusTest-space.maatini.eventsourcing.TestProfile (QuarkusTest)
22:00:21 DEBUG [io.qu.bo.cl.QuarkusClassLoader] Adding normal priority element io.quarkus.bootstrap.classloading.PathTreeClassPathElement[org.apache.maven.resolver:maven-resolver-transport-http /home/martin/.m2/repository/org/apache/maven/resolver/maven-resolver-transport-http/1.9.25/maven-resolver-transport-http-1.9.25.jar runtime=true resources=48] to QuarkusClassLoader Quarkus Base Runtime ClassLoader: TEST for JUnitQuarkusTest-space.maatini.eventsourcing.TestProfile (QuarkusTest)
22:00:21 DEBUG [io.qu.bo.cl.QuarkusClassLoader] Adding normal priority element io.quarkus.bootstrap.classloading.PathTreeClassPathElement[com.google.code.gson:gson /home/martin/.m2/repository/com/google/code/gson/gson/2.13.2/gson-2.13.2.jar runtime=true resources=227] to QuarkusClassLoader Quarkus Base Runtime ClassLoader: TEST for JUnitQuarkusTest-space.maatini.eventsourcing.TestProfile (QuarkusTest)
22:00:21 DEBUG [io.qu.bo.cl.QuarkusClassLoader] Adding normal priority element io.quarkus.bootstrap.classloading.PathTreeClassPathElement[org.apache.maven.wagon:wagon-provider-api /home/martin/.m2/repository/org/apache/maven/wagon/wagon-provider-api/3.5.3/wagon-provider-api-3.5.3.jar runtime=true resources=60] to QuarkusClassLoader Quarkus Base Runtime ClassLoader: TEST for JUnitQuarkusTest-space.maatini.eventsourcing.TestProfile (QuarkusTest)
22:00:21 DEBUG [io.qu.bo.cl.QuarkusClassLoader] Adding normal priority element io.quarkus.bootstrap.classloading.PathTreeClassPathElement[org.apache.maven.wagon:wagon-http-shared /home/martin/.m2/repository/org/apache/maven/wagon/wagon-http-shared/3.5.3/wagon-http-shared-3.5.3.jar runtime=true resources=28] to QuarkusClassLoader Quarkus Base Runtime ClassLoader: TEST for JUnitQuarkusTest-space.maatini.eventsourcing.TestProfile (QuarkusTest)
22:00:21 DEBUG [io.qu.bo.cl.QuarkusClassLoader] Adding normal priority element io.quarkus.bootstrap.classloading.PathTreeClassPathElement[org.codehaus.plexus:plexus-interpolation /home/martin/.m2/repository/org/codehaus/plexus/plexus-interpolation/1.26/plexus-interpolation-1.26.jar runtime=true resources=79] to QuarkusClassLoader Quarkus Base Runtime ClassLoader: TEST for JUnitQuarkusTest-space.maatini.eventsourcing.TestProfile (QuarkusTest)
22:00:21 DEBUG [io.qu.bo.cl.QuarkusClassLoader] Adding parent first element io.quarkus.bootstrap.classloading.PathTreeClassPathElement[org.codehaus.plexus:plexus-utils /home/martin/.m2/repository/org/codehaus/plexus/plexus-utils/3.5.1/plexus-utils-3.5.1.jar runtime=true resources=152] to QuarkusClassLoader Quarkus Base Runtime ClassLoader: TEST for JUnitQuarkusTest-space.maatini.eventsourcing.TestProfile (QuarkusTest)
22:00:21 DEBUG [io.qu.bo.cl.QuarkusClassLoader] Adding normal priority element io.quarkus.bootstrap.classloading.PathTreeClassPathElement[org.codehaus.plexus:plexus-utils /home/martin/.m2/repository/org/codehaus/plexus/plexus-utils/3.5.1/plexus-utils-3.5.1.jar runtime=true resources=152] to QuarkusClassLoader Quarkus Base Runtime ClassLoader: TEST for JUnitQuarkusTest-space.maatini.eventsourcing.TestProfile (QuarkusTest)
22:00:21 DEBUG [io.qu.bo.cl.QuarkusClassLoader] Adding normal priority element io.quarkus.bootstrap.classloading.PathTreeClassPathElement[org.codehaus.plexus:plexus-xml /home/martin/.m2/repository/org/codehaus/plexus/plexus-xml/4.0.2/plexus-xml-4.0.2.jar runtime=true resources=43] to QuarkusClassLoader Quarkus Base Runtime ClassLoader: TEST for JUnitQuarkusTest-space.maatini.eventsourcing.TestProfile (QuarkusTest)
22:00:21 DEBUG [io.qu.bo.cl.QuarkusClassLoader] Adding normal priority element io.quarkus.bootstrap.classloading.PathTreeClassPathElement[org.apache.maven:maven-xml-impl /home/martin/.m2/repository/org/apache/maven/maven-xml-impl/4.0.0-alpha-7/maven-xml-impl-4.0.0-alpha-7.jar runtime=true resources=21] to QuarkusClassLoader Quarkus Base Runtime ClassLoader: TEST for JUnitQuarkusTest-space.maatini.eventsourcing.TestProfile (QuarkusTest)
22:00:21 DEBUG [io.qu.bo.cl.QuarkusClassLoader] Adding normal priority element io.quarkus.bootstrap.classloading.PathTreeClassPathElement[org.apache.maven:maven-api-xml /home/martin/.m2/repository/org/apache/maven/maven-api-xml/4.0.0-alpha-7/maven-api-xml-4.0.0-alpha-7.jar runtime=true resources=16] to QuarkusClassLoader Quarkus Base Runtime ClassLoader: TEST for JUnitQuarkusTest-space.maatini.eventsourcing.TestProfile (QuarkusTest)
22:00:21 DEBUG [io.qu.bo.cl.QuarkusClassLoader] Adding normal priority element io.quarkus.bootstrap.classloading.PathTreeClassPathElement[org.apache.maven:maven-api-meta /home/martin/.m2/repository/org/apache/maven/maven-api-meta/4.0.0-alpha-7/maven-api-meta-4.0.0-alpha-7.jar runtime=true resources=25] to QuarkusClassLoader Quarkus Base Runtime ClassLoader: TEST for JUnitQuarkusTest-space.maatini.eventsourcing.TestProfile (QuarkusTest)
22:00:21 DEBUG [io.qu.bo.cl.QuarkusClassLoader] Adding normal priority element io.quarkus.bootstrap.classloading.PathTreeClassPathElement[org.codehaus.plexus:plexus-cipher /home/martin/.m2/repository/org/codehaus/plexus/plexus-cipher/2.0/plexus-cipher-2.0.jar runtime=true resources=19] to QuarkusClassLoader Quarkus Base Runtime ClassLoader: TEST for JUnitQuarkusTest-space.maatini.eventsourcing.TestProfile (QuarkusTest)
22:00:21 DEBUG [io.qu.bo.cl.QuarkusClassLoader] Adding normal priority element io.quarkus.bootstrap.classloading.PathTreeClassPathElement[org.codehaus.plexus:plexus-sec-dispatcher /home/martin/.m2/repository/org/codehaus/plexus/plexus-sec-dispatcher/2.0/plexus-sec-dispatcher-2.0.jar runtime=true resources=30] to QuarkusClassLoader Quarkus Base Runtime ClassLoader: TEST for JUnitQuarkusTest-space.maatini.eventsourcing.TestProfile (QuarkusTest)
22:00:21 DEBUG [io.qu.bo.cl.QuarkusClassLoader] Adding normal priority element io.quarkus.bootstrap.classloading.PathTreeClassPathElement[io.quarkus:quarkus-bootstrap-maven4-resolver /home/martin/.m2/repository/io/quarkus/quarkus-bootstrap-maven4-resolver/3.31.4/quarkus-bootstrap-maven4-resolver-3.31.4.jar runtime=true resources=16] to QuarkusClassLoader Quarkus Base Runtime ClassLoader: TEST for JUnitQuarkusTest-space.maatini.eventsourcing.TestProfile (QuarkusTest)
22:00:21 DEBUG [io.qu.bo.cl.QuarkusClassLoader] Adding normal priority element io.quarkus.bootstrap.classloading.PathTreeClassPathElement[org.apache.maven:maven-embedder /home/martin/.m2/repository/org/apache/maven/maven-embedder/3.9.12/maven-embedder-3.9.12.jar runtime=true resources=88] to QuarkusClassLoader Quarkus Base Runtime ClassLoader: TEST for JUnitQuarkusTest-space.maatini.eventsourcing.TestProfile (QuarkusTest)
22:00:21 DEBUG [io.qu.bo.cl.QuarkusClassLoader] Adding normal priority element io.quarkus.bootstrap.classloading.PathTreeClassPathElement[org.apache.maven:maven-core /home/martin/.m2/repository/org/apache/maven/maven-core/3.9.12/maven-core-3.9.12.jar runtime=true resources=530] to QuarkusClassLoader Quarkus Base Runtime ClassLoader: TEST for JUnitQuarkusTest-space.maatini.eventsourcing.TestProfile (QuarkusTest)
22:00:21 DEBUG [io.qu.bo.cl.QuarkusClassLoader] Adding normal priority element io.quarkus.bootstrap.classloading.PathTreeClassPathElement[org.codehaus.plexus:plexus-component-annotations /home/martin/.m2/repository/org/codehaus/plexus/plexus-component-annotations/2.1.0/plexus-component-annotations-2.1.0.jar runtime=true resources=15] to QuarkusClassLoader Quarkus Base Runtime ClassLoader: TEST for JUnitQuarkusTest-space.maatini.eventsourcing.TestProfile (QuarkusTest)
22:00:21 DEBUG [io.qu.bo.cl.QuarkusClassLoader] Adding normal priority element io.quarkus.bootstrap.classloading.PathTreeClassPathElement[org.apache.maven:maven-plugin-api /home/martin/.m2/repository/org/apache/maven/maven-plugin-api/3.9.12/maven-plugin-api-3.9.12.jar runtime=true resources=48] to QuarkusClassLoader Quarkus Base Runtime ClassLoader: TEST for JUnitQuarkusTest-space.maatini.eventsourcing.TestProfile (QuarkusTest)
22:00:21 DEBUG [io.qu.bo.cl.QuarkusClassLoader] Adding normal priority element io.quarkus.bootstrap.classloading.PathTreeClassPathElement[org.apache.maven.shared:maven-shared-utils /home/martin/.m2/repository/org/apache/maven/shared/maven-shared-utils/3.4.2/maven-shared-utils-3.4.2.jar runtime=true resources=103] to QuarkusClassLoader Quarkus Base Runtime ClassLoader: TEST for JUnitQuarkusTest-space.maatini.eventsourcing.TestProfile (QuarkusTest)
22:00:21 DEBUG [io.qu.bo.cl.QuarkusClassLoader] Adding normal priority element io.quarkus.bootstrap.classloading.PathTreeClassPathElement[com.google.inject:guice:classes /home/martin/.m2/repository/com/google/inject/guice/5.1.0/guice-5.1.0-classes.jar runtime=true resources=478] to QuarkusClassLoader Quarkus Base Runtime ClassLoader: TEST for JUnitQuarkusTest-space.maatini.eventsourcing.TestProfile (QuarkusTest)
22:00:21 DEBUG [io.qu.bo.cl.QuarkusClassLoader] Adding normal priority element io.quarkus.bootstrap.classloading.PathTreeClassPathElement[aopalliance:aopalliance /home/martin/.m2/repository/aopalliance/aopalliance/1.0/aopalliance-1.0.jar runtime=true resources=15] to QuarkusClassLoader Quarkus Base Runtime ClassLoader: TEST for JUnitQuarkusTest-space.maatini.eventsourcing.TestProfile (QuarkusTest)
22:00:21 DEBUG [io.qu.bo.cl.QuarkusClassLoader] Adding normal priority element io.quarkus.bootstrap.classloading.PathTreeClassPathElement[com.google.guava:guava /home/martin/.m2/repository/com/google/guava/guava/33.5.0-jre/guava-33.5.0-jre.jar runtime=true resources=2003] to QuarkusClassLoader Quarkus Base Runtime ClassLoader: TEST for JUnitQuarkusTest-space.maatini.eventsourcing.TestProfile (QuarkusTest)
22:00:21 DEBUG [io.qu.bo.cl.QuarkusClassLoader] Adding normal priority element io.quarkus.bootstrap.classloading.PathTreeClassPathElement[com.google.guava:failureaccess /home/martin/.m2/repository/com/google/guava/failureaccess/1.0.1/failureaccess-1.0.1.jar runtime=true resources=15] to QuarkusClassLoader Quarkus Base Runtime ClassLoader: TEST for JUnitQuarkusTest-space.maatini.eventsourcing.TestProfile (QuarkusTest)
22:00:21 DEBUG [io.qu.bo.cl.QuarkusClassLoader] Adding normal priority element io.quarkus.bootstrap.classloading.PathTreeClassPathElement[org.codehaus.plexus:plexus-classworlds /home/martin/.m2/repository/org/codehaus/plexus/plexus-classworlds/2.6.0/plexus-classworlds-2.6.0.jar runtime=true resources=52] to QuarkusClassLoader Quarkus Base Runtime ClassLoader: TEST for JUnitQuarkusTest-space.maatini.eventsourcing.TestProfile (QuarkusTest)
22:00:21 DEBUG [io.qu.bo.cl.QuarkusClassLoader] Adding normal priority element io.quarkus.bootstrap.classloading.PathTreeClassPathElement[commons-cli:commons-cli /home/martin/.m2/repository/commons-cli/commons-cli/1.11.0/commons-cli-1.11.0.jar runtime=true resources=74] to QuarkusClassLoader Quarkus Base Runtime ClassLoader: TEST for JUnitQuarkusTest-space.maatini.eventsourcing.TestProfile (QuarkusTest)
22:00:21 DEBUG [io.qu.bo.cl.QuarkusClassLoader] Adding normal priority element io.quarkus.bootstrap.classloading.PathTreeClassPathElement[org.eclipse.sisu:org.eclipse.sisu.plexus /home/martin/.m2/repository/org/eclipse/sisu/org.eclipse.sisu.plexus/0.9.0.M4/org.eclipse.sisu.plexus-0.9.0.M4.jar runtime=true resources=204] to QuarkusClassLoader Quarkus Base Runtime ClassLoader: TEST for JUnitQuarkusTest-space.maatini.eventsourcing.TestProfile (QuarkusTest)
22:00:21 DEBUG [io.qu.bo.cl.QuarkusClassLoader] Adding normal priority element io.quarkus.bootstrap.classloading.PathTreeClassPathElement[org.apache.maven:maven-settings-builder /home/martin/.m2/repository/org/apache/maven/maven-settings-builder/3.9.12/maven-settings-builder-3.9.12.jar runtime=true resources=53] to QuarkusClassLoader Quarkus Base Runtime ClassLoader: TEST for JUnitQuarkusTest-space.maatini.eventsourcing.TestProfile (QuarkusTest)
22:00:21 DEBUG [io.qu.bo.cl.QuarkusClassLoader] Adding normal priority element io.quarkus.bootstrap.classloading.PathTreeClassPathElement[org.apache.maven:maven-resolver-provider /home/martin/.m2/repository/org/apache/maven/maven-resolver-provider/3.9.12/maven-resolver-provider-3.9.12.jar runtime=true resources=50] to QuarkusClassLoader Quarkus Base Runtime ClassLoader: TEST for JUnitQuarkusTest-space.maatini.eventsourcing.TestProfile (QuarkusTest)
22:00:21 DEBUG [io.qu.bo.cl.QuarkusClassLoader] Adding normal priority element io.quarkus.bootstrap.classloading.PathTreeClassPathElement[org.apache.maven.resolver:maven-resolver-connector-basic /home/martin/.m2/repository/org/apache/maven/resolver/maven-resolver-connector-basic/1.9.25/maven-resolver-connector-basic-1.9.25.jar runtime=true resources=31] to QuarkusClassLoader Quarkus Base Runtime ClassLoader: TEST for JUnitQuarkusTest-space.maatini.eventsourcing.TestProfile (QuarkusTest)
22:00:21 DEBUG [io.qu.bo.cl.QuarkusClassLoader] Adding normal priority element io.quarkus.bootstrap.classloading.PathTreeClassPathElement[org.apache.maven.resolver:maven-resolver-transport-wagon /home/martin/.m2/repository/org/apache/maven/resolver/maven-resolver-transport-wagon/1.9.25/maven-resolver-transport-wagon-1.9.25.jar runtime=true resources=37] to QuarkusClassLoader Quarkus Base Runtime ClassLoader: TEST for JUnitQuarkusTest-space.maatini.eventsourcing.TestProfile (QuarkusTest)
22:00:21 DEBUG [io.qu.bo.cl.QuarkusClassLoader] Adding normal priority element io.quarkus.bootstrap.classloading.PathTreeClassPathElement[org.apache.maven.wagon:wagon-http /home/martin/.m2/repository/org/apache/maven/wagon/wagon-http/3.5.3/wagon-http-3.5.3.jar runtime=true resources=19] to QuarkusClassLoader Quarkus Base Runtime ClassLoader: TEST for JUnitQuarkusTest-space.maatini.eventsourcing.TestProfile (QuarkusTest)
22:00:21 DEBUG [io.qu.bo.cl.QuarkusClassLoader] Adding normal priority element io.quarkus.bootstrap.classloading.PathTreeClassPathElement[org.apache.maven.wagon:wagon-file /home/martin/.m2/repository/org/apache/maven/wagon/wagon-file/3.5.3/wagon-file-3.5.3.jar runtime=true resources=19] to QuarkusClassLoader Quarkus Base Runtime ClassLoader: TEST for JUnitQuarkusTest-space.maatini.eventsourcing.TestProfile (QuarkusTest)
22:00:21 DEBUG [io.qu.bo.cl.QuarkusClassLoader] Adding parent first element io.quarkus.bootstrap.classloading.PathTreeClassPathElement[io.quarkus:quarkus-bootstrap-gradle-resolver /home/martin/.m2/repository/io/quarkus/quarkus-bootstrap-gradle-resolver/3.31.4/quarkus-bootstrap-gradle-resolver-3.31.4.jar runtime=true resources=2347] to QuarkusClassLoader Quarkus Base Runtime ClassLoader: TEST for JUnitQuarkusTest-space.maatini.eventsourcing.TestProfile (QuarkusTest)
22:00:21 DEBUG [io.qu.bo.cl.QuarkusClassLoader] Adding normal priority element io.quarkus.bootstrap.classloading.PathTreeClassPathElement[io.quarkus:quarkus-bootstrap-gradle-resolver /home/martin/.m2/repository/io/quarkus/quarkus-bootstrap-gradle-resolver/3.31.4/quarkus-bootstrap-gradle-resolver-3.31.4.jar runtime=true resources=2347] to QuarkusClassLoader Quarkus Base Runtime ClassLoader: TEST for JUnitQuarkusTest-space.maatini.eventsourcing.TestProfile (QuarkusTest)
22:00:21 DEBUG [io.qu.bo.cl.QuarkusClassLoader] Adding normal priority element io.quarkus.bootstrap.classloading.PathTreeClassPathElement[commons-io:commons-io /home/martin/.m2/repository/commons-io/commons-io/2.21.0/commons-io-2.21.0.jar runtime=true resources=429] to QuarkusClassLoader Quarkus Base Runtime ClassLoader: TEST for JUnitQuarkusTest-space.maatini.eventsourcing.TestProfile (QuarkusTest)
22:00:21 DEBUG [io.qu.bo.cl.QuarkusClassLoader] Adding normal priority element io.quarkus.bootstrap.classloading.PathTreeClassPathElement[org.jboss.logging:commons-logging-jboss-logging /home/martin/.m2/repository/org/jboss/logging/commons-logging-jboss-logging/1.0.0.Final/commons-logging-jboss-logging-1.0.0.Final.jar runtime=true resources=24] to QuarkusClassLoader Quarkus Base Runtime ClassLoader: TEST for JUnitQuarkusTest-space.maatini.eventsourcing.TestProfile (QuarkusTest)
22:00:21 DEBUG [io.qu.bo.cl.QuarkusClassLoader] Adding normal priority element io.quarkus.bootstrap.classloading.PathTreeClassPathElement[io.quarkus:quarkus-junit-config /home/martin/.m2/repository/io/quarkus/quarkus-junit-config/3.31.4/quarkus-junit-config-3.31.4.jar runtime=true resources=25] to QuarkusClassLoader Quarkus Base Runtime ClassLoader: TEST for JUnitQuarkusTest-space.maatini.eventsourcing.TestProfile (QuarkusTest)
22:00:21 DEBUG [io.qu.bo.cl.QuarkusClassLoader] Adding parent first element io.quarkus.bootstrap.classloading.PathTreeClassPathElement[org.junit.jupiter:junit-jupiter-api /home/martin/.m2/repository/org/junit/jupiter/junit-jupiter-api/6.0.3/junit-jupiter-api-6.0.3.jar runtime=true resources=224] to QuarkusClassLoader Quarkus Base Runtime ClassLoader: TEST for JUnitQuarkusTest-space.maatini.eventsourcing.TestProfile (QuarkusTest)
22:00:21 DEBUG [io.qu.bo.cl.QuarkusClassLoader] Adding normal priority element io.quarkus.bootstrap.classloading.PathTreeClassPathElement[org.junit.jupiter:junit-jupiter-api /home/martin/.m2/repository/org/junit/jupiter/junit-jupiter-api/6.0.3/junit-jupiter-api-6.0.3.jar runtime=true resources=224] to QuarkusClassLoader Quarkus Base Runtime ClassLoader: TEST for JUnitQuarkusTest-space.maatini.eventsourcing.TestProfile (QuarkusTest)
22:00:21 DEBUG [io.qu.bo.cl.QuarkusClassLoader] Adding parent first element io.quarkus.bootstrap.classloading.PathTreeClassPathElement[org.opentest4j:opentest4j /home/martin/.m2/repository/org/opentest4j/opentest4j/1.3.0/opentest4j-1.3.0.jar runtime=true resources=15] to QuarkusClassLoader Quarkus Base Runtime ClassLoader: TEST for JUnitQuarkusTest-space.maatini.eventsourcing.TestProfile (QuarkusTest)
22:00:21 DEBUG [io.qu.bo.cl.QuarkusClassLoader] Adding normal priority element io.quarkus.bootstrap.classloading.PathTreeClassPathElement[org.opentest4j:opentest4j /home/martin/.m2/repository/org/opentest4j/opentest4j/1.3.0/opentest4j-1.3.0.jar runtime=true resources=15] to QuarkusClassLoader Quarkus Base Runtime ClassLoader: TEST for JUnitQuarkusTest-space.maatini.eventsourcing.TestProfile (QuarkusTest)
22:00:21 DEBUG [io.qu.bo.cl.QuarkusClassLoader] Adding parent first element io.quarkus.bootstrap.classloading.PathTreeClassPathElement[org.junit.platform:junit-platform-commons /home/martin/.m2/repository/org/junit/platform/junit-platform-commons/6.0.3/junit-platform-commons-6.0.3.jar runtime=true resources=103] to QuarkusClassLoader Quarkus Base Runtime ClassLoader: TEST for JUnitQuarkusTest-space.maatini.eventsourcing.TestProfile (QuarkusTest)
22:00:21 DEBUG [io.qu.bo.cl.QuarkusClassLoader] Adding normal priority element io.quarkus.bootstrap.classloading.PathTreeClassPathElement[org.junit.platform:junit-platform-commons /home/martin/.m2/repository/org/junit/platform/junit-platform-commons/6.0.3/junit-platform-commons-6.0.3.jar runtime=true resources=103] to QuarkusClassLoader Quarkus Base Runtime ClassLoader: TEST for JUnitQuarkusTest-space.maatini.eventsourcing.TestProfile (QuarkusTest)
22:00:21 DEBUG [io.qu.bo.cl.QuarkusClassLoader] Adding parent first element io.quarkus.bootstrap.classloading.PathTreeClassPathElement[org.apiguardian:apiguardian-api /home/martin/.m2/repository/org/apiguardian/apiguardian-api/1.1.2/apiguardian-api-1.1.2.jar runtime=true resources=9] to QuarkusClassLoader Quarkus Base Runtime ClassLoader: TEST for JUnitQuarkusTest-space.maatini.eventsourcing.TestProfile (QuarkusTest)
22:00:21 DEBUG [io.qu.bo.cl.QuarkusClassLoader] Adding normal priority element io.quarkus.bootstrap.classloading.PathTreeClassPathElement[org.apiguardian:apiguardian-api /home/martin/.m2/repository/org/apiguardian/apiguardian-api/1.1.2/apiguardian-api-1.1.2.jar runtime=true resources=9] to QuarkusClassLoader Quarkus Base Runtime ClassLoader: TEST for JUnitQuarkusTest-space.maatini.eventsourcing.TestProfile (QuarkusTest)
22:00:21 DEBUG [io.qu.bo.cl.QuarkusClassLoader] Adding normal priority element io.quarkus.bootstrap.classloading.PathTreeClassPathElement[org.junit.jupiter:junit-jupiter /home/martin/.m2/repository/org/junit/jupiter/junit-jupiter/6.0.3/junit-jupiter-6.0.3.jar runtime=true resources=5] to QuarkusClassLoader Quarkus Base Runtime ClassLoader: TEST for JUnitQuarkusTest-space.maatini.eventsourcing.TestProfile (QuarkusTest)
22:00:21 DEBUG [io.qu.bo.cl.QuarkusClassLoader] Adding parent first element io.quarkus.bootstrap.classloading.PathTreeClassPathElement[org.junit.jupiter:junit-jupiter-params /home/martin/.m2/repository/org/junit/jupiter/junit-jupiter-params/6.0.3/junit-jupiter-params-6.0.3.jar runtime=true resources=216] to QuarkusClassLoader Quarkus Base Runtime ClassLoader: TEST for JUnitQuarkusTest-space.maatini.eventsourcing.TestProfile (QuarkusTest)
22:00:21 DEBUG [io.qu.bo.cl.QuarkusClassLoader] Adding normal priority element io.quarkus.bootstrap.classloading.PathTreeClassPathElement[org.junit.jupiter:junit-jupiter-params /home/martin/.m2/repository/org/junit/jupiter/junit-jupiter-params/6.0.3/junit-jupiter-params-6.0.3.jar runtime=true resources=216] to QuarkusClassLoader Quarkus Base Runtime ClassLoader: TEST for JUnitQuarkusTest-space.maatini.eventsourcing.TestProfile (QuarkusTest)
22:00:21 DEBUG [io.qu.bo.cl.QuarkusClassLoader] Adding parent first element io.quarkus.bootstrap.classloading.PathTreeClassPathElement[org.junit.jupiter:junit-jupiter-engine /home/martin/.m2/repository/org/junit/jupiter/junit-jupiter-engine/6.0.3/junit-jupiter-engine-6.0.3.jar runtime=true resources=189] to QuarkusClassLoader Quarkus Base Runtime ClassLoader: TEST for JUnitQuarkusTest-space.maatini.eventsourcing.TestProfile (QuarkusTest)
22:00:21 DEBUG [io.qu.bo.cl.QuarkusClassLoader] Adding normal priority element io.quarkus.bootstrap.classloading.PathTreeClassPathElement[org.junit.jupiter:junit-jupiter-engine /home/martin/.m2/repository/org/junit/jupiter/junit-jupiter-engine/6.0.3/junit-jupiter-engine-6.0.3.jar runtime=true resources=189] to QuarkusClassLoader Quarkus Base Runtime ClassLoader: TEST for JUnitQuarkusTest-space.maatini.eventsourcing.TestProfile (QuarkusTest)
22:00:21 DEBUG [io.qu.bo.cl.QuarkusClassLoader] Adding parent first element io.quarkus.bootstrap.classloading.PathTreeClassPathElement[org.junit.platform:junit-platform-engine /home/martin/.m2/repository/org/junit/platform/junit-platform-engine/6.0.3/junit-platform-engine-6.0.3.jar runtime=true resources=195] to QuarkusClassLoader Quarkus Base Runtime ClassLoader: TEST for JUnitQuarkusTest-space.maatini.eventsourcing.TestProfile (QuarkusTest)
22:00:21 DEBUG [io.qu.bo.cl.QuarkusClassLoader] Adding normal priority element io.quarkus.bootstrap.classloading.PathTreeClassPathElement[org.junit.platform:junit-platform-engine /home/martin/.m2/repository/org/junit/platform/junit-platform-engine/6.0.3/junit-platform-engine-6.0.3.jar runtime=true resources=195] to QuarkusClassLoader Quarkus Base Runtime ClassLoader: TEST for JUnitQuarkusTest-space.maatini.eventsourcing.TestProfile (QuarkusTest)
22:00:21 DEBUG [io.qu.bo.cl.QuarkusClassLoader] Adding normal priority element io.quarkus.bootstrap.classloading.PathTreeClassPathElement[io.quarkus:quarkus-test-security /home/martin/.m2/repository/io/quarkus/quarkus-test-security/3.31.4/quarkus-test-security-3.31.4.jar runtime=true resources=38] to QuarkusClassLoader Quarkus Base Runtime ClassLoader: TEST for JUnitQuarkusTest-space.maatini.eventsourcing.TestProfile (QuarkusTest)
22:00:21 DEBUG [io.qu.bo.cl.QuarkusClassLoader] Adding normal priority element io.quarkus.bootstrap.classloading.PathTreeClassPathElement[io.quarkus:quarkus-security /home/martin/.m2/repository/io/quarkus/quarkus-security/3.31.4/quarkus-security-3.31.4.jar runtime=true resources=117] to QuarkusClassLoader Quarkus Base Runtime ClassLoader: TEST for JUnitQuarkusTest-space.maatini.eventsourcing.TestProfile (QuarkusTest)
22:00:21 DEBUG [io.qu.bo.cl.QuarkusClassLoader] Adding normal priority element io.quarkus.bootstrap.classloading.PathTreeClassPathElement[jakarta.interceptor:jakarta.interceptor-api /home/martin/.m2/repository/jakarta/interceptor/jakarta.interceptor-api/2.2.0/jakarta.interceptor-api-2.2.0.jar runtime=true resources=23] to QuarkusClassLoader Quarkus Base Runtime ClassLoader: TEST for JUnitQuarkusTest-space.maatini.eventsourcing.TestProfile (QuarkusTest)
22:00:21 DEBUG [io.qu.bo.cl.QuarkusClassLoader] Adding normal priority element io.quarkus.bootstrap.classloading.PathTreeClassPathElement[io.rest-assured:rest-assured /home/martin/.m2/repository/io/rest-assured/rest-assured/5.5.6/rest-assured-5.5.6.jar runtime=true resources=382] to QuarkusClassLoader Quarkus Base Runtime ClassLoader: TEST for JUnitQuarkusTest-space.maatini.eventsourcing.TestProfile (QuarkusTest)
22:00:21 DEBUG [io.qu.bo.cl.QuarkusClassLoader] Adding normal priority element io.quarkus.bootstrap.classloading.PathTreeClassPathElement[org.apache.groovy:groovy /home/martin/.m2/repository/org/apache/groovy/groovy/4.0.22/groovy-4.0.22.jar runtime=true resources=4733] to QuarkusClassLoader Quarkus Base Runtime ClassLoader: TEST for JUnitQuarkusTest-space.maatini.eventsourcing.TestProfile (QuarkusTest)
22:00:21 DEBUG [io.qu.bo.cl.QuarkusClassLoader] Adding normal priority element io.quarkus.bootstrap.classloading.PathTreeClassPathElement[org.apache.groovy:groovy-xml /home/martin/.m2/repository/org/apache/groovy/groovy-xml/4.0.22/groovy-xml-4.0.22.jar runtime=true resources=149] to QuarkusClassLoader Quarkus Base Runtime ClassLoader: TEST for JUnitQuarkusTest-space.maatini.eventsourcing.TestProfile (QuarkusTest)
22:00:21 DEBUG [io.qu.bo.cl.QuarkusClassLoader] Adding normal priority element io.quarkus.bootstrap.classloading.PathTreeClassPathElement[org.apache.httpcomponents:httpclient /home/martin/.m2/repository/org/apache/httpcomponents/httpclient/4.5.14/httpclient-4.5.14.jar runtime=true resources=511] to QuarkusClassLoader Quarkus Base Runtime ClassLoader: TEST for JUnitQuarkusTest-space.maatini.eventsourcing.TestProfile (QuarkusTest)
22:00:21 DEBUG [io.qu.bo.cl.QuarkusClassLoader] Adding normal priority element io.quarkus.bootstrap.classloading.PathTreeClassPathElement[org.apache.httpcomponents:httpcore /home/martin/.m2/repository/org/apache/httpcomponents/httpcore/4.4.16/httpcore-4.4.16.jar runtime=true resources=283] to QuarkusClassLoader Quarkus Base Runtime ClassLoader: TEST for JUnitQuarkusTest-space.maatini.eventsourcing.TestProfile (QuarkusTest)
22:00:21 DEBUG [io.qu.bo.cl.QuarkusClassLoader] Adding normal priority element io.quarkus.bootstrap.classloading.PathTreeClassPathElement[commons-codec:commons-codec /home/martin/.m2/repository/commons-codec/commons-codec/1.20.0/commons-codec-1.20.0.jar runtime=true resources=286] to QuarkusClassLoader Quarkus Base Runtime ClassLoader: TEST for JUnitQuarkusTest-space.maatini.eventsourcing.TestProfile (QuarkusTest)
22:00:21 DEBUG [io.qu.bo.cl.QuarkusClassLoader] Adding normal priority element io.quarkus.bootstrap.classloading.PathTreeClassPathElement[org.apache.httpcomponents:httpmime /home/martin/.m2/repository/org/apache/httpcomponents/httpmime/4.5.14/httpmime-4.5.14.jar runtime=true resources=40] to QuarkusClassLoader Quarkus Base Runtime ClassLoader: TEST for JUnitQuarkusTest-space.maatini.eventsourcing.TestProfile (QuarkusTest)
22:00:21 DEBUG [io.qu.bo.cl.QuarkusClassLoader] Adding normal priority element io.quarkus.bootstrap.classloading.PathTreeClassPathElement[org.hamcrest:hamcrest /home/martin/.m2/repository/org/hamcrest/hamcrest/2.2/hamcrest-2.2.jar runtime=true resources=122] to QuarkusClassLoader Quarkus Base Runtime ClassLoader: TEST for JUnitQuarkusTest-space.maatini.eventsourcing.TestProfile (QuarkusTest)
22:00:21 DEBUG [io.qu.bo.cl.QuarkusClassLoader] Adding normal priority element io.quarkus.bootstrap.classloading.PathTreeClassPathElement[org.ccil.cowan.tagsoup:tagsoup /home/martin/.m2/repository/org/ccil/cowan/tagsoup/tagsoup/1.2.1/tagsoup-1.2.1.jar runtime=true resources=29] to QuarkusClassLoader Quarkus Base Runtime ClassLoader: TEST for JUnitQuarkusTest-space.maatini.eventsourcing.TestProfile (QuarkusTest)
22:00:21 DEBUG [io.qu.bo.cl.QuarkusClassLoader] Adding normal priority element io.quarkus.bootstrap.classloading.PathTreeClassPathElement[io.rest-assured:json-path /home/martin/.m2/repository/io/rest-assured/json-path/5.5.6/json-path-5.5.6.jar runtime=true resources=61] to QuarkusClassLoader Quarkus Base Runtime ClassLoader: TEST for JUnitQuarkusTest-space.maatini.eventsourcing.TestProfile (QuarkusTest)
22:00:21 DEBUG [io.qu.bo.cl.QuarkusClassLoader] Adding normal priority element io.quarkus.bootstrap.classloading.PathTreeClassPathElement[org.apache.groovy:groovy-json /home/martin/.m2/repository/org/apache/groovy/groovy-json/4.0.22/groovy-json-4.0.22.jar runtime=true resources=79] to QuarkusClassLoader Quarkus Base Runtime ClassLoader: TEST for JUnitQuarkusTest-space.maatini.eventsourcing.TestProfile (QuarkusTest)
22:00:21 DEBUG [io.qu.bo.cl.QuarkusClassLoader] Adding normal priority element io.quarkus.bootstrap.classloading.PathTreeClassPathElement[io.rest-assured:rest-assured-common /home/martin/.m2/repository/io/rest-assured/rest-assured-common/5.5.6/rest-assured-common-5.5.6.jar runtime=true resources=42] to QuarkusClassLoader Quarkus Base Runtime ClassLoader: TEST for JUnitQuarkusTest-space.maatini.eventsourcing.TestProfile (QuarkusTest)
22:00:21 DEBUG [io.qu.bo.cl.QuarkusClassLoader] Adding normal priority element io.quarkus.bootstrap.classloading.PathTreeClassPathElement[io.rest-assured:xml-path /home/martin/.m2/repository/io/rest-assured/xml-path/5.5.6/xml-path-5.5.6.jar runtime=true resources=61] to QuarkusClassLoader Quarkus Base Runtime ClassLoader: TEST for JUnitQuarkusTest-space.maatini.eventsourcing.TestProfile (QuarkusTest)
22:00:21 DEBUG [io.qu.bo.cl.QuarkusClassLoader] Adding normal priority element io.quarkus.bootstrap.classloading.PathTreeClassPathElement[org.apache.commons:commons-lang3 /home/martin/.m2/repository/org/apache/commons/commons-lang3/3.20.0/commons-lang3-3.20.0.jar runtime=true resources=455] to QuarkusClassLoader Quarkus Base Runtime ClassLoader: TEST for JUnitQuarkusTest-space.maatini.eventsourcing.TestProfile (QuarkusTest)
22:00:21 DEBUG [io.qu.bo.cl.QuarkusClassLoader] Adding normal priority element io.quarkus.bootstrap.classloading.PathTreeClassPathElement[io.quarkus:quarkus-jacoco /home/martin/.m2/repository/io/quarkus/quarkus-jacoco/3.31.4/quarkus-jacoco-3.31.4.jar runtime=true resources=28] to QuarkusClassLoader Quarkus Base Runtime ClassLoader: TEST for JUnitQuarkusTest-space.maatini.eventsourcing.TestProfile (QuarkusTest)
22:00:21 DEBUG [io.qu.bo.cl.QuarkusClassLoader] Adding parent first element io.quarkus.bootstrap.classloading.PathTreeClassPathElement[org.jacoco:org.jacoco.core /home/martin/.m2/repository/org/jacoco/org.jacoco.core/0.8.14/org.jacoco.core-0.8.14.jar runtime=true resources=230] to QuarkusClassLoader Quarkus Base Runtime ClassLoader: TEST for JUnitQuarkusTest-space.maatini.eventsourcing.TestProfile (QuarkusTest)
22:00:21 DEBUG [io.qu.bo.cl.QuarkusClassLoader] Adding normal priority element io.quarkus.bootstrap.classloading.PathTreeClassPathElement[org.jacoco:org.jacoco.core /home/martin/.m2/repository/org/jacoco/org.jacoco.core/0.8.14/org.jacoco.core-0.8.14.jar runtime=true resources=230] to QuarkusClassLoader Quarkus Base Runtime ClassLoader: TEST for JUnitQuarkusTest-space.maatini.eventsourcing.TestProfile (QuarkusTest)
22:00:21 DEBUG [io.qu.bo.cl.QuarkusClassLoader] Adding normal priority element io.quarkus.bootstrap.classloading.PathTreeClassPathElement[org.ow2.asm:asm-tree /home/martin/.m2/repository/org/ow2/asm/asm-tree/9.9.1/asm-tree-9.9.1.jar runtime=true resources=45] to QuarkusClassLoader Quarkus Base Runtime ClassLoader: TEST for JUnitQuarkusTest-space.maatini.eventsourcing.TestProfile (QuarkusTest)
22:00:21 DEBUG [io.qu.bo.cl.QuarkusClassLoader] Adding parent first element io.quarkus.bootstrap.classloading.PathTreeClassPathElement[org.jacoco:org.jacoco.report /home/martin/.m2/repository/org/jacoco/org.jacoco.report/0.8.14/org.jacoco.report-0.8.14.jar runtime=true resources=127] to QuarkusClassLoader Quarkus Base Runtime ClassLoader: TEST for JUnitQuarkusTest-space.maatini.eventsourcing.TestProfile (QuarkusTest)
22:00:21 DEBUG [io.qu.bo.cl.QuarkusClassLoader] Adding normal priority element io.quarkus.bootstrap.classloading.PathTreeClassPathElement[org.jacoco:org.jacoco.report /home/martin/.m2/repository/org/jacoco/org.jacoco.report/0.8.14/org.jacoco.report-0.8.14.jar runtime=true resources=127] to QuarkusClassLoader Quarkus Base Runtime ClassLoader: TEST for JUnitQuarkusTest-space.maatini.eventsourcing.TestProfile (QuarkusTest)
22:00:21 DEBUG [io.qu.bo.cl.QuarkusClassLoader] Adding parent first element io.quarkus.bootstrap.classloading.PathTreeClassPathElement[org.jacoco:org.jacoco.agent /home/martin/.m2/repository/org/jacoco/org.jacoco.agent/0.8.14/org.jacoco.agent-0.8.14.jar runtime=true resources=14] to QuarkusClassLoader Quarkus Base Runtime ClassLoader: TEST for JUnitQuarkusTest-space.maatini.eventsourcing.TestProfile (QuarkusTest)
22:00:21 DEBUG [io.qu.bo.cl.QuarkusClassLoader] Adding normal priority element io.quarkus.bootstrap.classloading.PathTreeClassPathElement[org.jacoco:org.jacoco.agent /home/martin/.m2/repository/org/jacoco/org.jacoco.agent/0.8.14/org.jacoco.agent-0.8.14.jar runtime=true resources=14] to QuarkusClassLoader Quarkus Base Runtime ClassLoader: TEST for JUnitQuarkusTest-space.maatini.eventsourcing.TestProfile (QuarkusTest)
22:00:21 DEBUG [io.qu.bo.cl.QuarkusClassLoader] Adding parent first element io.quarkus.bootstrap.classloading.PathTreeClassPathElement[org.jacoco:org.jacoco.agent:runtime /home/martin/.m2/repository/org/jacoco/org.jacoco.agent/0.8.14/org.jacoco.agent-0.8.14-runtime.jar runtime=true resources=207] to QuarkusClassLoader Quarkus Base Runtime ClassLoader: TEST for JUnitQuarkusTest-space.maatini.eventsourcing.TestProfile (QuarkusTest)
22:00:21 DEBUG [io.qu.bo.cl.QuarkusClassLoader] Adding normal priority element io.quarkus.bootstrap.classloading.PathTreeClassPathElement[org.jacoco:org.jacoco.agent:runtime /home/martin/.m2/repository/org/jacoco/org.jacoco.agent/0.8.14/org.jacoco.agent-0.8.14-runtime.jar runtime=true resources=207] to QuarkusClassLoader Quarkus Base Runtime ClassLoader: TEST for JUnitQuarkusTest-space.maatini.eventsourcing.TestProfile (QuarkusTest)
22:00:21 DEBUG [io.qu.bo.cl.QuarkusClassLoader] Adding normal priority element io.quarkus.bootstrap.classloading.PathTreeClassPathElement[org.ow2.asm:asm-commons /home/martin/.m2/repository/org/ow2/asm/asm-commons/9.9.1/asm-commons-9.9.1.jar runtime=true resources=34] to QuarkusClassLoader Quarkus Base Runtime ClassLoader: TEST for JUnitQuarkusTest-space.maatini.eventsourcing.TestProfile (QuarkusTest)
22:00:21 DEBUG [io.qu.bo.cl.Qu.lifecycle] Creating class loader QuarkusClassLoader:Quarkus Base Runtime ClassLoader: TEST for JUnitQuarkusTest-space.maatini.eventsourcing.TestProfile (QuarkusTest)@2c444798: java.lang.RuntimeException: Created to log a stacktrace
	at io.quarkus.bootstrap.classloading.QuarkusClassLoader.<init>(QuarkusClassLoader.java:206)
	at io.quarkus.bootstrap.classloading.QuarkusClassLoader$Builder.build(QuarkusClassLoader.java:990)
	at io.quarkus.bootstrap.app.CuratedApplication.getOrCreateBaseRuntimeClassLoader(CuratedApplication.java:335)
	at io.quarkus.test.junit.AppMakerHelper.prepare(AppMakerHelper.java:72)
	at io.quarkus.test.junit.AppMakerHelper.getStartupAction(AppMakerHelper.java:245)
	at io.quarkus.test.junit.classloading.FacadeClassLoader.getOrCreateRuntimeClassLoader(FacadeClassLoader.java:599)
	at io.quarkus.test.junit.classloading.FacadeClassLoader.getQuarkusClassLoader(FacadeClassLoader.java:496)
	at io.quarkus.test.junit.classloading.FacadeClassLoader.loadClass(FacadeClassLoader.java:378)
	at java.base/java.lang.Class.forName0(Native Method)
	at java.base/java.lang.Class.forName(Class.java:534)
	at java.base/java.lang.Class.forName(Class.java:513)
	at org.junit.platform.commons.util.ReflectionUtils.lambda$tryToLoadClass$0(ReflectionUtils.java:771)
	at org.junit.platform.commons.function.Try.lambda$call$0(Try.java:61)
	at org.junit.platform.commons.function.Try.of(Try.java:98)
	at org.junit.platform.commons.function.Try.call(Try.java:61)
	at org.junit.platform.commons.util.ReflectionUtils.tryToLoadClass(ReflectionUtils.java:758)
	at org.junit.platform.commons.util.ReflectionUtils.tryToLoadClass(ReflectionUtils.java:714)
	at org.junit.platform.commons.support.ReflectionSupport.tryToLoadClass(ReflectionSupport.java:78)
	at org.junit.platform.engine.discovery.ClassSelector.getJavaClass(ClassSelector.java:97)
	at org.junit.jupiter.engine.discovery.ClassSelectorResolver.resolve(ClassSelectorResolver.java:86)
	at org.junit.platform.engine.support.discovery.EngineDiscoveryRequestResolution.lambda$resolve$0(EngineDiscoveryRequestResolution.java:137)
	at java.base/java.util.stream.ReferencePipeline$3$1.accept(ReferencePipeline.java:197)
	at java.base/java.util.ArrayList$ArrayListSpliterator.tryAdvance(ArrayList.java:1685)
	at java.base/java.util.stream.ReferencePipeline.forEachWithCancel(ReferencePipeline.java:129)
	at java.base/java.util.stream.AbstractPipeline.copyIntoWithCancel(AbstractPipeline.java:527)
	at java.base/java.util.stream.AbstractPipeline.copyInto(AbstractPipeline.java:513)
	at java.base/java.util.stream.AbstractPipeline.wrapAndCopyInto(AbstractPipeline.java:499)
	at java.base/java.util.stream.FindOps$FindOp.evaluateSequential(FindOps.java:150)
	at java.base/java.util.stream.AbstractPipeline.evaluate(AbstractPipeline.java:234)
	at java.base/java.util.stream.ReferencePipeline.findFirst(ReferencePipeline.java:647)
	at org.junit.platform.engine.support.discovery.EngineDiscoveryRequestResolution.resolve(EngineDiscoveryRequestResolution.java:191)
	at org.junit.platform.engine.support.discovery.EngineDiscoveryRequestResolution.resolve(EngineDiscoveryRequestResolution.java:128)
	at org.junit.platform.engine.support.discovery.EngineDiscoveryRequestResolution.resolveCompletely(EngineDiscoveryRequestResolution.java:94)
	at org.junit.platform.engine.support.discovery.EngineDiscoveryRequestResolution.run(EngineDiscoveryRequestResolution.java:85)
	at org.junit.platform.engine.support.discovery.EngineDiscoveryRequestResolver.resolve(EngineDiscoveryRequestResolver.java:150)
	at org.junit.jupiter.engine.discovery.DiscoverySelectorResolver.resolveSelectors(DiscoverySelectorResolver.java:62)
	at org.junit.jupiter.engine.JupiterTestEngine.discover(JupiterTestEngine.java:74)
	at org.junit.platform.launcher.core.EngineDiscoveryOrchestrator.discoverEngineRoot(EngineDiscoveryOrchestrator.java:195)
	at org.junit.platform.launcher.core.EngineDiscoveryOrchestrator.discoverSafely(EngineDiscoveryOrchestrator.java:174)
	at org.junit.platform.launcher.core.EngineDiscoveryOrchestrator.discover(EngineDiscoveryOrchestrator.java:119)
	at org.junit.platform.launcher.core.EngineDiscoveryOrchestrator.discover(EngineDiscoveryOrchestrator.java:84)
	at org.junit.platform.launcher.core.DefaultLauncher.discover(DefaultLauncher.java:119)
	at org.junit.platform.launcher.core.DefaultLauncher.discover(DefaultLauncher.java:85)
	at org.junit.platform.launcher.core.DelegatingLauncher.discover(DelegatingLauncher.java:43)
	at org.junit.platform.launcher.core.InterceptingLauncher.lambda$discover$0(InterceptingLauncher.java:35)
	at org.junit.platform.launcher.core.ClasspathAlignmentCheckingLauncherInterceptor.intercept(ClasspathAlignmentCheckingLauncherInterceptor.java:25)
	at org.junit.platform.launcher.core.InterceptingLauncher.discover(InterceptingLauncher.java:35)
	at org.junit.platform.launcher.core.DelegatingLauncher.discover(DelegatingLauncher.java:43)
	at org.apache.maven.surefire.junitplatform.LazyLauncher.discover(LazyLauncher.java:50)
	at org.apache.maven.surefire.junitplatform.TestPlanScannerFilter.accept(TestPlanScannerFilter.java:52)
	at org.apache.maven.surefire.api.util.DefaultScanResult.applyFilter(DefaultScanResult.java:87)
	at org.apache.maven.surefire.junitplatform.JUnitPlatformProvider.scanClasspath(JUnitPlatformProvider.java:142)
	at org.apache.maven.surefire.junitplatform.JUnitPlatformProvider.invoke(JUnitPlatformProvider.java:122)
	at org.apache.maven.surefire.booter.ForkedBooter.runSuitesInProcess(ForkedBooter.java:385)
	at org.apache.maven.surefire.booter.ForkedBooter.execute(ForkedBooter.java:162)
	at org.apache.maven.surefire.booter.ForkedBooter.run(ForkedBooter.java:507)
	at org.apache.maven.surefire.booter.ForkedBooter.main(ForkedBooter.java:495)

22:00:21 DEBUG [io.qu.bo.cl.QuarkusClassLoader] Adding normal priority element io.quarkus.bootstrap.classloading.PathTreeClassPathElement[io.quarkus:quarkus-arc /home/martin/.m2/repository/io/quarkus/quarkus-arc/3.31.4/quarkus-arc-3.31.4.jar runtime=true resources=85] to QuarkusClassLoader Augmentation Class Loader: TEST for JUnitQuarkusTest-space.maatini.eventsourcing.TestProfile (QuarkusTest)
22:00:21 DEBUG [io.qu.bo.cl.QuarkusClassLoader] Adding normal priority element io.quarkus.bootstrap.classloading.PathTreeClassPathElement[io.quarkus.arc:arc /home/martin/.m2/repository/io/quarkus/arc/arc/3.31.4/arc-3.31.4.jar runtime=true resources=217] to QuarkusClassLoader Augmentation Class Loader: TEST for JUnitQuarkusTest-space.maatini.eventsourcing.TestProfile (QuarkusTest)
22:00:21 DEBUG [io.qu.bo.cl.QuarkusClassLoader] Adding normal priority element io.quarkus.bootstrap.classloading.PathTreeClassPathElement[jakarta.enterprise:jakarta.enterprise.cdi-api /home/martin/.m2/repository/jakarta/enterprise/jakarta.enterprise.cdi-api/4.1.0/jakarta.enterprise.cdi-api-4.1.0.jar runtime=true resources=227] to QuarkusClassLoader Augmentation Class Loader: TEST for JUnitQuarkusTest-space.maatini.eventsourcing.TestProfile (QuarkusTest)
22:00:21 DEBUG [io.qu.bo.cl.QuarkusClassLoader] Adding normal priority element io.quarkus.bootstrap.classloading.PathTreeClassPathElement[jakarta.enterprise:jakarta.enterprise.lang-model /home/martin/.m2/repository/jakarta/enterprise/jakarta.enterprise.lang-model/4.1.0/jakarta.enterprise.lang-model-4.1.0.jar runtime=true resources=41] to QuarkusClassLoader Augmentation Class Loader: TEST for JUnitQuarkusTest-space.maatini.eventsourcing.TestProfile (QuarkusTest)
22:00:21 DEBUG [io.qu.bo.cl.QuarkusClassLoader] Adding normal priority element io.quarkus.bootstrap.classloading.PathTreeClassPathElement[jakarta.annotation:jakarta.annotation-api /home/martin/.m2/repository/jakarta/annotation/jakarta.annotation-api/3.0.0/jakarta.annotation-api-3.0.0.jar runtime=true resources=32] to QuarkusClassLoader Augmentation Class Loader: TEST for JUnitQuarkusTest-space.maatini.eventsourcing.TestProfile (QuarkusTest)
22:00:21 DEBUG [io.qu.bo.cl.QuarkusClassLoader] Adding normal priority element io.quarkus.bootstrap.classloading.PathTreeClassPathElement[jakarta.transaction:jakarta.transaction-api /home/martin/.m2/repository/jakarta/transaction/jakarta.transaction-api/2.0.1/jakarta.transaction-api-2.0.1.jar runtime=true resources=32] to QuarkusClassLoader Augmentation Class Loader: TEST for JUnitQuarkusTest-space.maatini.eventsourcing.TestProfile (QuarkusTest)
22:00:21 DEBUG [io.qu.bo.cl.QuarkusClassLoader] Adding normal priority element io.quarkus.bootstrap.classloading.PathTreeClassPathElement[io.smallrye.reactive:mutiny /home/martin/.m2/repository/io/smallrye/reactive/mutiny/3.1.1/mutiny-3.1.1.jar runtime=true resources=568] to QuarkusClassLoader Augmentation Class Loader: TEST for JUnitQuarkusTest-space.maatini.eventsourcing.TestProfile (QuarkusTest)
22:00:21 DEBUG [io.qu.bo.cl.QuarkusClassLoader] Adding normal priority element io.quarkus.bootstrap.classloading.PathTreeClassPathElement[org.jctools:jctools-core /home/martin/.m2/repository/org/jctools/jctools-core/4.0.5/jctools-core-4.0.5.jar runtime=true resources=368] to QuarkusClassLoader Augmentation Class Loader: TEST for JUnitQuarkusTest-space.maatini.eventsourcing.TestProfile (QuarkusTest)
22:00:21 DEBUG [io.qu.bo.cl.QuarkusClassLoader] Adding parent first element io.quarkus.bootstrap.classloading.PathTreeClassPathElement[org.jboss.logging:jboss-logging /home/martin/.m2/repository/org/jboss/logging/jboss-logging/3.6.2.Final/jboss-logging-3.6.2.Final.jar runtime=true resources=46] to QuarkusClassLoader Augmentation Class Loader: TEST for JUnitQuarkusTest-space.maatini.eventsourcing.TestProfile (QuarkusTest)
22:00:21 DEBUG [io.qu.bo.cl.QuarkusClassLoader] Adding normal priority element io.quarkus.bootstrap.classloading.PathTreeClassPathElement[org.jboss.logging:jboss-logging /home/martin/.m2/repository/org/jboss/logging/jboss-logging/3.6.2.Final/jboss-logging-3.6.2.Final.jar runtime=true resources=46] to QuarkusClassLoader Augmentation Class Loader: TEST for JUnitQuarkusTest-space.maatini.eventsourcing.TestProfile (QuarkusTest)
22:00:21 DEBUG [io.qu.bo.cl.QuarkusClassLoader] Adding normal priority element io.quarkus.bootstrap.classloading.PathTreeClassPathElement[io.quarkus:quarkus-core /home/martin/.m2/repository/io/quarkus/quarkus-core/3.31.4/quarkus-core-3.31.4.jar runtime=true resources=355] to QuarkusClassLoader Augmentation Class Loader: TEST for JUnitQuarkusTest-space.maatini.eventsourcing.TestProfile (QuarkusTest)
22:00:21 DEBUG [io.qu.bo.cl.QuarkusClassLoader] Adding normal priority element io.quarkus.bootstrap.classloading.PathTreeClassPathElement[jakarta.inject:jakarta.inject-api /home/martin/.m2/repository/jakarta/inject/jakarta.inject-api/2.0.1/jakarta.inject-api-2.0.1.jar runtime=true resources=18] to QuarkusClassLoader Augmentation Class Loader: TEST for JUnitQuarkusTest-space.maatini.eventsourcing.TestProfile (QuarkusTest)
22:00:21 DEBUG [io.qu.bo.cl.QuarkusClassLoader] Adding parent first element io.quarkus.bootstrap.classloading.PathTreeClassPathElement[io.smallrye.common:smallrye-common-os /home/martin/.m2/repository/io/smallrye/common/smallrye-common-os/2.15.0/smallrye-common-os-2.15.0.jar runtime=true resources=20] to QuarkusClassLoader Augmentation Class Loader: TEST for JUnitQuarkusTest-space.maatini.eventsourcing.TestProfile (QuarkusTest)
22:00:21 DEBUG [io.qu.bo.cl.QuarkusClassLoader] Adding normal priority element io.quarkus.bootstrap.classloading.PathTreeClassPathElement[io.smallrye.common:smallrye-common-os /home/martin/.m2/repository/io/smallrye/common/smallrye-common-os/2.15.0/smallrye-common-os-2.15.0.jar runtime=true resources=20] to QuarkusClassLoader Augmentation Class Loader: TEST for JUnitQuarkusTest-space.maatini.eventsourcing.TestProfile (QuarkusTest)
22:00:21 DEBUG [io.qu.bo.cl.QuarkusClassLoader] Adding parent first element io.quarkus.bootstrap.classloading.PathTreeClassPathElement[io.quarkus:quarkus-development-mode-spi /home/martin/.m2/repository/io/quarkus/quarkus-development-mode-spi/3.31.4/quarkus-development-mode-spi-3.31.4.jar runtime=true resources=62] to QuarkusClassLoader Augmentation Class Loader: TEST for JUnitQuarkusTest-space.maatini.eventsourcing.TestProfile (QuarkusTest)
22:00:21 DEBUG [io.qu.bo.cl.QuarkusClassLoader] Adding normal priority element io.quarkus.bootstrap.classloading.PathTreeClassPathElement[io.quarkus:quarkus-development-mode-spi /home/martin/.m2/repository/io/quarkus/quarkus-development-mode-spi/3.31.4/quarkus-development-mode-spi-3.31.4.jar runtime=true resources=62] to QuarkusClassLoader Augmentation Class Loader: TEST for JUnitQuarkusTest-space.maatini.eventsourcing.TestProfile (QuarkusTest)
22:00:21 DEBUG [io.qu.bo.cl.QuarkusClassLoader] Adding normal priority element io.quarkus.bootstrap.classloading.PathTreeClassPathElement[io.smallrye.config:smallrye-config /home/martin/.m2/repository/io/smallrye/config/smallrye-config/3.15.1/smallrye-config-3.15.1.jar runtime=true resources=29] to QuarkusClassLoader Augmentation Class Loader: TEST for JUnitQuarkusTest-space.maatini.eventsourcing.TestProfile (QuarkusTest)
22:00:21 DEBUG [io.qu.bo.cl.QuarkusClassLoader] Adding normal priority element io.quarkus.bootstrap.classloading.PathTreeClassPathElement[io.smallrye.config:smallrye-config-core /home/martin/.m2/repository/io/smallrye/config/smallrye-config-core/3.15.1/smallrye-config-core-3.15.1.jar runtime=true resources=269] to QuarkusClassLoader Augmentation Class Loader: TEST for JUnitQuarkusTest-space.maatini.eventsourcing.TestProfile (QuarkusTest)
22:00:21 DEBUG [io.qu.bo.cl.QuarkusClassLoader] Adding normal priority element io.quarkus.bootstrap.classloading.PathTreeClassPathElement[io.smallrye.config:smallrye-config-common /home/martin/.m2/repository/io/smallrye/config/smallrye-config-common/3.15.1/smallrye-config-common-3.15.1.jar runtime=true resources=20] to QuarkusClassLoader Augmentation Class Loader: TEST for JUnitQuarkusTest-space.maatini.eventsourcing.TestProfile (QuarkusTest)
22:00:21 DEBUG [io.qu.bo.cl.QuarkusClassLoader] Adding parent first element io.quarkus.bootstrap.classloading.PathTreeClassPathElement[org.jboss.logmanager:jboss-logmanager /home/martin/.m2/repository/org/jboss/logmanager/jboss-logmanager/3.2.1.Final/jboss-logmanager-3.2.1.Final.jar runtime=true resources=237] to QuarkusClassLoader Augmentation Class Loader: TEST for JUnitQuarkusTest-space.maatini.eventsourcing.TestProfile (QuarkusTest)
22:00:21 DEBUG [io.qu.bo.cl.QuarkusClassLoader] Adding normal priority element io.quarkus.bootstrap.classloading.PathTreeClassPathElement[org.jboss.logmanager:jboss-logmanager /home/martin/.m2/repository/org/jboss/logmanager/jboss-logmanager/3.2.1.Final/jboss-logmanager-3.2.1.Final.jar runtime=true resources=237] to QuarkusClassLoader Augmentation Class Loader: TEST for JUnitQuarkusTest-space.maatini.eventsourcing.TestProfile (QuarkusTest)
22:00:21 DEBUG [io.qu.bo.cl.QuarkusClassLoader] Adding parent first element io.quarkus.bootstrap.classloading.PathTreeClassPathElement[io.smallrye.common:smallrye-common-constraint /home/martin/.m2/repository/io/smallrye/common/smallrye-common-constraint/2.15.0/smallrye-common-constraint-2.15.0.jar runtime=true resources=18] to QuarkusClassLoader Augmentation Class Loader: TEST for JUnitQuarkusTest-space.maatini.eventsourcing.TestProfile (QuarkusTest)
22:00:21 DEBUG [io.qu.bo.cl.QuarkusClassLoader] Adding normal priority element io.quarkus.bootstrap.classloading.PathTreeClassPathElement[io.smallrye.common:smallrye-common-constraint /home/martin/.m2/repository/io/smallrye/common/smallrye-common-constraint/2.15.0/smallrye-common-constraint-2.15.0.jar runtime=true resources=18] to QuarkusClassLoader Augmentation Class Loader: TEST for JUnitQuarkusTest-space.maatini.eventsourcing.TestProfile (QuarkusTest)
22:00:21 DEBUG [io.qu.bo.cl.QuarkusClassLoader] Adding parent first element io.quarkus.bootstrap.classloading.PathTreeClassPathElement[io.smallrye.common:smallrye-common-cpu /home/martin/.m2/repository/io/smallrye/common/smallrye-common-cpu/2.15.0/smallrye-common-cpu-2.15.0.jar runtime=true resources=20] to QuarkusClassLoader Augmentation Class Loader: TEST for JUnitQuarkusTest-space.maatini.eventsourcing.TestProfile (QuarkusTest)
22:00:21 DEBUG [io.qu.bo.cl.QuarkusClassLoader] Adding normal priority element io.quarkus.bootstrap.classloading.PathTreeClassPathElement[io.smallrye.common:smallrye-common-cpu /home/martin/.m2/repository/io/smallrye/common/smallrye-common-cpu/2.15.0/smallrye-common-cpu-2.15.0.jar runtime=true resources=20] to QuarkusClassLoader Augmentation Class Loader: TEST for JUnitQuarkusTest-space.maatini.eventsourcing.TestProfile (QuarkusTest)
22:00:21 DEBUG [io.qu.bo.cl.QuarkusClassLoader] Adding parent first element io.quarkus.bootstrap.classloading.PathTreeClassPathElement[io.smallrye.common:smallrye-common-expression /home/martin/.m2/repository/io/smallrye/common/smallrye-common-expression/2.15.0/smallrye-common-expression-2.15.0.jar runtime=true resources=25] to QuarkusClassLoader Augmentation Class Loader: TEST for JUnitQuarkusTest-space.maatini.eventsourcing.TestProfile (QuarkusTest)
22:00:21 DEBUG [io.qu.bo.cl.QuarkusClassLoader] Adding normal priority element io.quarkus.bootstrap.classloading.PathTreeClassPathElement[io.smallrye.common:smallrye-common-expression /home/martin/.m2/repository/io/smallrye/common/smallrye-common-expression/2.15.0/smallrye-common-expression-2.15.0.jar runtime=true resources=25] to QuarkusClassLoader Augmentation Class Loader: TEST for JUnitQuarkusTest-space.maatini.eventsourcing.TestProfile (QuarkusTest)
22:00:21 DEBUG [io.qu.bo.cl.QuarkusClassLoader] Adding parent first element io.quarkus.bootstrap.classloading.PathTreeClassPathElement[io.smallrye.common:smallrye-common-net /home/martin/.m2/repository/io/smallrye/common/smallrye-common-net/2.15.0/smallrye-common-net-2.15.0.jar runtime=true resources=30] to QuarkusClassLoader Augmentation Class Loader: TEST for JUnitQuarkusTest-space.maatini.eventsourcing.TestProfile (QuarkusTest)
22:00:21 DEBUG [io.qu.bo.cl.QuarkusClassLoader] Adding normal priority element io.quarkus.bootstrap.classloading.PathTreeClassPathElement[io.smallrye.common:smallrye-common-net /home/martin/.m2/repository/io/smallrye/common/smallrye-common-net/2.15.0/smallrye-common-net-2.15.0.jar runtime=true resources=30] to QuarkusClassLoader Augmentation Class Loader: TEST for JUnitQuarkusTest-space.maatini.eventsourcing.TestProfile (QuarkusTest)
22:00:21 DEBUG [io.qu.bo.cl.QuarkusClassLoader] Adding parent first element io.quarkus.bootstrap.classloading.PathTreeClassPathElement[io.smallrye.common:smallrye-common-ref /home/martin/.m2/repository/io/smallrye/common/smallrye-common-ref/2.15.0/smallrye-common-ref-2.15.0.jar runtime=true resources=27] to QuarkusClassLoader Augmentation Class Loader: TEST for JUnitQuarkusTest-space.maatini.eventsourcing.TestProfile (QuarkusTest)
22:00:21 DEBUG [io.qu.bo.cl.QuarkusClassLoader] Adding normal priority element io.quarkus.bootstrap.classloading.PathTreeClassPathElement[io.smallrye.common:smallrye-common-ref /home/martin/.m2/repository/io/smallrye/common/smallrye-common-ref/2.15.0/smallrye-common-ref-2.15.0.jar runtime=true resources=27] to QuarkusClassLoader Augmentation Class Loader: TEST for JUnitQuarkusTest-space.maatini.eventsourcing.TestProfile (QuarkusTest)
22:00:21 DEBUG [io.qu.bo.cl.QuarkusClassLoader] Adding normal priority element io.quarkus.bootstrap.classloading.PathTreeClassPathElement[org.jboss.threads:jboss-threads /home/martin/.m2/repository/org/jboss/threads/jboss-threads/3.9.2/jboss-threads-3.9.2.jar runtime=true resources=105] to QuarkusClassLoader Augmentation Class Loader: TEST for JUnitQuarkusTest-space.maatini.eventsourcing.TestProfile (QuarkusTest)
22:00:21 DEBUG [io.qu.bo.cl.QuarkusClassLoader] Adding parent first element io.quarkus.bootstrap.classloading.PathTreeClassPathElement[io.smallrye.common:smallrye-common-function /home/martin/.m2/repository/io/smallrye/common/smallrye-common-function/2.15.0/smallrye-common-function-2.15.0.jar runtime=true resources=70] to QuarkusClassLoader Augmentation Class Loader: TEST for JUnitQuarkusTest-space.maatini.eventsourcing.TestProfile (QuarkusTest)
22:00:21 DEBUG [io.qu.bo.cl.QuarkusClassLoader] Adding normal priority element io.quarkus.bootstrap.classloading.PathTreeClassPathElement[io.smallrye.common:smallrye-common-function /home/martin/.m2/repository/io/smallrye/common/smallrye-common-function/2.15.0/smallrye-common-function-2.15.0.jar runtime=true resources=70] to QuarkusClassLoader Augmentation Class Loader: TEST for JUnitQuarkusTest-space.maatini.eventsourcing.TestProfile (QuarkusTest)
22:00:21 DEBUG [io.qu.bo.cl.QuarkusClassLoader] Adding parent first element io.quarkus.bootstrap.classloading.PathTreeClassPathElement[org.slf4j:slf4j-api /home/martin/.m2/repository/org/slf4j/slf4j-api/2.0.17/slf4j-api-2.0.17.jar runtime=true resources=72] to QuarkusClassLoader Augmentation Class Loader: TEST for JUnitQuarkusTest-space.maatini.eventsourcing.TestProfile (QuarkusTest)
22:00:21 DEBUG [io.qu.bo.cl.QuarkusClassLoader] Adding normal priority element io.quarkus.bootstrap.classloading.PathTreeClassPathElement[org.slf4j:slf4j-api /home/martin/.m2/repository/org/slf4j/slf4j-api/2.0.17/slf4j-api-2.0.17.jar runtime=true resources=72] to QuarkusClassLoader Augmentation Class Loader: TEST for JUnitQuarkusTest-space.maatini.eventsourcing.TestProfile (QuarkusTest)
22:00:21 DEBUG [io.qu.bo.cl.QuarkusClassLoader] Adding normal priority element io.quarkus.bootstrap.classloading.PathTreeClassPathElement[org.wildfly.common:wildfly-common /home/martin/.m2/repository/org/wildfly/common/wildfly-common/2.0.1/wildfly-common-2.0.1.jar runtime=true resources=242] to QuarkusClassLoader Augmentation Class Loader: TEST for JUnitQuarkusTest-space.maatini.eventsourcing.TestProfile (QuarkusTest)
22:00:21 DEBUG [io.qu.bo.cl.QuarkusClassLoader] Adding parent first element io.quarkus.bootstrap.classloading.PathTreeClassPathElement[io.quarkus:quarkus-registry /home/martin/.m2/repository/io/quarkus/quarkus-registry/3.31.4/quarkus-registry-3.31.4.jar runtime=true resources=17] to QuarkusClassLoader Augmentation Class Loader: TEST for JUnitQuarkusTest-space.maatini.eventsourcing.TestProfile (QuarkusTest)
22:00:21 DEBUG [io.qu.bo.cl.QuarkusClassLoader] Adding normal priority element io.quarkus.bootstrap.classloading.PathTreeClassPathElement[io.quarkus:quarkus-registry /home/martin/.m2/repository/io/quarkus/quarkus-registry/3.31.4/quarkus-registry-3.31.4.jar runtime=true resources=17] to QuarkusClassLoader Augmentation Class Loader: TEST for JUnitQuarkusTest-space.maatini.eventsourcing.TestProfile (QuarkusTest)
22:00:21 DEBUG [io.qu.bo.cl.QuarkusClassLoader] Adding parent first element io.quarkus.bootstrap.classloading.PathTreeClassPathElement[io.quarkus:quarkus-bootstrap-runner /home/martin/.m2/repository/io/quarkus/quarkus-bootstrap-runner/3.31.4/quarkus-bootstrap-runner-3.31.4.jar runtime=true resources=51] to QuarkusClassLoader Augmentation Class Loader: TEST for JUnitQuarkusTest-space.maatini.eventsourcing.TestProfile (QuarkusTest)
22:00:21 DEBUG [io.qu.bo.cl.QuarkusClassLoader] Adding normal priority element io.quarkus.bootstrap.classloading.PathTreeClassPathElement[io.quarkus:quarkus-bootstrap-runner /home/martin/.m2/repository/io/quarkus/quarkus-bootstrap-runner/3.31.4/quarkus-bootstrap-runner-3.31.4.jar runtime=true resources=51] to QuarkusClassLoader Augmentation Class Loader: TEST for JUnitQuarkusTest-space.maatini.eventsourcing.TestProfile (QuarkusTest)
22:00:21 DEBUG [io.qu.bo.cl.QuarkusClassLoader] Adding normal priority element io.quarkus.bootstrap.classloading.PathTreeClassPathElement[io.quarkus:quarkus-fs-util /home/martin/.m2/repository/io/quarkus/quarkus-fs-util/1.3.0/quarkus-fs-util-1.3.0.jar runtime=true resources=27] to QuarkusClassLoader Augmentation Class Loader: TEST for JUnitQuarkusTest-space.maatini.eventsourcing.TestProfile (QuarkusTest)
22:00:21 DEBUG [io.qu.bo.cl.QuarkusClassLoader] Adding normal priority element io.quarkus.bootstrap.classloading.PathTreeClassPathElement[org.eclipse.microprofile.context-propagation:microprofile-context-propagation-api /home/martin/.m2/repository/org/eclipse/microprofile/context-propagation/microprofile-context-propagation-api/1.3/microprofile-context-propagation-api-1.3.jar runtime=true resources=25] to QuarkusClassLoader Augmentation Class Loader: TEST for JUnitQuarkusTest-space.maatini.eventsourcing.TestProfile (QuarkusTest)
22:00:21 DEBUG [io.qu.bo.cl.QuarkusClassLoader] Adding normal priority element io.quarkus.bootstrap.classloading.PathTreeClassPathElement[io.quarkus:quarkus-rest-jackson /home/martin/.m2/repository/io/quarkus/quarkus-rest-jackson/3.31.4/quarkus-rest-jackson-3.31.4.jar runtime=true resources=62] to QuarkusClassLoader Augmentation Class Loader: TEST for JUnitQuarkusTest-space.maatini.eventsourcing.TestProfile (QuarkusTest)
22:00:21 DEBUG [io.qu.bo.cl.QuarkusClassLoader] Adding normal priority element io.quarkus.bootstrap.classloading.PathTreeClassPathElement[io.quarkus:quarkus-rest /home/martin/.m2/repository/io/quarkus/quarkus-rest/3.31.4/quarkus-rest-3.31.4.jar runtime=true resources=122] to QuarkusClassLoader Augmentation Class Loader: TEST for JUnitQuarkusTest-space.maatini.eventsourcing.TestProfile (QuarkusTest)
22:00:21 DEBUG [io.qu.bo.cl.QuarkusClassLoader] Adding normal priority element io.quarkus.bootstrap.classloading.PathTreeClassPathElement[io.quarkus:quarkus-rest-common /home/martin/.m2/repository/io/quarkus/quarkus-rest-common/3.31.4/quarkus-rest-common-3.31.4.jar runtime=true resources=31] to QuarkusClassLoader Augmentation Class Loader: TEST for JUnitQuarkusTest-space.maatini.eventsourcing.TestProfile (QuarkusTest)
22:00:21 DEBUG [io.qu.bo.cl.QuarkusClassLoader] Adding normal priority element io.quarkus.bootstrap.classloading.PathTreeClassPathElement[io.quarkus.resteasy.reactive:resteasy-reactive-common /home/martin/.m2/repository/io/quarkus/resteasy/reactive/resteasy-reactive-common/3.31.4/resteasy-reactive-common-3.31.4.jar runtime=true resources=226] to QuarkusClassLoader Augmentation Class Loader: TEST for JUnitQuarkusTest-space.maatini.eventsourcing.TestProfile (QuarkusTest)
22:00:21 DEBUG [io.qu.bo.cl.QuarkusClassLoader] Adding normal priority element io.quarkus.bootstrap.classloading.PathTreeClassPathElement[io.quarkus.resteasy.reactive:resteasy-reactive-common-types /home/martin/.m2/repository/io/quarkus/resteasy/reactive/resteasy-reactive-common-types/3.31.4/resteasy-reactive-common-types-3.31.4.jar runtime=true resources=15] to QuarkusClassLoader Augmentation Class Loader: TEST for JUnitQuarkusTest-space.maatini.eventsourcing.TestProfile (QuarkusTest)
22:00:21 DEBUG [io.qu.bo.cl.QuarkusClassLoader] Adding normal priority element io.quarkus.bootstrap.classloading.PathTreeClassPathElement[org.reactivestreams:reactive-streams /home/martin/.m2/repository/org/reactivestreams/reactive-streams/1.0.4/reactive-streams-1.0.4.jar runtime=true resources=17] to QuarkusClassLoader Augmentation Class Loader: TEST for JUnitQuarkusTest-space.maatini.eventsourcing.TestProfile (QuarkusTest)
22:00:21 DEBUG [io.qu.bo.cl.QuarkusClassLoader] Adding normal priority element io.quarkus.bootstrap.classloading.PathTreeClassPathElement[io.smallrye.reactive:mutiny-zero-flow-adapters /home/martin/.m2/repository/io/smallrye/reactive/mutiny-zero-flow-adapters/1.1.1/mutiny-zero-flow-adapters-1.1.1.jar runtime=true resources=28] to QuarkusClassLoader Augmentation Class Loader: TEST for JUnitQuarkusTest-space.maatini.eventsourcing.TestProfile (QuarkusTest)
22:00:21 DEBUG [io.qu.bo.cl.QuarkusClassLoader] Adding normal priority element io.quarkus.bootstrap.classloading.PathTreeClassPathElement[io.quarkus.resteasy.reactive:resteasy-reactive-vertx /home/martin/.m2/repository/io/quarkus/resteasy/reactive/resteasy-reactive-vertx/3.31.4/resteasy-reactive-vertx-3.31.4.jar runtime=true resources=42] to QuarkusClassLoader Augmentation Class Loader: TEST for JUnitQuarkusTest-space.maatini.eventsourcing.TestProfile (QuarkusTest)
22:00:21 DEBUG [io.qu.bo.cl.QuarkusClassLoader] Adding normal priority element io.quarkus.bootstrap.classloading.PathTreeClassPathElement[io.quarkus.resteasy.reactive:resteasy-reactive /home/martin/.m2/repository/io/quarkus/resteasy/reactive/resteasy-reactive/3.31.4/resteasy-reactive-3.31.4.jar runtime=true resources=396] to QuarkusClassLoader Augmentation Class Loader: TEST for JUnitQuarkusTest-space.maatini.eventsourcing.TestProfile (QuarkusTest)
22:00:21 DEBUG [io.qu.bo.cl.QuarkusClassLoader] Adding normal priority element io.quarkus.bootstrap.classloading.PathTreeClassPathElement[io.quarkus.vertx.utils:quarkus-vertx-utils /home/martin/.m2/repository/io/quarkus/vertx/utils/quarkus-vertx-utils/3.31.4/quarkus-vertx-utils-3.31.4.jar runtime=true resources=19] to QuarkusClassLoader Augmentation Class Loader: TEST for JUnitQuarkusTest-space.maatini.eventsourcing.TestProfile (QuarkusTest)
22:00:21 DEBUG [io.qu.bo.cl.QuarkusClassLoader] Adding normal priority element io.quarkus.bootstrap.classloading.PathTreeClassPathElement[jakarta.xml.bind:jakarta.xml.bind-api /home/martin/.m2/repository/jakarta/xml/bind/jakarta.xml.bind-api/4.0.5/jakarta.xml.bind-api-4.0.5.jar runtime=true resources=138] to QuarkusClassLoader Augmentation Class Loader: TEST for JUnitQuarkusTest-space.maatini.eventsourcing.TestProfile (QuarkusTest)
22:00:21 DEBUG [io.qu.bo.cl.QuarkusClassLoader] Adding normal priority element io.quarkus.bootstrap.classloading.PathTreeClassPathElement[jakarta.activation:jakarta.activation-api /home/martin/.m2/repository/jakarta/activation/jakarta.activation-api/2.1.4/jakarta.activation-api-2.1.4.jar runtime=true resources=60] to QuarkusClassLoader Augmentation Class Loader: TEST for JUnitQuarkusTest-space.maatini.eventsourcing.TestProfile (QuarkusTest)
22:00:21 DEBUG [io.qu.bo.cl.QuarkusClassLoader] Adding normal priority element io.quarkus.bootstrap.classloading.PathTreeClassPathElement[io.quarkus:quarkus-rest-jackson-common /home/martin/.m2/repository/io/quarkus/quarkus-rest-jackson-common/3.31.4/quarkus-rest-jackson-common-3.31.4.jar runtime=true resources=23] to QuarkusClassLoader Augmentation Class Loader: TEST for JUnitQuarkusTest-space.maatini.eventsourcing.TestProfile (QuarkusTest)
22:00:21 DEBUG [io.qu.bo.cl.QuarkusClassLoader] Adding normal priority element io.quarkus.bootstrap.classloading.PathTreeClassPathElement[io.quarkus.resteasy.reactive:resteasy-reactive-jackson /home/martin/.m2/repository/io/quarkus/resteasy/reactive/resteasy-reactive-jackson/3.31.4/resteasy-reactive-jackson-3.31.4.jar runtime=true resources=16] to QuarkusClassLoader Augmentation Class Loader: TEST for JUnitQuarkusTest-space.maatini.eventsourcing.TestProfile (QuarkusTest)
22:00:21 DEBUG [io.qu.bo.cl.QuarkusClassLoader] Adding normal priority element io.quarkus.bootstrap.classloading.PathTreeClassPathElement[io.quarkus:quarkus-jackson /home/martin/.m2/repository/io/quarkus/quarkus-jackson/3.31.4/quarkus-jackson-3.31.4.jar runtime=true resources=33] to QuarkusClassLoader Augmentation Class Loader: TEST for JUnitQuarkusTest-space.maatini.eventsourcing.TestProfile (QuarkusTest)
22:00:21 DEBUG [io.qu.bo.cl.QuarkusClassLoader] Adding normal priority element io.quarkus.bootstrap.classloading.PathTreeClassPathElement[com.fasterxml.jackson.datatype:jackson-datatype-jsr310 /home/martin/.m2/repository/com/fasterxml/jackson/datatype/jackson-datatype-jsr310/2.20.1/jackson-datatype-jsr310-2.20.1.jar runtime=true resources=89] to QuarkusClassLoader Augmentation Class Loader: TEST for JUnitQuarkusTest-space.maatini.eventsourcing.TestProfile (QuarkusTest)
22:00:21 DEBUG [io.qu.bo.cl.QuarkusClassLoader] Adding normal priority element io.quarkus.bootstrap.classloading.PathTreeClassPathElement[com.fasterxml.jackson.datatype:jackson-datatype-jdk8 /home/martin/.m2/repository/com/fasterxml/jackson/datatype/jackson-datatype-jdk8/2.20.1/jackson-datatype-jdk8-2.20.1.jar runtime=true resources=42] to QuarkusClassLoader Augmentation Class Loader: TEST for JUnitQuarkusTest-space.maatini.eventsourcing.TestProfile (QuarkusTest)
22:00:21 DEBUG [io.qu.bo.cl.QuarkusClassLoader] Adding normal priority element io.quarkus.bootstrap.classloading.PathTreeClassPathElement[com.fasterxml.jackson.module:jackson-module-parameter-names /home/martin/.m2/repository/com/fasterxml/jackson/module/jackson-module-parameter-names/2.20.1/jackson-module-parameter-names-2.20.1.jar runtime=true resources=24] to QuarkusClassLoader Augmentation Class Loader: TEST for JUnitQuarkusTest-space.maatini.eventsourcing.TestProfile (QuarkusTest)
22:00:21 DEBUG [io.qu.bo.cl.QuarkusClassLoader] Adding normal priority element io.quarkus.bootstrap.classloading.PathTreeClassPathElement[io.quarkus:quarkus-hibernate-reactive-panache /home/martin/.m2/repository/io/quarkus/quarkus-hibernate-reactive-panache/3.31.4/quarkus-hibernate-reactive-panache-3.31.4.jar runtime=true resources=31] to QuarkusClassLoader Augmentation Class Loader: TEST for JUnitQuarkusTest-space.maatini.eventsourcing.TestProfile (QuarkusTest)
22:00:21 DEBUG [io.qu.bo.cl.QuarkusClassLoader] Adding normal priority element io.quarkus.bootstrap.classloading.PathTreeClassPathElement[io.quarkus:quarkus-hibernate-reactive /home/martin/.m2/repository/io/quarkus/quarkus-hibernate-reactive/3.31.4/quarkus-hibernate-reactive-3.31.4.jar runtime=true resources=38] to QuarkusClassLoader Augmentation Class Loader: TEST for JUnitQuarkusTest-space.maatini.eventsourcing.TestProfile (QuarkusTest)
22:00:21 DEBUG [io.qu.bo.cl.QuarkusClassLoader] Adding normal priority element io.quarkus.bootstrap.classloading.PathTreeClassPathElement[io.quarkus:quarkus-hibernate-orm /home/martin/.m2/repository/io/quarkus/quarkus-hibernate-orm/3.31.4/quarkus-hibernate-orm-3.31.4.jar runtime=true resources=232] to QuarkusClassLoader Augmentation Class Loader: TEST for JUnitQuarkusTest-space.maatini.eventsourcing.TestProfile (QuarkusTest)
22:00:21 DEBUG [io.qu.bo.cl.QuarkusClassLoader] Adding normal priority element io.quarkus.bootstrap.classloading.PathTreeClassPathElement[org.hibernate.orm:hibernate-core /home/martin/.m2/repository/org/hibernate/orm/hibernate-core/7.2.4.Final/hibernate-core-7.2.4.Final.jar runtime=true resources=8521] to QuarkusClassLoader Augmentation Class Loader: TEST for JUnitQuarkusTest-space.maatini.eventsourcing.TestProfile (QuarkusTest)
22:00:21 DEBUG [io.qu.bo.cl.QuarkusClassLoader] Adding normal priority element io.quarkus.bootstrap.classloading.PathTreeClassPathElement[org.hibernate.models:hibernate-models /home/martin/.m2/repository/org/hibernate/models/hibernate-models/1.0.1/hibernate-models-1.0.1.jar runtime=true resources=190] to QuarkusClassLoader Augmentation Class Loader: TEST for JUnitQuarkusTest-space.maatini.eventsourcing.TestProfile (QuarkusTest)
22:00:21 DEBUG [io.qu.bo.cl.QuarkusClassLoader] Adding parent first element io.quarkus.bootstrap.classloading.PathTreeClassPathElement[net.bytebuddy:byte-buddy /home/martin/.m2/repository/net/bytebuddy/byte-buddy/1.17.8/byte-buddy-1.17.8.jar runtime=true resources=6067] to QuarkusClassLoader Augmentation Class Loader: TEST for JUnitQuarkusTest-space.maatini.eventsourcing.TestProfile (QuarkusTest)
22:00:21 DEBUG [io.qu.bo.cl.QuarkusClassLoader] Adding normal priority element io.quarkus.bootstrap.classloading.PathTreeClassPathElement[net.bytebuddy:byte-buddy /home/martin/.m2/repository/net/bytebuddy/byte-buddy/1.17.8/byte-buddy-1.17.8.jar runtime=true resources=6067] to QuarkusClassLoader Augmentation Class Loader: TEST for JUnitQuarkusTest-space.maatini.eventsourcing.TestProfile (QuarkusTest)
22:00:21 DEBUG [io.qu.bo.cl.QuarkusClassLoader] Adding normal priority element io.quarkus.bootstrap.classloading.PathTreeClassPathElement[org.hibernate.orm:hibernate-graalvm /home/martin/.m2/repository/org/hibernate/orm/hibernate-graalvm/7.2.4.Final/hibernate-graalvm-7.2.4.Final.jar runtime=true resources=9] to QuarkusClassLoader Augmentation Class Loader: TEST for JUnitQuarkusTest-space.maatini.eventsourcing.TestProfile (QuarkusTest)
22:00:21 DEBUG [io.qu.bo.cl.QuarkusClassLoader] Adding normal priority element io.quarkus.bootstrap.classloading.PathTreeClassPathElement[org.glassfish.jaxb:jaxb-runtime /home/martin/.m2/repository/org/glassfish/jaxb/jaxb-runtime/4.0.6/jaxb-runtime-4.0.6.jar runtime=true resources=693] to QuarkusClassLoader Augmentation Class Loader: TEST for JUnitQuarkusTest-space.maatini.eventsourcing.TestProfile (QuarkusTest)
22:00:21 DEBUG [io.qu.bo.cl.QuarkusClassLoader] Adding normal priority element io.quarkus.bootstrap.classloading.PathTreeClassPathElement[org.glassfish.jaxb:jaxb-core /home/martin/.m2/repository/org/glassfish/jaxb/jaxb-core/4.0.6/jaxb-core-4.0.6.jar runtime=true resources=157] to QuarkusClassLoader Augmentation Class Loader: TEST for JUnitQuarkusTest-space.maatini.eventsourcing.TestProfile (QuarkusTest)
22:00:21 DEBUG [io.qu.bo.cl.QuarkusClassLoader] Adding normal priority element io.quarkus.bootstrap.classloading.PathTreeClassPathElement[org.eclipse.angus:angus-activation /home/martin/.m2/repository/org/eclipse/angus/angus-activation/2.0.3/angus-activation-2.0.3.jar runtime=true resources=32] to QuarkusClassLoader Augmentation Class Loader: TEST for JUnitQuarkusTest-space.maatini.eventsourcing.TestProfile (QuarkusTest)
22:00:21 DEBUG [io.qu.bo.cl.QuarkusClassLoader] Adding normal priority element io.quarkus.bootstrap.classloading.PathTreeClassPathElement[org.glassfish.jaxb:txw2 /home/martin/.m2/repository/org/glassfish/jaxb/txw2/4.0.6/txw2-4.0.6.jar runtime=true resources=72] to QuarkusClassLoader Augmentation Class Loader: TEST for JUnitQuarkusTest-space.maatini.eventsourcing.TestProfile (QuarkusTest)
22:00:21 DEBUG [io.qu.bo.cl.QuarkusClassLoader] Adding normal priority element io.quarkus.bootstrap.classloading.PathTreeClassPathElement[com.sun.istack:istack-commons-runtime /home/martin/.m2/repository/com/sun/istack/istack-commons-runtime/4.1.2/istack-commons-runtime-4.1.2.jar runtime=true resources=35] to QuarkusClassLoader Augmentation Class Loader: TEST for JUnitQuarkusTest-space.maatini.eventsourcing.TestProfile (QuarkusTest)
22:00:21 DEBUG [io.qu.bo.cl.QuarkusClassLoader] Adding normal priority element io.quarkus.bootstrap.classloading.PathTreeClassPathElement[jakarta.persistence:jakarta.persistence-api /home/martin/.m2/repository/jakarta/persistence/jakarta.persistence-api/3.2.0/jakarta.persistence-api-3.2.0.jar runtime=true resources=252] to QuarkusClassLoader Augmentation Class Loader: TEST for JUnitQuarkusTest-space.maatini.eventsourcing.TestProfile (QuarkusTest)
22:00:21 DEBUG [io.qu.bo.cl.QuarkusClassLoader] Adding normal priority element io.quarkus.bootstrap.classloading.PathTreeClassPathElement[org.hibernate.local-cache:quarkus-local-cache /home/martin/.m2/repository/org/hibernate/local-cache/quarkus-local-cache/0.5.0/quarkus-local-cache-0.5.0.jar runtime=true resources=50] to QuarkusClassLoader Augmentation Class Loader: TEST for JUnitQuarkusTest-space.maatini.eventsourcing.TestProfile (QuarkusTest)
22:00:21 DEBUG [io.qu.bo.cl.QuarkusClassLoader] Adding normal priority element io.quarkus.bootstrap.classloading.PathTreeClassPathElement[io.quarkus:quarkus-caffeine /home/martin/.m2/repository/io/quarkus/quarkus-caffeine/3.31.4/quarkus-caffeine-3.31.4.jar runtime=true resources=16] to QuarkusClassLoader Augmentation Class Loader: TEST for JUnitQuarkusTest-space.maatini.eventsourcing.TestProfile (QuarkusTest)
22:00:21 DEBUG [io.qu.bo.cl.QuarkusClassLoader] Adding normal priority element io.quarkus.bootstrap.classloading.PathTreeClassPathElement[com.github.ben-manes.caffeine:caffeine /home/martin/.m2/repository/com/github/ben-manes/caffeine/caffeine/3.2.3/caffeine-3.2.3.jar runtime=true resources=723] to QuarkusClassLoader Augmentation Class Loader: TEST for JUnitQuarkusTest-space.maatini.eventsourcing.TestProfile (QuarkusTest)
22:00:21 DEBUG [io.qu.bo.cl.QuarkusClassLoader] Adding normal priority element io.quarkus.bootstrap.classloading.PathTreeClassPathElement[com.google.errorprone:error_prone_annotations /home/martin/.m2/repository/com/google/errorprone/error_prone_annotations/2.46.0/error_prone_annotations-2.46.0.jar runtime=true resources=50] to QuarkusClassLoader Augmentation Class Loader: TEST for JUnitQuarkusTest-space.maatini.eventsourcing.TestProfile (QuarkusTest)
22:00:21 DEBUG [io.qu.bo.cl.QuarkusClassLoader] Adding normal priority element io.quarkus.bootstrap.classloading.PathTreeClassPathElement[org.hibernate.reactive:hibernate-reactive-core /home/martin/.m2/repository/org/hibernate/reactive/hibernate-reactive-core/3.2.2.Final/hibernate-reactive-core-3.2.2.Final.jar runtime=true resources=712] to QuarkusClassLoader Augmentation Class Loader: TEST for JUnitQuarkusTest-space.maatini.eventsourcing.TestProfile (QuarkusTest)
22:00:21 DEBUG [io.qu.bo.cl.QuarkusClassLoader] Adding normal priority element io.quarkus.bootstrap.classloading.PathTreeClassPathElement[io.quarkus:quarkus-mutiny /home/martin/.m2/repository/io/quarkus/quarkus-mutiny/3.31.4/quarkus-mutiny-3.31.4.jar runtime=true resources=19] to QuarkusClassLoader Augmentation Class Loader: TEST for JUnitQuarkusTest-space.maatini.eventsourcing.TestProfile (QuarkusTest)
22:00:21 DEBUG [io.qu.bo.cl.QuarkusClassLoader] Adding normal priority element io.quarkus.bootstrap.classloading.PathTreeClassPathElement[io.quarkus:quarkus-smallrye-context-propagation /home/martin/.m2/repository/io/quarkus/quarkus-smallrye-context-propagation/3.31.4/quarkus-smallrye-context-propagation-3.31.4.jar runtime=true resources=24] to QuarkusClassLoader Augmentation Class Loader: TEST for JUnitQuarkusTest-space.maatini.eventsourcing.TestProfile (QuarkusTest)
22:00:21 DEBUG [io.qu.bo.cl.QuarkusClassLoader] Adding normal priority element io.quarkus.bootstrap.classloading.PathTreeClassPathElement[io.smallrye:smallrye-context-propagation /home/martin/.m2/repository/io/smallrye/smallrye-context-propagation/2.3.0/smallrye-context-propagation-2.3.0.jar runtime=true resources=86] to QuarkusClassLoader Augmentation Class Loader: TEST for JUnitQuarkusTest-space.maatini.eventsourcing.TestProfile (QuarkusTest)
22:00:21 DEBUG [io.qu.bo.cl.QuarkusClassLoader] Adding normal priority element io.quarkus.bootstrap.classloading.PathTreeClassPathElement[io.smallrye:smallrye-context-propagation-api /home/martin/.m2/repository/io/smallrye/smallrye-context-propagation-api/2.3.0/smallrye-context-propagation-api-2.3.0.jar runtime=true resources=21] to QuarkusClassLoader Augmentation Class Loader: TEST for JUnitQuarkusTest-space.maatini.eventsourcing.TestProfile (QuarkusTest)
22:00:21 DEBUG [io.qu.bo.cl.QuarkusClassLoader] Adding normal priority element io.quarkus.bootstrap.classloading.PathTreeClassPathElement[io.smallrye:smallrye-context-propagation-storage /home/martin/.m2/repository/io/smallrye/smallrye-context-propagation-storage/2.3.0/smallrye-context-propagation-storage-2.3.0.jar runtime=true resources=21] to QuarkusClassLoader Augmentation Class Loader: TEST for JUnitQuarkusTest-space.maatini.eventsourcing.TestProfile (QuarkusTest)
22:00:21 DEBUG [io.qu.bo.cl.QuarkusClassLoader] Adding normal priority element io.quarkus.bootstrap.classloading.PathTreeClassPathElement[io.smallrye.reactive:mutiny-smallrye-context-propagation /home/martin/.m2/repository/io/smallrye/reactive/mutiny-smallrye-context-propagation/3.1.1/mutiny-smallrye-context-propagation-3.1.1.jar runtime=true resources=30] to QuarkusClassLoader Augmentation Class Loader: TEST for JUnitQuarkusTest-space.maatini.eventsourcing.TestProfile (QuarkusTest)
22:00:21 DEBUG [io.qu.bo.cl.QuarkusClassLoader] Adding normal priority element io.quarkus.bootstrap.classloading.PathTreeClassPathElement[io.quarkus:quarkus-hibernate-reactive-panache-common /home/martin/.m2/repository/io/quarkus/quarkus-hibernate-reactive-panache-common/3.31.4/quarkus-hibernate-reactive-panache-common-3.31.4.jar runtime=true resources=41] to QuarkusClassLoader Augmentation Class Loader: TEST for JUnitQuarkusTest-space.maatini.eventsourcing.TestProfile (QuarkusTest)
22:00:21 DEBUG [io.qu.bo.cl.QuarkusClassLoader] Adding normal priority element io.quarkus.bootstrap.classloading.PathTreeClassPathElement[io.quarkus:quarkus-panache-common /home/martin/.m2/repository/io/quarkus/quarkus-panache-common/3.31.4/quarkus-panache-common-3.31.4.jar runtime=true resources=23] to QuarkusClassLoader Augmentation Class Loader: TEST for JUnitQuarkusTest-space.maatini.eventsourcing.TestProfile (QuarkusTest)
22:00:21 DEBUG [io.qu.bo.cl.QuarkusClassLoader] Adding normal priority element io.quarkus.bootstrap.classloading.PathTreeClassPathElement[io.quarkus:quarkus-panache-hibernate-common /home/martin/.m2/repository/io/quarkus/quarkus-panache-hibernate-common/3.31.4/quarkus-panache-hibernate-common-3.31.4.jar runtime=true resources=15] to QuarkusClassLoader Augmentation Class Loader: TEST for JUnitQuarkusTest-space.maatini.eventsourcing.TestProfile (QuarkusTest)
22:00:21 DEBUG [io.qu.bo.cl.QuarkusClassLoader] Adding normal priority element io.quarkus.bootstrap.classloading.PathTreeClassPathElement[org.antlr:antlr4-runtime /home/martin/.m2/repository/org/antlr/antlr4-runtime/4.13.2/antlr4-runtime-4.13.2.jar runtime=true resources=232] to QuarkusClassLoader Augmentation Class Loader: TEST for JUnitQuarkusTest-space.maatini.eventsourcing.TestProfile (QuarkusTest)
22:00:21 DEBUG [io.qu.bo.cl.QuarkusClassLoader] Adding normal priority element io.quarkus.bootstrap.classloading.PathTreeClassPathElement[io.smallrye.common:smallrye-common-annotation /home/martin/.m2/repository/io/smallrye/common/smallrye-common-annotation/2.15.0/smallrye-common-annotation-2.15.0.jar runtime=true resources=27] to QuarkusClassLoader Augmentation Class Loader: TEST for JUnitQuarkusTest-space.maatini.eventsourcing.TestProfile (QuarkusTest)
22:00:21 DEBUG [io.qu.bo.cl.QuarkusClassLoader] Adding normal priority element io.quarkus.bootstrap.classloading.PathTreeClassPathElement[io.quarkus:quarkus-reactive-pg-client /home/martin/.m2/repository/io/quarkus/quarkus-reactive-pg-client/3.31.4/quarkus-reactive-pg-client-3.31.4.jar runtime=true resources=40] to QuarkusClassLoader Augmentation Class Loader: TEST for JUnitQuarkusTest-space.maatini.eventsourcing.TestProfile (QuarkusTest)
22:00:21 DEBUG [io.qu.bo.cl.QuarkusClassLoader] Adding normal priority element io.quarkus.bootstrap.classloading.PathTreeClassPathElement[io.quarkus:quarkus-reactive-datasource /home/martin/.m2/repository/io/quarkus/quarkus-reactive-datasource/3.31.4/quarkus-reactive-datasource-3.31.4.jar runtime=true resources=33] to QuarkusClassLoader Augmentation Class Loader: TEST for JUnitQuarkusTest-space.maatini.eventsourcing.TestProfile (QuarkusTest)
22:00:21 DEBUG [io.qu.bo.cl.QuarkusClassLoader] Adding normal priority element io.quarkus.bootstrap.classloading.PathTreeClassPathElement[io.quarkus:quarkus-datasource /home/martin/.m2/repository/io/quarkus/quarkus-datasource/3.31.4/quarkus-datasource-3.31.4.jar runtime=true resources=29] to QuarkusClassLoader Augmentation Class Loader: TEST for JUnitQuarkusTest-space.maatini.eventsourcing.TestProfile (QuarkusTest)
22:00:21 DEBUG [io.qu.bo.cl.QuarkusClassLoader] Adding normal priority element io.quarkus.bootstrap.classloading.PathTreeClassPathElement[io.quarkus:quarkus-datasource-common /home/martin/.m2/repository/io/quarkus/quarkus-datasource-common/3.31.4/quarkus-datasource-common-3.31.4.jar runtime=true resources=16] to QuarkusClassLoader Augmentation Class Loader: TEST for JUnitQuarkusTest-space.maatini.eventsourcing.TestProfile (QuarkusTest)
22:00:21 DEBUG [io.qu.bo.cl.QuarkusClassLoader] Adding normal priority element io.quarkus.bootstrap.classloading.PathTreeClassPathElement[io.vertx:vertx-sql-client /home/martin/.m2/repository/io/vertx/vertx-sql-client/4.5.25/vertx-sql-client-4.5.25.jar runtime=true resources=137] to QuarkusClassLoader Augmentation Class Loader: TEST for JUnitQuarkusTest-space.maatini.eventsourcing.TestProfile (QuarkusTest)
22:00:21 DEBUG [io.qu.bo.cl.QuarkusClassLoader] Adding normal priority element io.quarkus.bootstrap.classloading.PathTreeClassPathElement[io.quarkus:quarkus-vertx /home/martin/.m2/repository/io/quarkus/quarkus-vertx/3.31.4/quarkus-vertx-3.31.4.jar runtime=true resources=133] to QuarkusClassLoader Augmentation Class Loader: TEST for JUnitQuarkusTest-space.maatini.eventsourcing.TestProfile (QuarkusTest)
22:00:21 DEBUG [io.qu.bo.cl.QuarkusClassLoader] Adding normal priority element io.quarkus.bootstrap.classloading.PathTreeClassPathElement[io.quarkus:quarkus-netty /home/martin/.m2/repository/io/quarkus/quarkus-netty/3.31.4/quarkus-netty-3.31.4.jar runtime=true resources=73] to QuarkusClassLoader Augmentation Class Loader: TEST for JUnitQuarkusTest-space.maatini.eventsourcing.TestProfile (QuarkusTest)
22:00:21 DEBUG [io.qu.bo.cl.QuarkusClassLoader] Adding normal priority element io.quarkus.bootstrap.classloading.PathTreeClassPathElement[io.netty:netty-codec /home/martin/.m2/repository/io/netty/netty-codec/4.1.130.Final/netty-codec-4.1.130.Final.jar runtime=true resources=250] to QuarkusClassLoader Augmentation Class Loader: TEST for JUnitQuarkusTest-space.maatini.eventsourcing.TestProfile (QuarkusTest)
22:00:21 DEBUG [io.qu.bo.cl.QuarkusClassLoader] Adding normal priority element io.quarkus.bootstrap.classloading.PathTreeClassPathElement[io.netty:netty-codec-http /home/martin/.m2/repository/io/netty/netty-codec-http/4.1.130.Final/netty-codec-http-4.1.130.Final.jar runtime=true resources=431] to QuarkusClassLoader Augmentation Class Loader: TEST for JUnitQuarkusTest-space.maatini.eventsourcing.TestProfile (QuarkusTest)
22:00:21 DEBUG [io.qu.bo.cl.QuarkusClassLoader] Adding normal priority element io.quarkus.bootstrap.classloading.PathTreeClassPathElement[io.netty:netty-codec-http2 /home/martin/.m2/repository/io/netty/netty-codec-http2/4.1.130.Final/netty-codec-http2-4.1.130.Final.jar runtime=true resources=307] to QuarkusClassLoader Augmentation Class Loader: TEST for JUnitQuarkusTest-space.maatini.eventsourcing.TestProfile (QuarkusTest)
22:00:21 DEBUG [io.qu.bo.cl.QuarkusClassLoader] Adding normal priority element io.quarkus.bootstrap.classloading.PathTreeClassPathElement[io.netty:netty-handler /home/martin/.m2/repository/io/netty/netty-handler/4.1.130.Final/netty-handler-4.1.130.Final.jar runtime=true resources=392] to QuarkusClassLoader Augmentation Class Loader: TEST for JUnitQuarkusTest-space.maatini.eventsourcing.TestProfile (QuarkusTest)
22:00:21 DEBUG [io.qu.bo.cl.QuarkusClassLoader] Adding normal priority element io.quarkus.bootstrap.classloading.PathTreeClassPathElement[io.netty:netty-transport-native-unix-common /home/martin/.m2/repository/io/netty/netty-transport-native-unix-common/4.1.130.Final/netty-transport-native-unix-common-4.1.130.Final.jar runtime=true resources=45] to QuarkusClassLoader Augmentation Class Loader: TEST for JUnitQuarkusTest-space.maatini.eventsourcing.TestProfile (QuarkusTest)
22:00:21 DEBUG [io.qu.bo.cl.QuarkusClassLoader] Adding normal priority element io.quarkus.bootstrap.classloading.PathTreeClassPathElement[io.netty:netty-codec-haproxy /home/martin/.m2/repository/io/netty/netty-codec-haproxy/4.1.130.Final/netty-codec-haproxy-4.1.130.Final.jar runtime=true resources=39] to QuarkusClassLoader Augmentation Class Loader: TEST for JUnitQuarkusTest-space.maatini.eventsourcing.TestProfile (QuarkusTest)
22:00:21 DEBUG [io.qu.bo.cl.QuarkusClassLoader] Adding normal priority element io.quarkus.bootstrap.classloading.PathTreeClassPathElement[io.netty:netty-buffer /home/martin/.m2/repository/io/netty/netty-buffer/4.1.130.Final/netty-buffer-4.1.130.Final.jar runtime=true resources=184] to QuarkusClassLoader Augmentation Class Loader: TEST for JUnitQuarkusTest-space.maatini.eventsourcing.TestProfile (QuarkusTest)
22:00:21 DEBUG [io.qu.bo.cl.QuarkusClassLoader] Adding normal priority element io.quarkus.bootstrap.classloading.PathTreeClassPathElement[io.netty:netty-transport /home/martin/.m2/repository/io/netty/netty-transport/4.1.130.Final/netty-transport-4.1.130.Final.jar runtime=true resources=416] to QuarkusClassLoader Augmentation Class Loader: TEST for JUnitQuarkusTest-space.maatini.eventsourcing.TestProfile (QuarkusTest)
22:00:21 DEBUG [io.qu.bo.cl.QuarkusClassLoader] Adding normal priority element io.quarkus.bootstrap.classloading.PathTreeClassPathElement[io.smallrye.common:smallrye-common-vertx-context /home/martin/.m2/repository/io/smallrye/common/smallrye-common-vertx-context/2.15.0/smallrye-common-vertx-context-2.15.0.jar runtime=true resources=15] to QuarkusClassLoader Augmentation Class Loader: TEST for JUnitQuarkusTest-space.maatini.eventsourcing.TestProfile (QuarkusTest)
22:00:21 DEBUG [io.qu.bo.cl.QuarkusClassLoader] Adding parent first element io.quarkus.bootstrap.classloading.PathTreeClassPathElement[io.quarkus:quarkus-vertx-latebound-mdc-provider /home/martin/.m2/repository/io/quarkus/quarkus-vertx-latebound-mdc-provider/3.31.4/quarkus-vertx-latebound-mdc-provider-3.31.4.jar runtime=true resources=17] to QuarkusClassLoader Augmentation Class Loader: TEST for JUnitQuarkusTest-space.maatini.eventsourcing.TestProfile (QuarkusTest)
22:00:21 DEBUG [io.qu.bo.cl.QuarkusClassLoader] Adding normal priority element io.quarkus.bootstrap.classloading.PathTreeClassPathElement[io.quarkus:quarkus-vertx-latebound-mdc-provider /home/martin/.m2/repository/io/quarkus/quarkus-vertx-latebound-mdc-provider/3.31.4/quarkus-vertx-latebound-mdc-provider-3.31.4.jar runtime=true resources=17] to QuarkusClassLoader Augmentation Class Loader: TEST for JUnitQuarkusTest-space.maatini.eventsourcing.TestProfile (QuarkusTest)
22:00:21 DEBUG [io.qu.bo.cl.QuarkusClassLoader] Adding normal priority element io.quarkus.bootstrap.classloading.PathTreeClassPathElement[io.smallrye.reactive:smallrye-mutiny-vertx-core /home/martin/.m2/repository/io/smallrye/reactive/smallrye-mutiny-vertx-core/3.21.5/smallrye-mutiny-vertx-core-3.21.5.jar runtime=true resources=118] to QuarkusClassLoader Augmentation Class Loader: TEST for JUnitQuarkusTest-space.maatini.eventsourcing.TestProfile (QuarkusTest)
22:00:21 DEBUG [io.qu.bo.cl.QuarkusClassLoader] Adding normal priority element io.quarkus.bootstrap.classloading.PathTreeClassPathElement[io.smallrye.reactive:smallrye-mutiny-vertx-runtime /home/martin/.m2/repository/io/smallrye/reactive/smallrye-mutiny-vertx-runtime/3.21.5/smallrye-mutiny-vertx-runtime-3.21.5.jar runtime=true resources=30] to QuarkusClassLoader Augmentation Class Loader: TEST for JUnitQuarkusTest-space.maatini.eventsourcing.TestProfile (QuarkusTest)
22:00:21 DEBUG [io.qu.bo.cl.QuarkusClassLoader] Adding normal priority element io.quarkus.bootstrap.classloading.PathTreeClassPathElement[io.smallrye.reactive:vertx-mutiny-generator /home/martin/.m2/repository/io/smallrye/reactive/vertx-mutiny-generator/3.21.5/vertx-mutiny-generator-3.21.5.jar runtime=true resources=59] to QuarkusClassLoader Augmentation Class Loader: TEST for JUnitQuarkusTest-space.maatini.eventsourcing.TestProfile (QuarkusTest)
22:00:21 DEBUG [io.qu.bo.cl.QuarkusClassLoader] Adding normal priority element io.quarkus.bootstrap.classloading.PathTreeClassPathElement[io.vertx:vertx-codegen /home/martin/.m2/repository/io/vertx/vertx-codegen/4.5.25/vertx-codegen-4.5.25.jar runtime=true resources=125] to QuarkusClassLoader Augmentation Class Loader: TEST for JUnitQuarkusTest-space.maatini.eventsourcing.TestProfile (QuarkusTest)
22:00:21 DEBUG [io.qu.bo.cl.QuarkusClassLoader] Adding normal priority element io.quarkus.bootstrap.classloading.PathTreeClassPathElement[io.smallrye:smallrye-fault-tolerance-vertx /home/martin/.m2/repository/io/smallrye/smallrye-fault-tolerance-vertx/6.10.0/smallrye-fault-tolerance-vertx-6.10.0.jar runtime=true resources=21] to QuarkusClassLoader Augmentation Class Loader: TEST for JUnitQuarkusTest-space.maatini.eventsourcing.TestProfile (QuarkusTest)
22:00:21 DEBUG [io.qu.bo.cl.QuarkusClassLoader] Adding normal priority element io.quarkus.bootstrap.classloading.PathTreeClassPathElement[io.quarkus:quarkus-security-runtime-spi /home/martin/.m2/repository/io/quarkus/quarkus-security-runtime-spi/3.31.4/quarkus-security-runtime-spi-3.31.4.jar runtime=true resources=35] to QuarkusClassLoader Augmentation Class Loader: TEST for JUnitQuarkusTest-space.maatini.eventsourcing.TestProfile (QuarkusTest)
22:00:21 DEBUG [io.qu.bo.cl.QuarkusClassLoader] Adding normal priority element io.quarkus.bootstrap.classloading.PathTreeClassPathElement[io.vertx:vertx-pg-client /home/martin/.m2/repository/io/vertx/vertx-pg-client/4.5.25/vertx-pg-client-4.5.25.jar runtime=true resources=104] to QuarkusClassLoader Augmentation Class Loader: TEST for JUnitQuarkusTest-space.maatini.eventsourcing.TestProfile (QuarkusTest)
22:00:21 DEBUG [io.qu.bo.cl.QuarkusClassLoader] Adding normal priority element io.quarkus.bootstrap.classloading.PathTreeClassPathElement[io.vertx:vertx-core /home/martin/.m2/repository/io/vertx/vertx-core/4.5.25/vertx-core-4.5.25.jar runtime=true resources=958] to QuarkusClassLoader Augmentation Class Loader: TEST for JUnitQuarkusTest-space.maatini.eventsourcing.TestProfile (QuarkusTest)
22:00:21 DEBUG [io.qu.bo.cl.QuarkusClassLoader] Adding normal priority element io.quarkus.bootstrap.classloading.PathTreeClassPathElement[io.netty:netty-common /home/martin/.m2/repository/io/netty/netty-common/4.1.130.Final/netty-common-4.1.130.Final.jar runtime=true resources=576] to QuarkusClassLoader Augmentation Class Loader: TEST for JUnitQuarkusTest-space.maatini.eventsourcing.TestProfile (QuarkusTest)
22:00:21 DEBUG [io.qu.bo.cl.QuarkusClassLoader] Adding normal priority element io.quarkus.bootstrap.classloading.PathTreeClassPathElement[io.netty:netty-handler-proxy /home/martin/.m2/repository/io/netty/netty-handler-proxy/4.1.130.Final/netty-handler-proxy-4.1.130.Final.jar runtime=true resources=31] to QuarkusClassLoader Augmentation Class Loader: TEST for JUnitQuarkusTest-space.maatini.eventsourcing.TestProfile (QuarkusTest)
22:00:21 DEBUG [io.qu.bo.cl.QuarkusClassLoader] Adding normal priority element io.quarkus.bootstrap.classloading.PathTreeClassPathElement[io.netty:netty-codec-socks /home/martin/.m2/repository/io/netty/netty-codec-socks/4.1.130.Final/netty-codec-socks-4.1.130.Final.jar runtime=true resources=130] to QuarkusClassLoader Augmentation Class Loader: TEST for JUnitQuarkusTest-space.maatini.eventsourcing.TestProfile (QuarkusTest)
22:00:21 DEBUG [io.qu.bo.cl.QuarkusClassLoader] Adding normal priority element io.quarkus.bootstrap.classloading.PathTreeClassPathElement[io.netty:netty-resolver /home/martin/.m2/repository/io/netty/netty-resolver/4.1.130.Final/netty-resolver-4.1.130.Final.jar runtime=true resources=41] to QuarkusClassLoader Augmentation Class Loader: TEST for JUnitQuarkusTest-space.maatini.eventsourcing.TestProfile (QuarkusTest)
22:00:21 DEBUG [io.qu.bo.cl.QuarkusClassLoader] Adding normal priority element io.quarkus.bootstrap.classloading.PathTreeClassPathElement[io.netty:netty-resolver-dns /home/martin/.m2/repository/io/netty/netty-resolver-dns/4.1.130.Final/netty-resolver-dns-4.1.130.Final.jar runtime=true resources=143] to QuarkusClassLoader Augmentation Class Loader: TEST for JUnitQuarkusTest-space.maatini.eventsourcing.TestProfile (QuarkusTest)
22:00:21 DEBUG [io.qu.bo.cl.QuarkusClassLoader] Adding normal priority element io.quarkus.bootstrap.classloading.PathTreeClassPathElement[io.netty:netty-codec-dns /home/martin/.m2/repository/io/netty/netty-codec-dns/4.1.130.Final/netty-codec-dns-4.1.130.Final.jar runtime=true resources=65] to QuarkusClassLoader Augmentation Class Loader: TEST for JUnitQuarkusTest-space.maatini.eventsourcing.TestProfile (QuarkusTest)
22:00:21 DEBUG [io.qu.bo.cl.QuarkusClassLoader] Adding normal priority element io.quarkus.bootstrap.classloading.PathTreeClassPathElement[com.ongres.scram:scram-client /home/martin/.m2/repository/com/ongres/scram/scram-client/3.2/scram-client-3.2.jar runtime=true resources=28] to QuarkusClassLoader Augmentation Class Loader: TEST for JUnitQuarkusTest-space.maatini.eventsourcing.TestProfile (QuarkusTest)
22:00:21 DEBUG [io.qu.bo.cl.QuarkusClassLoader] Adding normal priority element io.quarkus.bootstrap.classloading.PathTreeClassPathElement[com.ongres.scram:scram-common /home/martin/.m2/repository/com/ongres/scram/scram-common/3.2/scram-common-3.2.jar runtime=true resources=52] to QuarkusClassLoader Augmentation Class Loader: TEST for JUnitQuarkusTest-space.maatini.eventsourcing.TestProfile (QuarkusTest)
22:00:21 DEBUG [io.qu.bo.cl.QuarkusClassLoader] Adding normal priority element io.quarkus.bootstrap.classloading.PathTreeClassPathElement[com.ongres.stringprep:saslprep /home/martin/.m2/repository/com/ongres/stringprep/saslprep/2.2/saslprep-2.2.jar runtime=true resources=19] to QuarkusClassLoader Augmentation Class Loader: TEST for JUnitQuarkusTest-space.maatini.eventsourcing.TestProfile (QuarkusTest)
22:00:21 DEBUG [io.qu.bo.cl.QuarkusClassLoader] Adding normal priority element io.quarkus.bootstrap.classloading.PathTreeClassPathElement[com.ongres.stringprep:stringprep /home/martin/.m2/repository/com/ongres/stringprep/stringprep/2.2/stringprep-2.2.jar runtime=true resources=22] to QuarkusClassLoader Augmentation Class Loader: TEST for JUnitQuarkusTest-space.maatini.eventsourcing.TestProfile (QuarkusTest)
22:00:21 DEBUG [io.qu.bo.cl.QuarkusClassLoader] Adding normal priority element io.quarkus.bootstrap.classloading.PathTreeClassPathElement[io.smallrye.reactive:smallrye-mutiny-vertx-pg-client /home/martin/.m2/repository/io/smallrye/reactive/smallrye-mutiny-vertx-pg-client/3.21.5/smallrye-mutiny-vertx-pg-client-3.21.5.jar runtime=true resources=19] to QuarkusClassLoader Augmentation Class Loader: TEST for JUnitQuarkusTest-space.maatini.eventsourcing.TestProfile (QuarkusTest)
22:00:21 DEBUG [io.qu.bo.cl.QuarkusClassLoader] Adding normal priority element io.quarkus.bootstrap.classloading.PathTreeClassPathElement[io.smallrye.reactive:smallrye-mutiny-vertx-sql-client /home/martin/.m2/repository/io/smallrye/reactive/smallrye-mutiny-vertx-sql-client/3.21.5/smallrye-mutiny-vertx-sql-client-3.21.5.jar runtime=true resources=39] to QuarkusClassLoader Augmentation Class Loader: TEST for JUnitQuarkusTest-space.maatini.eventsourcing.TestProfile (QuarkusTest)
22:00:21 DEBUG [io.qu.bo.cl.QuarkusClassLoader] Adding normal priority element io.quarkus.bootstrap.classloading.PathTreeClassPathElement[io.quarkus:quarkus-credentials /home/martin/.m2/repository/io/quarkus/quarkus-credentials/3.31.4/quarkus-credentials-3.31.4.jar runtime=true resources=14] to QuarkusClassLoader Augmentation Class Loader: TEST for JUnitQuarkusTest-space.maatini.eventsourcing.TestProfile (QuarkusTest)
22:00:21 DEBUG [io.qu.bo.cl.QuarkusClassLoader] Adding normal priority element io.quarkus.bootstrap.classloading.PathTreeClassPathElement[io.quarkus:quarkus-hibernate-validator /home/martin/.m2/repository/io/quarkus/quarkus-hibernate-validator/3.31.4/quarkus-hibernate-validator-3.31.4.jar runtime=true resources=78] to QuarkusClassLoader Augmentation Class Loader: TEST for JUnitQuarkusTest-space.maatini.eventsourcing.TestProfile (QuarkusTest)
22:00:21 DEBUG [io.qu.bo.cl.QuarkusClassLoader] Adding normal priority element io.quarkus.bootstrap.classloading.PathTreeClassPathElement[org.hibernate.validator:hibernate-validator /home/martin/.m2/repository/org/hibernate/validator/hibernate-validator/9.1.0.Final/hibernate-validator-9.1.0.Final.jar runtime=true resources=1133] to QuarkusClassLoader Augmentation Class Loader: TEST for JUnitQuarkusTest-space.maatini.eventsourcing.TestProfile (QuarkusTest)
22:00:21 DEBUG [io.qu.bo.cl.QuarkusClassLoader] Adding normal priority element io.quarkus.bootstrap.classloading.PathTreeClassPathElement[jakarta.validation:jakarta.validation-api /home/martin/.m2/repository/jakarta/validation/jakarta.validation-api/3.1.1/jakarta.validation-api-3.1.1.jar runtime=true resources=180] to QuarkusClassLoader Augmentation Class Loader: TEST for JUnitQuarkusTest-space.maatini.eventsourcing.TestProfile (QuarkusTest)
22:00:21 DEBUG [io.qu.bo.cl.QuarkusClassLoader] Adding normal priority element io.quarkus.bootstrap.classloading.PathTreeClassPathElement[com.fasterxml:classmate /home/martin/.m2/repository/com/fasterxml/classmate/1.7.1/classmate-1.7.1.jar runtime=true resources=59] to QuarkusClassLoader Augmentation Class Loader: TEST for JUnitQuarkusTest-space.maatini.eventsourcing.TestProfile (QuarkusTest)
22:00:21 DEBUG [io.qu.bo.cl.QuarkusClassLoader] Adding normal priority element io.quarkus.bootstrap.classloading.PathTreeClassPathElement[org.glassfish.expressly:expressly /home/martin/.m2/repository/org/glassfish/expressly/expressly/6.0.0/expressly-6.0.0.jar runtime=true resources=131] to QuarkusClassLoader Augmentation Class Loader: TEST for JUnitQuarkusTest-space.maatini.eventsourcing.TestProfile (QuarkusTest)
22:00:21 DEBUG [io.qu.bo.cl.QuarkusClassLoader] Adding normal priority element io.quarkus.bootstrap.classloading.PathTreeClassPathElement[jakarta.el:jakarta.el-api /home/martin/.m2/repository/jakarta/el/jakarta.el-api/6.0.1/jakarta.el-api-6.0.1.jar runtime=true resources=70] to QuarkusClassLoader Augmentation Class Loader: TEST for JUnitQuarkusTest-space.maatini.eventsourcing.TestProfile (QuarkusTest)
22:00:21 DEBUG [io.qu.bo.cl.QuarkusClassLoader] Adding normal priority element io.quarkus.bootstrap.classloading.PathTreeClassPathElement[io.smallrye.config:smallrye-config-validator /home/martin/.m2/repository/io/smallrye/config/smallrye-config-validator/3.15.1/smallrye-config-validator-3.15.1.jar runtime=true resources=13] to QuarkusClassLoader Augmentation Class Loader: TEST for JUnitQuarkusTest-space.maatini.eventsourcing.TestProfile (QuarkusTest)
22:00:21 DEBUG [io.qu.bo.cl.QuarkusClassLoader] Adding normal priority element io.quarkus.bootstrap.classloading.PathTreeClassPathElement[jakarta.ws.rs:jakarta.ws.rs-api /home/martin/.m2/repository/jakarta/ws/rs/jakarta.ws.rs-api/3.1.0/jakarta.ws.rs-api-3.1.0.jar runtime=true resources=167] to QuarkusClassLoader Augmentation Class Loader: TEST for JUnitQuarkusTest-space.maatini.eventsourcing.TestProfile (QuarkusTest)
22:00:21 DEBUG [io.qu.bo.cl.QuarkusClassLoader] Adding normal priority element io.quarkus.bootstrap.classloading.PathTreeClassPathElement[io.quarkus:quarkus-smallrye-health /home/martin/.m2/repository/io/quarkus/quarkus-smallrye-health/3.31.4/quarkus-smallrye-health-3.31.4.jar runtime=true resources=38] to QuarkusClassLoader Augmentation Class Loader: TEST for JUnitQuarkusTest-space.maatini.eventsourcing.TestProfile (QuarkusTest)
22:00:21 DEBUG [io.qu.bo.cl.QuarkusClassLoader] Adding normal priority element io.quarkus.bootstrap.classloading.PathTreeClassPathElement[io.smallrye:smallrye-health /home/martin/.m2/repository/io/smallrye/smallrye-health/4.3.0/smallrye-health-4.3.0.jar runtime=true resources=34] to QuarkusClassLoader Augmentation Class Loader: TEST for JUnitQuarkusTest-space.maatini.eventsourcing.TestProfile (QuarkusTest)
22:00:21 DEBUG [io.qu.bo.cl.QuarkusClassLoader] Adding normal priority element io.quarkus.bootstrap.classloading.PathTreeClassPathElement[org.eclipse.microprofile.health:microprofile-health-api /home/martin/.m2/repository/org/eclipse/microprofile/health/microprofile-health-api/4.0.1/microprofile-health-api-4.0.1.jar runtime=true resources=27] to QuarkusClassLoader Augmentation Class Loader: TEST for JUnitQuarkusTest-space.maatini.eventsourcing.TestProfile (QuarkusTest)
22:00:21 DEBUG [io.qu.bo.cl.QuarkusClassLoader] Adding normal priority element io.quarkus.bootstrap.classloading.PathTreeClassPathElement[io.smallrye:smallrye-health-api /home/martin/.m2/repository/io/smallrye/smallrye-health-api/4.3.0/smallrye-health-api-4.3.0.jar runtime=true resources=21] to QuarkusClassLoader Augmentation Class Loader: TEST for JUnitQuarkusTest-space.maatini.eventsourcing.TestProfile (QuarkusTest)
22:00:21 DEBUG [io.qu.bo.cl.QuarkusClassLoader] Adding parent first element io.quarkus.bootstrap.classloading.PathTreeClassPathElement[jakarta.json:jakarta.json-api /home/martin/.m2/repository/jakarta/json/jakarta.json-api/2.1.3/jakarta.json-api-2.1.3.jar runtime=true resources=50] to QuarkusClassLoader Augmentation Class Loader: TEST for JUnitQuarkusTest-space.maatini.eventsourcing.TestProfile (QuarkusTest)
22:00:21 DEBUG [io.qu.bo.cl.QuarkusClassLoader] Adding normal priority element io.quarkus.bootstrap.classloading.PathTreeClassPathElement[jakarta.json:jakarta.json-api /home/martin/.m2/repository/jakarta/json/jakarta.json-api/2.1.3/jakarta.json-api-2.1.3.jar runtime=true resources=50] to QuarkusClassLoader Augmentation Class Loader: TEST for JUnitQuarkusTest-space.maatini.eventsourcing.TestProfile (QuarkusTest)
22:00:21 DEBUG [io.qu.bo.cl.QuarkusClassLoader] Adding normal priority element io.quarkus.bootstrap.classloading.PathTreeClassPathElement[io.smallrye:smallrye-health-provided-checks /home/martin/.m2/repository/io/smallrye/smallrye-health-provided-checks/4.3.0/smallrye-health-provided-checks-4.3.0.jar runtime=true resources=24] to QuarkusClassLoader Augmentation Class Loader: TEST for JUnitQuarkusTest-space.maatini.eventsourcing.TestProfile (QuarkusTest)
22:00:21 DEBUG [io.qu.bo.cl.QuarkusClassLoader] Adding normal priority element io.quarkus.bootstrap.classloading.PathTreeClassPathElement[io.quarkus:quarkus-vertx-http /home/martin/.m2/repository/io/quarkus/quarkus-vertx-http/3.31.4/quarkus-vertx-http-3.31.4.jar runtime=true resources=505] to QuarkusClassLoader Augmentation Class Loader: TEST for JUnitQuarkusTest-space.maatini.eventsourcing.TestProfile (QuarkusTest)
22:00:21 DEBUG [io.qu.bo.cl.QuarkusClassLoader] Adding normal priority element io.quarkus.bootstrap.classloading.PathTreeClassPathElement[io.quarkus:quarkus-tls-registry /home/martin/.m2/repository/io/quarkus/quarkus-tls-registry/3.31.4/quarkus-tls-registry-3.31.4.jar runtime=true resources=73] to QuarkusClassLoader Augmentation Class Loader: TEST for JUnitQuarkusTest-space.maatini.eventsourcing.TestProfile (QuarkusTest)
22:00:21 DEBUG [io.qu.bo.cl.QuarkusClassLoader] Adding normal priority element io.quarkus.bootstrap.classloading.PathTreeClassPathElement[io.quarkus:quarkus-tls-registry-spi /home/martin/.m2/repository/io/quarkus/quarkus-tls-registry-spi/3.31.4/quarkus-tls-registry-spi-3.31.4.jar runtime=true resources=15] to QuarkusClassLoader Augmentation Class Loader: TEST for JUnitQuarkusTest-space.maatini.eventsourcing.TestProfile (QuarkusTest)
22:00:21 DEBUG [io.qu.bo.cl.QuarkusClassLoader] Adding normal priority element io.quarkus.bootstrap.classloading.PathTreeClassPathElement[io.smallrye.certs:smallrye-private-key-pem-parser /home/martin/.m2/repository/io/smallrye/certs/smallrye-private-key-pem-parser/0.9.2/smallrye-private-key-pem-parser-0.9.2.jar runtime=true resources=24] to QuarkusClassLoader Augmentation Class Loader: TEST for JUnitQuarkusTest-space.maatini.eventsourcing.TestProfile (QuarkusTest)
22:00:21 DEBUG [io.qu.bo.cl.QuarkusClassLoader] Adding normal priority element io.quarkus.bootstrap.classloading.PathTreeClassPathElement[io.quarkus.security:quarkus-security /home/martin/.m2/repository/io/quarkus/security/quarkus-security/2.3.2/quarkus-security-2.3.2.jar runtime=true resources=45] to QuarkusClassLoader Augmentation Class Loader: TEST for JUnitQuarkusTest-space.maatini.eventsourcing.TestProfile (QuarkusTest)
22:00:21 DEBUG [io.qu.bo.cl.QuarkusClassLoader] Adding normal priority element io.quarkus.bootstrap.classloading.PathTreeClassPathElement[io.smallrye.reactive:smallrye-mutiny-vertx-web /home/martin/.m2/repository/io/smallrye/reactive/smallrye-mutiny-vertx-web/3.21.5/smallrye-mutiny-vertx-web-3.21.5.jar runtime=true resources=79] to QuarkusClassLoader Augmentation Class Loader: TEST for JUnitQuarkusTest-space.maatini.eventsourcing.TestProfile (QuarkusTest)
22:00:21 DEBUG [io.qu.bo.cl.QuarkusClassLoader] Adding normal priority element io.quarkus.bootstrap.classloading.PathTreeClassPathElement[io.smallrye.reactive:smallrye-mutiny-vertx-web-common /home/martin/.m2/repository/io/smallrye/reactive/smallrye-mutiny-vertx-web-common/3.21.5/smallrye-mutiny-vertx-web-common-3.21.5.jar runtime=true resources=23] to QuarkusClassLoader Augmentation Class Loader: TEST for JUnitQuarkusTest-space.maatini.eventsourcing.TestProfile (QuarkusTest)
22:00:21 DEBUG [io.qu.bo.cl.QuarkusClassLoader] Adding normal priority element io.quarkus.bootstrap.classloading.PathTreeClassPathElement[io.smallrye.reactive:smallrye-mutiny-vertx-auth-common /home/martin/.m2/repository/io/smallrye/reactive/smallrye-mutiny-vertx-auth-common/3.21.5/smallrye-mutiny-vertx-auth-common-3.21.5.jar runtime=true resources=34] to QuarkusClassLoader Augmentation Class Loader: TEST for JUnitQuarkusTest-space.maatini.eventsourcing.TestProfile (QuarkusTest)
22:00:21 DEBUG [io.qu.bo.cl.QuarkusClassLoader] Adding normal priority element io.quarkus.bootstrap.classloading.PathTreeClassPathElement[io.smallrye.reactive:smallrye-mutiny-vertx-bridge-common /home/martin/.m2/repository/io/smallrye/reactive/smallrye-mutiny-vertx-bridge-common/3.21.5/smallrye-mutiny-vertx-bridge-common-3.21.5.jar runtime=true resources=14] to QuarkusClassLoader Augmentation Class Loader: TEST for JUnitQuarkusTest-space.maatini.eventsourcing.TestProfile (QuarkusTest)
22:00:21 DEBUG [io.qu.bo.cl.QuarkusClassLoader] Adding normal priority element io.quarkus.bootstrap.classloading.PathTreeClassPathElement[io.smallrye.reactive:smallrye-mutiny-vertx-uri-template /home/martin/.m2/repository/io/smallrye/reactive/smallrye-mutiny-vertx-uri-template/3.21.5/smallrye-mutiny-vertx-uri-template-3.21.5.jar runtime=true resources=14] to QuarkusClassLoader Augmentation Class Loader: TEST for JUnitQuarkusTest-space.maatini.eventsourcing.TestProfile (QuarkusTest)
22:00:21 DEBUG [io.qu.bo.cl.QuarkusClassLoader] Adding normal priority element io.quarkus.bootstrap.classloading.PathTreeClassPathElement[io.vertx:vertx-uri-template /home/martin/.m2/repository/io/vertx/vertx-uri-template/4.5.25/vertx-uri-template-4.5.25.jar runtime=true resources=40] to QuarkusClassLoader Augmentation Class Loader: TEST for JUnitQuarkusTest-space.maatini.eventsourcing.TestProfile (QuarkusTest)
22:00:21 DEBUG [io.qu.bo.cl.QuarkusClassLoader] Adding normal priority element io.quarkus.bootstrap.classloading.PathTreeClassPathElement[io.vertx:vertx-web /home/martin/.m2/repository/io/vertx/vertx-web/4.5.25/vertx-web-4.5.25.jar runtime=true resources=199] to QuarkusClassLoader Augmentation Class Loader: TEST for JUnitQuarkusTest-space.maatini.eventsourcing.TestProfile (QuarkusTest)
22:00:21 DEBUG [io.qu.bo.cl.QuarkusClassLoader] Adding normal priority element io.quarkus.bootstrap.classloading.PathTreeClassPathElement[io.vertx:vertx-web-common /home/martin/.m2/repository/io/vertx/vertx-web-common/4.5.25/vertx-web-common-4.5.25.jar runtime=true resources=44] to QuarkusClassLoader Augmentation Class Loader: TEST for JUnitQuarkusTest-space.maatini.eventsourcing.TestProfile (QuarkusTest)
22:00:21 DEBUG [io.qu.bo.cl.QuarkusClassLoader] Adding normal priority element io.quarkus.bootstrap.classloading.PathTreeClassPathElement[io.vertx:vertx-auth-common /home/martin/.m2/repository/io/vertx/vertx-auth-common/4.5.25/vertx-auth-common-4.5.25.jar runtime=true resources=109] to QuarkusClassLoader Augmentation Class Loader: TEST for JUnitQuarkusTest-space.maatini.eventsourcing.TestProfile (QuarkusTest)
22:00:21 DEBUG [io.qu.bo.cl.QuarkusClassLoader] Adding normal priority element io.quarkus.bootstrap.classloading.PathTreeClassPathElement[io.vertx:vertx-bridge-common /home/martin/.m2/repository/io/vertx/vertx-bridge-common/4.5.25/vertx-bridge-common-4.5.25.jar runtime=true resources=19] to QuarkusClassLoader Augmentation Class Loader: TEST for JUnitQuarkusTest-space.maatini.eventsourcing.TestProfile (QuarkusTest)
22:00:21 DEBUG [io.qu.bo.cl.QuarkusClassLoader] Adding normal priority element io.quarkus.bootstrap.classloading.PathTreeClassPathElement[org.crac:crac /home/martin/.m2/repository/org/crac/crac/1.5.0/crac-1.5.0.jar runtime=true resources=24] to QuarkusClassLoader Augmentation Class Loader: TEST for JUnitQuarkusTest-space.maatini.eventsourcing.TestProfile (QuarkusTest)
22:00:21 DEBUG [io.qu.bo.cl.QuarkusClassLoader] Adding normal priority element io.quarkus.bootstrap.classloading.PathTreeClassPathElement[com.aayushatharva.brotli4j:brotli4j /home/martin/.m2/repository/com/aayushatharva/brotli4j/brotli4j/1.16.0/brotli4j-1.16.0.jar runtime=true resources=51] to QuarkusClassLoader Augmentation Class Loader: TEST for JUnitQuarkusTest-space.maatini.eventsourcing.TestProfile (QuarkusTest)
22:00:21 DEBUG [io.qu.bo.cl.QuarkusClassLoader] Adding normal priority element io.quarkus.bootstrap.classloading.PathTreeClassPathElement[com.aayushatharva.brotli4j:service /home/martin/.m2/repository/com/aayushatharva/brotli4j/service/1.16.0/service-1.16.0.jar runtime=true resources=16] to QuarkusClassLoader Augmentation Class Loader: TEST for JUnitQuarkusTest-space.maatini.eventsourcing.TestProfile (QuarkusTest)
22:00:21 DEBUG [io.qu.bo.cl.QuarkusClassLoader] Adding normal priority element io.quarkus.bootstrap.classloading.PathTreeClassPathElement[com.aayushatharva.brotli4j:native-linux-x86_64 /home/martin/.m2/repository/com/aayushatharva/brotli4j/native-linux-x86_64/1.16.0/native-linux-x86_64-1.16.0.jar runtime=true resources=20] to QuarkusClassLoader Augmentation Class Loader: TEST for JUnitQuarkusTest-space.maatini.eventsourcing.TestProfile (QuarkusTest)
22:00:21 DEBUG [io.qu.bo.cl.QuarkusClassLoader] Adding normal priority element io.quarkus.bootstrap.classloading.PathTreeClassPathElement[io.quarkus:quarkus-jsonp /home/martin/.m2/repository/io/quarkus/quarkus-jsonp/3.31.4/quarkus-jsonp-3.31.4.jar runtime=true resources=14] to QuarkusClassLoader Augmentation Class Loader: TEST for JUnitQuarkusTest-space.maatini.eventsourcing.TestProfile (QuarkusTest)
22:00:21 DEBUG [io.qu.bo.cl.QuarkusClassLoader] Adding parent first element io.quarkus.bootstrap.classloading.PathTreeClassPathElement[org.eclipse.parsson:parsson /home/martin/.m2/repository/org/eclipse/parsson/parsson/1.1.7/parsson-1.1.7.jar runtime=true resources=85] to QuarkusClassLoader Augmentation Class Loader: TEST for JUnitQuarkusTest-space.maatini.eventsourcing.TestProfile (QuarkusTest)
22:00:21 DEBUG [io.qu.bo.cl.QuarkusClassLoader] Adding normal priority element io.quarkus.bootstrap.classloading.PathTreeClassPathElement[org.eclipse.parsson:parsson /home/martin/.m2/repository/org/eclipse/parsson/parsson/1.1.7/parsson-1.1.7.jar runtime=true resources=85] to QuarkusClassLoader Augmentation Class Loader: TEST for JUnitQuarkusTest-space.maatini.eventsourcing.TestProfile (QuarkusTest)
22:00:21 DEBUG [io.qu.bo.cl.QuarkusClassLoader] Adding normal priority element io.quarkus.bootstrap.classloading.PathTreeClassPathElement[io.quarkus:quarkus-smallrye-openapi /home/martin/.m2/repository/io/quarkus/quarkus-smallrye-openapi/3.31.4/quarkus-smallrye-openapi-3.31.4.jar runtime=true resources=49] to QuarkusClassLoader Augmentation Class Loader: TEST for JUnitQuarkusTest-space.maatini.eventsourcing.TestProfile (QuarkusTest)
22:00:21 DEBUG [io.qu.bo.cl.QuarkusClassLoader] Adding normal priority element io.quarkus.bootstrap.classloading.PathTreeClassPathElement[io.smallrye:smallrye-open-api-core /home/martin/.m2/repository/io/smallrye/smallrye-open-api-core/4.2.4/smallrye-open-api-core-4.2.4.jar runtime=true resources=375] to QuarkusClassLoader Augmentation Class Loader: TEST for JUnitQuarkusTest-space.maatini.eventsourcing.TestProfile (QuarkusTest)
22:00:21 DEBUG [io.qu.bo.cl.QuarkusClassLoader] Adding normal priority element io.quarkus.bootstrap.classloading.PathTreeClassPathElement[org.eclipse.microprofile.openapi:microprofile-openapi-api /home/martin/.m2/repository/org/eclipse/microprofile/openapi/microprofile-openapi-api/4.1.1/microprofile-openapi-api-4.1.1.jar runtime=true resources=169] to QuarkusClassLoader Augmentation Class Loader: TEST for JUnitQuarkusTest-space.maatini.eventsourcing.TestProfile (QuarkusTest)
22:00:21 DEBUG [io.qu.bo.cl.QuarkusClassLoader] Adding normal priority element io.quarkus.bootstrap.classloading.PathTreeClassPathElement[org.eclipse.microprofile.config:microprofile-config-api /home/martin/.m2/repository/org/eclipse/microprofile/config/microprofile-config-api/3.1/microprofile-config-api-3.1.jar runtime=true resources=29] to QuarkusClassLoader Augmentation Class Loader: TEST for JUnitQuarkusTest-space.maatini.eventsourcing.TestProfile (QuarkusTest)
22:00:21 DEBUG [io.qu.bo.cl.QuarkusClassLoader] Adding normal priority element io.quarkus.bootstrap.classloading.PathTreeClassPathElement[io.smallrye:smallrye-open-api-model /home/martin/.m2/repository/io/smallrye/smallrye-open-api-model/4.2.4/smallrye-open-api-model-4.2.4.jar runtime=true resources=28] to QuarkusClassLoader Augmentation Class Loader: TEST for JUnitQuarkusTest-space.maatini.eventsourcing.TestProfile (QuarkusTest)
22:00:21 DEBUG [io.qu.bo.cl.QuarkusClassLoader] Adding normal priority element io.quarkus.bootstrap.classloading.PathTreeClassPathElement[com.fasterxml.jackson.core:jackson-core /home/martin/.m2/repository/com/fasterxml/jackson/core/jackson-core/2.20.1/jackson-core-2.20.1.jar runtime=true resources=287] to QuarkusClassLoader Augmentation Class Loader: TEST for JUnitQuarkusTest-space.maatini.eventsourcing.TestProfile (QuarkusTest)
22:00:21 DEBUG [io.qu.bo.cl.QuarkusClassLoader] Adding normal priority element io.quarkus.bootstrap.classloading.PathTreeClassPathElement[com.fasterxml.jackson.core:jackson-databind /home/martin/.m2/repository/com/fasterxml/jackson/core/jackson-databind/2.20.1/jackson-databind-2.20.1.jar runtime=true resources=849] to QuarkusClassLoader Augmentation Class Loader: TEST for JUnitQuarkusTest-space.maatini.eventsourcing.TestProfile (QuarkusTest)
22:00:21 DEBUG [io.qu.bo.cl.QuarkusClassLoader] Adding normal priority element io.quarkus.bootstrap.classloading.PathTreeClassPathElement[com.fasterxml.jackson.core:jackson-annotations /home/martin/.m2/repository/com/fasterxml/jackson/core/jackson-annotations/2.20/jackson-annotations-2.20.jar runtime=true resources=87] to QuarkusClassLoader Augmentation Class Loader: TEST for JUnitQuarkusTest-space.maatini.eventsourcing.TestProfile (QuarkusTest)
22:00:21 DEBUG [io.qu.bo.cl.QuarkusClassLoader] Adding normal priority element io.quarkus.bootstrap.classloading.PathTreeClassPathElement[com.fasterxml.jackson.dataformat:jackson-dataformat-yaml /home/martin/.m2/repository/com/fasterxml/jackson/dataformat/jackson-dataformat-yaml/2.20.1/jackson-dataformat-yaml-2.20.1.jar runtime=true resources=47] to QuarkusClassLoader Augmentation Class Loader: TEST for JUnitQuarkusTest-space.maatini.eventsourcing.TestProfile (QuarkusTest)
22:00:21 DEBUG [io.qu.bo.cl.QuarkusClassLoader] Adding normal priority element io.quarkus.bootstrap.classloading.PathTreeClassPathElement[org.yaml:snakeyaml /home/martin/.m2/repository/org/yaml/snakeyaml/2.5/snakeyaml-2.5.jar runtime=true resources=282] to QuarkusClassLoader Augmentation Class Loader: TEST for JUnitQuarkusTest-space.maatini.eventsourcing.TestProfile (QuarkusTest)
22:00:21 DEBUG [io.qu.bo.cl.QuarkusClassLoader] Adding normal priority element io.quarkus.bootstrap.classloading.PathTreeClassPathElement[io.smallrye:jandex /home/martin/.m2/repository/io/smallrye/jandex/3.5.3/jandex-3.5.3.jar runtime=true resources=217] to QuarkusClassLoader Augmentation Class Loader: TEST for JUnitQuarkusTest-space.maatini.eventsourcing.TestProfile (QuarkusTest)
22:00:21 DEBUG [io.qu.bo.cl.QuarkusClassLoader] Adding normal priority element io.quarkus.bootstrap.classloading.PathTreeClassPathElement[io.smallrye.common:smallrye-common-classloader /home/martin/.m2/repository/io/smallrye/common/smallrye-common-classloader/2.15.0/smallrye-common-classloader-2.15.0.jar runtime=true resources=16] to QuarkusClassLoader Augmentation Class Loader: TEST for JUnitQuarkusTest-space.maatini.eventsourcing.TestProfile (QuarkusTest)
22:00:21 DEBUG [io.qu.bo.cl.QuarkusClassLoader] Adding normal priority element io.quarkus.bootstrap.classloading.PathTreeClassPathElement[io.quarkus:quarkus-swagger-ui /home/martin/.m2/repository/io/quarkus/quarkus-swagger-ui/3.31.4/quarkus-swagger-ui-3.31.4.jar runtime=true resources=22] to QuarkusClassLoader Augmentation Class Loader: TEST for JUnitQuarkusTest-space.maatini.eventsourcing.TestProfile (QuarkusTest)
22:00:21 DEBUG [io.qu.bo.cl.QuarkusClassLoader] Adding normal priority element io.quarkus.bootstrap.classloading.PathTreeClassPathElement[io.quarkus:quarkus-micrometer-registry-prometheus /home/martin/.m2/repository/io/quarkus/quarkus-micrometer-registry-prometheus/3.31.4/quarkus-micrometer-registry-prometheus-3.31.4.jar runtime=true resources=10] to QuarkusClassLoader Augmentation Class Loader: TEST for JUnitQuarkusTest-space.maatini.eventsourcing.TestProfile (QuarkusTest)
22:00:21 DEBUG [io.qu.bo.cl.QuarkusClassLoader] Adding normal priority element io.quarkus.bootstrap.classloading.PathTreeClassPathElement[io.quarkus:quarkus-micrometer /home/martin/.m2/repository/io/quarkus/quarkus-micrometer/3.31.4/quarkus-micrometer-3.31.4.jar runtime=true resources=195] to QuarkusClassLoader Augmentation Class Loader: TEST for JUnitQuarkusTest-space.maatini.eventsourcing.TestProfile (QuarkusTest)
22:00:21 DEBUG [io.qu.bo.cl.QuarkusClassLoader] Adding normal priority element io.quarkus.bootstrap.classloading.PathTreeClassPathElement[io.micrometer:micrometer-core /home/martin/.m2/repository/io/micrometer/micrometer-core/1.16.3/micrometer-core-1.16.3.jar runtime=true resources=643] to QuarkusClassLoader Augmentation Class Loader: TEST for JUnitQuarkusTest-space.maatini.eventsourcing.TestProfile (QuarkusTest)
22:00:21 DEBUG [io.qu.bo.cl.QuarkusClassLoader] Adding normal priority element io.quarkus.bootstrap.classloading.PathTreeClassPathElement[io.micrometer:micrometer-commons /home/martin/.m2/repository/io/micrometer/micrometer-commons/1.16.3/micrometer-commons-1.16.3.jar runtime=true resources=54] to QuarkusClassLoader Augmentation Class Loader: TEST for JUnitQuarkusTest-space.maatini.eventsourcing.TestProfile (QuarkusTest)
22:00:21 DEBUG [io.qu.bo.cl.QuarkusClassLoader] Adding normal priority element io.quarkus.bootstrap.classloading.PathTreeClassPathElement[io.micrometer:micrometer-observation /home/martin/.m2/repository/io/micrometer/micrometer-observation/1.16.3/micrometer-observation-1.16.3.jar runtime=true resources=82] to QuarkusClassLoader Augmentation Class Loader: TEST for JUnitQuarkusTest-space.maatini.eventsourcing.TestProfile (QuarkusTest)
22:00:21 DEBUG [io.qu.bo.cl.QuarkusClassLoader] Adding normal priority element io.quarkus.bootstrap.classloading.PathTreeClassPathElement[org.hdrhistogram:HdrHistogram /home/martin/.m2/repository/org/hdrhistogram/HdrHistogram/2.2.2/HdrHistogram-2.2.2.jar runtime=true resources=108] to QuarkusClassLoader Augmentation Class Loader: TEST for JUnitQuarkusTest-space.maatini.eventsourcing.TestProfile (QuarkusTest)
22:00:21 DEBUG [io.qu.bo.cl.QuarkusClassLoader] Adding normal priority element io.quarkus.bootstrap.classloading.PathTreeClassPathElement[org.latencyutils:LatencyUtils /home/martin/.m2/repository/org/latencyutils/LatencyUtils/2.0.3/LatencyUtils-2.0.3.jar runtime=true resources=31] to QuarkusClassLoader Augmentation Class Loader: TEST for JUnitQuarkusTest-space.maatini.eventsourcing.TestProfile (QuarkusTest)
22:00:21 DEBUG [io.qu.bo.cl.QuarkusClassLoader] Adding normal priority element io.quarkus.bootstrap.classloading.PathTreeClassPathElement[io.micrometer:micrometer-registry-prometheus-simpleclient /home/martin/.m2/repository/io/micrometer/micrometer-registry-prometheus-simpleclient/1.16.3/micrometer-registry-prometheus-simpleclient-1.16.3.jar runtime=true resources=29] to QuarkusClassLoader Augmentation Class Loader: TEST for JUnitQuarkusTest-space.maatini.eventsourcing.TestProfile (QuarkusTest)
22:00:21 DEBUG [io.qu.bo.cl.QuarkusClassLoader] Adding normal priority element io.quarkus.bootstrap.classloading.PathTreeClassPathElement[org.jspecify:jspecify /home/martin/.m2/repository/org/jspecify/jspecify/1.0.0/jspecify-1.0.0.jar runtime=true resources=17] to QuarkusClassLoader Augmentation Class Loader: TEST for JUnitQuarkusTest-space.maatini.eventsourcing.TestProfile (QuarkusTest)
22:00:21 DEBUG [io.qu.bo.cl.QuarkusClassLoader] Adding normal priority element io.quarkus.bootstrap.classloading.PathTreeClassPathElement[io.prometheus:simpleclient_common /home/martin/.m2/repository/io/prometheus/simpleclient_common/0.16.0/simpleclient_common-0.16.0.jar runtime=true resources=14] to QuarkusClassLoader Augmentation Class Loader: TEST for JUnitQuarkusTest-space.maatini.eventsourcing.TestProfile (QuarkusTest)
22:00:21 DEBUG [io.qu.bo.cl.QuarkusClassLoader] Adding normal priority element io.quarkus.bootstrap.classloading.PathTreeClassPathElement[io.prometheus:simpleclient /home/martin/.m2/repository/io/prometheus/simpleclient/0.16.0/simpleclient-0.16.0.jar runtime=true resources=78] to QuarkusClassLoader Augmentation Class Loader: TEST for JUnitQuarkusTest-space.maatini.eventsourcing.TestProfile (QuarkusTest)
22:00:21 DEBUG [io.qu.bo.cl.QuarkusClassLoader] Adding normal priority element io.quarkus.bootstrap.classloading.PathTreeClassPathElement[io.prometheus:simpleclient_tracer_otel /home/martin/.m2/repository/io/prometheus/simpleclient_tracer_otel/0.16.0/simpleclient_tracer_otel-0.16.0.jar runtime=true resources=14] to QuarkusClassLoader Augmentation Class Loader: TEST for JUnitQuarkusTest-space.maatini.eventsourcing.TestProfile (QuarkusTest)
22:00:21 DEBUG [io.qu.bo.cl.QuarkusClassLoader] Adding normal priority element io.quarkus.bootstrap.classloading.PathTreeClassPathElement[io.prometheus:simpleclient_tracer_common /home/martin/.m2/repository/io/prometheus/simpleclient_tracer_common/0.16.0/simpleclient_tracer_common-0.16.0.jar runtime=true resources=14] to QuarkusClassLoader Augmentation Class Loader: TEST for JUnitQuarkusTest-space.maatini.eventsourcing.TestProfile (QuarkusTest)
22:00:21 DEBUG [io.qu.bo.cl.QuarkusClassLoader] Adding normal priority element io.quarkus.bootstrap.classloading.PathTreeClassPathElement[io.prometheus:simpleclient_tracer_otel_agent /home/martin/.m2/repository/io/prometheus/simpleclient_tracer_otel_agent/0.16.0/simpleclient_tracer_otel_agent-0.16.0.jar runtime=true resources=14] to QuarkusClassLoader Augmentation Class Loader: TEST for JUnitQuarkusTest-space.maatini.eventsourcing.TestProfile (QuarkusTest)
22:00:21 DEBUG [io.qu.bo.cl.QuarkusClassLoader] Adding normal priority element io.quarkus.bootstrap.classloading.PathTreeClassPathElement[io.quarkus:quarkus-scheduler /home/martin/.m2/repository/io/quarkus/quarkus-scheduler/3.31.4/quarkus-scheduler-3.31.4.jar runtime=true resources=40] to QuarkusClassLoader Augmentation Class Loader: TEST for JUnitQuarkusTest-space.maatini.eventsourcing.TestProfile (QuarkusTest)
22:00:21 DEBUG [io.qu.bo.cl.QuarkusClassLoader] Adding normal priority element io.quarkus.bootstrap.classloading.PathTreeClassPathElement[io.quarkus:quarkus-scheduler-kotlin /home/martin/.m2/repository/io/quarkus/quarkus-scheduler-kotlin/3.31.4/quarkus-scheduler-kotlin-3.31.4.jar runtime=true resources=18] to QuarkusClassLoader Augmentation Class Loader: TEST for JUnitQuarkusTest-space.maatini.eventsourcing.TestProfile (QuarkusTest)
22:00:21 DEBUG [io.qu.bo.cl.QuarkusClassLoader] Adding normal priority element io.quarkus.bootstrap.classloading.PathTreeClassPathElement[io.quarkus:quarkus-scheduler-common /home/martin/.m2/repository/io/quarkus/quarkus-scheduler-common/3.31.4/quarkus-scheduler-common-3.31.4.jar runtime=true resources=42] to QuarkusClassLoader Augmentation Class Loader: TEST for JUnitQuarkusTest-space.maatini.eventsourcing.TestProfile (QuarkusTest)
22:00:21 DEBUG [io.qu.bo.cl.QuarkusClassLoader] Adding normal priority element io.quarkus.bootstrap.classloading.PathTreeClassPathElement[io.quarkus:quarkus-scheduler-api /home/martin/.m2/repository/io/quarkus/quarkus-scheduler-api/3.31.4/quarkus-scheduler-api-3.31.4.jar runtime=true resources=29] to QuarkusClassLoader Augmentation Class Loader: TEST for JUnitQuarkusTest-space.maatini.eventsourcing.TestProfile (QuarkusTest)
22:00:21 DEBUG [io.qu.bo.cl.QuarkusClassLoader] Adding normal priority element io.quarkus.bootstrap.classloading.PathTreeClassPathElement[io.quarkus:quarkus-scheduler-spi /home/martin/.m2/repository/io/quarkus/quarkus-scheduler-spi/3.31.4/quarkus-scheduler-spi-3.31.4.jar runtime=true resources=14] to QuarkusClassLoader Augmentation Class Loader: TEST for JUnitQuarkusTest-space.maatini.eventsourcing.TestProfile (QuarkusTest)
22:00:21 DEBUG [io.qu.bo.cl.QuarkusClassLoader] Adding normal priority element io.quarkus.bootstrap.classloading.PathTreeClassPathElement[io.opentelemetry.instrumentation:opentelemetry-instrumentation-api /home/martin/.m2/repository/io/opentelemetry/instrumentation/opentelemetry-instrumentation-api/2.23.0/opentelemetry-instrumentation-api-2.23.0.jar runtime=true resources=216] to QuarkusClassLoader Augmentation Class Loader: TEST for JUnitQuarkusTest-space.maatini.eventsourcing.TestProfile (QuarkusTest)
22:00:21 DEBUG [io.qu.bo.cl.QuarkusClassLoader] Adding normal priority element io.quarkus.bootstrap.classloading.PathTreeClassPathElement[io.opentelemetry:opentelemetry-api /home/martin/.m2/repository/io/opentelemetry/opentelemetry-api/1.57.0/opentelemetry-api-1.57.0.jar runtime=true resources=185] to QuarkusClassLoader Augmentation Class Loader: TEST for JUnitQuarkusTest-space.maatini.eventsourcing.TestProfile (QuarkusTest)
22:00:21 DEBUG [io.qu.bo.cl.QuarkusClassLoader] Adding normal priority element io.quarkus.bootstrap.classloading.PathTreeClassPathElement[io.opentelemetry:opentelemetry-context /home/martin/.m2/repository/io/opentelemetry/opentelemetry-context/1.57.0/opentelemetry-context-1.57.0.jar runtime=true resources=52] to QuarkusClassLoader Augmentation Class Loader: TEST for JUnitQuarkusTest-space.maatini.eventsourcing.TestProfile (QuarkusTest)
22:00:21 DEBUG [io.qu.bo.cl.QuarkusClassLoader] Adding normal priority element io.quarkus.bootstrap.classloading.PathTreeClassPathElement[io.opentelemetry:opentelemetry-common /home/martin/.m2/repository/io/opentelemetry/opentelemetry-common/1.57.0/opentelemetry-common-1.57.0.jar runtime=true resources=8] to QuarkusClassLoader Augmentation Class Loader: TEST for JUnitQuarkusTest-space.maatini.eventsourcing.TestProfile (QuarkusTest)
22:00:21 DEBUG [io.qu.bo.cl.QuarkusClassLoader] Adding normal priority element io.quarkus.bootstrap.classloading.PathTreeClassPathElement[io.opentelemetry:opentelemetry-api-incubator /home/martin/.m2/repository/io/opentelemetry/opentelemetry-api-incubator/1.57.0-alpha/opentelemetry-api-incubator-1.57.0-alpha.jar runtime=true resources=104] to QuarkusClassLoader Augmentation Class Loader: TEST for JUnitQuarkusTest-space.maatini.eventsourcing.TestProfile (QuarkusTest)
22:00:21 DEBUG [io.qu.bo.cl.QuarkusClassLoader] Adding normal priority element io.quarkus.bootstrap.classloading.PathTreeClassPathElement[io.opentelemetry.semconv:opentelemetry-semconv /home/martin/.m2/repository/io/opentelemetry/semconv/opentelemetry-semconv/1.37.0/opentelemetry-semconv-1.37.0.jar runtime=true resources=30] to QuarkusClassLoader Augmentation Class Loader: TEST for JUnitQuarkusTest-space.maatini.eventsourcing.TestProfile (QuarkusTest)
22:00:21 DEBUG [io.qu.bo.cl.QuarkusClassLoader] Adding normal priority element io.quarkus.bootstrap.classloading.PathTreeClassPathElement[com.cronutils:cron-utils /home/martin/.m2/repository/com/cronutils/cron-utils/9.2.1/cron-utils-9.2.1.jar runtime=true resources=148] to QuarkusClassLoader Augmentation Class Loader: TEST for JUnitQuarkusTest-space.maatini.eventsourcing.TestProfile (QuarkusTest)
22:00:21 DEBUG [io.qu.bo.cl.QuarkusClassLoader] Adding normal priority element io.quarkus.bootstrap.classloading.PathTreeClassPathElement[io.quarkus:quarkus-virtual-threads /home/martin/.m2/repository/io/quarkus/quarkus-virtual-threads/3.31.4/quarkus-virtual-threads-3.31.4.jar runtime=true resources=33] to QuarkusClassLoader Augmentation Class Loader: TEST for JUnitQuarkusTest-space.maatini.eventsourcing.TestProfile (QuarkusTest)
22:00:21 DEBUG [io.qu.bo.cl.QuarkusClassLoader] Adding parent first element io.quarkus.bootstrap.classloading.PathTreeClassPathElement[org.jboss.slf4j:slf4j-jboss-logmanager /home/martin/.m2/repository/org/jboss/slf4j/slf4j-jboss-logmanager/2.0.2.Final/slf4j-jboss-logmanager-2.0.2.Final.jar runtime=true resources=20] to QuarkusClassLoader Augmentation Class Loader: TEST for JUnitQuarkusTest-space.maatini.eventsourcing.TestProfile (QuarkusTest)
22:00:21 DEBUG [io.qu.bo.cl.QuarkusClassLoader] Adding normal priority element io.quarkus.bootstrap.classloading.PathTreeClassPathElement[org.jboss.slf4j:slf4j-jboss-logmanager /home/martin/.m2/repository/org/jboss/slf4j/slf4j-jboss-logmanager/2.0.2.Final/slf4j-jboss-logmanager-2.0.2.Final.jar runtime=true resources=20] to QuarkusClassLoader Augmentation Class Loader: TEST for JUnitQuarkusTest-space.maatini.eventsourcing.TestProfile (QuarkusTest)
22:00:21 DEBUG [io.qu.bo.cl.QuarkusClassLoader] Adding normal priority element io.quarkus.bootstrap.classloading.PathTreeClassPathElement[io.quarkus:quarkus-junit /home/martin/.m2/repository/io/quarkus/quarkus-junit/3.31.4/quarkus-junit-3.31.4.jar runtime=true resources=129] to QuarkusClassLoader Augmentation Class Loader: TEST for JUnitQuarkusTest-space.maatini.eventsourcing.TestProfile (QuarkusTest)
22:00:21 DEBUG [io.qu.bo.cl.QuarkusClassLoader] Adding parent first element io.quarkus.bootstrap.classloading.PathTreeClassPathElement[io.quarkus:quarkus-bootstrap-core /home/martin/.m2/repository/io/quarkus/quarkus-bootstrap-core/3.31.4/quarkus-bootstrap-core-3.31.4.jar runtime=true resources=74] to QuarkusClassLoader Augmentation Class Loader: TEST for JUnitQuarkusTest-space.maatini.eventsourcing.TestProfile (QuarkusTest)
22:00:21 DEBUG [io.qu.bo.cl.QuarkusClassLoader] Adding normal priority element io.quarkus.bootstrap.classloading.PathTreeClassPathElement[io.quarkus:quarkus-bootstrap-core /home/martin/.m2/repository/io/quarkus/quarkus-bootstrap-core/3.31.4/quarkus-bootstrap-core-3.31.4.jar runtime=true resources=74] to QuarkusClassLoader Augmentation Class Loader: TEST for JUnitQuarkusTest-space.maatini.eventsourcing.TestProfile (QuarkusTest)
22:00:21 DEBUG [io.qu.bo.cl.QuarkusClassLoader] Adding parent first element io.quarkus.bootstrap.classloading.PathTreeClassPathElement[io.quarkus:quarkus-classloader-commons /home/martin/.m2/repository/io/quarkus/quarkus-classloader-commons/3.31.4/quarkus-classloader-commons-3.31.4.jar runtime=true resources=13] to QuarkusClassLoader Augmentation Class Loader: TEST for JUnitQuarkusTest-space.maatini.eventsourcing.TestProfile (QuarkusTest)
22:00:21 DEBUG [io.qu.bo.cl.QuarkusClassLoader] Adding normal priority element io.quarkus.bootstrap.classloading.PathTreeClassPathElement[io.quarkus:quarkus-classloader-commons /home/martin/.m2/repository/io/quarkus/quarkus-classloader-commons/3.31.4/quarkus-classloader-commons-3.31.4.jar runtime=true resources=13] to QuarkusClassLoader Augmentation Class Loader: TEST for JUnitQuarkusTest-space.maatini.eventsourcing.TestProfile (QuarkusTest)
22:00:21 DEBUG [io.qu.bo.cl.QuarkusClassLoader] Adding parent first element io.quarkus.bootstrap.classloading.PathTreeClassPathElement[io.quarkus:quarkus-bootstrap-app-model /home/martin/.m2/repository/io/quarkus/quarkus-bootstrap-app-model/3.31.4/quarkus-bootstrap-app-model-3.31.4.jar runtime=true resources=135] to QuarkusClassLoader Augmentation Class Loader: TEST for JUnitQuarkusTest-space.maatini.eventsourcing.TestProfile (QuarkusTest)
22:00:21 DEBUG [io.qu.bo.cl.QuarkusClassLoader] Adding normal priority element io.quarkus.bootstrap.classloading.PathTreeClassPathElement[io.quarkus:quarkus-bootstrap-app-model /home/martin/.m2/repository/io/quarkus/quarkus-bootstrap-app-model/3.31.4/quarkus-bootstrap-app-model-3.31.4.jar runtime=true resources=135] to QuarkusClassLoader Augmentation Class Loader: TEST for JUnitQuarkusTest-space.maatini.eventsourcing.TestProfile (QuarkusTest)
22:00:21 DEBUG [io.qu.bo.cl.QuarkusClassLoader] Adding normal priority element io.quarkus.bootstrap.classloading.PathTreeClassPathElement[io.quarkus:quarkus-bootstrap-json /home/martin/.m2/repository/io/quarkus/quarkus-bootstrap-json/3.31.4/quarkus-bootstrap-json-3.31.4.jar runtime=true resources=31] to QuarkusClassLoader Augmentation Class Loader: TEST for JUnitQuarkusTest-space.maatini.eventsourcing.TestProfile (QuarkusTest)
22:00:21 DEBUG [io.qu.bo.cl.QuarkusClassLoader] Adding parent first element io.quarkus.bootstrap.classloading.PathTreeClassPathElement[io.smallrye.common:smallrye-common-io /home/martin/.m2/repository/io/smallrye/common/smallrye-common-io/2.15.0/smallrye-common-io-2.15.0.jar runtime=true resources=20] to QuarkusClassLoader Augmentation Class Loader: TEST for JUnitQuarkusTest-space.maatini.eventsourcing.TestProfile (QuarkusTest)
22:00:21 DEBUG [io.qu.bo.cl.QuarkusClassLoader] Adding normal priority element io.quarkus.bootstrap.classloading.PathTreeClassPathElement[io.smallrye.common:smallrye-common-io /home/martin/.m2/repository/io/smallrye/common/smallrye-common-io/2.15.0/smallrye-common-io-2.15.0.jar runtime=true resources=20] to QuarkusClassLoader Augmentation Class Loader: TEST for JUnitQuarkusTest-space.maatini.eventsourcing.TestProfile (QuarkusTest)
22:00:21 DEBUG [io.qu.bo.cl.QuarkusClassLoader] Adding normal priority element io.quarkus.bootstrap.classloading.PathTreeClassPathElement[org.eclipse.sisu:org.eclipse.sisu.inject /home/martin/.m2/repository/org/eclipse/sisu/org.eclipse.sisu.inject/0.9.0.M4/org.eclipse.sisu.inject-0.9.0.M4.jar runtime=true resources=281] to QuarkusClassLoader Augmentation Class Loader: TEST for JUnitQuarkusTest-space.maatini.eventsourcing.TestProfile (QuarkusTest)
22:00:21 DEBUG [io.qu.bo.cl.QuarkusClassLoader] Adding normal priority element io.quarkus.bootstrap.classloading.PathTreeClassPathElement[org.ow2.asm:asm /home/martin/.m2/repository/org/ow2/asm/asm/9.9.1/asm-9.9.1.jar runtime=true resources=45] to QuarkusClassLoader Augmentation Class Loader: TEST for JUnitQuarkusTest-space.maatini.eventsourcing.TestProfile (QuarkusTest)
22:00:21 DEBUG [io.qu.bo.cl.QuarkusClassLoader] Adding normal priority element io.quarkus.bootstrap.classloading.PathTreeClassPathElement[io.quarkus:quarkus-test-common /home/martin/.m2/repository/io/quarkus/quarkus-test-common/3.31.4/quarkus-test-common-3.31.4.jar runtime=true resources=113] to QuarkusClassLoader Augmentation Class Loader: TEST for JUnitQuarkusTest-space.maatini.eventsourcing.TestProfile (QuarkusTest)
22:00:21 DEBUG [io.qu.bo.cl.QuarkusClassLoader] Adding normal priority element io.quarkus.bootstrap.classloading.PathTreeClassPathElement[io.quarkus:quarkus-core-deployment /home/martin/.m2/repository/io/quarkus/quarkus-core-deployment/3.31.4/quarkus-core-deployment-3.31.4.jar runtime=true resources=959] to QuarkusClassLoader Augmentation Class Loader: TEST for JUnitQuarkusTest-space.maatini.eventsourcing.TestProfile (QuarkusTest)
22:00:21 DEBUG [io.qu.bo.cl.QuarkusClassLoader] Adding normal priority element io.quarkus.bootstrap.classloading.PathTreeClassPathElement[org.aesh:readline /home/martin/.m2/repository/org/aesh/readline/2.6/readline-2.6.jar runtime=true resources=233] to QuarkusClassLoader Augmentation Class Loader: TEST for JUnitQuarkusTest-space.maatini.eventsourcing.TestProfile (QuarkusTest)
22:00:21 DEBUG [io.qu.bo.cl.QuarkusClassLoader] Adding normal priority element io.quarkus.bootstrap.classloading.PathTreeClassPathElement[org.fusesource.jansi:jansi /home/martin/.m2/repository/org/fusesource/jansi/jansi/2.4.0/jansi-2.4.0.jar runtime=true resources=98] to QuarkusClassLoader Augmentation Class Loader: TEST for JUnitQuarkusTest-space.maatini.eventsourcing.TestProfile (QuarkusTest)
22:00:21 DEBUG [io.qu.bo.cl.QuarkusClassLoader] Adding normal priority element io.quarkus.bootstrap.classloading.PathTreeClassPathElement[org.aesh:aesh /home/martin/.m2/repository/org/aesh/aesh/2.8.2/aesh-2.8.2.jar runtime=true resources=318] to QuarkusClassLoader Augmentation Class Loader: TEST for JUnitQuarkusTest-space.maatini.eventsourcing.TestProfile (QuarkusTest)
22:00:21 DEBUG [io.qu.bo.cl.QuarkusClassLoader] Adding normal priority element io.quarkus.bootstrap.classloading.PathTreeClassPathElement[org.apache.commons:commons-compress /home/martin/.m2/repository/org/apache/commons/commons-compress/1.28.0/commons-compress-1.28.0.jar runtime=true resources=645] to QuarkusClassLoader Augmentation Class Loader: TEST for JUnitQuarkusTest-space.maatini.eventsourcing.TestProfile (QuarkusTest)
22:00:21 DEBUG [io.qu.bo.cl.QuarkusClassLoader] Adding normal priority element io.quarkus.bootstrap.classloading.PathTreeClassPathElement[io.quarkus.gizmo:gizmo /home/martin/.m2/repository/io/quarkus/gizmo/gizmo/1.10.1/gizmo-1.10.1.jar runtime=true resources=137] to QuarkusClassLoader Augmentation Class Loader: TEST for JUnitQuarkusTest-space.maatini.eventsourcing.TestProfile (QuarkusTest)
22:00:21 DEBUG [io.qu.bo.cl.QuarkusClassLoader] Adding normal priority element io.quarkus.bootstrap.classloading.PathTreeClassPathElement[org.ow2.asm:asm-util /home/martin/.m2/repository/org/ow2/asm/asm-util/9.9.1/asm-util-9.9.1.jar runtime=true resources=33] to QuarkusClassLoader Augmentation Class Loader: TEST for JUnitQuarkusTest-space.maatini.eventsourcing.TestProfile (QuarkusTest)
22:00:21 DEBUG [io.qu.bo.cl.QuarkusClassLoader] Adding normal priority element io.quarkus.bootstrap.classloading.PathTreeClassPathElement[org.ow2.asm:asm-analysis /home/martin/.m2/repository/org/ow2/asm/asm-analysis/9.9.1/asm-analysis-9.9.1.jar runtime=true resources=22] to QuarkusClassLoader Augmentation Class Loader: TEST for JUnitQuarkusTest-space.maatini.eventsourcing.TestProfile (QuarkusTest)
22:00:21 DEBUG [io.qu.bo.cl.QuarkusClassLoader] Adding normal priority element io.quarkus.bootstrap.classloading.PathTreeClassPathElement[io.quarkus.gizmo:gizmo2 /home/martin/.m2/repository/io/quarkus/gizmo/gizmo2/2.0.0/gizmo2-2.0.0.jar runtime=true resources=379] to QuarkusClassLoader Augmentation Class Loader: TEST for JUnitQuarkusTest-space.maatini.eventsourcing.TestProfile (QuarkusTest)
22:00:21 DEBUG [io.qu.bo.cl.QuarkusClassLoader] Adding normal priority element io.quarkus.bootstrap.classloading.PathTreeClassPathElement[io.smallrye.classfile:jdk-classfile-backport /home/martin/.m2/repository/io/smallrye/classfile/jdk-classfile-backport/26.cr1/jdk-classfile-backport-26.cr1.jar runtime=true resources=696] to QuarkusClassLoader Augmentation Class Loader: TEST for JUnitQuarkusTest-space.maatini.eventsourcing.TestProfile (QuarkusTest)
22:00:21 DEBUG [io.qu.bo.cl.QuarkusClassLoader] Adding normal priority element io.quarkus.bootstrap.classloading.PathTreeClassPathElement[io.smallrye.common:smallrye-common-resource /home/martin/.m2/repository/io/smallrye/common/smallrye-common-resource/2.15.0/smallrye-common-resource-2.15.0.jar runtime=true resources=29] to QuarkusClassLoader Augmentation Class Loader: TEST for JUnitQuarkusTest-space.maatini.eventsourcing.TestProfile (QuarkusTest)
22:00:21 DEBUG [io.qu.bo.cl.QuarkusClassLoader] Adding normal priority element io.quarkus.bootstrap.classloading.PathTreeClassPathElement[io.smallrye:jandex-gizmo2 /home/martin/.m2/repository/io/smallrye/jandex-gizmo2/3.5.3/jandex-gizmo2-3.5.3.jar runtime=true resources=16] to QuarkusClassLoader Augmentation Class Loader: TEST for JUnitQuarkusTest-space.maatini.eventsourcing.TestProfile (QuarkusTest)
22:00:21 DEBUG [io.qu.bo.cl.QuarkusClassLoader] Adding normal priority element io.quarkus.bootstrap.classloading.PathTreeClassPathElement[io.smallrye.common:smallrye-common-process /home/martin/.m2/repository/io/smallrye/common/smallrye-common-process/2.15.0/smallrye-common-process-2.15.0.jar runtime=true resources=50] to QuarkusClassLoader Augmentation Class Loader: TEST for JUnitQuarkusTest-space.maatini.eventsourcing.TestProfile (QuarkusTest)
22:00:21 DEBUG [io.qu.bo.cl.QuarkusClassLoader] Adding normal priority element io.quarkus.bootstrap.classloading.PathTreeClassPathElement[io.quarkus:quarkus-hibernate-validator-spi /home/martin/.m2/repository/io/quarkus/quarkus-hibernate-validator-spi/3.31.4/quarkus-hibernate-validator-spi-3.31.4.jar runtime=true resources=16] to QuarkusClassLoader Augmentation Class Loader: TEST for JUnitQuarkusTest-space.maatini.eventsourcing.TestProfile (QuarkusTest)
22:00:21 DEBUG [io.qu.bo.cl.QuarkusClassLoader] Adding parent first element io.quarkus.bootstrap.classloading.PathTreeClassPathElement[io.quarkus:quarkus-class-change-agent /home/martin/.m2/repository/io/quarkus/quarkus-class-change-agent/3.31.4/quarkus-class-change-agent-3.31.4.jar runtime=true resources=13] to QuarkusClassLoader Augmentation Class Loader: TEST for JUnitQuarkusTest-space.maatini.eventsourcing.TestProfile (QuarkusTest)
22:00:21 DEBUG [io.qu.bo.cl.QuarkusClassLoader] Adding normal priority element io.quarkus.bootstrap.classloading.PathTreeClassPathElement[io.quarkus:quarkus-class-change-agent /home/martin/.m2/repository/io/quarkus/quarkus-class-change-agent/3.31.4/quarkus-class-change-agent-3.31.4.jar runtime=true resources=13] to QuarkusClassLoader Augmentation Class Loader: TEST for JUnitQuarkusTest-space.maatini.eventsourcing.TestProfile (QuarkusTest)
22:00:21 DEBUG [io.qu.bo.cl.QuarkusClassLoader] Adding normal priority element io.quarkus.bootstrap.classloading.PathTreeClassPathElement[io.quarkus:quarkus-builder /home/martin/.m2/repository/io/quarkus/quarkus-builder/3.31.4/quarkus-builder-3.31.4.jar runtime=true resources=67] to QuarkusClassLoader Augmentation Class Loader: TEST for JUnitQuarkusTest-space.maatini.eventsourcing.TestProfile (QuarkusTest)
22:00:21 DEBUG [io.qu.bo.cl.QuarkusClassLoader] Adding parent first element io.quarkus.bootstrap.classloading.PathTreeClassPathElement[org.graalvm.sdk:nativeimage /home/martin/.m2/repository/org/graalvm/sdk/nativeimage/23.1.2/nativeimage-23.1.2.jar runtime=true resources=208] to QuarkusClassLoader Augmentation Class Loader: TEST for JUnitQuarkusTest-space.maatini.eventsourcing.TestProfile (QuarkusTest)
22:00:21 DEBUG [io.qu.bo.cl.QuarkusClassLoader] Adding normal priority element io.quarkus.bootstrap.classloading.PathTreeClassPathElement[org.graalvm.sdk:nativeimage /home/martin/.m2/repository/org/graalvm/sdk/nativeimage/23.1.2/nativeimage-23.1.2.jar runtime=true resources=208] to QuarkusClassLoader Augmentation Class Loader: TEST for JUnitQuarkusTest-space.maatini.eventsourcing.TestProfile (QuarkusTest)
22:00:21 DEBUG [io.qu.bo.cl.QuarkusClassLoader] Adding parent first element io.quarkus.bootstrap.classloading.PathTreeClassPathElement[org.graalvm.sdk:word /home/martin/.m2/repository/org/graalvm/sdk/word/23.1.2/word-23.1.2.jar runtime=true resources=22] to QuarkusClassLoader Augmentation Class Loader: TEST for JUnitQuarkusTest-space.maatini.eventsourcing.TestProfile (QuarkusTest)
22:00:21 DEBUG [io.qu.bo.cl.QuarkusClassLoader] Adding normal priority element io.quarkus.bootstrap.classloading.PathTreeClassPathElement[org.graalvm.sdk:word /home/martin/.m2/repository/org/graalvm/sdk/word/23.1.2/word-23.1.2.jar runtime=true resources=22] to QuarkusClassLoader Augmentation Class Loader: TEST for JUnitQuarkusTest-space.maatini.eventsourcing.TestProfile (QuarkusTest)
22:00:21 DEBUG [io.qu.bo.cl.QuarkusClassLoader] Adding parent first element io.quarkus.bootstrap.classloading.PathTreeClassPathElement[net.bytebuddy:byte-buddy-agent /home/martin/.m2/repository/net/bytebuddy/byte-buddy-agent/1.17.8/byte-buddy-agent-1.17.8.jar runtime=true resources=171] to QuarkusClassLoader Augmentation Class Loader: TEST for JUnitQuarkusTest-space.maatini.eventsourcing.TestProfile (QuarkusTest)
22:00:21 DEBUG [io.qu.bo.cl.QuarkusClassLoader] Adding normal priority element io.quarkus.bootstrap.classloading.PathTreeClassPathElement[net.bytebuddy:byte-buddy-agent /home/martin/.m2/repository/net/bytebuddy/byte-buddy-agent/1.17.8/byte-buddy-agent-1.17.8.jar runtime=true resources=171] to QuarkusClassLoader Augmentation Class Loader: TEST for JUnitQuarkusTest-space.maatini.eventsourcing.TestProfile (QuarkusTest)
22:00:21 DEBUG [io.qu.bo.cl.QuarkusClassLoader] Adding parent first element io.quarkus.bootstrap.classloading.PathTreeClassPathElement[org.junit.platform:junit-platform-launcher /home/martin/.m2/repository/org/junit/platform/junit-platform-launcher/6.0.3/junit-platform-launcher-6.0.3.jar runtime=true resources=166] to QuarkusClassLoader Augmentation Class Loader: TEST for JUnitQuarkusTest-space.maatini.eventsourcing.TestProfile (QuarkusTest)
22:00:21 DEBUG [io.qu.bo.cl.QuarkusClassLoader] Adding normal priority element io.quarkus.bootstrap.classloading.PathTreeClassPathElement[org.junit.platform:junit-platform-launcher /home/martin/.m2/repository/org/junit/platform/junit-platform-launcher/6.0.3/junit-platform-launcher-6.0.3.jar runtime=true resources=166] to QuarkusClassLoader Augmentation Class Loader: TEST for JUnitQuarkusTest-space.maatini.eventsourcing.TestProfile (QuarkusTest)
22:00:21 DEBUG [io.qu.bo.cl.QuarkusClassLoader] Adding parent first element io.quarkus.bootstrap.classloading.PathTreeClassPathElement[io.quarkus:quarkus-bootstrap-maven-resolver /home/martin/.m2/repository/io/quarkus/quarkus-bootstrap-maven-resolver/3.31.4/quarkus-bootstrap-maven-resolver-3.31.4.jar runtime=true resources=84] to QuarkusClassLoader Augmentation Class Loader: TEST for JUnitQuarkusTest-space.maatini.eventsourcing.TestProfile (QuarkusTest)
22:00:21 DEBUG [io.qu.bo.cl.QuarkusClassLoader] Adding normal priority element io.quarkus.bootstrap.classloading.PathTreeClassPathElement[io.quarkus:quarkus-bootstrap-maven-resolver /home/martin/.m2/repository/io/quarkus/quarkus-bootstrap-maven-resolver/3.31.4/quarkus-bootstrap-maven-resolver-3.31.4.jar runtime=true resources=84] to QuarkusClassLoader Augmentation Class Loader: TEST for JUnitQuarkusTest-space.maatini.eventsourcing.TestProfile (QuarkusTest)
22:00:21 DEBUG [io.qu.bo.cl.QuarkusClassLoader] Adding normal priority element io.quarkus.bootstrap.classloading.PathTreeClassPathElement[io.smallrye.beanbag:smallrye-beanbag-maven /home/martin/.m2/repository/io/smallrye/beanbag/smallrye-beanbag-maven/1.6.1/smallrye-beanbag-maven-1.6.1.jar runtime=true resources=14] to QuarkusClassLoader Augmentation Class Loader: TEST for JUnitQuarkusTest-space.maatini.eventsourcing.TestProfile (QuarkusTest)
22:00:21 DEBUG [io.qu.bo.cl.QuarkusClassLoader] Adding normal priority element io.quarkus.bootstrap.classloading.PathTreeClassPathElement[io.smallrye.beanbag:smallrye-beanbag-sisu /home/martin/.m2/repository/io/smallrye/beanbag/smallrye-beanbag-sisu/1.6.1/smallrye-beanbag-sisu-1.6.1.jar runtime=true resources=27] to QuarkusClassLoader Augmentation Class Loader: TEST for JUnitQuarkusTest-space.maatini.eventsourcing.TestProfile (QuarkusTest)
22:00:21 DEBUG [io.qu.bo.cl.QuarkusClassLoader] Adding normal priority element io.quarkus.bootstrap.classloading.PathTreeClassPathElement[io.smallrye.beanbag:smallrye-beanbag /home/martin/.m2/repository/io/smallrye/beanbag/smallrye-beanbag/1.6.1/smallrye-beanbag-1.6.1.jar runtime=true resources=39] to QuarkusClassLoader Augmentation Class Loader: TEST for JUnitQuarkusTest-space.maatini.eventsourcing.TestProfile (QuarkusTest)
22:00:21 DEBUG [io.qu.bo.cl.QuarkusClassLoader] Adding normal priority element io.quarkus.bootstrap.classloading.PathTreeClassPathElement[javax.inject:javax.inject /home/martin/.m2/repository/javax/inject/javax.inject/1/javax.inject-1.jar runtime=true resources=8] to QuarkusClassLoader Augmentation Class Loader: TEST for JUnitQuarkusTest-space.maatini.eventsourcing.TestProfile (QuarkusTest)
22:00:21 DEBUG [io.qu.bo.cl.QuarkusClassLoader] Adding normal priority element io.quarkus.bootstrap.classloading.PathTreeClassPathElement[org.apache.maven:maven-artifact /home/martin/.m2/repository/org/apache/maven/maven-artifact/3.9.12/maven-artifact-3.9.12.jar runtime=true resources=59] to QuarkusClassLoader Augmentation Class Loader: TEST for JUnitQuarkusTest-space.maatini.eventsourcing.TestProfile (QuarkusTest)
22:00:21 DEBUG [io.qu.bo.cl.QuarkusClassLoader] Adding normal priority element io.quarkus.bootstrap.classloading.PathTreeClassPathElement[org.apache.maven:maven-builder-support /home/martin/.m2/repository/org/apache/maven/maven-builder-support/3.9.12/maven-builder-support-3.9.12.jar runtime=true resources=24] to QuarkusClassLoader Augmentation Class Loader: TEST for JUnitQuarkusTest-space.maatini.eventsourcing.TestProfile (QuarkusTest)
22:00:21 DEBUG [io.qu.bo.cl.QuarkusClassLoader] Adding parent first element io.quarkus.bootstrap.classloading.PathTreeClassPathElement[org.apache.maven:maven-model /home/martin/.m2/repository/org/apache/maven/maven-model/3.9.12/maven-model-3.9.12.jar runtime=true resources=97] to QuarkusClassLoader Augmentation Class Loader: TEST for JUnitQuarkusTest-space.maatini.eventsourcing.TestProfile (QuarkusTest)
22:00:21 DEBUG [io.qu.bo.cl.QuarkusClassLoader] Adding normal priority element io.quarkus.bootstrap.classloading.PathTreeClassPathElement[org.apache.maven:maven-model /home/martin/.m2/repository/org/apache/maven/maven-model/3.9.12/maven-model-3.9.12.jar runtime=true resources=97] to QuarkusClassLoader Augmentation Class Loader: TEST for JUnitQuarkusTest-space.maatini.eventsourcing.TestProfile (QuarkusTest)
22:00:21 DEBUG [io.qu.bo.cl.QuarkusClassLoader] Adding normal priority element io.quarkus.bootstrap.classloading.PathTreeClassPathElement[org.apache.maven:maven-model-builder /home/martin/.m2/repository/org/apache/maven/maven-model-builder/3.9.12/maven-model-builder-3.9.12.jar runtime=true resources=164] to QuarkusClassLoader Augmentation Class Loader: TEST for JUnitQuarkusTest-space.maatini.eventsourcing.TestProfile (QuarkusTest)
22:00:21 DEBUG [io.qu.bo.cl.QuarkusClassLoader] Adding normal priority element io.quarkus.bootstrap.classloading.PathTreeClassPathElement[org.apache.maven:maven-repository-metadata /home/martin/.m2/repository/org/apache/maven/maven-repository-metadata/3.9.12/maven-repository-metadata-3.9.12.jar runtime=true resources=27] to QuarkusClassLoader Augmentation Class Loader: TEST for JUnitQuarkusTest-space.maatini.eventsourcing.TestProfile (QuarkusTest)
22:00:21 DEBUG [io.qu.bo.cl.QuarkusClassLoader] Adding normal priority element io.quarkus.bootstrap.classloading.PathTreeClassPathElement[org.apache.maven:maven-settings /home/martin/.m2/repository/org/apache/maven/maven-settings/3.9.12/maven-settings-3.9.12.jar runtime=true resources=35] to QuarkusClassLoader Augmentation Class Loader: TEST for JUnitQuarkusTest-space.maatini.eventsourcing.TestProfile (QuarkusTest)
22:00:21 DEBUG [io.qu.bo.cl.QuarkusClassLoader] Adding parent first element io.quarkus.bootstrap.classloading.PathTreeClassPathElement[org.apache.maven.resolver:maven-resolver-api /home/martin/.m2/repository/org/apache/maven/resolver/maven-resolver-api/1.9.25/maven-resolver-api-1.9.25.jar runtime=true resources=170] to QuarkusClassLoader Augmentation Class Loader: TEST for JUnitQuarkusTest-space.maatini.eventsourcing.TestProfile (QuarkusTest)
22:00:21 DEBUG [io.qu.bo.cl.QuarkusClassLoader] Adding normal priority element io.quarkus.bootstrap.classloading.PathTreeClassPathElement[org.apache.maven.resolver:maven-resolver-api /home/martin/.m2/repository/org/apache/maven/resolver/maven-resolver-api/1.9.25/maven-resolver-api-1.9.25.jar runtime=true resources=170] to QuarkusClassLoader Augmentation Class Loader: TEST for JUnitQuarkusTest-space.maatini.eventsourcing.TestProfile (QuarkusTest)
22:00:21 DEBUG [io.qu.bo.cl.QuarkusClassLoader] Adding parent first element io.quarkus.bootstrap.classloading.PathTreeClassPathElement[org.apache.maven.resolver:maven-resolver-impl /home/martin/.m2/repository/org/apache/maven/resolver/maven-resolver-impl/1.9.25/maven-resolver-impl-1.9.25.jar runtime=true resources=213] to QuarkusClassLoader Augmentation Class Loader: TEST for JUnitQuarkusTest-space.maatini.eventsourcing.TestProfile (QuarkusTest)
22:00:21 DEBUG [io.qu.bo.cl.QuarkusClassLoader] Adding normal priority element io.quarkus.bootstrap.classloading.PathTreeClassPathElement[org.apache.maven.resolver:maven-resolver-impl /home/martin/.m2/repository/org/apache/maven/resolver/maven-resolver-impl/1.9.25/maven-resolver-impl-1.9.25.jar runtime=true resources=213] to QuarkusClassLoader Augmentation Class Loader: TEST for JUnitQuarkusTest-space.maatini.eventsourcing.TestProfile (QuarkusTest)
22:00:21 DEBUG [io.qu.bo.cl.QuarkusClassLoader] Adding normal priority element io.quarkus.bootstrap.classloading.PathTreeClassPathElement[org.apache.maven.resolver:maven-resolver-named-locks /home/martin/.m2/repository/org/apache/maven/resolver/maven-resolver-named-locks/1.9.25/maven-resolver-named-locks-1.9.25.jar runtime=true resources=40] to QuarkusClassLoader Augmentation Class Loader: TEST for JUnitQuarkusTest-space.maatini.eventsourcing.TestProfile (QuarkusTest)
22:00:21 DEBUG [io.qu.bo.cl.QuarkusClassLoader] Adding normal priority element io.quarkus.bootstrap.classloading.PathTreeClassPathElement[org.apache.maven.resolver:maven-resolver-spi /home/martin/.m2/repository/org/apache/maven/resolver/maven-resolver-spi/1.9.25/maven-resolver-spi-1.9.25.jar runtime=true resources=84] to QuarkusClassLoader Augmentation Class Loader: TEST for JUnitQuarkusTest-space.maatini.eventsourcing.TestProfile (QuarkusTest)
22:00:21 DEBUG [io.qu.bo.cl.QuarkusClassLoader] Adding normal priority element io.quarkus.bootstrap.classloading.PathTreeClassPathElement[org.apache.maven.resolver:maven-resolver-util /home/martin/.m2/repository/org/apache/maven/resolver/maven-resolver-util/1.9.25/maven-resolver-util-1.9.25.jar runtime=true resources=157] to QuarkusClassLoader Augmentation Class Loader: TEST for JUnitQuarkusTest-space.maatini.eventsourcing.TestProfile (QuarkusTest)
22:00:21 DEBUG [io.qu.bo.cl.QuarkusClassLoader] Adding normal priority element io.quarkus.bootstrap.classloading.PathTreeClassPathElement[org.apache.maven.resolver:maven-resolver-transport-http /home/martin/.m2/repository/org/apache/maven/resolver/maven-resolver-transport-http/1.9.25/maven-resolver-transport-http-1.9.25.jar runtime=true resources=48] to QuarkusClassLoader Augmentation Class Loader: TEST for JUnitQuarkusTest-space.maatini.eventsourcing.TestProfile (QuarkusTest)
22:00:21 DEBUG [io.qu.bo.cl.QuarkusClassLoader] Adding normal priority element io.quarkus.bootstrap.classloading.PathTreeClassPathElement[com.google.code.gson:gson /home/martin/.m2/repository/com/google/code/gson/gson/2.13.2/gson-2.13.2.jar runtime=true resources=227] to QuarkusClassLoader Augmentation Class Loader: TEST for JUnitQuarkusTest-space.maatini.eventsourcing.TestProfile (QuarkusTest)
22:00:21 DEBUG [io.qu.bo.cl.QuarkusClassLoader] Adding normal priority element io.quarkus.bootstrap.classloading.PathTreeClassPathElement[org.apache.maven.wagon:wagon-provider-api /home/martin/.m2/repository/org/apache/maven/wagon/wagon-provider-api/3.5.3/wagon-provider-api-3.5.3.jar runtime=true resources=60] to QuarkusClassLoader Augmentation Class Loader: TEST for JUnitQuarkusTest-space.maatini.eventsourcing.TestProfile (QuarkusTest)
22:00:21 DEBUG [io.qu.bo.cl.QuarkusClassLoader] Adding normal priority element io.quarkus.bootstrap.classloading.PathTreeClassPathElement[org.apache.maven.wagon:wagon-http-shared /home/martin/.m2/repository/org/apache/maven/wagon/wagon-http-shared/3.5.3/wagon-http-shared-3.5.3.jar runtime=true resources=28] to QuarkusClassLoader Augmentation Class Loader: TEST for JUnitQuarkusTest-space.maatini.eventsourcing.TestProfile (QuarkusTest)
22:00:21 DEBUG [io.qu.bo.cl.QuarkusClassLoader] Adding normal priority element io.quarkus.bootstrap.classloading.PathTreeClassPathElement[org.codehaus.plexus:plexus-interpolation /home/martin/.m2/repository/org/codehaus/plexus/plexus-interpolation/1.26/plexus-interpolation-1.26.jar runtime=true resources=79] to QuarkusClassLoader Augmentation Class Loader: TEST for JUnitQuarkusTest-space.maatini.eventsourcing.TestProfile (QuarkusTest)
22:00:21 DEBUG [io.qu.bo.cl.QuarkusClassLoader] Adding parent first element io.quarkus.bootstrap.classloading.PathTreeClassPathElement[org.codehaus.plexus:plexus-utils /home/martin/.m2/repository/org/codehaus/plexus/plexus-utils/3.5.1/plexus-utils-3.5.1.jar runtime=true resources=152] to QuarkusClassLoader Augmentation Class Loader: TEST for JUnitQuarkusTest-space.maatini.eventsourcing.TestProfile (QuarkusTest)
22:00:21 DEBUG [io.qu.bo.cl.QuarkusClassLoader] Adding normal priority element io.quarkus.bootstrap.classloading.PathTreeClassPathElement[org.codehaus.plexus:plexus-utils /home/martin/.m2/repository/org/codehaus/plexus/plexus-utils/3.5.1/plexus-utils-3.5.1.jar runtime=true resources=152] to QuarkusClassLoader Augmentation Class Loader: TEST for JUnitQuarkusTest-space.maatini.eventsourcing.TestProfile (QuarkusTest)
22:00:21 DEBUG [io.qu.bo.cl.QuarkusClassLoader] Adding normal priority element io.quarkus.bootstrap.classloading.PathTreeClassPathElement[org.codehaus.plexus:plexus-xml /home/martin/.m2/repository/org/codehaus/plexus/plexus-xml/4.0.2/plexus-xml-4.0.2.jar runtime=true resources=43] to QuarkusClassLoader Augmentation Class Loader: TEST for JUnitQuarkusTest-space.maatini.eventsourcing.TestProfile (QuarkusTest)
22:00:21 DEBUG [io.qu.bo.cl.QuarkusClassLoader] Adding normal priority element io.quarkus.bootstrap.classloading.PathTreeClassPathElement[org.apache.maven:maven-xml-impl /home/martin/.m2/repository/org/apache/maven/maven-xml-impl/4.0.0-alpha-7/maven-xml-impl-4.0.0-alpha-7.jar runtime=true resources=21] to QuarkusClassLoader Augmentation Class Loader: TEST for JUnitQuarkusTest-space.maatini.eventsourcing.TestProfile (QuarkusTest)
22:00:21 DEBUG [io.qu.bo.cl.QuarkusClassLoader] Adding normal priority element io.quarkus.bootstrap.classloading.PathTreeClassPathElement[org.apache.maven:maven-api-xml /home/martin/.m2/repository/org/apache/maven/maven-api-xml/4.0.0-alpha-7/maven-api-xml-4.0.0-alpha-7.jar runtime=true resources=16] to QuarkusClassLoader Augmentation Class Loader: TEST for JUnitQuarkusTest-space.maatini.eventsourcing.TestProfile (QuarkusTest)
22:00:21 DEBUG [io.qu.bo.cl.QuarkusClassLoader] Adding normal priority element io.quarkus.bootstrap.classloading.PathTreeClassPathElement[org.apache.maven:maven-api-meta /home/martin/.m2/repository/org/apache/maven/maven-api-meta/4.0.0-alpha-7/maven-api-meta-4.0.0-alpha-7.jar runtime=true resources=25] to QuarkusClassLoader Augmentation Class Loader: TEST for JUnitQuarkusTest-space.maatini.eventsourcing.TestProfile (QuarkusTest)
22:00:21 DEBUG [io.qu.bo.cl.QuarkusClassLoader] Adding normal priority element io.quarkus.bootstrap.classloading.PathTreeClassPathElement[org.codehaus.plexus:plexus-cipher /home/martin/.m2/repository/org/codehaus/plexus/plexus-cipher/2.0/plexus-cipher-2.0.jar runtime=true resources=19] to QuarkusClassLoader Augmentation Class Loader: TEST for JUnitQuarkusTest-space.maatini.eventsourcing.TestProfile (QuarkusTest)
22:00:21 DEBUG [io.qu.bo.cl.QuarkusClassLoader] Adding normal priority element io.quarkus.bootstrap.classloading.PathTreeClassPathElement[org.codehaus.plexus:plexus-sec-dispatcher /home/martin/.m2/repository/org/codehaus/plexus/plexus-sec-dispatcher/2.0/plexus-sec-dispatcher-2.0.jar runtime=true resources=30] to QuarkusClassLoader Augmentation Class Loader: TEST for JUnitQuarkusTest-space.maatini.eventsourcing.TestProfile (QuarkusTest)
22:00:21 DEBUG [io.qu.bo.cl.QuarkusClassLoader] Adding normal priority element io.quarkus.bootstrap.classloading.PathTreeClassPathElement[io.quarkus:quarkus-bootstrap-maven4-resolver /home/martin/.m2/repository/io/quarkus/quarkus-bootstrap-maven4-resolver/3.31.4/quarkus-bootstrap-maven4-resolver-3.31.4.jar runtime=true resources=16] to QuarkusClassLoader Augmentation Class Loader: TEST for JUnitQuarkusTest-space.maatini.eventsourcing.TestProfile (QuarkusTest)
22:00:21 DEBUG [io.qu.bo.cl.QuarkusClassLoader] Adding normal priority element io.quarkus.bootstrap.classloading.PathTreeClassPathElement[org.apache.maven:maven-embedder /home/martin/.m2/repository/org/apache/maven/maven-embedder/3.9.12/maven-embedder-3.9.12.jar runtime=true resources=88] to QuarkusClassLoader Augmentation Class Loader: TEST for JUnitQuarkusTest-space.maatini.eventsourcing.TestProfile (QuarkusTest)
22:00:21 DEBUG [io.qu.bo.cl.QuarkusClassLoader] Adding normal priority element io.quarkus.bootstrap.classloading.PathTreeClassPathElement[org.apache.maven:maven-core /home/martin/.m2/repository/org/apache/maven/maven-core/3.9.12/maven-core-3.9.12.jar runtime=true resources=530] to QuarkusClassLoader Augmentation Class Loader: TEST for JUnitQuarkusTest-space.maatini.eventsourcing.TestProfile (QuarkusTest)
22:00:21 DEBUG [io.qu.bo.cl.QuarkusClassLoader] Adding normal priority element io.quarkus.bootstrap.classloading.PathTreeClassPathElement[org.codehaus.plexus:plexus-component-annotations /home/martin/.m2/repository/org/codehaus/plexus/plexus-component-annotations/2.1.0/plexus-component-annotations-2.1.0.jar runtime=true resources=15] to QuarkusClassLoader Augmentation Class Loader: TEST for JUnitQuarkusTest-space.maatini.eventsourcing.TestProfile (QuarkusTest)
22:00:21 DEBUG [io.qu.bo.cl.QuarkusClassLoader] Adding normal priority element io.quarkus.bootstrap.classloading.PathTreeClassPathElement[org.apache.maven:maven-plugin-api /home/martin/.m2/repository/org/apache/maven/maven-plugin-api/3.9.12/maven-plugin-api-3.9.12.jar runtime=true resources=48] to QuarkusClassLoader Augmentation Class Loader: TEST for JUnitQuarkusTest-space.maatini.eventsourcing.TestProfile (QuarkusTest)
22:00:21 DEBUG [io.qu.bo.cl.QuarkusClassLoader] Adding normal priority element io.quarkus.bootstrap.classloading.PathTreeClassPathElement[org.apache.maven.shared:maven-shared-utils /home/martin/.m2/repository/org/apache/maven/shared/maven-shared-utils/3.4.2/maven-shared-utils-3.4.2.jar runtime=true resources=103] to QuarkusClassLoader Augmentation Class Loader: TEST for JUnitQuarkusTest-space.maatini.eventsourcing.TestProfile (QuarkusTest)
22:00:21 DEBUG [io.qu.bo.cl.QuarkusClassLoader] Adding normal priority element io.quarkus.bootstrap.classloading.PathTreeClassPathElement[com.google.inject:guice:classes /home/martin/.m2/repository/com/google/inject/guice/5.1.0/guice-5.1.0-classes.jar runtime=true resources=478] to QuarkusClassLoader Augmentation Class Loader: TEST for JUnitQuarkusTest-space.maatini.eventsourcing.TestProfile (QuarkusTest)
22:00:21 DEBUG [io.qu.bo.cl.QuarkusClassLoader] Adding normal priority element io.quarkus.bootstrap.classloading.PathTreeClassPathElement[aopalliance:aopalliance /home/martin/.m2/repository/aopalliance/aopalliance/1.0/aopalliance-1.0.jar runtime=true resources=15] to QuarkusClassLoader Augmentation Class Loader: TEST for JUnitQuarkusTest-space.maatini.eventsourcing.TestProfile (QuarkusTest)
22:00:21 DEBUG [io.qu.bo.cl.QuarkusClassLoader] Adding normal priority element io.quarkus.bootstrap.classloading.PathTreeClassPathElement[com.google.guava:guava /home/martin/.m2/repository/com/google/guava/guava/33.5.0-jre/guava-33.5.0-jre.jar runtime=true resources=2003] to QuarkusClassLoader Augmentation Class Loader: TEST for JUnitQuarkusTest-space.maatini.eventsourcing.TestProfile (QuarkusTest)
22:00:21 DEBUG [io.qu.bo.cl.QuarkusClassLoader] Adding normal priority element io.quarkus.bootstrap.classloading.PathTreeClassPathElement[com.google.guava:failureaccess /home/martin/.m2/repository/com/google/guava/failureaccess/1.0.1/failureaccess-1.0.1.jar runtime=true resources=15] to QuarkusClassLoader Augmentation Class Loader: TEST for JUnitQuarkusTest-space.maatini.eventsourcing.TestProfile (QuarkusTest)
22:00:21 DEBUG [io.qu.bo.cl.QuarkusClassLoader] Adding normal priority element io.quarkus.bootstrap.classloading.PathTreeClassPathElement[org.codehaus.plexus:plexus-classworlds /home/martin/.m2/repository/org/codehaus/plexus/plexus-classworlds/2.6.0/plexus-classworlds-2.6.0.jar runtime=true resources=52] to QuarkusClassLoader Augmentation Class Loader: TEST for JUnitQuarkusTest-space.maatini.eventsourcing.TestProfile (QuarkusTest)
22:00:21 DEBUG [io.qu.bo.cl.QuarkusClassLoader] Adding normal priority element io.quarkus.bootstrap.classloading.PathTreeClassPathElement[commons-cli:commons-cli /home/martin/.m2/repository/commons-cli/commons-cli/1.11.0/commons-cli-1.11.0.jar runtime=true resources=74] to QuarkusClassLoader Augmentation Class Loader: TEST for JUnitQuarkusTest-space.maatini.eventsourcing.TestProfile (QuarkusTest)
22:00:21 DEBUG [io.qu.bo.cl.QuarkusClassLoader] Adding normal priority element io.quarkus.bootstrap.classloading.PathTreeClassPathElement[org.eclipse.sisu:org.eclipse.sisu.plexus /home/martin/.m2/repository/org/eclipse/sisu/org.eclipse.sisu.plexus/0.9.0.M4/org.eclipse.sisu.plexus-0.9.0.M4.jar runtime=true resources=204] to QuarkusClassLoader Augmentation Class Loader: TEST for JUnitQuarkusTest-space.maatini.eventsourcing.TestProfile (QuarkusTest)
22:00:21 DEBUG [io.qu.bo.cl.QuarkusClassLoader] Adding normal priority element io.quarkus.bootstrap.classloading.PathTreeClassPathElement[org.apache.maven:maven-settings-builder /home/martin/.m2/repository/org/apache/maven/maven-settings-builder/3.9.12/maven-settings-builder-3.9.12.jar runtime=true resources=53] to QuarkusClassLoader Augmentation Class Loader: TEST for JUnitQuarkusTest-space.maatini.eventsourcing.TestProfile (QuarkusTest)
22:00:21 DEBUG [io.qu.bo.cl.QuarkusClassLoader] Adding normal priority element io.quarkus.bootstrap.classloading.PathTreeClassPathElement[org.apache.maven:maven-resolver-provider /home/martin/.m2/repository/org/apache/maven/maven-resolver-provider/3.9.12/maven-resolver-provider-3.9.12.jar runtime=true resources=50] to QuarkusClassLoader Augmentation Class Loader: TEST for JUnitQuarkusTest-space.maatini.eventsourcing.TestProfile (QuarkusTest)
22:00:21 DEBUG [io.qu.bo.cl.QuarkusClassLoader] Adding normal priority element io.quarkus.bootstrap.classloading.PathTreeClassPathElement[org.apache.maven.resolver:maven-resolver-connector-basic /home/martin/.m2/repository/org/apache/maven/resolver/maven-resolver-connector-basic/1.9.25/maven-resolver-connector-basic-1.9.25.jar runtime=true resources=31] to QuarkusClassLoader Augmentation Class Loader: TEST for JUnitQuarkusTest-space.maatini.eventsourcing.TestProfile (QuarkusTest)
22:00:21 DEBUG [io.qu.bo.cl.QuarkusClassLoader] Adding normal priority element io.quarkus.bootstrap.classloading.PathTreeClassPathElement[org.apache.maven.resolver:maven-resolver-transport-wagon /home/martin/.m2/repository/org/apache/maven/resolver/maven-resolver-transport-wagon/1.9.25/maven-resolver-transport-wagon-1.9.25.jar runtime=true resources=37] to QuarkusClassLoader Augmentation Class Loader: TEST for JUnitQuarkusTest-space.maatini.eventsourcing.TestProfile (QuarkusTest)
22:00:21 DEBUG [io.qu.bo.cl.QuarkusClassLoader] Adding normal priority element io.quarkus.bootstrap.classloading.PathTreeClassPathElement[org.apache.maven.wagon:wagon-http /home/martin/.m2/repository/org/apache/maven/wagon/wagon-http/3.5.3/wagon-http-3.5.3.jar runtime=true resources=19] to QuarkusClassLoader Augmentation Class Loader: TEST for JUnitQuarkusTest-space.maatini.eventsourcing.TestProfile (QuarkusTest)
22:00:21 DEBUG [io.qu.bo.cl.QuarkusClassLoader] Adding normal priority element io.quarkus.bootstrap.classloading.PathTreeClassPathElement[org.apache.maven.wagon:wagon-file /home/martin/.m2/repository/org/apache/maven/wagon/wagon-file/3.5.3/wagon-file-3.5.3.jar runtime=true resources=19] to QuarkusClassLoader Augmentation Class Loader: TEST for JUnitQuarkusTest-space.maatini.eventsourcing.TestProfile (QuarkusTest)
22:00:21 DEBUG [io.qu.bo.cl.QuarkusClassLoader] Adding parent first element io.quarkus.bootstrap.classloading.PathTreeClassPathElement[io.quarkus:quarkus-bootstrap-gradle-resolver /home/martin/.m2/repository/io/quarkus/quarkus-bootstrap-gradle-resolver/3.31.4/quarkus-bootstrap-gradle-resolver-3.31.4.jar runtime=true resources=2347] to QuarkusClassLoader Augmentation Class Loader: TEST for JUnitQuarkusTest-space.maatini.eventsourcing.TestProfile (QuarkusTest)
22:00:21 DEBUG [io.qu.bo.cl.QuarkusClassLoader] Adding normal priority element io.quarkus.bootstrap.classloading.PathTreeClassPathElement[io.quarkus:quarkus-bootstrap-gradle-resolver /home/martin/.m2/repository/io/quarkus/quarkus-bootstrap-gradle-resolver/3.31.4/quarkus-bootstrap-gradle-resolver-3.31.4.jar runtime=true resources=2347] to QuarkusClassLoader Augmentation Class Loader: TEST for JUnitQuarkusTest-space.maatini.eventsourcing.TestProfile (QuarkusTest)
22:00:21 DEBUG [io.qu.bo.cl.QuarkusClassLoader] Adding normal priority element io.quarkus.bootstrap.classloading.PathTreeClassPathElement[commons-io:commons-io /home/martin/.m2/repository/commons-io/commons-io/2.21.0/commons-io-2.21.0.jar runtime=true resources=429] to QuarkusClassLoader Augmentation Class Loader: TEST for JUnitQuarkusTest-space.maatini.eventsourcing.TestProfile (QuarkusTest)
22:00:21 DEBUG [io.qu.bo.cl.QuarkusClassLoader] Adding normal priority element io.quarkus.bootstrap.classloading.PathTreeClassPathElement[org.jboss.logging:commons-logging-jboss-logging /home/martin/.m2/repository/org/jboss/logging/commons-logging-jboss-logging/1.0.0.Final/commons-logging-jboss-logging-1.0.0.Final.jar runtime=true resources=24] to QuarkusClassLoader Augmentation Class Loader: TEST for JUnitQuarkusTest-space.maatini.eventsourcing.TestProfile (QuarkusTest)
22:00:21 DEBUG [io.qu.bo.cl.QuarkusClassLoader] Adding normal priority element io.quarkus.bootstrap.classloading.PathTreeClassPathElement[io.quarkus:quarkus-junit-config /home/martin/.m2/repository/io/quarkus/quarkus-junit-config/3.31.4/quarkus-junit-config-3.31.4.jar runtime=true resources=25] to QuarkusClassLoader Augmentation Class Loader: TEST for JUnitQuarkusTest-space.maatini.eventsourcing.TestProfile (QuarkusTest)
22:00:21 DEBUG [io.qu.bo.cl.QuarkusClassLoader] Adding parent first element io.quarkus.bootstrap.classloading.PathTreeClassPathElement[org.junit.jupiter:junit-jupiter-api /home/martin/.m2/repository/org/junit/jupiter/junit-jupiter-api/6.0.3/junit-jupiter-api-6.0.3.jar runtime=true resources=224] to QuarkusClassLoader Augmentation Class Loader: TEST for JUnitQuarkusTest-space.maatini.eventsourcing.TestProfile (QuarkusTest)
22:00:21 DEBUG [io.qu.bo.cl.QuarkusClassLoader] Adding normal priority element io.quarkus.bootstrap.classloading.PathTreeClassPathElement[org.junit.jupiter:junit-jupiter-api /home/martin/.m2/repository/org/junit/jupiter/junit-jupiter-api/6.0.3/junit-jupiter-api-6.0.3.jar runtime=true resources=224] to QuarkusClassLoader Augmentation Class Loader: TEST for JUnitQuarkusTest-space.maatini.eventsourcing.TestProfile (QuarkusTest)
22:00:21 DEBUG [io.qu.bo.cl.QuarkusClassLoader] Adding parent first element io.quarkus.bootstrap.classloading.PathTreeClassPathElement[org.opentest4j:opentest4j /home/martin/.m2/repository/org/opentest4j/opentest4j/1.3.0/opentest4j-1.3.0.jar runtime=true resources=15] to QuarkusClassLoader Augmentation Class Loader: TEST for JUnitQuarkusTest-space.maatini.eventsourcing.TestProfile (QuarkusTest)
22:00:21 DEBUG [io.qu.bo.cl.QuarkusClassLoader] Adding normal priority element io.quarkus.bootstrap.classloading.PathTreeClassPathElement[org.opentest4j:opentest4j /home/martin/.m2/repository/org/opentest4j/opentest4j/1.3.0/opentest4j-1.3.0.jar runtime=true resources=15] to QuarkusClassLoader Augmentation Class Loader: TEST for JUnitQuarkusTest-space.maatini.eventsourcing.TestProfile (QuarkusTest)
22:00:21 DEBUG [io.qu.bo.cl.QuarkusClassLoader] Adding parent first element io.quarkus.bootstrap.classloading.PathTreeClassPathElement[org.junit.platform:junit-platform-commons /home/martin/.m2/repository/org/junit/platform/junit-platform-commons/6.0.3/junit-platform-commons-6.0.3.jar runtime=true resources=103] to QuarkusClassLoader Augmentation Class Loader: TEST for JUnitQuarkusTest-space.maatini.eventsourcing.TestProfile (QuarkusTest)
22:00:21 DEBUG [io.qu.bo.cl.QuarkusClassLoader] Adding normal priority element io.quarkus.bootstrap.classloading.PathTreeClassPathElement[org.junit.platform:junit-platform-commons /home/martin/.m2/repository/org/junit/platform/junit-platform-commons/6.0.3/junit-platform-commons-6.0.3.jar runtime=true resources=103] to QuarkusClassLoader Augmentation Class Loader: TEST for JUnitQuarkusTest-space.maatini.eventsourcing.TestProfile (QuarkusTest)
22:00:21 DEBUG [io.qu.bo.cl.QuarkusClassLoader] Adding parent first element io.quarkus.bootstrap.classloading.PathTreeClassPathElement[org.apiguardian:apiguardian-api /home/martin/.m2/repository/org/apiguardian/apiguardian-api/1.1.2/apiguardian-api-1.1.2.jar runtime=true resources=9] to QuarkusClassLoader Augmentation Class Loader: TEST for JUnitQuarkusTest-space.maatini.eventsourcing.TestProfile (QuarkusTest)
22:00:21 DEBUG [io.qu.bo.cl.QuarkusClassLoader] Adding normal priority element io.quarkus.bootstrap.classloading.PathTreeClassPathElement[org.apiguardian:apiguardian-api /home/martin/.m2/repository/org/apiguardian/apiguardian-api/1.1.2/apiguardian-api-1.1.2.jar runtime=true resources=9] to QuarkusClassLoader Augmentation Class Loader: TEST for JUnitQuarkusTest-space.maatini.eventsourcing.TestProfile (QuarkusTest)
22:00:21 DEBUG [io.qu.bo.cl.QuarkusClassLoader] Adding normal priority element io.quarkus.bootstrap.classloading.PathTreeClassPathElement[org.junit.jupiter:junit-jupiter /home/martin/.m2/repository/org/junit/jupiter/junit-jupiter/6.0.3/junit-jupiter-6.0.3.jar runtime=true resources=5] to QuarkusClassLoader Augmentation Class Loader: TEST for JUnitQuarkusTest-space.maatini.eventsourcing.TestProfile (QuarkusTest)
22:00:21 DEBUG [io.qu.bo.cl.QuarkusClassLoader] Adding parent first element io.quarkus.bootstrap.classloading.PathTreeClassPathElement[org.junit.jupiter:junit-jupiter-params /home/martin/.m2/repository/org/junit/jupiter/junit-jupiter-params/6.0.3/junit-jupiter-params-6.0.3.jar runtime=true resources=216] to QuarkusClassLoader Augmentation Class Loader: TEST for JUnitQuarkusTest-space.maatini.eventsourcing.TestProfile (QuarkusTest)
22:00:21 DEBUG [io.qu.bo.cl.QuarkusClassLoader] Adding normal priority element io.quarkus.bootstrap.classloading.PathTreeClassPathElement[org.junit.jupiter:junit-jupiter-params /home/martin/.m2/repository/org/junit/jupiter/junit-jupiter-params/6.0.3/junit-jupiter-params-6.0.3.jar runtime=true resources=216] to QuarkusClassLoader Augmentation Class Loader: TEST for JUnitQuarkusTest-space.maatini.eventsourcing.TestProfile (QuarkusTest)
22:00:21 DEBUG [io.qu.bo.cl.QuarkusClassLoader] Adding parent first element io.quarkus.bootstrap.classloading.PathTreeClassPathElement[org.junit.jupiter:junit-jupiter-engine /home/martin/.m2/repository/org/junit/jupiter/junit-jupiter-engine/6.0.3/junit-jupiter-engine-6.0.3.jar runtime=true resources=189] to QuarkusClassLoader Augmentation Class Loader: TEST for JUnitQuarkusTest-space.maatini.eventsourcing.TestProfile (QuarkusTest)
22:00:21 DEBUG [io.qu.bo.cl.QuarkusClassLoader] Adding normal priority element io.quarkus.bootstrap.classloading.PathTreeClassPathElement[org.junit.jupiter:junit-jupiter-engine /home/martin/.m2/repository/org/junit/jupiter/junit-jupiter-engine/6.0.3/junit-jupiter-engine-6.0.3.jar runtime=true resources=189] to QuarkusClassLoader Augmentation Class Loader: TEST for JUnitQuarkusTest-space.maatini.eventsourcing.TestProfile (QuarkusTest)
22:00:21 DEBUG [io.qu.bo.cl.QuarkusClassLoader] Adding parent first element io.quarkus.bootstrap.classloading.PathTreeClassPathElement[org.junit.platform:junit-platform-engine /home/martin/.m2/repository/org/junit/platform/junit-platform-engine/6.0.3/junit-platform-engine-6.0.3.jar runtime=true resources=195] to QuarkusClassLoader Augmentation Class Loader: TEST for JUnitQuarkusTest-space.maatini.eventsourcing.TestProfile (QuarkusTest)
22:00:21 DEBUG [io.qu.bo.cl.QuarkusClassLoader] Adding normal priority element io.quarkus.bootstrap.classloading.PathTreeClassPathElement[org.junit.platform:junit-platform-engine /home/martin/.m2/repository/org/junit/platform/junit-platform-engine/6.0.3/junit-platform-engine-6.0.3.jar runtime=true resources=195] to QuarkusClassLoader Augmentation Class Loader: TEST for JUnitQuarkusTest-space.maatini.eventsourcing.TestProfile (QuarkusTest)
22:00:21 DEBUG [io.qu.bo.cl.QuarkusClassLoader] Adding normal priority element io.quarkus.bootstrap.classloading.PathTreeClassPathElement[io.quarkus:quarkus-test-security /home/martin/.m2/repository/io/quarkus/quarkus-test-security/3.31.4/quarkus-test-security-3.31.4.jar runtime=true resources=38] to QuarkusClassLoader Augmentation Class Loader: TEST for JUnitQuarkusTest-space.maatini.eventsourcing.TestProfile (QuarkusTest)
22:00:21 DEBUG [io.qu.bo.cl.QuarkusClassLoader] Adding normal priority element io.quarkus.bootstrap.classloading.PathTreeClassPathElement[io.quarkus:quarkus-security /home/martin/.m2/repository/io/quarkus/quarkus-security/3.31.4/quarkus-security-3.31.4.jar runtime=true resources=117] to QuarkusClassLoader Augmentation Class Loader: TEST for JUnitQuarkusTest-space.maatini.eventsourcing.TestProfile (QuarkusTest)
22:00:21 DEBUG [io.qu.bo.cl.QuarkusClassLoader] Adding normal priority element io.quarkus.bootstrap.classloading.PathTreeClassPathElement[jakarta.interceptor:jakarta.interceptor-api /home/martin/.m2/repository/jakarta/interceptor/jakarta.interceptor-api/2.2.0/jakarta.interceptor-api-2.2.0.jar runtime=true resources=23] to QuarkusClassLoader Augmentation Class Loader: TEST for JUnitQuarkusTest-space.maatini.eventsourcing.TestProfile (QuarkusTest)
22:00:21 DEBUG [io.qu.bo.cl.QuarkusClassLoader] Adding normal priority element io.quarkus.bootstrap.classloading.PathTreeClassPathElement[io.rest-assured:rest-assured /home/martin/.m2/repository/io/rest-assured/rest-assured/5.5.6/rest-assured-5.5.6.jar runtime=true resources=382] to QuarkusClassLoader Augmentation Class Loader: TEST for JUnitQuarkusTest-space.maatini.eventsourcing.TestProfile (QuarkusTest)
22:00:21 DEBUG [io.qu.bo.cl.QuarkusClassLoader] Adding normal priority element io.quarkus.bootstrap.classloading.PathTreeClassPathElement[org.apache.groovy:groovy /home/martin/.m2/repository/org/apache/groovy/groovy/4.0.22/groovy-4.0.22.jar runtime=true resources=4733] to QuarkusClassLoader Augmentation Class Loader: TEST for JUnitQuarkusTest-space.maatini.eventsourcing.TestProfile (QuarkusTest)
22:00:21 DEBUG [io.qu.bo.cl.QuarkusClassLoader] Adding normal priority element io.quarkus.bootstrap.classloading.PathTreeClassPathElement[org.apache.groovy:groovy-xml /home/martin/.m2/repository/org/apache/groovy/groovy-xml/4.0.22/groovy-xml-4.0.22.jar runtime=true resources=149] to QuarkusClassLoader Augmentation Class Loader: TEST for JUnitQuarkusTest-space.maatini.eventsourcing.TestProfile (QuarkusTest)
22:00:21 DEBUG [io.qu.bo.cl.QuarkusClassLoader] Adding normal priority element io.quarkus.bootstrap.classloading.PathTreeClassPathElement[org.apache.httpcomponents:httpclient /home/martin/.m2/repository/org/apache/httpcomponents/httpclient/4.5.14/httpclient-4.5.14.jar runtime=true resources=511] to QuarkusClassLoader Augmentation Class Loader: TEST for JUnitQuarkusTest-space.maatini.eventsourcing.TestProfile (QuarkusTest)
22:00:21 DEBUG [io.qu.bo.cl.QuarkusClassLoader] Adding normal priority element io.quarkus.bootstrap.classloading.PathTreeClassPathElement[org.apache.httpcomponents:httpcore /home/martin/.m2/repository/org/apache/httpcomponents/httpcore/4.4.16/httpcore-4.4.16.jar runtime=true resources=283] to QuarkusClassLoader Augmentation Class Loader: TEST for JUnitQuarkusTest-space.maatini.eventsourcing.TestProfile (QuarkusTest)
22:00:21 DEBUG [io.qu.bo.cl.QuarkusClassLoader] Adding normal priority element io.quarkus.bootstrap.classloading.PathTreeClassPathElement[commons-codec:commons-codec /home/martin/.m2/repository/commons-codec/commons-codec/1.20.0/commons-codec-1.20.0.jar runtime=true resources=286] to QuarkusClassLoader Augmentation Class Loader: TEST for JUnitQuarkusTest-space.maatini.eventsourcing.TestProfile (QuarkusTest)
22:00:21 DEBUG [io.qu.bo.cl.QuarkusClassLoader] Adding normal priority element io.quarkus.bootstrap.classloading.PathTreeClassPathElement[org.apache.httpcomponents:httpmime /home/martin/.m2/repository/org/apache/httpcomponents/httpmime/4.5.14/httpmime-4.5.14.jar runtime=true resources=40] to QuarkusClassLoader Augmentation Class Loader: TEST for JUnitQuarkusTest-space.maatini.eventsourcing.TestProfile (QuarkusTest)
22:00:21 DEBUG [io.qu.bo.cl.QuarkusClassLoader] Adding normal priority element io.quarkus.bootstrap.classloading.PathTreeClassPathElement[org.hamcrest:hamcrest /home/martin/.m2/repository/org/hamcrest/hamcrest/2.2/hamcrest-2.2.jar runtime=true resources=122] to QuarkusClassLoader Augmentation Class Loader: TEST for JUnitQuarkusTest-space.maatini.eventsourcing.TestProfile (QuarkusTest)
22:00:21 DEBUG [io.qu.bo.cl.QuarkusClassLoader] Adding normal priority element io.quarkus.bootstrap.classloading.PathTreeClassPathElement[org.ccil.cowan.tagsoup:tagsoup /home/martin/.m2/repository/org/ccil/cowan/tagsoup/tagsoup/1.2.1/tagsoup-1.2.1.jar runtime=true resources=29] to QuarkusClassLoader Augmentation Class Loader: TEST for JUnitQuarkusTest-space.maatini.eventsourcing.TestProfile (QuarkusTest)
22:00:21 DEBUG [io.qu.bo.cl.QuarkusClassLoader] Adding normal priority element io.quarkus.bootstrap.classloading.PathTreeClassPathElement[io.rest-assured:json-path /home/martin/.m2/repository/io/rest-assured/json-path/5.5.6/json-path-5.5.6.jar runtime=true resources=61] to QuarkusClassLoader Augmentation Class Loader: TEST for JUnitQuarkusTest-space.maatini.eventsourcing.TestProfile (QuarkusTest)
22:00:21 DEBUG [io.qu.bo.cl.QuarkusClassLoader] Adding normal priority element io.quarkus.bootstrap.classloading.PathTreeClassPathElement[org.apache.groovy:groovy-json /home/martin/.m2/repository/org/apache/groovy/groovy-json/4.0.22/groovy-json-4.0.22.jar runtime=true resources=79] to QuarkusClassLoader Augmentation Class Loader: TEST for JUnitQuarkusTest-space.maatini.eventsourcing.TestProfile (QuarkusTest)
22:00:21 DEBUG [io.qu.bo.cl.QuarkusClassLoader] Adding normal priority element io.quarkus.bootstrap.classloading.PathTreeClassPathElement[io.rest-assured:rest-assured-common /home/martin/.m2/repository/io/rest-assured/rest-assured-common/5.5.6/rest-assured-common-5.5.6.jar runtime=true resources=42] to QuarkusClassLoader Augmentation Class Loader: TEST for JUnitQuarkusTest-space.maatini.eventsourcing.TestProfile (QuarkusTest)
22:00:21 DEBUG [io.qu.bo.cl.QuarkusClassLoader] Adding normal priority element io.quarkus.bootstrap.classloading.PathTreeClassPathElement[io.rest-assured:xml-path /home/martin/.m2/repository/io/rest-assured/xml-path/5.5.6/xml-path-5.5.6.jar runtime=true resources=61] to QuarkusClassLoader Augmentation Class Loader: TEST for JUnitQuarkusTest-space.maatini.eventsourcing.TestProfile (QuarkusTest)
22:00:21 DEBUG [io.qu.bo.cl.QuarkusClassLoader] Adding normal priority element io.quarkus.bootstrap.classloading.PathTreeClassPathElement[org.apache.commons:commons-lang3 /home/martin/.m2/repository/org/apache/commons/commons-lang3/3.20.0/commons-lang3-3.20.0.jar runtime=true resources=455] to QuarkusClassLoader Augmentation Class Loader: TEST for JUnitQuarkusTest-space.maatini.eventsourcing.TestProfile (QuarkusTest)
22:00:21 DEBUG [io.qu.bo.cl.QuarkusClassLoader] Adding normal priority element io.quarkus.bootstrap.classloading.PathTreeClassPathElement[io.quarkus:quarkus-jacoco /home/martin/.m2/repository/io/quarkus/quarkus-jacoco/3.31.4/quarkus-jacoco-3.31.4.jar runtime=true resources=28] to QuarkusClassLoader Augmentation Class Loader: TEST for JUnitQuarkusTest-space.maatini.eventsourcing.TestProfile (QuarkusTest)
22:00:21 DEBUG [io.qu.bo.cl.QuarkusClassLoader] Adding parent first element io.quarkus.bootstrap.classloading.PathTreeClassPathElement[org.jacoco:org.jacoco.core /home/martin/.m2/repository/org/jacoco/org.jacoco.core/0.8.14/org.jacoco.core-0.8.14.jar runtime=true resources=230] to QuarkusClassLoader Augmentation Class Loader: TEST for JUnitQuarkusTest-space.maatini.eventsourcing.TestProfile (QuarkusTest)
22:00:21 DEBUG [io.qu.bo.cl.QuarkusClassLoader] Adding normal priority element io.quarkus.bootstrap.classloading.PathTreeClassPathElement[org.jacoco:org.jacoco.core /home/martin/.m2/repository/org/jacoco/org.jacoco.core/0.8.14/org.jacoco.core-0.8.14.jar runtime=true resources=230] to QuarkusClassLoader Augmentation Class Loader: TEST for JUnitQuarkusTest-space.maatini.eventsourcing.TestProfile (QuarkusTest)
22:00:21 DEBUG [io.qu.bo.cl.QuarkusClassLoader] Adding normal priority element io.quarkus.bootstrap.classloading.PathTreeClassPathElement[org.ow2.asm:asm-tree /home/martin/.m2/repository/org/ow2/asm/asm-tree/9.9.1/asm-tree-9.9.1.jar runtime=true resources=45] to QuarkusClassLoader Augmentation Class Loader: TEST for JUnitQuarkusTest-space.maatini.eventsourcing.TestProfile (QuarkusTest)
22:00:21 DEBUG [io.qu.bo.cl.QuarkusClassLoader] Adding parent first element io.quarkus.bootstrap.classloading.PathTreeClassPathElement[org.jacoco:org.jacoco.report /home/martin/.m2/repository/org/jacoco/org.jacoco.report/0.8.14/org.jacoco.report-0.8.14.jar runtime=true resources=127] to QuarkusClassLoader Augmentation Class Loader: TEST for JUnitQuarkusTest-space.maatini.eventsourcing.TestProfile (QuarkusTest)
22:00:21 DEBUG [io.qu.bo.cl.QuarkusClassLoader] Adding normal priority element io.quarkus.bootstrap.classloading.PathTreeClassPathElement[org.jacoco:org.jacoco.report /home/martin/.m2/repository/org/jacoco/org.jacoco.report/0.8.14/org.jacoco.report-0.8.14.jar runtime=true resources=127] to QuarkusClassLoader Augmentation Class Loader: TEST for JUnitQuarkusTest-space.maatini.eventsourcing.TestProfile (QuarkusTest)
22:00:21 DEBUG [io.qu.bo.cl.QuarkusClassLoader] Adding parent first element io.quarkus.bootstrap.classloading.PathTreeClassPathElement[org.jacoco:org.jacoco.agent /home/martin/.m2/repository/org/jacoco/org.jacoco.agent/0.8.14/org.jacoco.agent-0.8.14.jar runtime=true resources=14] to QuarkusClassLoader Augmentation Class Loader: TEST for JUnitQuarkusTest-space.maatini.eventsourcing.TestProfile (QuarkusTest)
22:00:21 DEBUG [io.qu.bo.cl.QuarkusClassLoader] Adding normal priority element io.quarkus.bootstrap.classloading.PathTreeClassPathElement[org.jacoco:org.jacoco.agent /home/martin/.m2/repository/org/jacoco/org.jacoco.agent/0.8.14/org.jacoco.agent-0.8.14.jar runtime=true resources=14] to QuarkusClassLoader Augmentation Class Loader: TEST for JUnitQuarkusTest-space.maatini.eventsourcing.TestProfile (QuarkusTest)
22:00:21 DEBUG [io.qu.bo.cl.QuarkusClassLoader] Adding parent first element io.quarkus.bootstrap.classloading.PathTreeClassPathElement[org.jacoco:org.jacoco.agent:runtime /home/martin/.m2/repository/org/jacoco/org.jacoco.agent/0.8.14/org.jacoco.agent-0.8.14-runtime.jar runtime=true resources=207] to QuarkusClassLoader Augmentation Class Loader: TEST for JUnitQuarkusTest-space.maatini.eventsourcing.TestProfile (QuarkusTest)
22:00:21 DEBUG [io.qu.bo.cl.QuarkusClassLoader] Adding normal priority element io.quarkus.bootstrap.classloading.PathTreeClassPathElement[org.jacoco:org.jacoco.agent:runtime /home/martin/.m2/repository/org/jacoco/org.jacoco.agent/0.8.14/org.jacoco.agent-0.8.14-runtime.jar runtime=true resources=207] to QuarkusClassLoader Augmentation Class Loader: TEST for JUnitQuarkusTest-space.maatini.eventsourcing.TestProfile (QuarkusTest)
22:00:21 DEBUG [io.qu.bo.cl.QuarkusClassLoader] Adding normal priority element io.quarkus.bootstrap.classloading.PathTreeClassPathElement[org.ow2.asm:asm-commons /home/martin/.m2/repository/org/ow2/asm/asm-commons/9.9.1/asm-commons-9.9.1.jar runtime=true resources=34] to QuarkusClassLoader Augmentation Class Loader: TEST for JUnitQuarkusTest-space.maatini.eventsourcing.TestProfile (QuarkusTest)
22:00:21 DEBUG [io.qu.bo.cl.QuarkusClassLoader] Adding normal priority element io.quarkus.bootstrap.classloading.PathTreeClassPathElement[io.quarkus:quarkus-smallrye-context-propagation-spi /home/martin/.m2/repository/io/quarkus/quarkus-smallrye-context-propagation-spi/3.31.4/quarkus-smallrye-context-propagation-spi-3.31.4.jar runtime=false resources=15] to QuarkusClassLoader Augmentation Class Loader: TEST for JUnitQuarkusTest-space.maatini.eventsourcing.TestProfile (QuarkusTest)
22:00:21 DEBUG [io.qu.bo.cl.QuarkusClassLoader] Adding normal priority element io.quarkus.bootstrap.classloading.PathTreeClassPathElement[io.quarkus:quarkus-devui-deployment-spi /home/martin/.m2/repository/io/quarkus/quarkus-devui-deployment-spi/3.31.4/quarkus-devui-deployment-spi-3.31.4.jar runtime=false resources=64] to QuarkusClassLoader Augmentation Class Loader: TEST for JUnitQuarkusTest-space.maatini.eventsourcing.TestProfile (QuarkusTest)
22:00:21 DEBUG [io.qu.bo.cl.QuarkusClassLoader] Adding normal priority element io.quarkus.bootstrap.classloading.PathTreeClassPathElement[io.quarkus:quarkus-arc-dev /home/martin/.m2/repository/io/quarkus/quarkus-arc-dev/3.31.4/quarkus-arc-dev-3.31.4.jar runtime=false resources=26] to QuarkusClassLoader Augmentation Class Loader: TEST for JUnitQuarkusTest-space.maatini.eventsourcing.TestProfile (QuarkusTest)
22:00:21 DEBUG [io.qu.bo.cl.QuarkusClassLoader] Adding normal priority element io.quarkus.bootstrap.classloading.PathTreeClassPathElement[io.quarkus.arc:arc-processor /home/martin/.m2/repository/io/quarkus/arc/arc-processor/3.31.4/arc-processor-3.31.4.jar runtime=false resources=322] to QuarkusClassLoader Augmentation Class Loader: TEST for JUnitQuarkusTest-space.maatini.eventsourcing.TestProfile (QuarkusTest)
22:00:21 DEBUG [io.qu.bo.cl.QuarkusClassLoader] Adding normal priority element io.quarkus.bootstrap.classloading.PathTreeClassPathElement[io.quarkus:quarkus-arc-test-supplement /home/martin/.m2/repository/io/quarkus/quarkus-arc-test-supplement/3.31.4/quarkus-arc-test-supplement-3.31.4.jar runtime=false resources=23] to QuarkusClassLoader Augmentation Class Loader: TEST for JUnitQuarkusTest-space.maatini.eventsourcing.TestProfile (QuarkusTest)
22:00:21 DEBUG [io.qu.bo.cl.QuarkusClassLoader] Adding normal priority element io.quarkus.bootstrap.classloading.PathTreeClassPathElement[io.quarkus:quarkus-arc-test-supplement-decorator /home/martin/.m2/repository/io/quarkus/quarkus-arc-test-supplement-decorator/3.31.4/quarkus-arc-test-supplement-decorator-3.31.4.jar runtime=false resources=17] to QuarkusClassLoader Augmentation Class Loader: TEST for JUnitQuarkusTest-space.maatini.eventsourcing.TestProfile (QuarkusTest)
22:00:21 DEBUG [io.qu.bo.cl.QuarkusClassLoader] Adding normal priority element io.quarkus.bootstrap.classloading.PathTreeClassPathElement[io.quarkus:quarkus-arc-deployment /home/martin/.m2/repository/io/quarkus/quarkus-arc-deployment/3.31.4/quarkus-arc-deployment-3.31.4.jar runtime=false resources=226] to QuarkusClassLoader Augmentation Class Loader: TEST for JUnitQuarkusTest-space.maatini.eventsourcing.TestProfile (QuarkusTest)
22:00:21 DEBUG [io.qu.bo.cl.QuarkusClassLoader] Adding normal priority element io.quarkus.bootstrap.classloading.PathTreeClassPathElement[io.quarkus.resteasy.reactive:resteasy-reactive-common-processor /home/martin/.m2/repository/io/quarkus/resteasy/reactive/resteasy-reactive-common-processor/3.31.4/resteasy-reactive-common-processor-3.31.4.jar runtime=false resources=73] to QuarkusClassLoader Augmentation Class Loader: TEST for JUnitQuarkusTest-space.maatini.eventsourcing.TestProfile (QuarkusTest)
22:00:21 DEBUG [io.qu.bo.cl.QuarkusClassLoader] Adding normal priority element io.quarkus.bootstrap.classloading.PathTreeClassPathElement[io.quarkus.resteasy.reactive:resteasy-reactive-processor /home/martin/.m2/repository/io/quarkus/resteasy/reactive/resteasy-reactive-processor/3.31.4/resteasy-reactive-processor-3.31.4.jar runtime=false resources=84] to QuarkusClassLoader Augmentation Class Loader: TEST for JUnitQuarkusTest-space.maatini.eventsourcing.TestProfile (QuarkusTest)
22:00:21 DEBUG [io.qu.bo.cl.QuarkusClassLoader] Adding normal priority element io.quarkus.bootstrap.classloading.PathTreeClassPathElement[io.quarkus:quarkus-rest-dev /home/martin/.m2/repository/io/quarkus/quarkus-rest-dev/3.31.4/quarkus-rest-dev-3.31.4.jar runtime=false resources=17] to QuarkusClassLoader Augmentation Class Loader: TEST for JUnitQuarkusTest-space.maatini.eventsourcing.TestProfile (QuarkusTest)
22:00:21 DEBUG [io.qu.bo.cl.QuarkusClassLoader] Adding normal priority element io.quarkus.bootstrap.classloading.PathTreeClassPathElement[io.quarkus:quarkus-rest-server-spi-deployment /home/martin/.m2/repository/io/quarkus/quarkus-rest-server-spi-deployment/3.31.4/quarkus-rest-server-spi-deployment-3.31.4.jar runtime=false resources=26] to QuarkusClassLoader Augmentation Class Loader: TEST for JUnitQuarkusTest-space.maatini.eventsourcing.TestProfile (QuarkusTest)
22:00:21 DEBUG [io.qu.bo.cl.QuarkusClassLoader] Adding normal priority element io.quarkus.bootstrap.classloading.PathTreeClassPathElement[io.quarkus:quarkus-rest-common-deployment /home/martin/.m2/repository/io/quarkus/quarkus-rest-common-deployment/3.31.4/quarkus-rest-common-deployment-3.31.4.jar runtime=false resources=43] to QuarkusClassLoader Augmentation Class Loader: TEST for JUnitQuarkusTest-space.maatini.eventsourcing.TestProfile (QuarkusTest)
22:00:21 DEBUG [io.qu.bo.cl.QuarkusClassLoader] Adding normal priority element io.quarkus.bootstrap.classloading.PathTreeClassPathElement[io.quarkus:quarkus-rest-deployment /home/martin/.m2/repository/io/quarkus/quarkus-rest-deployment/3.31.4/quarkus-rest-deployment-3.31.4.jar runtime=false resources=101] to QuarkusClassLoader Augmentation Class Loader: TEST for JUnitQuarkusTest-space.maatini.eventsourcing.TestProfile (QuarkusTest)
22:00:21 DEBUG [io.qu.bo.cl.QuarkusClassLoader] Adding normal priority element io.quarkus.bootstrap.classloading.PathTreeClassPathElement[io.quarkus:quarkus-jackson-deployment /home/martin/.m2/repository/io/quarkus/quarkus-jackson-deployment/3.31.4/quarkus-jackson-deployment-3.31.4.jar runtime=false resources=30] to QuarkusClassLoader Augmentation Class Loader: TEST for JUnitQuarkusTest-space.maatini.eventsourcing.TestProfile (QuarkusTest)
22:00:21 DEBUG [io.qu.bo.cl.QuarkusClassLoader] Adding normal priority element io.quarkus.bootstrap.classloading.PathTreeClassPathElement[io.quarkus:quarkus-rest-jackson-common-deployment /home/martin/.m2/repository/io/quarkus/quarkus-rest-jackson-common-deployment/3.31.4/quarkus-rest-jackson-common-deployment-3.31.4.jar runtime=false resources=17] to QuarkusClassLoader Augmentation Class Loader: TEST for JUnitQuarkusTest-space.maatini.eventsourcing.TestProfile (QuarkusTest)
22:00:21 DEBUG [io.qu.bo.cl.QuarkusClassLoader] Adding normal priority element io.quarkus.bootstrap.classloading.PathTreeClassPathElement[io.quarkus:quarkus-rest-jackson-deployment /home/martin/.m2/repository/io/quarkus/quarkus-rest-jackson-deployment/3.31.4/quarkus-rest-jackson-deployment-3.31.4.jar runtime=false resources=38] to QuarkusClassLoader Augmentation Class Loader: TEST for JUnitQuarkusTest-space.maatini.eventsourcing.TestProfile (QuarkusTest)
22:00:21 DEBUG [io.qu.bo.cl.QuarkusClassLoader] Adding normal priority element io.quarkus.bootstrap.classloading.PathTreeClassPathElement[org.hibernate.tool:hibernate-tools-language /home/martin/.m2/repository/org/hibernate/tool/hibernate-tools-language/7.2.4.Final/hibernate-tools-language-7.2.4.Final.jar runtime=false resources=22] to QuarkusClassLoader Augmentation Class Loader: TEST for JUnitQuarkusTest-space.maatini.eventsourcing.TestProfile (QuarkusTest)
22:00:21 DEBUG [io.qu.bo.cl.QuarkusClassLoader] Adding normal priority element io.quarkus.bootstrap.classloading.PathTreeClassPathElement[io.quarkus:quarkus-hibernate-orm-dev /home/martin/.m2/repository/io/quarkus/quarkus-hibernate-orm-dev/3.31.4/quarkus-hibernate-orm-dev-3.31.4.jar runtime=false resources=30] to QuarkusClassLoader Augmentation Class Loader: TEST for JUnitQuarkusTest-space.maatini.eventsourcing.TestProfile (QuarkusTest)
22:00:21 DEBUG [io.qu.bo.cl.QuarkusClassLoader] Adding normal priority element io.quarkus.bootstrap.classloading.PathTreeClassPathElement[io.quarkus:quarkus-hibernate-orm-deployment-spi /home/martin/.m2/repository/io/quarkus/quarkus-hibernate-orm-deployment-spi/3.31.4/quarkus-hibernate-orm-deployment-spi-3.31.4.jar runtime=false resources=17] to QuarkusClassLoader Augmentation Class Loader: TEST for JUnitQuarkusTest-space.maatini.eventsourcing.TestProfile (QuarkusTest)
22:00:21 DEBUG [io.qu.bo.cl.QuarkusClassLoader] Adding normal priority element io.quarkus.bootstrap.classloading.PathTreeClassPathElement[io.quarkus:quarkus-caffeine-deployment /home/martin/.m2/repository/io/quarkus/quarkus-caffeine-deployment/3.31.4/quarkus-caffeine-deployment-3.31.4.jar runtime=false resources=29] to QuarkusClassLoader Augmentation Class Loader: TEST for JUnitQuarkusTest-space.maatini.eventsourcing.TestProfile (QuarkusTest)
22:00:21 DEBUG [io.qu.bo.cl.QuarkusClassLoader] Adding normal priority element io.quarkus.bootstrap.classloading.PathTreeClassPathElement[io.quarkus:quarkus-hibernate-orm-deployment /home/martin/.m2/repository/io/quarkus/quarkus-hibernate-orm-deployment/3.31.4/quarkus-hibernate-orm-deployment-3.31.4.jar runtime=false resources=132] to QuarkusClassLoader Augmentation Class Loader: TEST for JUnitQuarkusTest-space.maatini.eventsourcing.TestProfile (QuarkusTest)
22:00:21 DEBUG [io.qu.bo.cl.QuarkusClassLoader] Adding normal priority element io.quarkus.bootstrap.classloading.PathTreeClassPathElement[io.quarkus:quarkus-agroal-spi /home/martin/.m2/repository/io/quarkus/quarkus-agroal-spi/3.31.4/quarkus-agroal-spi-3.31.4.jar runtime=false resources=18] to QuarkusClassLoader Augmentation Class Loader: TEST for JUnitQuarkusTest-space.maatini.eventsourcing.TestProfile (QuarkusTest)
22:00:21 DEBUG [io.qu.bo.cl.QuarkusClassLoader] Adding normal priority element io.quarkus.bootstrap.classloading.PathTreeClassPathElement[io.quarkus:quarkus-hibernate-reactive-deployment /home/martin/.m2/repository/io/quarkus/quarkus-hibernate-reactive-deployment/3.31.4/quarkus-hibernate-reactive-deployment-3.31.4.jar runtime=false resources=35] to QuarkusClassLoader Augmentation Class Loader: TEST for JUnitQuarkusTest-space.maatini.eventsourcing.TestProfile (QuarkusTest)
22:00:21 DEBUG [io.qu.bo.cl.QuarkusClassLoader] Adding normal priority element io.quarkus.bootstrap.classloading.PathTreeClassPathElement[io.quarkus:quarkus-panache-common-deployment /home/martin/.m2/repository/io/quarkus/quarkus-panache-common-deployment/3.31.4/quarkus-panache-common-deployment-3.31.4.jar runtime=false resources=44] to QuarkusClassLoader Augmentation Class Loader: TEST for JUnitQuarkusTest-space.maatini.eventsourcing.TestProfile (QuarkusTest)
22:00:21 DEBUG [io.qu.bo.cl.QuarkusClassLoader] Adding normal priority element io.quarkus.bootstrap.classloading.PathTreeClassPathElement[io.quarkus:quarkus-hibernate-reactive-panache-common-deployment /home/martin/.m2/repository/io/quarkus/quarkus-hibernate-reactive-panache-common-deployment/3.31.4/quarkus-hibernate-reactive-panache-common-deployment-3.31.4.jar runtime=false resources=20] to QuarkusClassLoader Augmentation Class Loader: TEST for JUnitQuarkusTest-space.maatini.eventsourcing.TestProfile (QuarkusTest)
22:00:21 DEBUG [io.qu.bo.cl.QuarkusClassLoader] Adding normal priority element io.quarkus.bootstrap.classloading.PathTreeClassPathElement[io.quarkus:quarkus-panache-hibernate-common-deployment /home/martin/.m2/repository/io/quarkus/quarkus-panache-hibernate-common-deployment/3.31.4/quarkus-panache-hibernate-common-deployment-3.31.4.jar runtime=false resources=22] to QuarkusClassLoader Augmentation Class Loader: TEST for JUnitQuarkusTest-space.maatini.eventsourcing.TestProfile (QuarkusTest)
22:00:21 DEBUG [io.qu.bo.cl.QuarkusClassLoader] Adding normal priority element io.quarkus.bootstrap.classloading.PathTreeClassPathElement[io.quarkus:quarkus-hibernate-reactive-panache-deployment /home/martin/.m2/repository/io/quarkus/quarkus-hibernate-reactive-panache-deployment/3.31.4/quarkus-hibernate-reactive-panache-deployment-3.31.4.jar runtime=false resources=21] to QuarkusClassLoader Augmentation Class Loader: TEST for JUnitQuarkusTest-space.maatini.eventsourcing.TestProfile (QuarkusTest)
22:00:21 DEBUG [io.qu.bo.cl.QuarkusClassLoader] Adding normal priority element io.quarkus.bootstrap.classloading.PathTreeClassPathElement[io.quarkus:quarkus-datasource-dev /home/martin/.m2/repository/io/quarkus/quarkus-datasource-dev/3.31.4/quarkus-datasource-dev-3.31.4.jar runtime=false resources=15] to QuarkusClassLoader Augmentation Class Loader: TEST for JUnitQuarkusTest-space.maatini.eventsourcing.TestProfile (QuarkusTest)
22:00:21 DEBUG [io.qu.bo.cl.QuarkusClassLoader] Adding normal priority element io.quarkus.bootstrap.classloading.PathTreeClassPathElement[io.quarkus:quarkus-kubernetes-service-binding-spi /home/martin/.m2/repository/io/quarkus/quarkus-kubernetes-service-binding-spi/3.31.4/quarkus-kubernetes-service-binding-spi-3.31.4.jar runtime=false resources=16] to QuarkusClassLoader Augmentation Class Loader: TEST for JUnitQuarkusTest-space.maatini.eventsourcing.TestProfile (QuarkusTest)
22:00:21 DEBUG [io.qu.bo.cl.QuarkusClassLoader] Adding normal priority element io.quarkus.bootstrap.classloading.PathTreeClassPathElement[io.quarkus:quarkus-devservices-deployment /home/martin/.m2/repository/io/quarkus/quarkus-devservices-deployment/3.31.4/quarkus-devservices-deployment-3.31.4.jar runtime=false resources=42] to QuarkusClassLoader Augmentation Class Loader: TEST for JUnitQuarkusTest-space.maatini.eventsourcing.TestProfile (QuarkusTest)
22:00:21 DEBUG [io.qu.bo.cl.QuarkusClassLoader] Adding normal priority element io.quarkus.bootstrap.classloading.PathTreeClassPathElement[io.quarkus:quarkus-datasource-deployment /home/martin/.m2/repository/io/quarkus/quarkus-datasource-deployment/3.31.4/quarkus-datasource-deployment-3.31.4.jar runtime=false resources=34] to QuarkusClassLoader Augmentation Class Loader: TEST for JUnitQuarkusTest-space.maatini.eventsourcing.TestProfile (QuarkusTest)
22:00:21 DEBUG [io.qu.bo.cl.QuarkusClassLoader] Adding normal priority element io.quarkus.bootstrap.classloading.PathTreeClassPathElement[io.quarkus:quarkus-reactive-datasource-spi /home/martin/.m2/repository/io/quarkus/quarkus-reactive-datasource-spi/3.31.4/quarkus-reactive-datasource-spi-3.31.4.jar runtime=false resources=14] to QuarkusClassLoader Augmentation Class Loader: TEST for JUnitQuarkusTest-space.maatini.eventsourcing.TestProfile (QuarkusTest)
22:00:21 DEBUG [io.qu.bo.cl.QuarkusClassLoader] Adding normal priority element io.quarkus.bootstrap.classloading.PathTreeClassPathElement[io.quarkus:quarkus-reactive-datasource-deployment /home/martin/.m2/repository/io/quarkus/quarkus-reactive-datasource-deployment/3.31.4/quarkus-reactive-datasource-deployment-3.31.4.jar runtime=false resources=33] to QuarkusClassLoader Augmentation Class Loader: TEST for JUnitQuarkusTest-space.maatini.eventsourcing.TestProfile (QuarkusTest)
22:00:21 DEBUG [io.qu.bo.cl.QuarkusClassLoader] Adding normal priority element io.quarkus.bootstrap.classloading.PathTreeClassPathElement[io.quarkus:quarkus-datasource-deployment-spi /home/martin/.m2/repository/io/quarkus/quarkus-datasource-deployment-spi/3.31.4/quarkus-datasource-deployment-spi-3.31.4.jar runtime=false resources=26] to QuarkusClassLoader Augmentation Class Loader: TEST for JUnitQuarkusTest-space.maatini.eventsourcing.TestProfile (QuarkusTest)
22:00:21 DEBUG [io.qu.bo.cl.QuarkusClassLoader] Adding normal priority element io.quarkus.bootstrap.classloading.PathTreeClassPathElement[org.testcontainers:testcontainers-database-commons /home/martin/.m2/repository/org/testcontainers/testcontainers-database-commons/2.0.3/testcontainers-database-commons-2.0.3.jar runtime=false resources=19] to QuarkusClassLoader Augmentation Class Loader: TEST for JUnitQuarkusTest-space.maatini.eventsourcing.TestProfile (QuarkusTest)
22:00:21 DEBUG [io.qu.bo.cl.QuarkusClassLoader] Adding normal priority element io.quarkus.bootstrap.classloading.PathTreeClassPathElement[org.testcontainers:testcontainers-jdbc /home/martin/.m2/repository/org/testcontainers/testcontainers-jdbc/2.0.3/testcontainers-jdbc-2.0.3.jar runtime=false resources=21] to QuarkusClassLoader Augmentation Class Loader: TEST for JUnitQuarkusTest-space.maatini.eventsourcing.TestProfile (QuarkusTest)
22:00:21 DEBUG [io.qu.bo.cl.QuarkusClassLoader] Adding normal priority element io.quarkus.bootstrap.classloading.PathTreeClassPathElement[org.testcontainers:testcontainers-postgresql /home/martin/.m2/repository/org/testcontainers/testcontainers-postgresql/2.0.3/testcontainers-postgresql-2.0.3.jar runtime=false resources=18] to QuarkusClassLoader Augmentation Class Loader: TEST for JUnitQuarkusTest-space.maatini.eventsourcing.TestProfile (QuarkusTest)
22:00:21 DEBUG [io.qu.bo.cl.QuarkusClassLoader] Adding normal priority element io.quarkus.bootstrap.classloading.PathTreeClassPathElement[com.github.docker-java:docker-java-api /home/martin/.m2/repository/com/github/docker-java/docker-java-api/3.7.0/docker-java-api-3.7.0.jar runtime=false resources=404] to QuarkusClassLoader Augmentation Class Loader: TEST for JUnitQuarkusTest-space.maatini.eventsourcing.TestProfile (QuarkusTest)
22:00:21 DEBUG [io.qu.bo.cl.QuarkusClassLoader] Adding normal priority element io.quarkus.bootstrap.classloading.PathTreeClassPathElement[org.rnorth.duct-tape:duct-tape /home/martin/.m2/repository/org/rnorth/duct-tape/duct-tape/1.0.8/duct-tape-1.0.8.jar runtime=false resources=37] to QuarkusClassLoader Augmentation Class Loader: TEST for JUnitQuarkusTest-space.maatini.eventsourcing.TestProfile (QuarkusTest)
22:00:21 DEBUG [io.qu.bo.cl.QuarkusClassLoader] Adding normal priority element io.quarkus.bootstrap.classloading.PathTreeClassPathElement[com.github.docker-java:docker-java-transport /home/martin/.m2/repository/com/github/docker-java/docker-java-transport/3.7.0/docker-java-transport-3.7.0.jar runtime=false resources=45] to QuarkusClassLoader Augmentation Class Loader: TEST for JUnitQuarkusTest-space.maatini.eventsourcing.TestProfile (QuarkusTest)
22:00:21 DEBUG [io.qu.bo.cl.QuarkusClassLoader] Adding normal priority element io.quarkus.bootstrap.classloading.PathTreeClassPathElement[net.java.dev.jna:jna /home/martin/.m2/repository/net/java/dev/jna/jna/5.8.0/jna-5.8.0.jar runtime=false resources=178] to QuarkusClassLoader Augmentation Class Loader: TEST for JUnitQuarkusTest-space.maatini.eventsourcing.TestProfile (QuarkusTest)
22:00:21 DEBUG [io.qu.bo.cl.QuarkusClassLoader] Adding normal priority element io.quarkus.bootstrap.classloading.PathTreeClassPathElement[com.github.docker-java:docker-java-transport-zerodep /home/martin/.m2/repository/com/github/docker-java/docker-java-transport-zerodep/3.7.0/docker-java-transport-zerodep-3.7.0.jar runtime=false resources=1475] to QuarkusClassLoader Augmentation Class Loader: TEST for JUnitQuarkusTest-space.maatini.eventsourcing.TestProfile (QuarkusTest)
22:00:21 DEBUG [io.qu.bo.cl.QuarkusClassLoader] Adding normal priority element io.quarkus.bootstrap.classloading.PathTreeClassPathElement[org.testcontainers:testcontainers /home/martin/.m2/repository/org/testcontainers/testcontainers/2.0.3/testcontainers-2.0.3.jar runtime=false resources=12745] to QuarkusClassLoader Augmentation Class Loader: TEST for JUnitQuarkusTest-space.maatini.eventsourcing.TestProfile (QuarkusTest)
22:00:21 DEBUG [io.qu.bo.cl.QuarkusClassLoader] Adding normal priority element io.quarkus.bootstrap.classloading.PathTreeClassPathElement[io.quarkus:quarkus-devservices-common /home/martin/.m2/repository/io/quarkus/quarkus-devservices-common/3.31.4/quarkus-devservices-common-3.31.4.jar runtime=false resources=24] to QuarkusClassLoader Augmentation Class Loader: TEST for JUnitQuarkusTest-space.maatini.eventsourcing.TestProfile (QuarkusTest)
22:00:21 DEBUG [io.qu.bo.cl.QuarkusClassLoader] Adding normal priority element io.quarkus.bootstrap.classloading.PathTreeClassPathElement[org.postgresql:postgresql /home/martin/.m2/repository/org/postgresql/postgresql/42.7.10/postgresql-42.7.10.jar runtime=false resources=555] to QuarkusClassLoader Augmentation Class Loader: TEST for JUnitQuarkusTest-space.maatini.eventsourcing.TestProfile (QuarkusTest)
22:00:21 DEBUG [io.qu.bo.cl.QuarkusClassLoader] Adding normal priority element io.quarkus.bootstrap.classloading.PathTreeClassPathElement[io.quarkus:quarkus-devservices-postgresql /home/martin/.m2/repository/io/quarkus/quarkus-devservices-postgresql/3.31.4/quarkus-devservices-postgresql-3.31.4.jar runtime=false resources=21] to QuarkusClassLoader Augmentation Class Loader: TEST for JUnitQuarkusTest-space.maatini.eventsourcing.TestProfile (QuarkusTest)
22:00:21 DEBUG [io.qu.bo.cl.QuarkusClassLoader] Adding normal priority element io.quarkus.bootstrap.classloading.PathTreeClassPathElement[io.quarkus:quarkus-tls-registry-deployment-spi /home/martin/.m2/repository/io/quarkus/quarkus-tls-registry-deployment-spi/3.31.4/quarkus-tls-registry-deployment-spi-3.31.4.jar runtime=false resources=15] to QuarkusClassLoader Augmentation Class Loader: TEST for JUnitQuarkusTest-space.maatini.eventsourcing.TestProfile (QuarkusTest)
22:00:21 DEBUG [io.qu.bo.cl.QuarkusClassLoader] Adding normal priority element io.quarkus.bootstrap.classloading.PathTreeClassPathElement[io.quarkus:quarkus-netty-deployment /home/martin/.m2/repository/io/quarkus/quarkus-netty-deployment/3.31.4/quarkus-netty-deployment-3.31.4.jar runtime=false resources=47] to QuarkusClassLoader Augmentation Class Loader: TEST for JUnitQuarkusTest-space.maatini.eventsourcing.TestProfile (QuarkusTest)
22:00:21 DEBUG [io.qu.bo.cl.QuarkusClassLoader] Adding normal priority element io.quarkus.bootstrap.classloading.PathTreeClassPathElement[io.quarkus:quarkus-smallrye-context-propagation-deployment /home/martin/.m2/repository/io/quarkus/quarkus-smallrye-context-propagation-deployment/3.31.4/quarkus-smallrye-context-propagation-deployment-3.31.4.jar runtime=false resources=32] to QuarkusClassLoader Augmentation Class Loader: TEST for JUnitQuarkusTest-space.maatini.eventsourcing.TestProfile (QuarkusTest)
22:00:21 DEBUG [io.qu.bo.cl.QuarkusClassLoader] Adding normal priority element io.quarkus.bootstrap.classloading.PathTreeClassPathElement[io.quarkus:quarkus-mutiny-deployment /home/martin/.m2/repository/io/quarkus/quarkus-mutiny-deployment/3.31.4/quarkus-mutiny-deployment-3.31.4.jar runtime=false resources=30] to QuarkusClassLoader Augmentation Class Loader: TEST for JUnitQuarkusTest-space.maatini.eventsourcing.TestProfile (QuarkusTest)
22:00:21 DEBUG [io.qu.bo.cl.QuarkusClassLoader] Adding normal priority element io.quarkus.bootstrap.classloading.PathTreeClassPathElement[io.quarkus:quarkus-jackson-spi /home/martin/.m2/repository/io/quarkus/quarkus-jackson-spi/3.31.4/quarkus-jackson-spi-3.31.4.jar runtime=false resources=16] to QuarkusClassLoader Augmentation Class Loader: TEST for JUnitQuarkusTest-space.maatini.eventsourcing.TestProfile (QuarkusTest)
22:00:21 DEBUG [io.qu.bo.cl.QuarkusClassLoader] Adding normal priority element io.quarkus.bootstrap.classloading.PathTreeClassPathElement[io.quarkus:quarkus-vertx-deployment-spi /home/martin/.m2/repository/io/quarkus/quarkus-vertx-deployment-spi/3.31.4/quarkus-vertx-deployment-spi-3.31.4.jar runtime=false resources=14] to QuarkusClassLoader Augmentation Class Loader: TEST for JUnitQuarkusTest-space.maatini.eventsourcing.TestProfile (QuarkusTest)
22:00:21 DEBUG [io.qu.bo.cl.QuarkusClassLoader] Adding normal priority element io.quarkus.bootstrap.classloading.PathTreeClassPathElement[io.quarkus:quarkus-vertx-deployment /home/martin/.m2/repository/io/quarkus/quarkus-vertx-deployment/3.31.4/quarkus-vertx-deployment-3.31.4.jar runtime=false resources=60] to QuarkusClassLoader Augmentation Class Loader: TEST for JUnitQuarkusTest-space.maatini.eventsourcing.TestProfile (QuarkusTest)
22:00:21 DEBUG [io.qu.bo.cl.QuarkusClassLoader] Adding normal priority element io.quarkus.bootstrap.classloading.PathTreeClassPathElement[io.quarkus:quarkus-credentials-deployment /home/martin/.m2/repository/io/quarkus/quarkus-credentials-deployment/3.31.4/quarkus-credentials-deployment-3.31.4.jar runtime=false resources=25] to QuarkusClassLoader Augmentation Class Loader: TEST for JUnitQuarkusTest-space.maatini.eventsourcing.TestProfile (QuarkusTest)
22:00:21 DEBUG [io.qu.bo.cl.QuarkusClassLoader] Adding normal priority element io.quarkus.bootstrap.classloading.PathTreeClassPathElement[io.quarkus:quarkus-smallrye-health-spi /home/martin/.m2/repository/io/quarkus/quarkus-smallrye-health-spi/3.31.4/quarkus-smallrye-health-spi-3.31.4.jar runtime=false resources=15] to QuarkusClassLoader Augmentation Class Loader: TEST for JUnitQuarkusTest-space.maatini.eventsourcing.TestProfile (QuarkusTest)
22:00:21 DEBUG [io.qu.bo.cl.QuarkusClassLoader] Adding normal priority element io.quarkus.bootstrap.classloading.PathTreeClassPathElement[io.quarkus:quarkus-reactive-pg-client-deployment /home/martin/.m2/repository/io/quarkus/quarkus-reactive-pg-client-deployment/3.31.4/quarkus-reactive-pg-client-deployment-3.31.4.jar runtime=false resources=34] to QuarkusClassLoader Augmentation Class Loader: TEST for JUnitQuarkusTest-space.maatini.eventsourcing.TestProfile (QuarkusTest)
22:00:21 DEBUG [io.qu.bo.cl.QuarkusClassLoader] Adding normal priority element io.quarkus.bootstrap.classloading.PathTreeClassPathElement[io.quarkus:quarkus-jaxrs-spi-deployment /home/martin/.m2/repository/io/quarkus/quarkus-jaxrs-spi-deployment/3.31.4/quarkus-jaxrs-spi-deployment-3.31.4.jar runtime=false resources=14] to QuarkusClassLoader Augmentation Class Loader: TEST for JUnitQuarkusTest-space.maatini.eventsourcing.TestProfile (QuarkusTest)
22:00:21 DEBUG [io.qu.bo.cl.QuarkusClassLoader] Adding normal priority element io.quarkus.bootstrap.classloading.PathTreeClassPathElement[io.quarkus:quarkus-resteasy-common-spi /home/martin/.m2/repository/io/quarkus/quarkus-resteasy-common-spi/3.31.4/quarkus-resteasy-common-spi-3.31.4.jar runtime=false resources=20] to QuarkusClassLoader Augmentation Class Loader: TEST for JUnitQuarkusTest-space.maatini.eventsourcing.TestProfile (QuarkusTest)
22:00:21 DEBUG [io.qu.bo.cl.QuarkusClassLoader] Adding normal priority element io.quarkus.bootstrap.classloading.PathTreeClassPathElement[io.quarkus:quarkus-resteasy-server-common-spi /home/martin/.m2/repository/io/quarkus/quarkus-resteasy-server-common-spi/3.31.4/quarkus-resteasy-server-common-spi-3.31.4.jar runtime=false resources=18] to QuarkusClassLoader Augmentation Class Loader: TEST for JUnitQuarkusTest-space.maatini.eventsourcing.TestProfile (QuarkusTest)
22:00:21 DEBUG [io.qu.bo.cl.QuarkusClassLoader] Adding normal priority element io.quarkus.bootstrap.classloading.PathTreeClassPathElement[io.quarkus:quarkus-rest-spi-deployment /home/martin/.m2/repository/io/quarkus/quarkus-rest-spi-deployment/3.31.4/quarkus-rest-spi-deployment-3.31.4.jar runtime=false resources=46] to QuarkusClassLoader Augmentation Class Loader: TEST for JUnitQuarkusTest-space.maatini.eventsourcing.TestProfile (QuarkusTest)
22:00:21 DEBUG [io.qu.bo.cl.QuarkusClassLoader] Adding normal priority element io.quarkus.bootstrap.classloading.PathTreeClassPathElement[io.quarkus:quarkus-hibernate-validator-deployment /home/martin/.m2/repository/io/quarkus/quarkus-hibernate-validator-deployment/3.31.4/quarkus-hibernate-validator-deployment-3.31.4.jar runtime=false resources=38] to QuarkusClassLoader Augmentation Class Loader: TEST for JUnitQuarkusTest-space.maatini.eventsourcing.TestProfile (QuarkusTest)
22:00:21 DEBUG [io.qu.bo.cl.QuarkusClassLoader] Adding normal priority element io.quarkus.bootstrap.classloading.PathTreeClassPathElement[io.quarkus:quarkus-vertx-http-deployment-spi /home/martin/.m2/repository/io/quarkus/quarkus-vertx-http-deployment-spi/3.31.4/quarkus-vertx-http-deployment-spi-3.31.4.jar runtime=false resources=24] to QuarkusClassLoader Augmentation Class Loader: TEST for JUnitQuarkusTest-space.maatini.eventsourcing.TestProfile (QuarkusTest)
22:00:21 DEBUG [io.qu.bo.cl.QuarkusClassLoader] Adding normal priority element io.quarkus.bootstrap.classloading.PathTreeClassPathElement[io.quarkus:quarkus-tls-registry-deployment /home/martin/.m2/repository/io/quarkus/quarkus-tls-registry-deployment/3.31.4/quarkus-tls-registry-deployment-3.31.4.jar runtime=false resources=34] to QuarkusClassLoader Augmentation Class Loader: TEST for JUnitQuarkusTest-space.maatini.eventsourcing.TestProfile (QuarkusTest)
22:00:21 DEBUG [io.qu.bo.cl.QuarkusClassLoader] Adding normal priority element io.quarkus.bootstrap.classloading.PathTreeClassPathElement[io.quarkus:quarkus-kubernetes-spi /home/martin/.m2/repository/io/quarkus/quarkus-kubernetes-spi/3.31.4/quarkus-kubernetes-spi-3.31.4.jar runtime=false resources=51] to QuarkusClassLoader Augmentation Class Loader: TEST for JUnitQuarkusTest-space.maatini.eventsourcing.TestProfile (QuarkusTest)
22:00:21 DEBUG [io.qu.bo.cl.QuarkusClassLoader] Adding normal priority element io.quarkus.bootstrap.classloading.PathTreeClassPathElement[io.quarkus:quarkus-vertx-http-deployment /home/martin/.m2/repository/io/quarkus/quarkus-vertx-http-deployment/3.31.4/quarkus-vertx-http-deployment-3.31.4.jar runtime=false resources=93] to QuarkusClassLoader Augmentation Class Loader: TEST for JUnitQuarkusTest-space.maatini.eventsourcing.TestProfile (QuarkusTest)
22:00:21 DEBUG [io.qu.bo.cl.QuarkusClassLoader] Adding normal priority element io.quarkus.bootstrap.classloading.PathTreeClassPathElement[io.quarkus:quarkus-jsonp-deployment /home/martin/.m2/repository/io/quarkus/quarkus-jsonp-deployment/3.31.4/quarkus-jsonp-deployment-3.31.4.jar runtime=false resources=27] to QuarkusClassLoader Augmentation Class Loader: TEST for JUnitQuarkusTest-space.maatini.eventsourcing.TestProfile (QuarkusTest)
22:00:21 DEBUG [io.qu.bo.cl.QuarkusClassLoader] Adding normal priority element io.quarkus.bootstrap.classloading.PathTreeClassPathElement[io.quarkus:quarkus-smallrye-openapi-spi /home/martin/.m2/repository/io/quarkus/quarkus-smallrye-openapi-spi/3.31.4/quarkus-smallrye-openapi-spi-3.31.4.jar runtime=false resources=18] to QuarkusClassLoader Augmentation Class Loader: TEST for JUnitQuarkusTest-space.maatini.eventsourcing.TestProfile (QuarkusTest)
22:00:21 DEBUG [io.qu.bo.cl.QuarkusClassLoader] Adding normal priority element io.quarkus.bootstrap.classloading.PathTreeClassPathElement[io.quarkus:quarkus-smallrye-health-dev /home/martin/.m2/repository/io/quarkus/quarkus-smallrye-health-dev/3.31.4/quarkus-smallrye-health-dev-3.31.4.jar runtime=false resources=16] to QuarkusClassLoader Augmentation Class Loader: TEST for JUnitQuarkusTest-space.maatini.eventsourcing.TestProfile (QuarkusTest)
22:00:21 DEBUG [io.qu.bo.cl.QuarkusClassLoader] Adding normal priority element io.quarkus.bootstrap.classloading.PathTreeClassPathElement[io.smallrye:smallrye-health-ui /home/martin/.m2/repository/io/smallrye/smallrye-health-ui/4.3.0/smallrye-health-ui-4.3.0.jar runtime=false resources=20] to QuarkusClassLoader Augmentation Class Loader: TEST for JUnitQuarkusTest-space.maatini.eventsourcing.TestProfile (QuarkusTest)
22:00:21 DEBUG [io.qu.bo.cl.QuarkusClassLoader] Adding normal priority element io.quarkus.bootstrap.classloading.PathTreeClassPathElement[io.quarkus:quarkus-smallrye-health-deployment /home/martin/.m2/repository/io/quarkus/quarkus-smallrye-health-deployment/3.31.4/quarkus-smallrye-health-deployment-3.31.4.jar runtime=false resources=47] to QuarkusClassLoader Augmentation Class Loader: TEST for JUnitQuarkusTest-space.maatini.eventsourcing.TestProfile (QuarkusTest)
22:00:21 DEBUG [io.qu.bo.cl.QuarkusClassLoader] Adding normal priority element io.quarkus.bootstrap.classloading.PathTreeClassPathElement[io.quarkus:quarkus-smallrye-openapi-common-deployment /home/martin/.m2/repository/io/quarkus/quarkus-smallrye-openapi-common-deployment/3.31.4/quarkus-smallrye-openapi-common-deployment-3.31.4.jar runtime=false resources=26] to QuarkusClassLoader Augmentation Class Loader: TEST for JUnitQuarkusTest-space.maatini.eventsourcing.TestProfile (QuarkusTest)
22:00:21 DEBUG [io.qu.bo.cl.QuarkusClassLoader] Adding normal priority element io.quarkus.bootstrap.classloading.PathTreeClassPathElement[io.smallrye:smallrye-open-api-ui /home/martin/.m2/repository/io/smallrye/smallrye-open-api-ui/4.2.4/smallrye-open-api-ui-4.2.4.jar runtime=false resources=40] to QuarkusClassLoader Augmentation Class Loader: TEST for JUnitQuarkusTest-space.maatini.eventsourcing.TestProfile (QuarkusTest)
22:00:21 DEBUG [io.qu.bo.cl.QuarkusClassLoader] Adding normal priority element io.quarkus.bootstrap.classloading.PathTreeClassPathElement[io.quarkus:quarkus-swagger-ui-deployment /home/martin/.m2/repository/io/quarkus/quarkus-swagger-ui-deployment/3.31.4/quarkus-swagger-ui-deployment-3.31.4.jar runtime=false resources=38] to QuarkusClassLoader Augmentation Class Loader: TEST for JUnitQuarkusTest-space.maatini.eventsourcing.TestProfile (QuarkusTest)
22:00:21 DEBUG [io.qu.bo.cl.QuarkusClassLoader] Adding normal priority element io.quarkus.bootstrap.classloading.PathTreeClassPathElement[io.quarkus:quarkus-assistant-dev /home/martin/.m2/repository/io/quarkus/quarkus-assistant-dev/3.31.4/quarkus-assistant-dev-3.31.4.jar runtime=false resources=15] to QuarkusClassLoader Augmentation Class Loader: TEST for JUnitQuarkusTest-space.maatini.eventsourcing.TestProfile (QuarkusTest)
22:00:21 DEBUG [io.qu.bo.cl.QuarkusClassLoader] Adding normal priority element io.quarkus.bootstrap.classloading.PathTreeClassPathElement[io.quarkus:quarkus-smallrye-openapi-dev /home/martin/.m2/repository/io/quarkus/quarkus-smallrye-openapi-dev/3.31.4/quarkus-smallrye-openapi-dev-3.31.4.jar runtime=false resources=16] to QuarkusClassLoader Augmentation Class Loader: TEST for JUnitQuarkusTest-space.maatini.eventsourcing.TestProfile (QuarkusTest)
22:00:21 DEBUG [io.qu.bo.cl.QuarkusClassLoader] Adding normal priority element io.quarkus.bootstrap.classloading.PathTreeClassPathElement[io.smallrye:smallrye-open-api-jaxrs /home/martin/.m2/repository/io/smallrye/smallrye-open-api-jaxrs/4.2.4/smallrye-open-api-jaxrs-4.2.4.jar runtime=false resources=23] to QuarkusClassLoader Augmentation Class Loader: TEST for JUnitQuarkusTest-space.maatini.eventsourcing.TestProfile (QuarkusTest)
22:00:21 DEBUG [io.qu.bo.cl.QuarkusClassLoader] Adding normal priority element io.quarkus.bootstrap.classloading.PathTreeClassPathElement[io.smallrye:smallrye-open-api-spring /home/martin/.m2/repository/io/smallrye/smallrye-open-api-spring/4.2.4/smallrye-open-api-spring-4.2.4.jar runtime=false resources=21] to QuarkusClassLoader Augmentation Class Loader: TEST for JUnitQuarkusTest-space.maatini.eventsourcing.TestProfile (QuarkusTest)
22:00:21 DEBUG [io.qu.bo.cl.QuarkusClassLoader] Adding normal priority element io.quarkus.bootstrap.classloading.PathTreeClassPathElement[io.smallrye:smallrye-open-api-vertx /home/martin/.m2/repository/io/smallrye/smallrye-open-api-vertx/4.2.4/smallrye-open-api-vertx-4.2.4.jar runtime=false resources=21] to QuarkusClassLoader Augmentation Class Loader: TEST for JUnitQuarkusTest-space.maatini.eventsourcing.TestProfile (QuarkusTest)
22:00:21 DEBUG [io.qu.bo.cl.QuarkusClassLoader] Adding normal priority element io.quarkus.bootstrap.classloading.PathTreeClassPathElement[org.jetbrains:annotations /home/martin/.m2/repository/org/jetbrains/annotations/26.0.2/annotations-26.0.2.jar runtime=false resources=73] to QuarkusClassLoader Augmentation Class Loader: TEST for JUnitQuarkusTest-space.maatini.eventsourcing.TestProfile (QuarkusTest)
22:00:21 DEBUG [io.qu.bo.cl.QuarkusClassLoader] Adding normal priority element io.quarkus.bootstrap.classloading.PathTreeClassPathElement[org.jetbrains.kotlin:kotlin-stdlib /home/martin/.m2/repository/org/jetbrains/kotlin/kotlin-stdlib/2.3.0/kotlin-stdlib-2.3.0.jar runtime=false resources=1042] to QuarkusClassLoader Augmentation Class Loader: TEST for JUnitQuarkusTest-space.maatini.eventsourcing.TestProfile (QuarkusTest)
22:00:21 DEBUG [io.qu.bo.cl.QuarkusClassLoader] Adding normal priority element io.quarkus.bootstrap.classloading.PathTreeClassPathElement[org.jetbrains.kotlinx:kotlinx-metadata-jvm /home/martin/.m2/repository/org/jetbrains/kotlinx/kotlinx-metadata-jvm/0.9.0/kotlinx-metadata-jvm-0.9.0.jar runtime=false resources=562] to QuarkusClassLoader Augmentation Class Loader: TEST for JUnitQuarkusTest-space.maatini.eventsourcing.TestProfile (QuarkusTest)
22:00:21 DEBUG [io.qu.bo.cl.QuarkusClassLoader] Adding normal priority element io.quarkus.bootstrap.classloading.PathTreeClassPathElement[io.quarkus:quarkus-smallrye-openapi-deployment /home/martin/.m2/repository/io/quarkus/quarkus-smallrye-openapi-deployment/3.31.4/quarkus-smallrye-openapi-deployment-3.31.4.jar runtime=false resources=53] to QuarkusClassLoader Augmentation Class Loader: TEST for JUnitQuarkusTest-space.maatini.eventsourcing.TestProfile (QuarkusTest)
22:00:21 DEBUG [io.qu.bo.cl.QuarkusClassLoader] Adding normal priority element io.quarkus.bootstrap.classloading.PathTreeClassPathElement[io.quarkus.http:quarkus-http-http-core /home/martin/.m2/repository/io/quarkus/http/quarkus-http-http-core/5.4.0/quarkus-http-http-core-5.4.0.jar runtime=false resources=44] to QuarkusClassLoader Augmentation Class Loader: TEST for JUnitQuarkusTest-space.maatini.eventsourcing.TestProfile (QuarkusTest)
22:00:21 DEBUG [io.qu.bo.cl.QuarkusClassLoader] Adding normal priority element io.quarkus.bootstrap.classloading.PathTreeClassPathElement[io.quarkus.http:quarkus-http-core /home/martin/.m2/repository/io/quarkus/http/quarkus-http-core/5.4.0/quarkus-http-core-5.4.0.jar runtime=false resources=681] to QuarkusClassLoader Augmentation Class Loader: TEST for JUnitQuarkusTest-space.maatini.eventsourcing.TestProfile (QuarkusTest)
22:00:21 DEBUG [io.qu.bo.cl.QuarkusClassLoader] Adding normal priority element io.quarkus.bootstrap.classloading.PathTreeClassPathElement[io.quarkus.http:quarkus-http-servlet /home/martin/.m2/repository/io/quarkus/http/quarkus-http-servlet/5.4.0/quarkus-http-servlet-5.4.0.jar runtime=false resources=336] to QuarkusClassLoader Augmentation Class Loader: TEST for JUnitQuarkusTest-space.maatini.eventsourcing.TestProfile (QuarkusTest)
22:00:21 DEBUG [io.qu.bo.cl.QuarkusClassLoader] Adding normal priority element io.quarkus.bootstrap.classloading.PathTreeClassPathElement[jakarta.servlet:jakarta.servlet-api /home/martin/.m2/repository/jakarta/servlet/jakarta.servlet-api/6.0.0/jakarta.servlet-api-6.0.0.jar runtime=false resources=157] to QuarkusClassLoader Augmentation Class Loader: TEST for JUnitQuarkusTest-space.maatini.eventsourcing.TestProfile (QuarkusTest)
22:00:21 DEBUG [io.qu.bo.cl.QuarkusClassLoader] Adding normal priority element io.quarkus.bootstrap.classloading.PathTreeClassPathElement[org.jboss.metadata:jboss-metadata-common /home/martin/.m2/repository/org/jboss/metadata/jboss-metadata-common/17.0.0/jboss-metadata-common-17.0.0.jar runtime=false resources=400] to QuarkusClassLoader Augmentation Class Loader: TEST for JUnitQuarkusTest-space.maatini.eventsourcing.TestProfile (QuarkusTest)
22:00:21 DEBUG [io.qu.bo.cl.QuarkusClassLoader] Adding normal priority element io.quarkus.bootstrap.classloading.PathTreeClassPathElement[org.jboss.metadata:jboss-metadata-web /home/martin/.m2/repository/org/jboss/metadata/jboss-metadata-web/17.0.0/jboss-metadata-web-17.0.0.jar runtime=false resources=293] to QuarkusClassLoader Augmentation Class Loader: TEST for JUnitQuarkusTest-space.maatini.eventsourcing.TestProfile (QuarkusTest)
22:00:21 DEBUG [io.qu.bo.cl.QuarkusClassLoader] Adding normal priority element io.quarkus.bootstrap.classloading.PathTreeClassPathElement[io.quarkus:quarkus-undertow-spi /home/martin/.m2/repository/io/quarkus/quarkus-undertow-spi/3.31.4/quarkus-undertow-spi-3.31.4.jar runtime=false resources=34] to QuarkusClassLoader Augmentation Class Loader: TEST for JUnitQuarkusTest-space.maatini.eventsourcing.TestProfile (QuarkusTest)
22:00:21 DEBUG [io.qu.bo.cl.QuarkusClassLoader] Adding normal priority element io.quarkus.bootstrap.classloading.PathTreeClassPathElement[io.quarkus:quarkus-micrometer-deployment /home/martin/.m2/repository/io/quarkus/quarkus-micrometer-deployment/3.31.4/quarkus-micrometer-deployment-3.31.4.jar runtime=false resources=67] to QuarkusClassLoader Augmentation Class Loader: TEST for JUnitQuarkusTest-space.maatini.eventsourcing.TestProfile (QuarkusTest)
22:00:21 DEBUG [io.qu.bo.cl.QuarkusClassLoader] Adding normal priority element io.quarkus.bootstrap.classloading.PathTreeClassPathElement[io.quarkus:quarkus-micrometer-registry-prometheus-deployment /home/martin/.m2/repository/io/quarkus/quarkus-micrometer-registry-prometheus-deployment/3.31.4/quarkus-micrometer-registry-prometheus-deployment-3.31.4.jar runtime=false resources=20] to QuarkusClassLoader Augmentation Class Loader: TEST for JUnitQuarkusTest-space.maatini.eventsourcing.TestProfile (QuarkusTest)
22:00:21 DEBUG [io.qu.bo.cl.QuarkusClassLoader] Adding normal priority element io.quarkus.bootstrap.classloading.PathTreeClassPathElement[io.quarkus:quarkus-virtual-threads-deployment /home/martin/.m2/repository/io/quarkus/quarkus-virtual-threads-deployment/3.31.4/quarkus-virtual-threads-deployment-3.31.4.jar runtime=false resources=27] to QuarkusClassLoader Augmentation Class Loader: TEST for JUnitQuarkusTest-space.maatini.eventsourcing.TestProfile (QuarkusTest)
22:00:21 DEBUG [io.qu.bo.cl.QuarkusClassLoader] Adding normal priority element io.quarkus.bootstrap.classloading.PathTreeClassPathElement[io.quarkus:quarkus-scheduler-dev /home/martin/.m2/repository/io/quarkus/quarkus-scheduler-dev/3.31.4/quarkus-scheduler-dev-3.31.4.jar runtime=false resources=17] to QuarkusClassLoader Augmentation Class Loader: TEST for JUnitQuarkusTest-space.maatini.eventsourcing.TestProfile (QuarkusTest)
22:00:21 DEBUG [io.qu.bo.cl.QuarkusClassLoader] Adding normal priority element io.quarkus.bootstrap.classloading.PathTreeClassPathElement[io.quarkus:quarkus-assistant-deployment-spi /home/martin/.m2/repository/io/quarkus/quarkus-assistant-deployment-spi/3.31.4/quarkus-assistant-deployment-spi-3.31.4.jar runtime=false resources=17] to QuarkusClassLoader Augmentation Class Loader: TEST for JUnitQuarkusTest-space.maatini.eventsourcing.TestProfile (QuarkusTest)
22:00:21 DEBUG [io.qu.bo.cl.QuarkusClassLoader] Adding normal priority element io.quarkus.bootstrap.classloading.PathTreeClassPathElement[io.quarkus:quarkus-security-spi /home/martin/.m2/repository/io/quarkus/quarkus-security-spi/3.31.4/quarkus-security-spi-3.31.4.jar runtime=false resources=34] to QuarkusClassLoader Augmentation Class Loader: TEST for JUnitQuarkusTest-space.maatini.eventsourcing.TestProfile (QuarkusTest)
22:00:21 DEBUG [io.qu.bo.cl.QuarkusClassLoader] Adding normal priority element io.quarkus.bootstrap.classloading.PathTreeClassPathElement[io.quarkus:quarkus-scheduler-deployment /home/martin/.m2/repository/io/quarkus/quarkus-scheduler-deployment/3.31.4/quarkus-scheduler-deployment-3.31.4.jar runtime=false resources=45] to QuarkusClassLoader Augmentation Class Loader: TEST for JUnitQuarkusTest-space.maatini.eventsourcing.TestProfile (QuarkusTest)
22:00:21 DEBUG [io.qu.bo.cl.QuarkusClassLoader] Adding normal priority element io.quarkus.bootstrap.classloading.PathTreeClassPathElement[io.quarkus:quarkus-security-deployment /home/martin/.m2/repository/io/quarkus/quarkus-security-deployment/3.31.4/quarkus-security-deployment-3.31.4.jar runtime=false resources=67] to QuarkusClassLoader Augmentation Class Loader: TEST for JUnitQuarkusTest-space.maatini.eventsourcing.TestProfile (QuarkusTest)
22:00:21 DEBUG [io.qu.bo.cl.QuarkusClassLoader] Adding normal priority element io.quarkus.bootstrap.classloading.PathTreeClassPathElement[io.quarkus:quarkus-jacoco-deployment /home/martin/.m2/repository/io/quarkus/quarkus-jacoco-deployment/3.31.4/quarkus-jacoco-deployment-3.31.4.jar runtime=false resources=15] to QuarkusClassLoader Augmentation Class Loader: TEST for JUnitQuarkusTest-space.maatini.eventsourcing.TestProfile (QuarkusTest)
22:00:21 DEBUG [io.qu.bo.cl.Qu.lifecycle] Creating class loader QuarkusClassLoader:Augmentation Class Loader: TEST for JUnitQuarkusTest-space.maatini.eventsourcing.TestProfile (QuarkusTest)@64e92d61: java.lang.RuntimeException: Created to log a stacktrace
	at io.quarkus.bootstrap.classloading.QuarkusClassLoader.<init>(QuarkusClassLoader.java:206)
	at io.quarkus.bootstrap.classloading.QuarkusClassLoader$Builder.build(QuarkusClassLoader.java:990)
	at io.quarkus.bootstrap.app.CuratedApplication.getOrCreateAugmentClassLoader(CuratedApplication.java:248)
	at io.quarkus.bootstrap.app.CuratedApplication.createAugmentor(CuratedApplication.java:123)
	at io.quarkus.test.junit.AppMakerHelper.prepare(AppMakerHelper.java:83)
	at io.quarkus.test.junit.AppMakerHelper.getStartupAction(AppMakerHelper.java:245)
	at io.quarkus.test.junit.classloading.FacadeClassLoader.getOrCreateRuntimeClassLoader(FacadeClassLoader.java:599)
	at io.quarkus.test.junit.classloading.FacadeClassLoader.getQuarkusClassLoader(FacadeClassLoader.java:496)
	at io.quarkus.test.junit.classloading.FacadeClassLoader.loadClass(FacadeClassLoader.java:378)
	at java.base/java.lang.Class.forName0(Native Method)
	at java.base/java.lang.Class.forName(Class.java:534)
	at java.base/java.lang.Class.forName(Class.java:513)
	at org.junit.platform.commons.util.ReflectionUtils.lambda$tryToLoadClass$0(ReflectionUtils.java:771)
	at org.junit.platform.commons.function.Try.lambda$call$0(Try.java:61)
	at org.junit.platform.commons.function.Try.of(Try.java:98)
	at org.junit.platform.commons.function.Try.call(Try.java:61)
	at org.junit.platform.commons.util.ReflectionUtils.tryToLoadClass(ReflectionUtils.java:758)
	at org.junit.platform.commons.util.ReflectionUtils.tryToLoadClass(ReflectionUtils.java:714)
	at org.junit.platform.commons.support.ReflectionSupport.tryToLoadClass(ReflectionSupport.java:78)
	at org.junit.platform.engine.discovery.ClassSelector.getJavaClass(ClassSelector.java:97)
	at org.junit.jupiter.engine.discovery.ClassSelectorResolver.resolve(ClassSelectorResolver.java:86)
	at org.junit.platform.engine.support.discovery.EngineDiscoveryRequestResolution.lambda$resolve$0(EngineDiscoveryRequestResolution.java:137)
	at java.base/java.util.stream.ReferencePipeline$3$1.accept(ReferencePipeline.java:197)
	at java.base/java.util.ArrayList$ArrayListSpliterator.tryAdvance(ArrayList.java:1685)
	at java.base/java.util.stream.ReferencePipeline.forEachWithCancel(ReferencePipeline.java:129)
	at java.base/java.util.stream.AbstractPipeline.copyIntoWithCancel(AbstractPipeline.java:527)
	at java.base/java.util.stream.AbstractPipeline.copyInto(AbstractPipeline.java:513)
	at java.base/java.util.stream.AbstractPipeline.wrapAndCopyInto(AbstractPipeline.java:499)
	at java.base/java.util.stream.FindOps$FindOp.evaluateSequential(FindOps.java:150)
	at java.base/java.util.stream.AbstractPipeline.evaluate(AbstractPipeline.java:234)
	at java.base/java.util.stream.ReferencePipeline.findFirst(ReferencePipeline.java:647)
	at org.junit.platform.engine.support.discovery.EngineDiscoveryRequestResolution.resolve(EngineDiscoveryRequestResolution.java:191)
	at org.junit.platform.engine.support.discovery.EngineDiscoveryRequestResolution.resolve(EngineDiscoveryRequestResolution.java:128)
	at org.junit.platform.engine.support.discovery.EngineDiscoveryRequestResolution.resolveCompletely(EngineDiscoveryRequestResolution.java:94)
	at org.junit.platform.engine.support.discovery.EngineDiscoveryRequestResolution.run(EngineDiscoveryRequestResolution.java:85)
	at org.junit.platform.engine.support.discovery.EngineDiscoveryRequestResolver.resolve(EngineDiscoveryRequestResolver.java:150)
	at org.junit.jupiter.engine.discovery.DiscoverySelectorResolver.resolveSelectors(DiscoverySelectorResolver.java:62)
	at org.junit.jupiter.engine.JupiterTestEngine.discover(JupiterTestEngine.java:74)
	at org.junit.platform.launcher.core.EngineDiscoveryOrchestrator.discoverEngineRoot(EngineDiscoveryOrchestrator.java:195)
	at org.junit.platform.launcher.core.EngineDiscoveryOrchestrator.discoverSafely(EngineDiscoveryOrchestrator.java:174)
	at org.junit.platform.launcher.core.EngineDiscoveryOrchestrator.discover(EngineDiscoveryOrchestrator.java:119)
	at org.junit.platform.launcher.core.EngineDiscoveryOrchestrator.discover(EngineDiscoveryOrchestrator.java:84)
	at org.junit.platform.launcher.core.DefaultLauncher.discover(DefaultLauncher.java:119)
	at org.junit.platform.launcher.core.DefaultLauncher.discover(DefaultLauncher.java:85)
	at org.junit.platform.launcher.core.DelegatingLauncher.discover(DelegatingLauncher.java:43)
	at org.junit.platform.launcher.core.InterceptingLauncher.lambda$discover$0(InterceptingLauncher.java:35)
	at org.junit.platform.launcher.core.ClasspathAlignmentCheckingLauncherInterceptor.intercept(ClasspathAlignmentCheckingLauncherInterceptor.java:25)
	at org.junit.platform.launcher.core.InterceptingLauncher.discover(InterceptingLauncher.java:35)
	at org.junit.platform.launcher.core.DelegatingLauncher.discover(DelegatingLauncher.java:43)
	at org.apache.maven.surefire.junitplatform.LazyLauncher.discover(LazyLauncher.java:50)
	at org.apache.maven.surefire.junitplatform.TestPlanScannerFilter.accept(TestPlanScannerFilter.java:52)
	at org.apache.maven.surefire.api.util.DefaultScanResult.applyFilter(DefaultScanResult.java:87)
	at org.apache.maven.surefire.junitplatform.JUnitPlatformProvider.scanClasspath(JUnitPlatformProvider.java:142)
	at org.apache.maven.surefire.junitplatform.JUnitPlatformProvider.invoke(JUnitPlatformProvider.java:122)
	at org.apache.maven.surefire.booter.ForkedBooter.runSuitesInProcess(ForkedBooter.java:385)
	at org.apache.maven.surefire.booter.ForkedBooter.execute(ForkedBooter.java:162)
	at org.apache.maven.surefire.booter.ForkedBooter.run(ForkedBooter.java:507)
	at org.apache.maven.surefire.booter.ForkedBooter.main(ForkedBooter.java:495)

22:00:22 DEBUG [io.qu.bo.cl.QuarkusClassLoader] Adding normal priority element io.quarkus.bootstrap.classloading.PathTreeClassPathElement[/home/martin/work/es-psql-quarkus/eventsourcing-core/target/test-classes runtime=true resources=18] to QuarkusClassLoader Deployment Class Loader: TEST for JUnitQuarkusTest-space.maatini.eventsourcing.TestProfile (QuarkusTest)
22:00:22 DEBUG [io.qu.bo.cl.QuarkusClassLoader] Adding normal priority element io.quarkus.bootstrap.classloading.PathTreeClassPathElement[/home/martin/work/es-psql-quarkus/eventsourcing-core/target/classes runtime=true resources=54] to QuarkusClassLoader Deployment Class Loader: TEST for JUnitQuarkusTest-space.maatini.eventsourcing.TestProfile (QuarkusTest)
22:00:22 DEBUG [io.qu.bo.cl.Qu.lifecycle] Creating class loader QuarkusClassLoader:Deployment Class Loader: TEST for JUnitQuarkusTest-space.maatini.eventsourcing.TestProfile (QuarkusTest)@6443b128: java.lang.RuntimeException: Created to log a stacktrace
	at io.quarkus.bootstrap.classloading.QuarkusClassLoader.<init>(QuarkusClassLoader.java:206)
	at io.quarkus.bootstrap.classloading.QuarkusClassLoader$Builder.build(QuarkusClassLoader.java:990)
	at io.quarkus.bootstrap.app.CuratedApplication.createDeploymentClassLoader(CuratedApplication.java:389)
	at io.quarkus.runner.bootstrap.AugmentActionImpl.createInitialRuntimeApplication(AugmentActionImpl.java:304)
	at io.quarkus.runner.bootstrap.AugmentActionImpl.createInitialRuntimeApplication(AugmentActionImpl.java:62)
	at io.quarkus.test.junit.AppMakerHelper.getStartupAction(AppMakerHelper.java:253)
	at io.quarkus.test.junit.classloading.FacadeClassLoader.getOrCreateRuntimeClassLoader(FacadeClassLoader.java:599)
	at io.quarkus.test.junit.classloading.FacadeClassLoader.getQuarkusClassLoader(FacadeClassLoader.java:496)
	at io.quarkus.test.junit.classloading.FacadeClassLoader.loadClass(FacadeClassLoader.java:378)
	at java.base/java.lang.Class.forName0(Native Method)
	at java.base/java.lang.Class.forName(Class.java:534)
	at java.base/java.lang.Class.forName(Class.java:513)
	at org.junit.platform.commons.util.ReflectionUtils.lambda$tryToLoadClass$0(ReflectionUtils.java:771)
	at org.junit.platform.commons.function.Try.lambda$call$0(Try.java:61)
	at org.junit.platform.commons.function.Try.of(Try.java:98)
	at org.junit.platform.commons.function.Try.call(Try.java:61)
	at org.junit.platform.commons.util.ReflectionUtils.tryToLoadClass(ReflectionUtils.java:758)
	at org.junit.platform.commons.util.ReflectionUtils.tryToLoadClass(ReflectionUtils.java:714)
	at org.junit.platform.commons.support.ReflectionSupport.tryToLoadClass(ReflectionSupport.java:78)
	at org.junit.platform.engine.discovery.ClassSelector.getJavaClass(ClassSelector.java:97)
	at org.junit.jupiter.engine.discovery.ClassSelectorResolver.resolve(ClassSelectorResolver.java:86)
	at org.junit.platform.engine.support.discovery.EngineDiscoveryRequestResolution.lambda$resolve$0(EngineDiscoveryRequestResolution.java:137)
	at java.base/java.util.stream.ReferencePipeline$3$1.accept(ReferencePipeline.java:197)
	at java.base/java.util.ArrayList$ArrayListSpliterator.tryAdvance(ArrayList.java:1685)
	at java.base/java.util.stream.ReferencePipeline.forEachWithCancel(ReferencePipeline.java:129)
	at java.base/java.util.stream.AbstractPipeline.copyIntoWithCancel(AbstractPipeline.java:527)
	at java.base/java.util.stream.AbstractPipeline.copyInto(AbstractPipeline.java:513)
	at java.base/java.util.stream.AbstractPipeline.wrapAndCopyInto(AbstractPipeline.java:499)
	at java.base/java.util.stream.FindOps$FindOp.evaluateSequential(FindOps.java:150)
	at java.base/java.util.stream.AbstractPipeline.evaluate(AbstractPipeline.java:234)
	at java.base/java.util.stream.ReferencePipeline.findFirst(ReferencePipeline.java:647)
	at org.junit.platform.engine.support.discovery.EngineDiscoveryRequestResolution.resolve(EngineDiscoveryRequestResolution.java:191)
	at org.junit.platform.engine.support.discovery.EngineDiscoveryRequestResolution.resolve(EngineDiscoveryRequestResolution.java:128)
	at org.junit.platform.engine.support.discovery.EngineDiscoveryRequestResolution.resolveCompletely(EngineDiscoveryRequestResolution.java:94)
	at org.junit.platform.engine.support.discovery.EngineDiscoveryRequestResolution.run(EngineDiscoveryRequestResolution.java:85)
	at org.junit.platform.engine.support.discovery.EngineDiscoveryRequestResolver.resolve(EngineDiscoveryRequestResolver.java:150)
	at org.junit.jupiter.engine.discovery.DiscoverySelectorResolver.resolveSelectors(DiscoverySelectorResolver.java:62)
	at org.junit.jupiter.engine.JupiterTestEngine.discover(JupiterTestEngine.java:74)
	at org.junit.platform.launcher.core.EngineDiscoveryOrchestrator.discoverEngineRoot(EngineDiscoveryOrchestrator.java:195)
	at org.junit.platform.launcher.core.EngineDiscoveryOrchestrator.discoverSafely(EngineDiscoveryOrchestrator.java:174)
	at org.junit.platform.launcher.core.EngineDiscoveryOrchestrator.discover(EngineDiscoveryOrchestrator.java:119)
	at org.junit.platform.launcher.core.EngineDiscoveryOrchestrator.discover(EngineDiscoveryOrchestrator.java:84)
	at org.junit.platform.launcher.core.DefaultLauncher.discover(DefaultLauncher.java:119)
	at org.junit.platform.launcher.core.DefaultLauncher.discover(DefaultLauncher.java:85)
	at org.junit.platform.launcher.core.DelegatingLauncher.discover(DelegatingLauncher.java:43)
	at org.junit.platform.launcher.core.InterceptingLauncher.lambda$discover$0(InterceptingLauncher.java:35)
	at org.junit.platform.launcher.core.ClasspathAlignmentCheckingLauncherInterceptor.intercept(ClasspathAlignmentCheckingLauncherInterceptor.java:25)
	at org.junit.platform.launcher.core.InterceptingLauncher.discover(InterceptingLauncher.java:35)
	at org.junit.platform.launcher.core.DelegatingLauncher.discover(DelegatingLauncher.java:43)
	at org.apache.maven.surefire.junitplatform.LazyLauncher.discover(LazyLauncher.java:50)
	at org.apache.maven.surefire.junitplatform.TestPlanScannerFilter.accept(TestPlanScannerFilter.java:52)
	at org.apache.maven.surefire.api.util.DefaultScanResult.applyFilter(DefaultScanResult.java:87)
	at org.apache.maven.surefire.junitplatform.JUnitPlatformProvider.scanClasspath(JUnitPlatformProvider.java:142)
	at org.apache.maven.surefire.junitplatform.JUnitPlatformProvider.invoke(JUnitPlatformProvider.java:122)
	at org.apache.maven.surefire.booter.ForkedBooter.runSuitesInProcess(ForkedBooter.java:385)
	at org.apache.maven.surefire.booter.ForkedBooter.execute(ForkedBooter.java:162)
	at org.apache.maven.surefire.booter.ForkedBooter.run(ForkedBooter.java:507)
	at org.apache.maven.surefire.booter.ForkedBooter.main(ForkedBooter.java:495)

22:00:22 DEBUG [io.qu.de.QuarkusAugmentor] Beginning Quarkus augmentation
22:00:23 DEBUG [io.sm.config] SRCFG01006: Loaded ConfigSource SysPropConfigSource with ordinal 400
22:00:23 DEBUG [io.sm.config] SRCFG01006: Loaded ConfigSource EnvConfigSource with ordinal 300
22:00:23 DEBUG [io.sm.config] SRCFG01006: Loaded ConfigSource PropertiesConfigSource[source=file:/home/martin/work/es-psql-quarkus/eventsourcing-core/target/test-classes/application.properties] with ordinal 250
22:00:23 DEBUG [io.sm.config] SRCFG01006: Loaded ConfigSource PropertiesConfigSource[source=file:/home/martin/work/es-psql-quarkus/eventsourcing-core/target/classes/application.properties] with ordinal 250
22:00:23 DEBUG [io.sm.config] SRCFG01006: Loaded ConfigSource PropertiesConfigSource[source=Build system] with ordinal 100
22:00:23 DEBUG [io.sm.config] SRCFG01006: Loaded ConfigSource PropertiesConfigSource[source=Runtime Properties] with ordinal 100
22:00:23 DEBUG [io.sm.config] SRCFG01006: Loaded ConfigSource MediaTypeConfigSource with ordinal 100
22:00:23 DEBUG [io.sm.config] SRCFG01006: Loaded ConfigSource Quarkus platform with ordinal -2147482648
22:00:23 DEBUG [io.sm.config] SRCFG01006: Loaded ConfigSource test URL provider with ordinal -2147482648
22:00:23 DEBUG [io.sm.config] SRCFG01006: Loaded ConfigSource DefaultValuesConfigSource with ordinal -2147483648
22:00:23 DEBUG [io.sm.config] SRCFG01006: Loaded ConfigSource Profiles with ordinal 2147483647
22:00:23 DEBUG [io.sm.config] SRCFG01006: Loaded ConfigSource PropertiesConfigSource[source=file:/home/martin/work/es-psql-quarkus/eventsourcing-core/target/test-classes/application.properties] with ordinal 250
22:00:23 DEBUG [io.sm.config] SRCFG01006: Loaded ConfigSource PropertiesConfigSource[source=file:/home/martin/work/es-psql-quarkus/eventsourcing-core/target/classes/application.properties] with ordinal 250
22:00:23 DEBUG [io.sm.config] SRCFG01006: Loaded ConfigSource PropertiesConfigSource[source=file:/home/martin/work/es-psql-quarkus/eventsourcing-core/target/test-classes/application.properties] with ordinal 250
22:00:23 DEBUG [io.sm.config] SRCFG01006: Loaded ConfigSource PropertiesConfigSource[source=file:/home/martin/work/es-psql-quarkus/eventsourcing-core/target/classes/application.properties] with ordinal 250
22:00:23 DEBUG [io.sm.config] SRCFG01006: Loaded ConfigSource PropertiesConfigSource[source=Runtime Properties] with ordinal 100
22:00:23 DEBUG [io.sm.config] SRCFG01006: Loaded ConfigSource MediaTypeConfigSource with ordinal 100
22:00:23 DEBUG [io.sm.config] SRCFG01006: Loaded ConfigSource Quarkus platform with ordinal -2147482648
22:00:23 DEBUG [io.sm.config] SRCFG01006: Loaded ConfigSource test URL provider with ordinal -2147482648
22:00:23 DEBUG [io.sm.config] SRCFG01006: Loaded ConfigSource DefaultValuesConfigSource with ordinal -2147483648
22:00:23 DEBUG [io.sm.config] SRCFG01006: Loaded ConfigSource DefaultValuesConfigSource with ordinal -2147483648
22:00:23 DEBUG [io.sm.config] SRCFG01006: Loaded ConfigSource SourceProperties with ordinal 100
22:00:23 DEBUG [io.sm.config] SRCFG01006: Loaded ConfigSource DefaultValuesConfigSource with ordinal -2147483648
22:00:23 DEBUG [io.sm.config] SRCFG01006: Loaded ConfigSource SourceProperties with ordinal 100
22:00:23 DEBUG [io.sm.config] SRCFG01006: Loaded ConfigSource DefaultValuesConfigSource with ordinal -2147483648
22:00:23 DEBUG [io.qu.mi.ru.MicrometerRecorder] getClass: TCCL: QuarkusClassLoader:Deployment Class Loader: TEST for JUnitQuarkusTest-space.maatini.eventsourcing.TestProfile (QuarkusTest)@6443b128 ## org.apache.kafka.clients.consumer.Consumer : false
22:00:23 DEBUG [io.qu.mi.ru.MicrometerRecorder] getClass: TCCL: QuarkusClassLoader:Deployment Class Loader: TEST for JUnitQuarkusTest-space.maatini.eventsourcing.TestProfile (QuarkusTest)@6443b128 ## org.apache.kafka.streams.KafkaStreams : false
22:00:23 DEBUG [io.qu.mi.ru.MicrometerRecorder] getClass: TCCL: QuarkusClassLoader:Deployment Class Loader: TEST for JUnitQuarkusTest-space.maatini.eventsourcing.TestProfile (QuarkusTest)@6443b128 ## io.micrometer.core.instrument.binder.netty4.NettyAllocatorMetrics : true
22:00:23 DEBUG [io.qu.mi.ru.MicrometerRecorder] getClass: TCCL: QuarkusClassLoader:Deployment Class Loader: TEST for JUnitQuarkusTest-space.maatini.eventsourcing.TestProfile (QuarkusTest)@6443b128 ## io.micrometer.core.instrument.binder.netty4.NettyEventExecutorMetrics : true
22:00:23 DEBUG [io.qu.mi.ru.MicrometerRecorder] getClass: TCCL: QuarkusClassLoader:Deployment Class Loader: TEST for JUnitQuarkusTest-space.maatini.eventsourcing.TestProfile (QuarkusTest)@6443b128 ## io.netty.buffer.PooledByteBufAllocator : true
22:00:23 DEBUG [io.qu.mi.ru.MicrometerRecorder] getClass: TCCL: QuarkusClassLoader:Deployment Class Loader: TEST for JUnitQuarkusTest-space.maatini.eventsourcing.TestProfile (QuarkusTest)@6443b128 ## io.vertx.core.buffer.impl.VertxByteBufAllocator : true
22:00:23 DEBUG [io.qu.mi.ru.MicrometerRecorder] getClass: TCCL: QuarkusClassLoader:Deployment Class Loader: TEST for JUnitQuarkusTest-space.maatini.eventsourcing.TestProfile (QuarkusTest)@6443b128 ## org.jboss.resteasy.reactive.client.impl.multipart.QuarkusMultipartFormUpload : false
22:00:23 DEBUG [io.qu.mi.ru.MicrometerRecorder] getClass: TCCL: QuarkusClassLoader:Deployment Class Loader: TEST for JUnitQuarkusTest-space.maatini.eventsourcing.TestProfile (QuarkusTest)@6443b128 ## io.vertx.core.Vertx : true
22:00:23 DEBUG [io.qu.mi.ru.MicrometerRecorder] getClass: TCCL: QuarkusClassLoader:Deployment Class Loader: TEST for JUnitQuarkusTest-space.maatini.eventsourcing.TestProfile (QuarkusTest)@6443b128 ## io.smallrye.reactive.messaging.observation.MessageObservationCollector : false
22:00:23 DEBUG [io.qu.mi.ru.MicrometerRecorder] getClass: TCCL: QuarkusClassLoader:Deployment Class Loader: TEST for JUnitQuarkusTest-space.maatini.eventsourcing.TestProfile (QuarkusTest)@6443b128 ## io.quarkus.redis.runtime.client.ObservableRedis : false
22:00:23 DEBUG [io.qu.mi.ru.MicrometerRecorder] getClass: TCCL: QuarkusClassLoader:Deployment Class Loader: TEST for JUnitQuarkusTest-space.maatini.eventsourcing.TestProfile (QuarkusTest)@6443b128 ## io.smallrye.stork.api.Service : false
22:00:23 DEBUG [io.qu.mi.ru.MicrometerRecorder] getClass: TCCL: QuarkusClassLoader:Deployment Class Loader: TEST for JUnitQuarkusTest-space.maatini.eventsourcing.TestProfile (QuarkusTest)@6443b128 ## io.vertx.core.metrics.MetricsOptions : true
22:00:23 DEBUG [io.qu.mi.ru.MicrometerRecorder] getClass: TCCL: QuarkusClassLoader:Deployment Class Loader: TEST for JUnitQuarkusTest-space.maatini.eventsourcing.TestProfile (QuarkusTest)@6443b128 ## io.micrometer.java21.instrument.binder.jdk.VirtualThreadMetrics : false
22:00:23 DEBUG [io.qu.mi.ru.MicrometerRecorder] getClass: TCCL: QuarkusClassLoader:Deployment Class Loader: TEST for JUnitQuarkusTest-space.maatini.eventsourcing.TestProfile (QuarkusTest)@6443b128 ## io.micrometer.prometheus.PrometheusMeterRegistry : true
22:00:24 DEBUG [io.qu.deployment] Build steps with ambiguous name detected: io.quarkus.resteasy.reactive.server.deployment.ResteasyReactiveScanningProcessor#scanForParamConverters, using discriminator suffix for step id: io.quarkus.resteasy.reactive.server.deployment.ResteasyReactiveScanningProcessor#scanForParamConverters_dcdfdd2a310a09abe5ee3f0ed2b2bc49f36f3d07
22:00:24 DEBUG [io.qu.deployment] Build steps with ambiguous name detected: io.quarkus.resteasy.reactive.server.deployment.ResteasyReactiveScanningProcessor#scanForParamConverters, using discriminator suffix for step id: io.quarkus.resteasy.reactive.server.deployment.ResteasyReactiveScanningProcessor#scanForParamConverters_59e3169e3a646b7fcf3083416f558434b73816c5
22:00:24 DEBUG [io.qu.deployment] Build steps with ambiguous name detected: io.quarkus.hibernate.orm.deployment.HibernateOrmProcessor#build, using discriminator suffix for step id: io.quarkus.hibernate.orm.deployment.HibernateOrmProcessor#build_09f0cf6d72b958435d630e37d0fa8a3edbc5dee8
22:00:24 DEBUG [io.qu.deployment] Build steps with ambiguous name detected: io.quarkus.hibernate.orm.deployment.HibernateOrmProcessor#build, using discriminator suffix for step id: io.quarkus.hibernate.orm.deployment.HibernateOrmProcessor#build_f8a7940eb2ef9fd7c299d0337b9a78cf235c7288
22:00:24 DEBUG [io.qu.deployment] Build steps with ambiguous name detected: io.quarkus.hibernate.reactive.panache.common.deployment.PanacheJpaCommonResourceProcessor#lookupNamedQueries, using discriminator suffix for step id: io.quarkus.hibernate.reactive.panache.common.deployment.PanacheJpaCommonResourceProcessor#lookupNamedQueries_5a86a91ed8ef1aa483288c8239df231983eeb766
22:00:24 DEBUG [io.qu.deployment] Build steps with ambiguous name detected: io.quarkus.vertx.core.deployment.VertxCoreProcessor#build, using discriminator suffix for step id: io.quarkus.vertx.core.deployment.VertxCoreProcessor#build_9d6b7122fb368970c50c3a870d1f672392cd8afb
22:00:24 DEBUG [io.qu.deployment] Build steps with ambiguous name detected: io.quarkus.vertx.core.deployment.VertxCoreProcessor#build, using discriminator suffix for step id: io.quarkus.vertx.core.deployment.VertxCoreProcessor#build_c9aec53c913a44f78730b183054221e2b65731a1
22:00:24 DEBUG [io.qu.deployment] Build steps with ambiguous name detected: io.quarkus.scheduler.deployment.SchedulerProcessor#collectScheduledMethods, using discriminator suffix for step id: io.quarkus.scheduler.deployment.SchedulerProcessor#collectScheduledMethods_84ea631eea52cbbcaee3e56019e68e7826861add
22:00:24 DEBUG [io.qu.ne.de.NettyProcessor] Not registering Netty native epoll classes as they were not found
22:00:24 DEBUG [io.qu.ne.de.NettyProcessor] Not registering Netty native kqueue classes as they were not found
22:00:24 DEBUG [or.hi.or.boot] locateResources (plural form) was invoked for resource 'META-INF/persistence.xml'. Is there a real need for this plural form?
22:00:24 DEBUG [io.qu.de.st.ApplicationIndexBuildStep] Indexing /home/martin/work/es-psql-quarkus/eventsourcing-core/target/test-classes/space/maatini/eventsourcing/dto/CloudEventDTOTest$InvalidRequiredFields.class
22:00:24 DEBUG [io.qu.de.st.CompiledJavaVersionBuildStep] Checking file '/home/martin/work/es-psql-quarkus/eventsourcing-core/target/classes/space/maatini/eventsourcing/dto/CloudEventDTO.class'
22:00:24 DEBUG [io.qu.de.st.CompiledJavaVersionBuildStep] Determined compile java version to be 65
22:00:24 DEBUG [io.qu.mi.de.ex.PrometheusRegistryProcessor] PROMETHEUS CONFIG: io.quarkus.micrometer.runtime.config.PrometheusConfigGroup$$CMImpl@390bd742
22:00:24 DEBUG [io.qu.de.st.ApplicationIndexBuildStep] Indexing /home/martin/work/es-psql-quarkus/eventsourcing-core/target/test-classes/space/maatini/eventsourcing/dto/CloudEventDTOTest$ValidCloudEvents.class
22:00:24 DEBUG [io.qu.de.st.ApplicationIndexBuildStep] Indexing /home/martin/work/es-psql-quarkus/eventsourcing-core/target/test-classes/space/maatini/eventsourcing/dto/CloudEventDTOTest.class
22:00:24 DEBUG [io.qu.de.st.ApplicationIndexBuildStep] Indexing /home/martin/work/es-psql-quarkus/eventsourcing-core/target/test-classes/space/maatini/eventsourcing/dto/CloudEventDTOTest$WithDefaults.class
22:00:24 DEBUG [io.qu.de.st.ApplicationIndexBuildStep] Indexing /home/martin/work/es-psql-quarkus/eventsourcing-core/target/test-classes/space/maatini/eventsourcing/resource/EventResourceTest$BoundaryCases.class
22:00:24 DEBUG [io.qu.de.st.ApplicationIndexBuildStep] Indexing /home/martin/work/es-psql-quarkus/eventsourcing-core/target/test-classes/space/maatini/eventsourcing/resource/AdminResourceTest.class
22:00:24 DEBUG [io.qu.de.st.ApplicationIndexBuildStep] Indexing /home/martin/work/es-psql-quarkus/eventsourcing-core/target/test-classes/space/maatini/eventsourcing/resource/TestSupportResource.class
22:00:24 DEBUG [io.qu.de.st.ApplicationIndexBuildStep] Indexing /home/martin/work/es-psql-quarkus/eventsourcing-core/target/test-classes/space/maatini/eventsourcing/resource/EventResourceTest$ValidationEdgeCases.class
22:00:24 DEBUG [io.qu.de.st.ApplicationIndexBuildStep] Indexing /home/martin/work/es-psql-quarkus/eventsourcing-core/target/test-classes/space/maatini/eventsourcing/resource/EventResourceTest$HappyPath.class
22:00:24 DEBUG [io.qu.de.st.ApplicationIndexBuildStep] Indexing /home/martin/work/es-psql-quarkus/eventsourcing-core/target/test-classes/space/maatini/eventsourcing/resource/EventResourceTest.class
22:00:24 DEBUG [io.qu.de.st.ApplicationIndexBuildStep] Indexing /home/martin/work/es-psql-quarkus/eventsourcing-core/target/test-classes/space/maatini/eventsourcing/TestProfile.class
22:00:24 DEBUG [io.qu.de.st.ApplicationIndexBuildStep] Indexing /home/martin/work/es-psql-quarkus/eventsourcing-core/target/classes/space/maatini/eventsourcing/dto/CloudEventDTO.class
22:00:24 DEBUG [io.qu.de.st.ApplicationIndexBuildStep] Indexing /home/martin/work/es-psql-quarkus/eventsourcing-core/target/classes/space/maatini/eventsourcing/dto/ErrorResponse.class
22:00:24 DEBUG [io.qu.de.st.ApplicationIndexBuildStep] Indexing /home/martin/work/es-psql-quarkus/eventsourcing-core/target/classes/space/maatini/eventsourcing/health/ProjectionHealthCheck.class
22:00:24 DEBUG [io.qu.de.st.ApplicationIndexBuildStep] Indexing /home/martin/work/es-psql-quarkus/eventsourcing-core/target/classes/space/maatini/eventsourcing/resource/AdminResource$ReplayResult.class
22:00:24 DEBUG [io.qu.de.st.ApplicationIndexBuildStep] Indexing /home/martin/work/es-psql-quarkus/eventsourcing-core/target/classes/space/maatini/eventsourcing/resource/GenericAggregateResource.class
22:00:24 DEBUG [io.qu.de.st.ApplicationIndexBuildStep] Indexing /home/martin/work/es-psql-quarkus/eventsourcing-core/target/classes/space/maatini/eventsourcing/resource/AdminResource.class
22:00:24 DEBUG [io.qu.de.st.ApplicationIndexBuildStep] Indexing /home/martin/work/es-psql-quarkus/eventsourcing-core/target/classes/space/maatini/eventsourcing/resource/AdminResource$ProjectionResult.class
22:00:24 DEBUG [io.qu.de.st.ApplicationIndexBuildStep] Indexing /home/martin/work/es-psql-quarkus/eventsourcing-core/target/classes/space/maatini/eventsourcing/resource/EventResource.class
22:00:24 DEBUG [io.qu.de.st.ApplicationIndexBuildStep] Indexing /home/martin/work/es-psql-quarkus/eventsourcing-core/target/classes/space/maatini/eventsourcing/exception/DatabaseExceptionMapper.class
22:00:24 DEBUG [io.qu.de.st.ApplicationIndexBuildStep] Indexing /home/martin/work/es-psql-quarkus/eventsourcing-core/target/classes/space/maatini/eventsourcing/exception/ValidationExceptionMapper$ValidationError.class
22:00:24 DEBUG [io.qu.de.st.ApplicationIndexBuildStep] Indexing /home/martin/work/es-psql-quarkus/eventsourcing-core/target/classes/space/maatini/eventsourcing/exception/ValidationExceptionMapper.class
22:00:24 DEBUG [io.qu.de.st.ApplicationIndexBuildStep] Indexing /home/martin/work/es-psql-quarkus/eventsourcing-core/target/classes/space/maatini/eventsourcing/exception/ValidationExceptionMapper$ValidationErrorResponse.class
22:00:24 DEBUG [io.qu.de.st.ApplicationIndexBuildStep] Indexing /home/martin/work/es-psql-quarkus/eventsourcing-core/target/classes/space/maatini/eventsourcing/service/EventService.class
22:00:24 DEBUG [io.qu.de.st.ApplicationIndexBuildStep] Indexing /home/martin/work/es-psql-quarkus/eventsourcing-core/target/classes/space/maatini/eventsourcing/service/OutboxScheduler.class
22:00:24 DEBUG [io.qu.de.st.ApplicationIndexBuildStep] Indexing /home/martin/work/es-psql-quarkus/eventsourcing-core/target/classes/space/maatini/eventsourcing/service/AggregateSnapshotService.class
22:00:24 DEBUG [io.qu.de.st.ApplicationIndexBuildStep] Indexing /home/martin/work/es-psql-quarkus/eventsourcing-core/target/classes/space/maatini/eventsourcing/service/OutboxPublisher.class
22:00:24 DEBUG [io.qu.de.st.ApplicationIndexBuildStep] Indexing /home/martin/work/es-psql-quarkus/eventsourcing-core/target/classes/space/maatini/eventsourcing/service/EventHandlerRegistry.class
22:00:24 DEBUG [io.qu.de.st.ApplicationIndexBuildStep] Indexing /home/martin/work/es-psql-quarkus/eventsourcing-core/target/classes/space/maatini/eventsourcing/service/GenericAggregateService.class
22:00:24 DEBUG [io.qu.de.st.ApplicationIndexBuildStep] Indexing /home/martin/work/es-psql-quarkus/eventsourcing-core/target/classes/space/maatini/eventsourcing/service/AggregateEventHandler.class
22:00:24 DEBUG [io.qu.de.st.ApplicationIndexBuildStep] Indexing /home/martin/work/es-psql-quarkus/eventsourcing-core/target/classes/space/maatini/eventsourcing/service/EventNotificationListener.class
22:00:24 DEBUG [io.qu.de.st.ApplicationIndexBuildStep] Indexing /home/martin/work/es-psql-quarkus/eventsourcing-core/target/classes/space/maatini/eventsourcing/service/HandlesEvents.class
22:00:24 DEBUG [io.qu.de.st.ApplicationIndexBuildStep] Indexing /home/martin/work/es-psql-quarkus/eventsourcing-core/target/classes/space/maatini/eventsourcing/service/EventHandler.class
22:00:24 DEBUG [io.qu.de.st.ApplicationIndexBuildStep] Indexing /home/martin/work/es-psql-quarkus/eventsourcing-core/target/classes/space/maatini/eventsourcing/service/ProjectionService.class
22:00:24 DEBUG [io.qu.de.st.ApplicationIndexBuildStep] Indexing /home/martin/work/es-psql-quarkus/eventsourcing-core/target/classes/space/maatini/eventsourcing/service/ProjectionMetrics.class
22:00:24 DEBUG [io.qu.de.st.ApplicationIndexBuildStep] Indexing /home/martin/work/es-psql-quarkus/eventsourcing-core/target/classes/space/maatini/eventsourcing/service/EventService$EventResult.class
22:00:24 DEBUG [io.qu.de.st.ApplicationIndexBuildStep] Indexing /home/martin/work/es-psql-quarkus/eventsourcing-core/target/classes/space/maatini/eventsourcing/service/ProjectionReplayService.class
22:00:24 DEBUG [io.qu.de.st.ApplicationIndexBuildStep] Indexing /home/martin/work/es-psql-quarkus/eventsourcing-core/target/classes/space/maatini/eventsourcing/service/JsonAggregateHandler.class
22:00:24 DEBUG [io.qu.de.st.ApplicationIndexBuildStep] Indexing /home/martin/work/es-psql-quarkus/eventsourcing-core/target/classes/space/maatini/eventsourcing/service/LogOutboxPublisher.class
22:00:24 DEBUG [io.qu.de.st.ApplicationIndexBuildStep] Indexing /home/martin/work/es-psql-quarkus/eventsourcing-core/target/classes/space/maatini/eventsourcing/service/EventBatchProcessor.class
22:00:24 DEBUG [io.qu.de.st.ApplicationIndexBuildStep] Indexing /home/martin/work/es-psql-quarkus/eventsourcing-core/target/classes/space/maatini/eventsourcing/command/HandlesCommand.class
22:00:24 DEBUG [io.qu.de.st.ApplicationIndexBuildStep] Indexing /home/martin/work/es-psql-quarkus/eventsourcing-core/target/classes/space/maatini/eventsourcing/command/CommandBus.class
22:00:24 DEBUG [io.qu.de.st.ApplicationIndexBuildStep] Indexing /home/martin/work/es-psql-quarkus/eventsourcing-core/target/classes/space/maatini/eventsourcing/command/CommandHandler.class
22:00:24 DEBUG [io.qu.de.st.ApplicationIndexBuildStep] Indexing /home/martin/work/es-psql-quarkus/eventsourcing-core/target/classes/space/maatini/eventsourcing/domain/DomainAggregateRoot.class
22:00:24 DEBUG [io.qu.de.st.ApplicationIndexBuildStep] Indexing /home/martin/work/es-psql-quarkus/eventsourcing-core/target/classes/space/maatini/eventsourcing/entity/AggregateRoot.class
22:00:24 DEBUG [io.qu.de.st.ApplicationIndexBuildStep] Indexing /home/martin/work/es-psql-quarkus/eventsourcing-core/target/classes/space/maatini/eventsourcing/entity/OutboxEvent.class
22:00:24 DEBUG [io.qu.de.st.ApplicationIndexBuildStep] Indexing /home/martin/work/es-psql-quarkus/eventsourcing-core/target/classes/space/maatini/eventsourcing/entity/JsonAggregate$JsonAggregateId.class
22:00:24 DEBUG [io.qu.de.st.ApplicationIndexBuildStep] Indexing /home/martin/work/es-psql-quarkus/eventsourcing-core/target/classes/space/maatini/eventsourcing/entity/JsonAggregate.class
22:00:24 DEBUG [io.qu.de.st.ApplicationIndexBuildStep] Indexing /home/martin/work/es-psql-quarkus/eventsourcing-core/target/classes/space/maatini/eventsourcing/entity/AggregateSnapshot.class
22:00:24 DEBUG [io.qu.de.st.ApplicationIndexBuildStep] Indexing /home/martin/work/es-psql-quarkus/eventsourcing-core/target/classes/space/maatini/eventsourcing/entity/CloudEvent.class
22:00:24 DEBUG [io.qu.de.in.ApplicationArchiveBuildStep] Indexing dependency: /home/martin/.m2/repository/io/netty/netty-transport/4.1.130.Final/netty-transport-4.1.130.Final.jar
22:00:24 DEBUG [io.qu.de.index] Index class: io.quarkus.hibernate.orm.PersistenceUnit
22:00:24 DEBUG [io.qu.de.index] Index annotation: java.lang.annotation.Repeatable
22:00:24 DEBUG [io.qu.de.index] Index class: java.lang.annotation.Repeatable
22:00:24 DEBUG [io.qu.ja.de.JacocoProcessor] JaCoCo destFile: /home/martin/work/es-psql-quarkus/eventsourcing-core/target/jacoco-quarkus.exec
22:00:24 DEBUG [io.qu.de.index] Index annotation: java.lang.annotation.Documented
22:00:24 DEBUG [io.qu.de.index] Index class: java.lang.annotation.Documented
22:00:24 DEBUG [io.qu.de.index] Index annotation: java.lang.annotation.Target
22:00:24 DEBUG [io.qu.de.index] Index class: java.lang.annotation.Target
22:00:24 DEBUG [io.qu.de.index] Index annotation: java.lang.annotation.Retention
22:00:24 DEBUG [io.qu.de.index] Index class: java.lang.annotation.Retention
22:00:24 DEBUG [io.qu.de.index] Index annotation: jakarta.inject.Qualifier
22:00:24 DEBUG [io.qu.de.index] Index class: jakarta.inject.Qualifier
22:00:24 DEBUG [io.qu.de.index] Index class: java.util.Map
22:00:24 DEBUG [io.qu.de.index] Index annotation: java.lang.SafeVarargs
22:00:24 DEBUG [io.qu.de.index] Index class: java.lang.SafeVarargs
22:00:24 DEBUG [io.qu.de.index] Index class: java.lang.Object
22:00:24 DEBUG [io.qu.de.index] Index annotation: jdk.internal.vm.annotation.IntrinsicCandidate
22:00:24 DEBUG [io.qu.de.index] Index class: jdk.internal.vm.annotation.IntrinsicCandidate
22:00:24 DEBUG [io.qu.de.index] Index annotation: java.lang.Deprecated
22:00:24 DEBUG [io.qu.de.index] Index class: java.lang.Deprecated
22:00:24 DEBUG [io.qu.de.index] Index class: java.util.Collection
22:00:24 DEBUG [io.qu.de.index] Index class: jakarta.annotation.security.PermitAll
22:00:24 DEBUG [io.qu.de.index] Index class: io.quarkus.security.PermissionsAllowed$List
22:00:24 DEBUG [io.qu.de.index] Index class: jakarta.annotation.security.DenyAll
22:00:24 DEBUG [io.qu.de.index] Index class: io.quarkus.vertx.http.security.AuthorizationPolicy
22:00:24 DEBUG [io.qu.de.index] Index annotation: java.lang.annotation.Inherited
22:00:24 DEBUG [io.qu.de.index] Index class: java.lang.annotation.Inherited
22:00:24 DEBUG [io.qu.de.index] Index class: io.quarkus.security.Authenticated
22:00:24 DEBUG [io.qu.de.index] Index class: jakarta.annotation.security.RolesAllowed
22:00:24 DEBUG [io.qu.de.index] Index class: io.quarkus.security.PermissionsAllowed
22:00:24 DEBUG [io.qu.ar.de.BuildTimeEnabledProcessor] Disabling space.maatini.eventsourcing.service.EventNotificationListener due to @UnlessBuildProfile("test")
22:00:24 DEBUG [io.qu.de.index] Index annotation: jakarta.persistence.Id
22:00:24 DEBUG [io.qu.de.index] Index class: jakarta.persistence.Id
22:00:24 DEBUG [io.qu.de.index] Index annotation: jakarta.persistence.MappedSuperclass
22:00:24 DEBUG [io.qu.de.index] Index class: jakarta.persistence.MappedSuperclass
22:00:24 DEBUG [io.qu.de.index] Index annotation: jakarta.persistence.GeneratedValue
22:00:24 DEBUG [io.qu.de.index] Index class: jakarta.persistence.GeneratedValue
22:00:24 DEBUG [io.qu.de.index] Index annotation: com.fasterxml.jackson.annotation.JsonIgnore
22:00:24 DEBUG [io.qu.de.index] Index class: com.fasterxml.jackson.annotation.JsonIgnore
22:00:24 DEBUG [io.qu.de.index] Index annotation: com.fasterxml.jackson.annotation.JacksonAnnotation
22:00:24 DEBUG [io.qu.de.index] Index class: com.fasterxml.jackson.annotation.JacksonAnnotation
22:00:24 DEBUG [io.qu.de.index] Index annotation: io.quarkus.panache.common.impl.GenerateBridge
22:00:24 DEBUG [io.qu.de.index] Index class: io.quarkus.panache.common.impl.GenerateBridge
22:00:24 DEBUG [io.qu.de.index] Could not index annotation: jakarta.json.bind.annotation.JsonbTransient (missing class or dependency)
22:00:24 DEBUG [io.qu.de.index] Index class: io.quarkus.resteasy.reactive.jackson.runtime.mappers.NativeInvalidDefinitionExceptionMapper
22:00:24 DEBUG [io.qu.de.index] Index annotation: org.jboss.resteasy.reactive.server.ServerExceptionMapper
22:00:24 DEBUG [io.qu.de.index] Index class: org.jboss.resteasy.reactive.server.ServerExceptionMapper
22:00:24 DEBUG [io.qu.de.index] Index class: io.quarkus.resteasy.reactive.server.runtime.exceptionmappers.AuthenticationFailedExceptionMapper
22:00:24 DEBUG [io.qu.de.index] Index class: io.quarkus.resteasy.reactive.server.runtime.exceptionmappers.UnauthorizedExceptionMapper
22:00:24 DEBUG [io.qu.de.in.IndexWrapper] Index: java.time.OffsetDateTime
22:00:24 DEBUG [io.qu.ja.de.JacocoProcessor] JaCoCo report dir: /home/martin/work/es-psql-quarkus/eventsourcing-core/target/jacoco-report
22:00:24 DEBUG [io.qu.de.in.IndexWrapper] Index: java.util.UUID
22:00:24 DEBUG [io.qu.de.in.IndexWrapper] Index: java.lang.String
22:00:24 DEBUG [io.qu.de.in.IndexWrapper] Index: java.lang.Integer
22:00:24 DEBUG [io.qu.de.in.IndexWrapper] Index: java.lang.Long
22:00:25 DEBUG [io.qu.de.in.IndexWrapper] Index: jakarta.ws.rs.ext.ExceptionMapper
22:00:25 DEBUG [io.qu.de.de.co.ComposeDevServicesProcessor] Not starting Compose dev services, no compose files found or project name provided.
22:00:25 DEBUG [io.qu.da.de.de.DevServicesDatasourceProcessor] Not starting Dev Services for default datasource as it has explicit configuration
22:00:25 DEBUG [or.hi.or.boot] locateResources (plural form) was invoked for resource 'META-INF/orm.xml'. Is there a real need for this plural form?
22:00:25 DEBUG [io.qu.de.index] Index class: io.quarkus.vertx.core.runtime.context.SafeVertxContextInterceptor
22:00:25 DEBUG [io.qu.de.index] Index annotation: io.quarkus.vertx.SafeVertxContext
22:00:25 DEBUG [io.qu.de.index] Index class: io.quarkus.vertx.SafeVertxContext
22:00:25 DEBUG [io.qu.de.index] Index annotation: jakarta.interceptor.InterceptorBinding
22:00:25 DEBUG [io.qu.de.index] Index class: jakarta.interceptor.InterceptorBinding
22:00:25 DEBUG [io.qu.de.index] Index annotation: java.lang.annotation.Target
22:00:25 DEBUG [io.qu.de.index] Index class: java.lang.annotation.Target
22:00:25 DEBUG [io.qu.de.index] Index annotation: java.lang.annotation.Documented
22:00:25 DEBUG [io.qu.de.index] Index class: java.lang.annotation.Documented
22:00:25 DEBUG [io.qu.de.index] Index annotation: java.lang.annotation.Retention
22:00:25 DEBUG [io.qu.de.index] Index class: java.lang.annotation.Retention
22:00:25 DEBUG [io.qu.de.index] Index annotation: java.lang.annotation.Inherited
22:00:25 DEBUG [io.qu.de.index] Index class: java.lang.annotation.Inherited
22:00:25 DEBUG [io.qu.de.index] Index annotation: jakarta.enterprise.util.Nonbinding
22:00:25 DEBUG [io.qu.de.index] Index class: jakarta.enterprise.util.Nonbinding
22:00:25 DEBUG [io.qu.de.index] Index annotation: jakarta.interceptor.AroundInvoke
22:00:25 DEBUG [io.qu.de.index] Index class: jakarta.interceptor.AroundInvoke
22:00:25 DEBUG [io.qu.de.index] Index annotation: jakarta.interceptor.Interceptor
22:00:25 DEBUG [io.qu.de.index] Index class: jakarta.interceptor.Interceptor
22:00:25 DEBUG [io.qu.de.index] Index annotation: jakarta.annotation.Priority
22:00:25 DEBUG [io.qu.de.index] Index class: jakarta.annotation.Priority
22:00:25 DEBUG [io.qu.de.index] Index annotation: jakarta.inject.Inject
22:00:25 DEBUG [io.qu.de.index] Index class: jakarta.inject.Inject
22:00:25 DEBUG [io.qu.de.index] Index class: io.smallrye.config.inject.ConfigProducer
22:00:25 DEBUG [io.qu.de.index] Index annotation: jakarta.enterprise.context.Dependent
22:00:25 DEBUG [io.qu.de.index] Index class: jakarta.enterprise.context.Dependent
22:00:25 DEBUG [io.qu.de.index] Index annotation: jakarta.inject.Scope
22:00:25 DEBUG [io.qu.de.index] Index class: jakarta.inject.Scope
22:00:25 DEBUG [io.qu.de.index] Index annotation: jakarta.enterprise.context.ApplicationScoped
22:00:25 DEBUG [io.qu.de.index] Index class: jakarta.enterprise.context.ApplicationScoped
22:00:25 DEBUG [io.qu.de.index] Index annotation: jakarta.enterprise.context.NormalScope
22:00:25 DEBUG [io.qu.de.index] Index class: jakarta.enterprise.context.NormalScope
22:00:25 DEBUG [io.qu.de.index] Index annotation: org.eclipse.microprofile.config.inject.ConfigProperty
22:00:25 DEBUG [io.qu.de.index] Index class: org.eclipse.microprofile.config.inject.ConfigProperty
22:00:25 DEBUG [io.qu.de.index] Could not index annotation: org.osgi.annotation.bundle.Requirements (missing class or dependency)
22:00:25 DEBUG [io.qu.de.index] Index annotation: jakarta.inject.Qualifier
22:00:25 DEBUG [io.qu.de.index] Index class: jakarta.inject.Qualifier
22:00:25 DEBUG [io.qu.de.index] Index annotation: jakarta.enterprise.inject.Produces
22:00:25 DEBUG [io.qu.de.index] Index class: jakarta.enterprise.inject.Produces
22:00:25 DEBUG [io.qu.de.index] Index class: org.eclipse.microprofile.config.inject.ConfigProperties
22:00:25 DEBUG [io.qu.de.index] Index class: io.quarkus.vertx.http.runtime.CurrentVertxRequest
22:00:25 DEBUG [io.qu.de.index] Index annotation: jakarta.enterprise.context.RequestScoped
22:00:25 DEBUG [io.qu.de.index] Index class: jakarta.enterprise.context.RequestScoped
22:00:25 DEBUG [io.qu.de.index] Index class: io.quarkus.vertx.http.runtime.CurrentRequestProducer
22:00:25 DEBUG [io.qu.de.index] Index annotation: jakarta.inject.Singleton
22:00:25 DEBUG [io.qu.de.index] Index class: jakarta.inject.Singleton
22:00:25 DEBUG [io.qu.de.index] Index annotation: jakarta.inject.Named
22:00:25 DEBUG [io.qu.de.index] Index class: jakarta.inject.Named
22:00:25 DEBUG [io.qu.de.index] Index class: io.quarkus.vertx.http.runtime.HttpCertificateUpdateEventListener
22:00:25 DEBUG [io.qu.de.index] Index annotation: jakarta.enterprise.event.Observes
22:00:25 DEBUG [io.qu.de.index] Index class: jakarta.enterprise.event.Observes
22:00:25 DEBUG [io.qu.de.index] Index class: io.quarkus.micrometer.runtime.binder.netty.VertxNettyAllocatorMetricsProvider
22:00:25 DEBUG [io.qu.de.index] Index class: io.quarkus.micrometer.runtime.binder.netty.NettyMetricsProvider
22:00:25 DEBUG [io.qu.de.index] Index class: io.quarkus.arc.runtime.LaunchModeProducer
22:00:25 DEBUG [io.qu.de.index] Index class: io.quarkus.hibernate.reactive.panache.common.runtime.TestReactiveTransactionalInterceptor
22:00:25 DEBUG [io.qu.de.index] Index class: io.quarkus.micrometer.runtime.export.exemplars.EmptyExemplarSamplerProvider
22:00:25 DEBUG [io.qu.de.index] Index class: io.quarkus.micrometer.runtime.export.exemplars.NoopOpenTelemetryExemplarContextUnwrapper
22:00:25 DEBUG [io.qu.de.index] Index class: io.quarkus.vertx.runtime.VertxProducer
22:00:25 DEBUG [io.qu.de.index] Index annotation: jakarta.enterprise.context.BeforeDestroyed
22:00:25 DEBUG [io.qu.de.index] Index class: jakarta.enterprise.context.BeforeDestroyed
22:00:25 DEBUG [io.qu.de.index] Index class: io.quarkus.smallrye.context.runtime.SmallRyeContextPropagationProvider
22:00:25 DEBUG [io.qu.de.index] Index annotation: io.quarkus.arc.DefaultBean
22:00:25 DEBUG [io.qu.de.index] Index class: io.quarkus.arc.DefaultBean
22:00:25 DEBUG [io.qu.de.index] Index class: io.quarkus.smallrye.openapi.runtime.OpenApiDocumentService
22:00:25 DEBUG [io.qu.de.index] Index class: io.quarkus.runtime.annotations.CommandLineArguments
22:00:25 DEBUG [io.qu.de.index] Index class: io.quarkus.arc.runtime.test.PreloadedTestApplicationClassPredicate
22:00:25 DEBUG [io.qu.de.index] Index class: io.quarkus.arc.runtime.test.ActivateSessionContextInterceptor
22:00:25 DEBUG [io.qu.de.index] Index class: org.jboss.resteasy.reactive.server.injection.ContextProducers
22:00:25 DEBUG [io.qu.de.index] Index class: io.quarkus.resteasy.reactive.server.runtime.QuarkusContextProducers
22:00:25 DEBUG [io.qu.de.index] Index annotation: jakarta.enterprise.inject.Disposes
22:00:25 DEBUG [io.qu.de.index] Index class: jakarta.enterprise.inject.Disposes
22:00:25 DEBUG [io.qu.de.index] Index class: io.quarkus.netty.BossEventLoopGroup
22:00:25 DEBUG [io.qu.de.index] Index class: io.quarkus.netty.MainEventLoopGroup
22:00:25 DEBUG [io.qu.de.index] Index class: io.quarkus.arc.runtime.ConfigStaticInitCheckInterceptor
22:00:25 DEBUG [io.qu.de.index] Index annotation: io.quarkus.arc.runtime.ConfigStaticInitCheck
22:00:25 DEBUG [io.qu.de.index] Index class: io.quarkus.arc.runtime.ConfigStaticInitCheck
22:00:25 DEBUG [io.qu.de.index] Index class: io.quarkus.arc.runtime.ConfigStaticInitValues
22:00:25 DEBUG [io.qu.de.index] Index class: io.quarkus.hibernate.orm.PersistenceUnit
22:00:25 DEBUG [io.qu.de.index] Index annotation: java.lang.annotation.Repeatable
22:00:25 DEBUG [io.qu.de.index] Index class: java.lang.annotation.Repeatable
22:00:25 DEBUG [io.qu.de.index] Index class: io.quarkus.hibernate.orm.PersistenceUnitExtension
22:00:25 DEBUG [io.qu.de.index] Index class: io.quarkus.hibernate.orm.JsonFormat
22:00:25 DEBUG [io.qu.de.index] Index class: io.quarkus.hibernate.orm.XmlFormat
22:00:25 DEBUG [io.qu.de.index] Index class: io.quarkus.reactive.datasource.ReactiveDataSource
22:00:25 DEBUG [io.qu.de.index] Index class: io.quarkus.arc.runtime.LoggerProducer
22:00:25 DEBUG [io.qu.de.index] Index annotation: io.quarkus.arc.log.LoggerName
22:00:25 DEBUG [io.qu.de.index] Index class: io.quarkus.arc.log.LoggerName
22:00:25 DEBUG [io.qu.de.index] Index annotation: jakarta.annotation.PreDestroy
22:00:25 DEBUG [io.qu.de.index] Index class: jakarta.annotation.PreDestroy
22:00:25 DEBUG [io.qu.de.index] Index class: io.quarkus.hibernate.reactive.panache.common.runtime.WithSessionOnDemandInterceptor
22:00:25 DEBUG [io.qu.de.index] Index annotation: io.quarkus.hibernate.reactive.panache.common.WithSessionOnDemand
22:00:25 DEBUG [io.qu.de.index] Index class: io.quarkus.hibernate.reactive.panache.common.WithSessionOnDemand
22:00:25 DEBUG [io.qu.de.index] Index class: io.quarkus.hibernate.reactive.panache.common.runtime.AbstractUniInterceptor
22:00:25 DEBUG [io.qu.de.index] Index class: io.quarkus.hibernate.reactive.panache.common.runtime.WithSessionInterceptor
22:00:25 DEBUG [io.qu.de.index] Index annotation: io.quarkus.hibernate.reactive.panache.common.WithSession
22:00:25 DEBUG [io.qu.de.index] Index class: io.quarkus.hibernate.reactive.panache.common.WithSession
22:00:25 DEBUG [io.qu.de.index] Index class: io.quarkus.hibernate.reactive.panache.common.runtime.ReactiveTransactionalInterceptor
22:00:25 DEBUG [io.qu.de.index] Index annotation: io.quarkus.hibernate.reactive.panache.common.runtime.ReactiveTransactional
22:00:25 DEBUG [io.qu.de.index] Index class: io.quarkus.hibernate.reactive.panache.common.runtime.ReactiveTransactional
22:00:25 DEBUG [io.qu.de.index] Index annotation: java.lang.Deprecated
22:00:25 DEBUG [io.qu.de.index] Index class: java.lang.Deprecated
22:00:25 DEBUG [io.qu.de.index] Index class: io.quarkus.hibernate.reactive.panache.common.runtime.WithTransactionInterceptor
22:00:25 DEBUG [io.qu.de.index] Index annotation: io.quarkus.hibernate.reactive.panache.common.WithTransaction
22:00:25 DEBUG [io.qu.de.index] Index class: io.quarkus.hibernate.reactive.panache.common.WithTransaction
22:00:25 DEBUG [io.qu.de.index] Index class: io.quarkus.resteasy.reactive.jackson.runtime.serialisers.ServerJacksonMessageBodyReader
22:00:25 DEBUG [io.qu.de.index] Index class: io.quarkus.resteasy.reactive.jackson.runtime.serialisers.AbstractServerJacksonMessageBodyReader
22:00:25 DEBUG [io.qu.de.index] Index class: org.jboss.resteasy.reactive.common.providers.serialisers.AbstractJsonMessageBodyReader
22:00:25 DEBUG [io.qu.de.index] Index class: io.quarkus.resteasy.reactive.jackson.runtime.serialisers.FullyFeaturedServerJacksonMessageBodyReader
22:00:25 DEBUG [io.qu.de.index] Index class: io.quarkus.resteasy.reactive.jackson.runtime.serialisers.BasicServerJacksonMessageBodyWriter
22:00:25 DEBUG [io.qu.de.index] Index class: org.jboss.resteasy.reactive.server.spi.ServerMessageBodyWriter$AllWriteableMessageBodyWriter
22:00:25 DEBUG [io.qu.de.index] Index class: io.quarkus.resteasy.reactive.jackson.runtime.serialisers.FullyFeaturedServerJacksonMessageBodyWriter
22:00:25 DEBUG [io.qu.de.index] Index class: io.quarkus.micrometer.runtime.export.PrometheusMeterRegistryProvider
22:00:25 DEBUG [io.qu.de.index] Index class: io.quarkus.micrometer.runtime.export.PrometheusMeterRegistryProducer
22:00:25 DEBUG [io.qu.de.index] Index annotation: jakarta.enterprise.inject.Alternative
22:00:25 DEBUG [io.qu.de.index] Index class: jakarta.enterprise.inject.Alternative
22:00:25 DEBUG [io.qu.de.index] Index class: io.quarkus.security.runtime.interceptor.RunAsUserInterceptor
22:00:25 DEBUG [io.qu.de.index] Index class: io.quarkus.security.runtime.SecurityIdentityAssociation
22:00:25 DEBUG [io.qu.de.index] Index class: io.quarkus.security.spi.runtime.AbstractSecurityIdentityAssociation
22:00:25 DEBUG [io.qu.de.index] Index class: io.quarkus.security.spi.runtime.AuthorizationController
22:00:25 DEBUG [io.qu.de.index] Index class: io.quarkus.security.runtime.PrincipalProducer
22:00:25 DEBUG [io.qu.de.index] Index class: io.quarkus.security.runtime.IdentityProviderManagerCreator
22:00:25 DEBUG [io.qu.de.index] Index class: io.quarkus.security.runtime.SecurityIdentityProxy
22:00:25 DEBUG [io.qu.de.index] Index class: io.quarkus.security.runtime.X509IdentityProvider
22:00:25 DEBUG [io.qu.de.index] Index class: io.quarkus.scheduler.Scheduled$ApplicationNotRunning
22:00:25 DEBUG [io.qu.de.index] Index class: io.quarkus.scheduler.runtime.SimpleScheduler
22:00:25 DEBUG [io.qu.de.index] Index annotation: jakarta.enterprise.inject.Typed
22:00:25 DEBUG [io.qu.de.index] Index class: jakarta.enterprise.inject.Typed
22:00:25 DEBUG [io.qu.de.index] Index class: io.quarkus.scheduler.common.runtime.BaseScheduler
22:00:25 DEBUG [io.qu.de.index] Index class: io.quarkus.virtual.threads.VirtualThreads
22:00:25 DEBUG [io.qu.de.index] Index class: io.quarkus.vertx.core.runtime.security.VertxBlockingSecurityExecutor
22:00:25 DEBUG [io.qu.de.index] Index class: io.quarkus.smallrye.health.runtime.QuarkusAsyncHealthCheckFactory
22:00:25 DEBUG [io.qu.de.index] Index class: io.quarkus.resteasy.reactive.server.runtime.StandardSecurityCheckInterceptor$RolesAllowedInterceptor
22:00:25 DEBUG [io.qu.de.index] Index annotation: jakarta.annotation.security.RolesAllowed
22:00:25 DEBUG [io.qu.de.index] Index class: jakarta.annotation.security.RolesAllowed
22:00:25 DEBUG [io.qu.de.index] Index class: io.quarkus.resteasy.reactive.server.runtime.StandardSecurityCheckInterceptor
22:00:25 DEBUG [io.qu.de.index] Index class: io.quarkus.resteasy.reactive.server.runtime.StandardSecurityCheckInterceptor$AuthenticatedInterceptor
22:00:25 DEBUG [io.qu.de.index] Index annotation: io.quarkus.security.Authenticated
22:00:25 DEBUG [io.qu.de.index] Index class: io.quarkus.security.Authenticated
22:00:25 DEBUG [io.qu.de.index] Index class: io.quarkus.resteasy.reactive.server.runtime.StandardSecurityCheckInterceptor$PermitAllInterceptor
22:00:25 DEBUG [io.qu.de.index] Index annotation: jakarta.annotation.security.PermitAll
22:00:25 DEBUG [io.qu.de.index] Index class: jakarta.annotation.security.PermitAll
22:00:25 DEBUG [io.qu.de.index] Index class: io.quarkus.resteasy.reactive.server.runtime.StandardSecurityCheckInterceptor$PermissionsAllowedInterceptor
22:00:25 DEBUG [io.qu.de.index] Index annotation: io.quarkus.security.PermissionsAllowed
22:00:25 DEBUG [io.qu.de.index] Index class: io.quarkus.security.PermissionsAllowed
22:00:25 DEBUG [io.qu.de.index] Index class: io.quarkus.resteasy.reactive.server.runtime.security.EagerSecurityContext
22:00:25 DEBUG [io.qu.de.index] Index class: io.quarkus.micrometer.runtime.binder.HttpMeterFilterProvider
22:00:25 DEBUG [io.qu.de.index] Index annotation: jakarta.ws.rs.Produces
22:00:25 DEBUG [io.qu.de.index] Index class: jakarta.ws.rs.Produces
22:00:25 DEBUG [io.qu.de.index] Index class: io.quarkus.vertx.http.runtime.security.JaxRsPathMatchingHttpSecurityPolicy
22:00:25 DEBUG [io.qu.de.index] Index annotation: jakarta.enterprise.inject.Any
22:00:25 DEBUG [io.qu.de.index] Index class: jakarta.enterprise.inject.Any
22:00:25 DEBUG [io.qu.de.index] Index annotation: org.eclipse.microprofile.health.Startup
22:00:25 DEBUG [io.qu.de.index] Index class: org.eclipse.microprofile.health.Startup
22:00:25 DEBUG [io.qu.de.index] Index annotation: java.lang.SafeVarargs
22:00:25 DEBUG [io.qu.de.index] Index class: java.lang.SafeVarargs
22:00:25 DEBUG [io.qu.de.index] Index annotation: io.smallrye.health.api.Wellness
22:00:25 DEBUG [io.qu.de.index] Index class: io.smallrye.health.api.Wellness
22:00:25 DEBUG [io.qu.de.index] Index annotation: org.eclipse.microprofile.health.Readiness
22:00:25 DEBUG [io.qu.de.index] Index class: org.eclipse.microprofile.health.Readiness
22:00:25 DEBUG [io.qu.de.index] Index annotation: org.eclipse.microprofile.health.Liveness
22:00:25 DEBUG [io.qu.de.index] Index class: org.eclipse.microprofile.health.Liveness
22:00:25 DEBUG [io.qu.de.index] Index annotation: jakarta.enterprise.inject.Default
22:00:25 DEBUG [io.qu.de.index] Index class: jakarta.enterprise.inject.Default
22:00:25 DEBUG [io.qu.de.index] Index class: io.smallrye.health.api.HealthGroup
22:00:25 DEBUG [io.qu.de.index] Index class: io.quarkus.micrometer.runtime.binder.netty.VertxNettyEventExecutorMetricsProvider
22:00:25 DEBUG [io.qu.de.index] Index class: io.quarkus.hibernate.validator.runtime.interceptor.MethodValidationInterceptor
22:00:25 DEBUG [io.qu.de.index] Index annotation: io.quarkus.hibernate.validator.runtime.interceptor.MethodValidated
22:00:25 DEBUG [io.qu.de.index] Index class: io.quarkus.hibernate.validator.runtime.interceptor.MethodValidated
22:00:25 DEBUG [io.qu.de.index] Index annotation: jakarta.interceptor.AroundConstruct
22:00:25 DEBUG [io.qu.de.index] Index class: jakarta.interceptor.AroundConstruct
22:00:25 DEBUG [io.qu.de.index] Index class: io.quarkus.hibernate.validator.runtime.interceptor.AbstractMethodValidationInterceptor
22:00:25 DEBUG [io.qu.de.index] Index class: io.quarkus.hibernate.validator.runtime.locale.LocaleResolversWrapper
22:00:25 DEBUG [io.qu.de.index] Index class: io.quarkus.hibernate.validator.runtime.jaxrs.ResteasyReactiveEndPointValidationInterceptor
22:00:25 DEBUG [io.qu.de.index] Index annotation: io.quarkus.hibernate.validator.runtime.jaxrs.JaxrsEndPointValidated
22:00:25 DEBUG [io.qu.de.index] Index class: io.quarkus.hibernate.validator.runtime.jaxrs.JaxrsEndPointValidated
22:00:25 DEBUG [io.qu.de.index] Index class: io.quarkus.hibernate.validator.runtime.locale.ResteasyReactiveLocaleResolver
22:00:25 DEBUG [io.qu.de.index] Index class: io.quarkus.hibernate.validator.runtime.locale.AbstractLocaleResolver
22:00:25 DEBUG [io.qu.de.index] Index class: io.quarkus.reactive.pg.client.runtime.health.ReactivePgDataSourcesHealthCheck
22:00:25 DEBUG [io.qu.de.index] Index annotation: jakarta.annotation.PostConstruct
22:00:25 DEBUG [io.qu.de.index] Index class: jakarta.annotation.PostConstruct
22:00:25 DEBUG [io.qu.de.index] Index class: io.quarkus.reactive.datasource.runtime.ReactiveDatasourceHealthCheck
22:00:25 DEBUG [io.qu.de.index] Index class: io.quarkus.vertx.http.runtime.security.HttpAuthenticator
22:00:25 DEBUG [io.qu.de.index] Index class: io.quarkus.vertx.http.runtime.security.HttpAuthorizer
22:00:25 DEBUG [io.qu.de.index] Index class: io.quarkus.vertx.http.runtime.security.AbstractHttpAuthorizer
22:00:25 DEBUG [io.qu.de.index] Index class: io.quarkus.vertx.http.runtime.security.PathMatchingHttpSecurityPolicy
22:00:25 DEBUG [io.qu.de.index] Index class: io.quarkus.vertx.http.runtime.security.AbstractPathMatchingHttpSecurityPolicy
22:00:25 DEBUG [io.qu.de.index] Index class: io.quarkus.security.runtime.interceptor.AuthenticatedInterceptor
22:00:25 DEBUG [io.qu.de.index] Index class: io.quarkus.security.runtime.interceptor.DenyAllInterceptor
22:00:25 DEBUG [io.qu.de.index] Index annotation: jakarta.annotation.security.DenyAll
22:00:25 DEBUG [io.qu.de.index] Index class: jakarta.annotation.security.DenyAll
22:00:25 DEBUG [io.qu.de.index] Index class: io.quarkus.security.runtime.interceptor.PermitAllInterceptor
22:00:25 DEBUG [io.qu.de.index] Index class: io.quarkus.security.runtime.interceptor.RolesAllowedInterceptor
22:00:25 DEBUG [io.qu.de.index] Index class: io.quarkus.security.runtime.interceptor.PermissionsAllowedInterceptor
22:00:25 DEBUG [io.qu.de.index] Index class: io.quarkus.security.runtime.interceptor.SecurityHandler
22:00:25 DEBUG [io.qu.de.index] Index class: io.quarkus.micrometer.runtime.ClockProvider
22:00:25 DEBUG [io.qu.de.index] Index class: io.quarkus.micrometer.runtime.CompositeRegistryCreator
22:00:25 DEBUG [io.qu.de.index] Index class: io.quarkus.micrometer.runtime.MeterRegistryCustomizer
22:00:25 DEBUG [io.qu.de.index] Index class: io.quarkus.micrometer.runtime.MeterFilterConstraint
22:00:25 DEBUG [io.qu.de.index] Index class: io.quarkus.micrometer.runtime.MeterFilterConstraints
22:00:25 DEBUG [io.qu.de.index] Index class: io.quarkus.micrometer.runtime.MeterRegistryCustomizerConstraint
22:00:25 DEBUG [io.qu.de.index] Index class: io.quarkus.micrometer.runtime.MeterRegistryCustomizerConstraints
22:00:25 DEBUG [io.qu.de.index] Index class: io.micrometer.core.annotation.Timed
22:00:25 DEBUG [io.qu.de.index] Index class: io.quarkus.micrometer.runtime.MicrometerTimedInterceptor
22:00:25 DEBUG [io.qu.de.index] Index class: io.micrometer.core.annotation.Counted
22:00:25 DEBUG [io.qu.de.index] Index class: io.quarkus.micrometer.runtime.MicrometerCountedInterceptor
22:00:25 DEBUG [io.qu.de.index] Index class: io.quarkus.micrometer.runtime.MeterTagsSupport
22:00:25 DEBUG [io.qu.de.index] Index annotation: io.quarkus.arc.All
22:00:25 DEBUG [io.qu.de.index] Index class: io.quarkus.arc.All
22:00:25 DEBUG [io.qu.de.index] Index class: io.quarkus.jackson.runtime.ObjectMapperProducer
22:00:25 DEBUG [io.qu.de.index] Index class: io.quarkus.jackson.runtime.ConfigurationCustomizer
22:00:25 DEBUG [io.qu.de.index] Index class: io.quarkus.jackson.runtime.VertxHybridPoolObjectMapperCustomizer
22:00:25 DEBUG [io.qu.de.index] Index class: io.quarkus.resteasy.reactive.jackson.runtime.mappers.NativeInvalidDefinitionExceptionMapper
22:00:25 DEBUG [io.qu.de.index] Index annotation: org.jboss.resteasy.reactive.server.ServerExceptionMapper
22:00:25 DEBUG [io.qu.de.index] Index class: org.jboss.resteasy.reactive.server.ServerExceptionMapper
22:00:25 DEBUG [io.qu.de.index] Index class: io.quarkus.resteasy.reactive.server.runtime.exceptionmappers.AuthenticationFailedExceptionMapper
22:00:25 DEBUG [io.qu.de.index] Index class: io.quarkus.resteasy.reactive.server.runtime.exceptionmappers.UnauthorizedExceptionMapper
22:00:25 DEBUG [io.qu.de.index] Index annotation: jakarta.ws.rs.ext.Provider
22:00:25 DEBUG [io.qu.de.index] Index class: jakarta.ws.rs.ext.Provider
22:00:25 DEBUG [io.qu.de.index] Index class: io.quarkus.hibernate.validator.runtime.jaxrs.ResteasyReactiveViolationExceptionMapper
22:00:25 DEBUG [io.qu.de.index] Index class: io.quarkus.hibernate.orm.runtime.cdi.QuarkusArcBeanContainer
22:00:25 DEBUG [io.qu.de.index] Index class: org.hibernate.resource.beans.container.spi.AbstractCdiBeanContainer
22:00:25 DEBUG [io.qu.de.index] Index class: io/quarkus/hibernate/reactive/panache/common/runtime/TestReactiveTransactionalInterceptorGenerated
22:00:25 DEBUG [io.qu.de.index] Index class: io/quarkus/vertx/http/runtime/security/AuthorizationPolicyStorage_Impl
22:00:25 DEBUG [io.qu.de.index] Index class: io/quarkus/resteasy/reactive/jackson/runtime/mappers/NativeInvalidDefinitionExceptionMapper$ExceptionMapper$9b3903a6623e908ff3590aef8cbd6d07435aea0c
22:00:25 DEBUG [io.qu.de.index] Index annotation: io.quarkus.arc.Unremovable
22:00:25 DEBUG [io.qu.de.index] Index class: io.quarkus.arc.Unremovable
22:00:25 DEBUG [io.qu.de.index] Index class: io/quarkus/resteasy/reactive/server/runtime/exceptionmappers/AuthenticationFailedExceptionMapper$ExceptionMapper$c2c34c033791b6e419bbd19d3b82f053d38098b8
22:00:25 DEBUG [io.qu.de.index] Index class: io/quarkus/resteasy/reactive/server/runtime/exceptionmappers/UnauthorizedExceptionMapper$ExceptionMapper$965510594634d484a005e8aaae2361e9c9c1ea07
22:00:25 DEBUG [io.qu.de.index] Index class: io/quarkus/jackson/customizer/RegisterSerializersAndDeserializersCustomizer
22:00:25 DEBUG [io.qu.ar.de.AutoInjectFieldProcessor] Add missing @Inject to fields annotated with [jakarta.ws.rs.core.Context, jakarta.ws.rs.BeanParam, io.smallrye.common.annotation.Identifier, io.smallrye.context.api.NamedInstance, org.eclipse.microprofile.config.inject.ConfigProperty, org.eclipse.microprofile.config.inject.ConfigProperties, jakarta.inject.Named, jakarta.enterprise.context.BeforeDestroyed, io.quarkus.runtime.annotations.CommandLineArguments, io.quarkus.netty.BossEventLoopGroup, io.quarkus.netty.MainEventLoopGroup, io.quarkus.hibernate.orm.PersistenceUnit, io.quarkus.hibernate.orm.PersistenceUnitExtension, io.quarkus.hibernate.orm.JsonFormat, io.quarkus.hibernate.orm.XmlFormat, io.quarkus.reactive.datasource.ReactiveDataSource, io.quarkus.arc.log.LoggerName, io.quarkus.virtual.threads.VirtualThreads, jakarta.enterprise.inject.Any, org.eclipse.microprofile.health.Startup, io.smallrye.health.api.Wellness, org.eclipse.microprofile.health.Readiness, org.eclipse.microprofile.health.Liveness, jakarta.enterprise.inject.Default, io.smallrye.health.api.HealthGroup, io.quarkus.micrometer.runtime.MeterFilterConstraint, io.quarkus.micrometer.runtime.MeterRegistryCustomizerConstraint, io.quarkus.arc.All, jakarta.enterprise.inject.Default, jakarta.enterprise.inject.Any, jakarta.inject.Named, jakarta.enterprise.context.Initialized, jakarta.enterprise.context.BeforeDestroyed, jakarta.enterprise.context.Destroyed, jakarta.enterprise.inject.Intercepted, jakarta.enterprise.inject.Decorated, io.quarkus.arc.All, io.quarkus.arc.impl.Identified]
22:00:25 DEBUG [io.qu.ar.de.AutoProducerMethodsProcessor] Add missing @Produces to methods annotated with [jakarta.enterprise.inject.Any, io.quarkus.hibernate.orm.PersistenceUnit, io.quarkus.virtual.threads.VirtualThreads, io.quarkus.hibernate.orm.JsonFormat, org.eclipse.microprofile.health.Liveness, jakarta.enterprise.inject.Default, io.smallrye.context.api.NamedInstance, io.smallrye.health.api.Wellness, io.quarkus.arc.All, io.quarkus.micrometer.runtime.MeterFilterConstraint, jakarta.enterprise.inject.Intercepted, io.quarkus.netty.BossEventLoopGroup, jakarta.enterprise.context.Initialized, org.eclipse.microprofile.config.inject.ConfigProperties, io.quarkus.arc.impl.Identified, io.quarkus.hibernate.orm.XmlFormat, org.eclipse.microprofile.health.Startup, io.quarkus.micrometer.runtime.MeterRegistryCustomizerConstraint, io.quarkus.hibernate.orm.PersistenceUnitExtension, io.smallrye.health.api.HealthGroup, jakarta.enterprise.context.BeforeDestroyed, space.maatini.eventsourcing.command.HandlesCommand, io.quarkus.netty.MainEventLoopGroup, io.quarkus.test.Mock, io.quarkus.arc.log.LoggerName, jakarta.enterprise.inject.Model, jakarta.enterprise.inject.Decorated, io.quarkus.runtime.annotations.CommandLineArguments, org.eclipse.microprofile.health.Readiness, io.quarkus.reactive.datasource.ReactiveDataSource, org.eclipse.microprofile.config.inject.ConfigProperty, jakarta.enterprise.context.Destroyed, io.smallrye.common.annotation.Identifier, jakarta.inject.Named]
22:00:25 FINE  [ja.js.sp.JsonProvider] Checking system property jakarta.json.provider
22:00:25 FINE  [ja.js.sp.JsonProvider] Checking ServiceLoader
22:00:25 FINE  [ja.js.sp.JsonProvider] ServiceLoader loading Facility used; returning object [org.eclipse.parsson.JsonProviderImpl]
22:00:25 DEBUG [io.sm.config] SRCFG01006: Loaded ConfigSource OpenApiConfigHelper with ordinal 1
22:00:25 DEBUG [io.sm.config] SRCFG01006: Loaded ConfigSource DefaultValuesConfigSource with ordinal -2147483648
22:00:25 DEBUG [io.qu.ar.pr.BeanArchives] Index: io.quarkus.hibernate.orm.PersistenceUnit$List
22:00:25 DEBUG [io.qu.ar.pr.BeanArchives] Index: io.quarkus.hibernate.orm.PersistenceUnitExtension$List
22:00:25 DEBUG [io.qu.ar.pr.BeanArchives] Index: io.smallrye.health.api.HealthGroups
22:00:25 DEBUG [io.qu.ar.pr.BeanArchives] Index: io.quarkus.security.identity.RunAsUser
22:00:25 DEBUG [io.qu.ar.pr.BeanArchives] Index: io.quarkus.security.PermissionsAllowed$List
22:00:25 DEBUG [io.qu.ar.pr.BeanArchives] Index: io.micrometer.core.annotation.TimedSet
22:00:25 DEBUG [io.qu.ar.pr.BeanArchives] Index: jakarta.enterprise.util.AnnotationLiteral
22:00:25 DEBUG [io.qu.ar.pr.BeanArchives] Index: java.lang.Record
22:00:25 DEBUG [io.qu.ar.pr.BeanArchives] Index: java.util.concurrent.CompletableFuture
22:00:25 DEBUG [io.qu.ar.pr.BeanArchives] Index: org.eclipse.microprofile.health.HealthCheckResponseBuilder
22:00:25 DEBUG [io.qu.ar.pr.BeanArchives] Index: org.jboss.logging.DelegatingBasicLogger
22:00:25 DEBUG [io.qu.ar.pr.BeanArchives] Index: org.eclipse.microprofile.health.HealthCheckResponse
22:00:25 DEBUG [io.qu.ar.pr.BeanArchives] Index: io.smallrye.config.ExpressionConfigSourceInterceptor
22:00:25 DEBUG [io.qu.ar.pr.BeanArchives] Index: java.lang.Object
22:00:25 DEBUG [io.qu.ar.pr.BeanArchives] Index: io.quarkus.hibernate.reactive.panache.PanacheEntityBase
22:00:25 DEBUG [io.qu.de.in.IndexWrapper] Index: io.quarkus.resteasy.reactive.server.runtime.StandardSecurityCheckInterceptor
22:00:25 DEBUG [io.qu.ar.pr.BeanArchives] Index: io.quarkus.vertx.http.runtime.security.AuthorizationPolicyStorage
22:00:25 DEBUG [io.qu.ar.pr.BeanArchives] Index: io.quarkus.scheduler.Scheduled
22:00:25 DEBUG [io.qu.ar.pr.BeanArchives] Index: io.quarkus.security.identity.SecurityIdentity
22:00:25 DEBUG [io.qu.ar.pr.BeanArchives] Index: io.quarkus.jackson.ObjectMapperCustomizer
22:00:25 DEBUG [io.qu.ar.pr.BeanArchives] Index: java.lang.Comparable
22:00:25 DEBUG [io.qu.ar.pr.BeanArchives] Index: org.jboss.resteasy.reactive.server.spi.ResteasyReactiveAsyncExceptionMapper
22:00:25 DEBUG [io.qu.ar.pr.BeanArchives] Index: io.quarkus.security.identity.CurrentIdentityAssociation
22:00:25 DEBUG [io.qu.ar.pr.BeanArchives] Index: org.jboss.resteasy.reactive.server.spi.ServerMessageBodyWriter
22:00:25 DEBUG [io.qu.ar.pr.BeanArchives] Index: jakarta.ws.rs.ext.MessageBodyWriter
22:00:25 DEBUG [io.qu.ar.pr.BeanArchives] Index: org.jboss.resteasy.reactive.common.types.AllWriteableMarker
22:00:25 DEBUG [io.qu.ar.pr.BeanArchives] Index: org.hibernate.exception.ConstraintViolationException
22:00:25 DEBUG [io.sm.op.ru.scanner] SROAP04000: Scanning deployment for OpenAPI Annotations.
22:00:25 DEBUG [io.qu.ar.pr.BeanArchives] Index: io.quarkus.vertx.http.runtime.security.HttpAuthenticationMechanism
22:00:25 DEBUG [io.qu.ar.pr.BeanArchives] Index: io.quarkus.security.identity.IdentityProvider
22:00:25 DEBUG [io.qu.ar.pr.BeanArchives] Index: io.quarkus.security.identity.request.CertificateAuthenticationRequest
22:00:25 DEBUG [io.qu.ar.pr.BeanArchives] Index: io.quarkus.security.spi.runtime.BlockingSecurityExecutor
22:00:25 DEBUG [io.qu.ar.pr.BeanArchives] Index: jakarta.validation.ConstraintViolationException
22:00:25 DEBUG [io.qu.ar.pr.BeanArchives] Index: jakarta.enterprise.context.control.RequestContextController
22:00:25 DEBUG [io.qu.ar.pr.BeanArchives] Index: org.hibernate.validator.spi.messageinterpolation.LocaleResolver
22:00:25 DEBUG [io.qu.ar.pr.BeanArchives] Index: io.quarkus.runtime.test.TestApplicationClassPredicate
22:00:25 DEBUG [io.qu.ar.pr.BeanArchives] Index: java.util.function.Predicate
22:00:25 DEBUG [io.qu.ar.pr.BeanArchives] Index: org.eclipse.microprofile.health.HealthCheck
22:00:25 DEBUG [io.qu.ar.pr.BeanArchives] Index: io.quarkus.arc.AsyncObserverExceptionHandler
22:00:25 DEBUG [io.qu.ar.pr.BeanArchives] Index: org.hibernate.resource.beans.container.internal.CdiBasedBeanContainer
22:00:25 DEBUG [io.qu.ar.pr.BeanArchives] Index: org.hibernate.resource.beans.container.spi.BeanContainer
22:00:25 DEBUG [io.qu.ar.pr.BeanArchives] Index: org.hibernate.service.spi.Stoppable
22:00:25 DEBUG [io.qu.ar.pr.BeanArchives] Index: io.quarkus.scheduler.Scheduled$SkipPredicate
22:00:25 DEBUG [io.qu.ar.pr.BeanArchives] Index: org.jboss.resteasy.reactive.server.spi.ServerMessageBodyReader
22:00:25 DEBUG [io.qu.ar.pr.BeanArchives] Index: jakarta.ws.rs.ext.MessageBodyReader
22:00:25 DEBUG [io.qu.ar.pr.BeanArchives] Index: jakarta.validation.ValidationException
22:00:25 DEBUG [io.qu.ar.pr.BeanArchives] Index: io.quarkus.micrometer.runtime.export.exemplars.OpenTelemetryContextUnwrapper
22:00:25 DEBUG [io.qu.ar.pr.BeanArchives] Index: org.jboss.resteasy.reactive.server.spi.ResteasyReactiveExceptionMapper
22:00:25 DEBUG [io.qu.ar.pr.BeanArchives] Index: io.quarkus.vertx.http.runtime.security.HttpSecurityPolicy
22:00:25 DEBUG [io.qu.ar.pr.BeanArchives] Index: io.quarkus.scheduler.Scheduler
22:00:25 DEBUG [io.qu.ar.pr.BeanArchives] Index: jakarta.ws.rs.core.Configuration
22:00:25 DEBUG [io.qu.ar.pr.BeanArchives] Index: org.jboss.logging.Logger
22:00:25 DEBUG [io.qu.ar.pr.BeanArchives] Index: java.io.Serializable
22:00:25 DEBUG [io.qu.ar.pr.BeanArchives] Index: org.jboss.logging.BasicLogger
22:00:25 DEBUG [io.qu.ar.pr.BeanArchives] Index: io.micrometer.core.instrument.binder.MeterBinder
22:00:25 DEBUG [io.qu.ar.pr.BeanArchives] Index: java.lang.Float
22:00:25 DEBUG [io.qu.ar.pr.BeanArchives] Index: java.lang.constant.Constable
22:00:25 DEBUG [io.qu.ar.pr.BeanArchives] Index: java.lang.constant.ConstantDesc
22:00:25 DEBUG [io.qu.ar.pr.BeanArchives] Index: java.lang.Number
22:00:25 DEBUG [io.qu.ar.pr.BeanArchives] Index: io.vertx.core.eventbus.EventBus
22:00:25 DEBUG [io.qu.ar.pr.BeanArchives] Index: io.vertx.core.metrics.Measured
22:00:25 DEBUG [io.qu.ar.pr.BeanArchives] Index: org.jboss.resteasy.reactive.server.spi.ServerRequestContext
22:00:25 DEBUG [io.qu.ar.pr.BeanArchives] Index: org.jboss.resteasy.reactive.common.core.ResteasyReactiveCallbackContext
22:00:25 DEBUG [io.qu.ar.pr.BeanArchives] Index: io.vertx.core.http.HttpServerRequest
22:00:25 DEBUG [io.qu.ar.pr.BeanArchives] Index: io.vertx.core.streams.ReadStream
22:00:25 DEBUG [io.qu.ar.pr.BeanArchives] Index: io.vertx.core.streams.StreamBase
22:00:25 DEBUG [io.qu.ar.pr.BeanArchives] Index: io.vertx.core.buffer.Buffer
22:00:25 DEBUG [io.qu.ar.pr.BeanArchives] Index: io.smallrye.config.SmallRyeConfig
22:00:25 DEBUG [io.qu.ar.pr.BeanArchives] Index: org.eclipse.microprofile.config.Config
22:00:25 DEBUG [io.qu.ar.pr.BeanArchives] Index: io.micrometer.prometheus.PrometheusConfig
22:00:25 DEBUG [io.qu.ar.pr.BeanArchives] Index: io.micrometer.core.instrument.config.MeterRegistryConfig
22:00:25 DEBUG [io.qu.ar.pr.BeanArchives] Index: io.smallrye.health.api.HealthRegistry
22:00:25 DEBUG [io.qu.ar.pr.BeanArchives] Index: java.util.Optional
22:00:25 DEBUG [io.qu.ar.pr.BeanArchives] Index: io.prometheus.client.exemplars.ExemplarSampler
22:00:25 DEBUG [io.qu.ar.pr.BeanArchives] Index: io.micrometer.core.instrument.config.MeterFilter
22:00:25 DEBUG [io.qu.ar.pr.BeanArchives] Index: io.quarkus.security.identity.IdentityProviderManager
22:00:25 DEBUG [io.qu.ar.pr.BeanArchives] Index: io.quarkus.resteasy.reactive.server.runtime.CloserImpl
22:00:25 DEBUG [io.qu.ar.pr.BeanArchives] Index: io.quarkus.resteasy.reactive.server.Closer
22:00:25 DEBUG [io.qu.ar.pr.BeanArchives] Index: io.micrometer.prometheus.PrometheusNamingConvention
22:00:25 DEBUG [io.qu.ar.pr.BeanArchives] Index: io.micrometer.core.instrument.config.NamingConvention
22:00:25 DEBUG [io.qu.ar.pr.BeanArchives] Index: java.lang.Double
22:00:25 DEBUG [io.qu.ar.pr.BeanArchives] Index: java.lang.Boolean
22:00:25 DEBUG [io.qu.ar.pr.BeanArchives] Index: jakarta.ws.rs.core.Application
22:00:25 DEBUG [io.qu.ar.pr.BeanArchives] Index: jakarta.ws.rs.container.ResourceContext
22:00:25 DEBUG [io.qu.ar.pr.BeanArchives] Index: org.eclipse.microprofile.context.ThreadContext
22:00:25 DEBUG [io.sm.op.ru.util] SROAP08500: Fall back to reflection: class space.maatini.eventsourcing.dto.CloudEventDTO instanceof interface java.lang.Iterable
22:00:25 DEBUG [io.sm.op.ru.util] SROAP08500: Fall back to reflection: class space.maatini.eventsourcing.dto.CloudEventDTO instanceof interface java.util.Map
22:00:25 DEBUG [io.sm.op.ru.util] SROAP08500: Fall back to reflection: class space.maatini.eventsourcing.dto.CloudEventDTO instanceof interface java.util.stream.BaseStream
22:00:25 DEBUG [io.sm.op.ru.scanner] SROAP04001: Starting processing with root: space.maatini.eventsourcing.dto.CloudEventDTO
22:00:25 DEBUG [io.sm.op.ru.util] SROAP08500: Fall back to reflection: class space.maatini.eventsourcing.dto.CloudEventDTO instanceof class java.lang.Enum
22:00:25 DEBUG [io.qu.ar.pr.BeanArchives] Index: jakarta.ws.rs.ext.Providers
22:00:25 DEBUG [io.qu.ar.pr.BeanArchives] Index: io.vertx.core.http.HttpServerResponse
22:00:25 DEBUG [io.qu.ar.pr.BeanArchives] Index: io.vertx.core.streams.WriteStream
22:00:25 DEBUG [io.qu.ar.pr.BeanArchives] Index: org.eclipse.microprofile.openapi.annotations.media.Schema
22:00:25 DEBUG [io.qu.ar.pr.BeanArchives] Index: jakarta.ws.rs.sse.Sse
22:00:25 DEBUG [io.qu.ar.pr.BeanArchives] Index: java.util.Set
22:00:25 DEBUG [io.qu.ar.pr.BeanArchives] Index: java.util.Collection
22:00:25 DEBUG [io.qu.ar.pr.BeanArchives] Index: java.lang.Iterable
22:00:25 DEBUG [io.qu.ar.pr.BeanArchives] Index: io.smallrye.config.ConfigValue
22:00:25 DEBUG [io.qu.ar.pr.BeanArchives] Index: org.eclipse.microprofile.config.ConfigValue
22:00:25 DEBUG [io.qu.ar.pr.BeanArchives] Index: jakarta.ws.rs.core.HttpHeaders
22:00:25 DEBUG [io.qu.ar.pr.BeanArchives] Index: io.quarkus.runtime.LaunchMode
22:00:25 DEBUG [io.qu.ar.pr.BeanArchives] Index: java.lang.Enum
22:00:25 DEBUG [io.qu.ar.pr.BeanArchives] Index: com.fasterxml.jackson.databind.ObjectMapper
22:00:25 DEBUG [io.sm.op.ru.scanner] SROAP04002: Getting all fields for: space.maatini.eventsourcing.dto.CloudEventDTO in class: space.maatini.eventsourcing.dto.CloudEventDTO
22:00:25 DEBUG [io.qu.ar.pr.BeanArchives] Index: com.fasterxml.jackson.core.Versioned
22:00:25 DEBUG [io.qu.ar.pr.BeanArchives] Index: com.fasterxml.jackson.core.ObjectCodec
22:00:25 DEBUG [io.qu.ar.pr.BeanArchives] Index: com.fasterxml.jackson.core.TreeCodec
22:00:25 DEBUG [io.qu.ar.pr.BeanArchives] Index: io.vertx.mutiny.core.Vertx
22:00:25 DEBUG [io.qu.ar.pr.BeanArchives] Index: io.smallrye.mutiny.vertx.MutinyDelegate
22:00:25 DEBUG [io.qu.ar.pr.BeanArchives] Index: io.vertx.mutiny.core.metrics.Measured
22:00:25 DEBUG [io.qu.ar.pr.BeanArchives] Index: jakarta.ws.rs.container.ResourceInfo
22:00:25 DEBUG [io.qu.ar.pr.BeanArchives] Index: io.prometheus.client.CollectorRegistry
22:00:25 DEBUG [io.qu.ar.pr.BeanArchives] Index: io.micrometer.core.instrument.Clock
22:00:25 DEBUG [io.qu.ar.pr.BeanArchives] Index: org.jboss.resteasy.reactive.server.SimpleResourceInfo
22:00:25 DEBUG [io.qu.ar.pr.BeanArchives] Index: java.lang.Byte
22:00:25 DEBUG [io.qu.ar.pr.BeanArchives] Index: java.util.OptionalInt
22:00:25 DEBUG [io.qu.ar.pr.BeanArchives] Index: java.util.List
22:00:25 DEBUG [io.sm.op.ru.sc.dataobject] SROAP06000: Processing @Schema annotation @Schema(description = "Unique event identifier",example = "550e8400-e29b-41d4-a716-446655440000") on a field id
22:00:25 DEBUG [io.qu.ar.pr.BeanArchives] Index: java.util.Map
22:00:25 DEBUG [io.qu.ar.pr.BeanArchives] Index: jakarta.ws.rs.core.SecurityContext
22:00:25 DEBUG [io.qu.ar.pr.BeanArchives] Index: jakarta.ws.rs.container.ContainerRequestContext
22:00:25 DEBUG [io.qu.ar.pr.BeanArchives] Index: java.util.OptionalDouble
22:00:25 DEBUG [io.sm.op.ru.sc.dataobject] SROAP06000: Processing @Schema annotation @Schema(description = "Event source URI",example = "/vertreter-service") on a field source
22:00:25 DEBUG [io.qu.ar.pr.BeanArchives] Index: io.micrometer.prometheus.PrometheusMeterRegistry
22:00:25 DEBUG [io.sm.op.ru.sc.dataobject] SROAP06000: Processing @Schema annotation @Schema(defaultValue = "1.0",description = "CloudEvents specification version") on a field specversion
22:00:25 DEBUG [io.qu.ar.pr.BeanArchives] Index: io.micrometer.core.instrument.MeterRegistry
22:00:25 DEBUG [io.sm.op.ru.sc.dataobject] SROAP06000: Processing @Schema annotation @Schema(description = "Event type",example = "space.maatini.vertreter.updated") on a field type
22:00:25 DEBUG [io.sm.op.ru.sc.dataobject] SROAP06000: Processing @Schema annotation @Schema(description = "Subject/aggregate ID",example = "v001") on a field subject
22:00:25 DEBUG [io.qu.ar.pr.BeanArchives] Index: jdk.internal.ValueBased
22:00:25 DEBUG [io.qu.ar.pr.BeanArchives] Index: java.util.function.Supplier
22:00:25 DEBUG [io.sm.op.ru.util] SROAP08501: Search annotation org.eclipse.microprofile.openapi.annotations.media.Schema for jdk.internal.ValueBased
22:00:25 DEBUG [io.sm.op.ru.sc.dataobject] SROAP06000: Processing @Schema annotation @Schema(description = "Event timestamp") on a field time
22:00:25 DEBUG [io.qu.ar.pr.BeanArchives] Index: java.security.Principal
22:00:25 DEBUG [io.sm.op.ru.sc.dataobject] SROAP06000: Processing @Schema annotation @Schema(defaultValue = "application/json",description = "Content type of data") on a field datacontenttype
22:00:25 DEBUG [io.qu.ar.pr.BeanArchives] Index: io.micrometer.prometheus.PrometheusDurationNamingConvention
22:00:25 DEBUG [io.sm.op.ru.sc.dataobject] SROAP06000: Processing @Schema annotation @Schema(description = "Data schema URI") on a field dataschema
22:00:25 DEBUG [io.qu.ar.pr.BeanArchives] Index: io.vertx.mutiny.core.eventbus.EventBus
22:00:25 DEBUG [io.sm.op.ru.sc.dataobject] SROAP06000: Processing @Schema annotation @Schema(defaultValue = "1",description = "Version of the data schema") on a field dataVersion
22:00:25 DEBUG [io.sm.op.ru.sc.dataobject] SROAP06000: Processing @Schema annotation @Schema(description = "Version of the aggregate for this event",example = "1") on a field aggregateVersion
22:00:25 DEBUG [io.sm.op.ru.sc.dataobject] SROAP06008: Processing parameterized type java.util.@NotNull(message = "Event data is required") Map<java.lang.String, java.lang.Object>
22:00:25 DEBUG [io.sm.op.ru.sc.dataobject] SROAP06009: Processing Map. Will treat as an object.
22:00:25 DEBUG [io.sm.op.ru.sc.dataobject] SROAP06000: Processing @Schema annotation @Schema(description = "Event payload",example = "{"id": "v001", "name": "Max Mustermann", "email": "max@example.com"}") on a field data
22:00:25 DEBUG [io.qu.ar.pr.BeanArchives] Index: java.lang.Character
22:00:25 DEBUG [io.qu.ar.pr.BeanArchives] Index: io.vertx.ext.web.RoutingContext
22:00:25 DEBUG [io.qu.ar.pr.BeanArchives] Index: jakarta.ws.rs.core.UriInfo
22:00:25 DEBUG [io.qu.ar.pr.BeanArchives] Index: java.util.OptionalLong
22:00:25 DEBUG [io.qu.ar.pr.BeanArchives] Index: jakarta.ws.rs.core.Request
22:00:25 DEBUG [io.qu.ar.pr.BeanArchives] Index: java.lang.Short
22:00:25 DEBUG [io.qu.ar.pr.BeanArchives] Index: java.lang.CharSequence
22:00:25 DEBUG [io.sm.op.ru.util] SROAP08500: Fall back to reflection: class space.maatini.eventsourcing.dto.ErrorResponse instanceof interface java.lang.Iterable
22:00:25 DEBUG [io.sm.op.ru.util] SROAP08500: Fall back to reflection: class space.maatini.eventsourcing.dto.ErrorResponse instanceof interface java.util.Map
22:00:25 DEBUG [io.sm.op.ru.util] SROAP08500: Fall back to reflection: class space.maatini.eventsourcing.dto.ErrorResponse instanceof interface java.util.stream.BaseStream
22:00:25 DEBUG [io.sm.op.ru.scanner] SROAP04001: Starting processing with root: space.maatini.eventsourcing.dto.ErrorResponse
22:00:25 DEBUG [io.sm.op.ru.util] SROAP08500: Fall back to reflection: class space.maatini.eventsourcing.dto.ErrorResponse instanceof class java.lang.Enum
22:00:25 DEBUG [io.sm.op.ru.scanner] SROAP04002: Getting all fields for: space.maatini.eventsourcing.dto.ErrorResponse in class: space.maatini.eventsourcing.dto.ErrorResponse
22:00:25 DEBUG [io.qu.ar.pr.BeanDeployment] Found 159 beans, skipped 139 classes
22:00:25 DEBUG [io.sm.op.ru.sc.dataobject] SROAP06000: Processing @Schema annotation @Schema(description = "Error category") on a field error
22:00:25 DEBUG [io.qu.ar.pr.BeanArchives] Index: io.quarkus.arc.runtime.AdditionalBean
22:00:25 DEBUG [io.sm.op.ru.sc.dataobject] SROAP06000: Processing @Schema annotation @Schema(description = "Detailed error message") on a field message
22:00:25 DEBUG [io.sm.op.ru.scanner] SROAP04000: Scanning deployment for JAX-RS Annotations.
22:00:25 DEBUG [io.sm.op.ru.io] SROAP02004: Processing a single @Tag annotation.
22:00:25 DEBUG [io.qu.ar.pr.BeanArchives] Index: org.eclipse.microprofile.openapi.annotations.tags.Tag
22:00:25 DEBUG [io.sm.op.jaxrs] SROAP10000: Processing a JAX-RS resource class: AdminResource
22:00:25 DEBUG [io.qu.sc.de.SchedulerProcessor] Found scheduled business method void processOutboxEvents() declared on CLASS bean [types=[java.lang.Object, space.maatini.eventsourcing.service.OutboxScheduler], qualifiers=[@Any, @Default], target=space.maatini.eventsourcing.service.OutboxScheduler]
22:00:25 DEBUG [io.qu.sc.de.SchedulerProcessor] Found scheduled business method io.smallrye.mutiny.Uni<java.lang.Void> updateLagMonitor() declared on CLASS bean [types=[java.lang.Object, space.maatini.eventsourcing.service.ProjectionMetrics], qualifiers=[@Any, @Default], target=space.maatini.eventsourcing.service.ProjectionMetrics]
22:00:25 DEBUG [io.sm.op.ru.util] SROAP08501: Search annotation org.eclipse.microprofile.openapi.annotations.responses.APIResponse for org.jboss.resteasy.reactive.server.ServerExceptionMapper
22:00:25 DEBUG [io.sm.op.ru.util] SROAP08501: Search annotation org.eclipse.microprofile.openapi.annotations.responses.APIResponses for org.jboss.resteasy.reactive.server.ServerExceptionMapper
22:00:25 DEBUG [io.sm.op.jaxrs] SROAP10001: Processing JaxRs method: io.smallrye.mutiny.Uni<jakarta.ws.rs.core.Response> triggerProjection()
22:00:25 DEBUG [io.qu.de.st.NativeImageConfigBuildStep] Native SSL support enabled due to extensions [reactive-pg-client] requiring it
22:00:25 DEBUG [io.sm.op.ru.io] SROAP02004: Processing a single @Operation annotation.
22:00:25 DEBUG [io.qu.ar.pr.BeanArchives] Index: org.eclipse.microprofile.openapi.annotations.Operation
22:00:26 DEBUG [io.sm.op.jaxrs] SROAP10001: Processing JaxRs method: io.smallrye.mutiny.Uni<jakarta.ws.rs.core.Response> replayAll(java.util.UUID fromEventId)
22:00:26 DEBUG [io.sm.op.ru.io] SROAP02004: Processing a single @Operation annotation.
22:00:26 DEBUG [io.sm.op.ru.io] SROAP02004: Processing a single @Tag annotation.
22:00:26 DEBUG [io.sm.op.jaxrs] SROAP10000: Processing a JAX-RS resource class: EventResource
22:00:26 DEBUG [io.sm.op.ru.util] SROAP08501: Search annotation org.eclipse.microprofile.openapi.annotations.responses.APIResponse for org.jboss.resteasy.reactive.server.ServerExceptionMapper
22:00:26 DEBUG [io.sm.op.ru.util] SROAP08501: Search annotation org.eclipse.microprofile.openapi.annotations.responses.APIResponses for org.jboss.resteasy.reactive.server.ServerExceptionMapper
22:00:26 DEBUG [io.sm.op.jaxrs] SROAP10001: Processing JaxRs method: io.smallrye.mutiny.Uni<jakarta.ws.rs.core.Response> getEventsByType(java.lang.String type)
22:00:26 DEBUG [io.sm.op.ru.io] SROAP02004: Processing a single @Operation annotation.
22:00:26 DEBUG [io.sm.op.jaxrs] SROAP10001: Processing JaxRs method: io.smallrye.mutiny.Uni<jakarta.ws.rs.core.Response> getEventsBySubject(java.lang.String subject)
22:00:26 DEBUG [io.sm.op.ru.io] SROAP02004: Processing a single @Operation annotation.
22:00:26 DEBUG [io.sm.op.jaxrs] SROAP10001: Processing JaxRs method: io.smallrye.mutiny.Uni<jakarta.ws.rs.core.Response> getEvent(java.util.UUID id)
22:00:26 DEBUG [io.qu.ar.pr.BeanArchives] Index: io.quarkus.security.runtime.interceptor.SecurityConstrainer
22:00:26 DEBUG [io.sm.op.ru.io] SROAP02004: Processing a single @Operation annotation.
22:00:26 DEBUG [io.qu.ar.pr.BeanArchives] Index: org.eclipse.microprofile.openapi.annotations.responses.APIResponses
22:00:26 DEBUG [io.qu.ar.pr.BeanArchives] Index: io.quarkus.hibernate.orm.runtime.JPAConfig
22:00:26 DEBUG [io.sm.op.ru.io] SROAP02000: Processing a map of @org.eclipse.microprofile.openapi.annotations.responses.APIResponse annotations.
22:00:26 DEBUG [io.qu.ar.pr.BeanArchives] Index: io.quarkus.jackson.runtime.JacksonSupport
22:00:26 DEBUG [io.qu.ar.pr.BeanArchives] Index: io.quarkus.registry.ValueRegistry
22:00:26 DEBUG [io.qu.ar.pr.BeanArchives] Index: io.quarkus.security.spi.runtime.SecurityCheckStorage
22:00:26 DEBUG [io.qu.ar.pr.BeanArchives] Index: org.eclipse.microprofile.openapi.annotations.responses.APIResponse
22:00:26 DEBUG [io.qu.ar.pr.BeanArchives] Index: org.hibernate.validator.HibernateValidatorFactory
22:00:26 DEBUG [io.sm.op.ru.io] SROAP02004: Processing a single @APIResponse annotation.
22:00:26 DEBUG [io.qu.ar.pr.BeanArchives] Index: java.util.concurrent.ExecutorService
22:00:26 DEBUG [io.qu.ar.pr.BeanArchives] Index: jakarta.validation.Validator
22:00:26 DEBUG [io.qu.ar.pr.BeanArchives] Index: io.quarkus.vertx.http.runtime.security.BasicAuthenticationMechanism
22:00:26 DEBUG [io.sm.op.ru.io] SROAP02004: Processing a single @APIResponse annotation.
22:00:26 DEBUG [io.qu.ar.pr.BeanArchives] Index: io.quarkus.datasource.runtime.DataSourceSupport
22:00:26 DEBUG [io.sm.op.jaxrs] SROAP10001: Processing JaxRs method: io.smallrye.mutiny.Uni<jakarta.ws.rs.core.Response> createEvent(space.maatini.eventsourcing.dto.@Valid CloudEventDTO event)
22:00:26 DEBUG [io.qu.ar.pr.BeanArchives] Index: io.quarkus.vertx.http.HttpServer
22:00:26 DEBUG [io.qu.ar.pr.BeanArchives] Index: io.quarkus.micrometer.runtime.binder.HttpBinderConfiguration
22:00:26 DEBUG [io.sm.op.ru.io] SROAP02004: Processing a single @Operation annotation.
22:00:26 DEBUG [io.sm.op.ru.io] SROAP02004: Processing a single @RequestBody annotation.
22:00:26 DEBUG [io.qu.ar.pr.BeanArchives] Index: org.eclipse.microprofile.openapi.annotations.parameters.RequestBody
22:00:26 DEBUG [io.qu.ar.pr.BeanArchives] Index: java.util.concurrent.ScheduledExecutorService
22:00:26 DEBUG [io.sm.op.ru.io] SROAP02004: Processing a single @Content annotation.
22:00:26 DEBUG [io.sm.op.ru.io] SROAP02006: Processing a single @Content annotation as a MediaType.
22:00:26 DEBUG [io.qu.ar.pr.BeanArchives] Index: io.vertx.core.Vertx
22:00:26 DEBUG [io.sm.op.ru.io] SROAP02000: Processing a map of @org.eclipse.microprofile.openapi.annotations.responses.APIResponse annotations.
22:00:26 DEBUG [io.sm.op.ru.io] SROAP02004: Processing a single @APIResponse annotation.
22:00:26 DEBUG [io.sm.op.ru.io] SROAP02004: Processing a single @APIResponse annotation.
22:00:26 DEBUG [io.sm.op.ru.io] SROAP02004: Processing a single @APIResponse annotation.
22:00:26 DEBUG [io.sm.op.ru.io] SROAP02004: Processing a single @Tag annotation.
22:00:26 DEBUG [io.sm.op.jaxrs] SROAP10000: Processing a JAX-RS resource class: GenericAggregateResource
22:00:26 DEBUG [io.sm.op.ru.util] SROAP08501: Search annotation org.eclipse.microprofile.openapi.annotations.responses.APIResponse for org.jboss.resteasy.reactive.server.ServerExceptionMapper
22:00:26 DEBUG [io.sm.op.ru.util] SROAP08501: Search annotation org.eclipse.microprofile.openapi.annotations.responses.APIResponses for org.jboss.resteasy.reactive.server.ServerExceptionMapper
22:00:26 DEBUG [io.sm.op.jaxrs] SROAP10001: Processing JaxRs method: io.smallrye.mutiny.Uni<jakarta.ws.rs.core.Response> list(java.lang.String type)
22:00:26 DEBUG [io.qu.ar.pr.BeanArchives] Index: io.vertx.ext.web.Router
22:00:26 DEBUG [io.sm.op.jaxrs] SROAP10001: Processing JaxRs method: io.smallrye.mutiny.Uni<jakarta.ws.rs.core.Response> get(java.lang.String type, java.lang.String id)
22:00:26 DEBUG [io.qu.ar.pr.BeanArchives] Index: io.vertx.mutiny.ext.web.Router
22:00:26 DEBUG [io.qu.ar.pr.BeanArchives] Index: io.netty.channel.EventLoopGroup
22:00:26 DEBUG [io.sm.op.jaxrs] SROAP10000: Processing a JAX-RS resource class: TestSupportResource
22:00:26 DEBUG [io.qu.ar.pr.BeanArchives] Index: org.hibernate.reactive.mutiny.Mutiny$SessionFactory
22:00:26 DEBUG [io.sm.op.ru.util] SROAP08501: Search annotation org.eclipse.microprofile.openapi.annotations.responses.APIResponse for org.jboss.resteasy.reactive.server.ServerExceptionMapper
22:00:26 DEBUG [io.sm.op.ru.util] SROAP08501: Search annotation org.eclipse.microprofile.openapi.annotations.responses.APIResponses for org.jboss.resteasy.reactive.server.ServerExceptionMapper
22:00:26 DEBUG [io.sm.op.jaxrs] SROAP10001: Processing JaxRs method: io.smallrye.mutiny.Uni<jakarta.ws.rs.core.Response> wipeDatabase()
22:00:26 DEBUG [io.qu.ar.pr.BeanArchives] Index: io.quarkus.tls.TlsConfigurationRegistry
22:00:26 DEBUG [io.qu.ar.pr.BeanArchives] Index: io.vertx.pgclient.PgPool
22:00:26 DEBUG [io.qu.ar.pr.BeanArchives] Index: io.vertx.mutiny.pgclient.PgPool
22:00:26 DEBUG [io.qu.ar.pr.BeanArchives] Index: io.vertx.mutiny.sqlclient.Pool
22:00:26 DEBUG [io.qu.ar.pr.BeanArchives] Index: io.vertx.mutiny.sqlclient.SqlClient
22:00:26 DEBUG [io.qu.ar.pr.BeanArchives] Index: io.quarkus.reactive.pg.client.runtime.PgPoolSupport
22:00:26 DEBUG [io.sm.op.api] SROAP00500: Adding model from annotation...
22:00:26 DEBUG [io.sm.op.api] SROAP00501: Adding model callbacks from annotation: <no>
22:00:26 DEBUG [io.qu.ar.pr.BeanArchives] Index: io.quarkus.scheduler.common.runtime.SchedulerContext
22:00:26 DEBUG [io.sm.op.api] SROAP00501: Adding model examples from annotation: <no>
22:00:26 DEBUG [io.sm.op.api] SROAP00501: Adding model headers from annotation: <no>
22:00:26 DEBUG [io.sm.op.api] SROAP00501: Adding model links from annotation: <no>
22:00:26 DEBUG [io.sm.op.api] SROAP00501: Adding model parameters from annotation: <no>
22:00:26 DEBUG [io.sm.op.api] SROAP00501: Adding model request bodies from annotation: <no>
22:00:26 DEBUG [io.sm.op.api] SROAP00501: Adding model responses from annotation: <no>
22:00:26 DEBUG [io.qu.ar.pr.BeanArchives] Index: io.quarkus.runtime.ApplicationConfig
22:00:26 DEBUG [io.sm.op.api] SROAP00501: Adding model schemas from annotation: 4
22:00:26 DEBUG [io.sm.op.api] SROAP00501: Adding model security schemes from annotation: <no>
22:00:26 DEBUG [io.sm.op.api] SROAP00501: Adding model servers from annotation: <no>
22:00:26 DEBUG [io.sm.op.api] SROAP00501: Adding model path items from annotation: 9
22:00:26 DEBUG [io.sm.op.api] SROAP00501: Adding model security from annotation: <no>
22:00:26 DEBUG [io.sm.op.api] SROAP00501: Adding model tags from annotation: 3
22:00:26 DEBUG [io.sm.op.api] SROAP00501: Adding model extensions from annotation: <no>
22:00:26 DEBUG [io.qu.ar.pr.BeanArchives] Index: io.quarkus.runtime.BuildAnalyticsConfig
22:00:26 DEBUG [io.qu.ar.pr.BeanArchives] Index: io.quarkus.runtime.LiveReloadConfig
22:00:26 DEBUG [io.qu.ar.pr.BeanArchives] Index: io.quarkus.runtime.LocalesBuildTimeConfig
22:00:26 DEBUG [io.qu.ar.pr.BeanArchives] Index: io.quarkus.runtime.logging.LogBuildTimeConfig
22:00:26 DEBUG [io.qu.ar.pr.BeanArchives] Index: io.quarkus.resteasy.reactive.common.runtime.ResteasyReactiveConfig
22:00:26 DEBUG [io.qu.ar.pr.BeanArchives] Index: io.quarkus.jackson.runtime.JacksonBuildTimeConfig
22:00:26 DEBUG [io.qu.ar.pr.BeanArchives] Index: io.quarkus.reactive.datasource.runtime.DataSourcesReactiveBuildTimeConfig
22:00:26 DEBUG [io.qu.ar.pr.BeanArchives] Index: io.quarkus.datasource.runtime.DataSourcesBuildTimeConfig
22:00:26 DEBUG [io.qu.ar.pr.BeanArchives] Index: io.quarkus.hibernate.validator.runtime.HibernateValidatorBuildTimeConfig
22:00:26 DEBUG [io.qu.ar.pr.BeanArchives] Index: io.quarkus.smallrye.health.runtime.SmallRyeHealthBuildFixedConfig
22:00:26 DEBUG [io.qu.ar.pr.BeanArchives] Index: io.quarkus.vertx.http.runtime.VertxHttpBuildTimeConfig
22:00:26 DEBUG [io.qu.ar.pr.BeanArchives] Index: io.quarkus.vertx.http.runtime.management.ManagementInterfaceBuildTimeConfig
22:00:26 DEBUG [io.qu.ar.pr.BeanArchives] Index: io.quarkus.micrometer.runtime.config.MicrometerConfig
22:00:26 DEBUG [io.qu.ar.pr.BeanArchives] Index: io.quarkus.scheduler.runtime.SchedulerConfig
22:00:26 DEBUG [io.qu.ar.pr.BeanArchives] Index: io.quarkus.virtual.threads.VirtualThreadsConfig
22:00:26 DEBUG [io.qu.ar.pr.BeanArchives] Index: io.quarkus.jacoco.runtime.JacocoConfig
22:00:26 DEBUG [io.qu.ar.pr.BeanArchives] Index: io.quarkus.runtime.BannerRuntimeConfig
22:00:26 DEBUG [io.qu.ar.pr.BeanArchives] Index: io.quarkus.runtime.BuilderConfig
22:00:26 DEBUG [io.qu.ar.pr.BeanArchives] Index: io.quarkus.runtime.CommandLineRuntimeConfig
22:00:26 DEBUG [io.qu.ar.pr.BeanArchives] Index: io.quarkus.runtime.ConfigConfig
22:00:26 DEBUG [io.qu.ar.pr.BeanArchives] Index: io.quarkus.runtime.DebugRuntimeConfig
22:00:26 DEBUG [io.qu.ar.pr.BeanArchives] Index: io.quarkus.runtime.LaunchConfig
22:00:26 DEBUG [io.qu.ar.pr.BeanArchives] Index: io.quarkus.runtime.ThreadPoolConfig
22:00:26 DEBUG [io.qu.ar.pr.BeanArchives] Index: io.quarkus.runtime.console.ConsoleRuntimeConfig
22:00:26 DEBUG [io.qu.ar.pr.BeanArchives] Index: io.quarkus.runtime.init.InitRuntimeConfig
22:00:26 DEBUG [io.qu.ar.pr.BeanArchives] Index: io.quarkus.runtime.logging.LogRuntimeConfig
22:00:26 DEBUG [io.qu.ar.pr.BeanArchives] Index: io.quarkus.runtime.shutdown.ShutdownConfig
22:00:26 DEBUG [io.qu.ar.pr.BeanArchives] Index: io.quarkus.resteasy.reactive.server.runtime.ResteasyReactiveServerRuntimeConfig
22:00:26 DEBUG [io.qu.ar.pr.BeanArchives] Index: io.quarkus.hibernate.orm.runtime.HibernateOrmRuntimeConfig
22:00:26 DEBUG [io.qu.ar.pr.BeanArchives] Index: io.quarkus.reactive.pg.client.runtime.DataSourcesReactivePostgreSQLConfig
22:00:26 DEBUG [io.qu.ar.pr.BeanArchives] Index: io.quarkus.reactive.datasource.runtime.DataSourcesReactiveRuntimeConfig
22:00:26 DEBUG [io.qu.ar.pr.BeanArchives] Index: io.quarkus.datasource.runtime.DataSourcesRuntimeConfig
22:00:26 DEBUG [io.qu.ar.pr.BeanArchives] Index: io.quarkus.vertx.core.runtime.config.VertxConfiguration
22:00:26 DEBUG [io.qu.ar.pr.BeanArchives] Index: io.quarkus.smallrye.health.runtime.SmallRyeHealthRuntimeConfig
22:00:26 DEBUG [io.qu.ar.pr.BeanArchives] Index: io.quarkus.vertx.http.runtime.DefaultAuthConfig
22:00:26 DEBUG [io.qu.ar.pr.BeanArchives] Index: io.quarkus.vertx.http.runtime.VertxHttpConfig
22:00:26 DEBUG [io.qu.ar.pr.BeanArchives] Index: io.quarkus.vertx.http.runtime.management.ManagementConfig
22:00:26 DEBUG [io.qu.ar.pr.BeanArchives] Index: io.quarkus.tls.runtime.config.TlsConfig
22:00:26 DEBUG [io.qu.ar.pr.BeanArchives] Index: io.quarkus.smallrye.openapi.runtime.OpenApiRuntimeConfig
22:00:26 DEBUG [io.qu.ar.pr.BeanArchives] Index: io.quarkus.swaggerui.runtime.SwaggerUiRuntimeConfig
22:00:26 DEBUG [io.qu.ar.pr.BeanArchives] Index: io.quarkus.micrometer.runtime.config.runtime.HttpClientConfig
22:00:26 DEBUG [io.qu.ar.pr.BeanArchives] Index: io.quarkus.micrometer.runtime.config.runtime.HttpServerConfig
22:00:26 DEBUG [io.qu.ar.pr.BeanArchives] Index: io.quarkus.micrometer.runtime.config.runtime.PrometheusRuntimeConfig
22:00:26 DEBUG [io.qu.ar.pr.BeanArchives] Index: io.quarkus.micrometer.runtime.config.runtime.VertxConfig
22:00:26 DEBUG [io.qu.ar.pr.BeanArchives] Index: io.quarkus.scheduler.runtime.SchedulerRuntimeConfig
22:00:26 DEBUG [io.qu.ar.pr.BeanArchives] Index: io.quarkus.security.runtime.SecurityConfig
22:00:26 DEBUG [io.qu.ar.pr.BeanArchives] Index: java.lang.Class
22:00:26 DEBUG [io.qu.ar.pr.BeanArchives] Index: jakarta.enterprise.inject.spi.InjectionPoint
22:00:26 DEBUG [io.qu.ar.pr.UnusedBeans] Unremovable - excluded by BeanClassNameExclusion [className=io.quarkus.micrometer.runtime.export.PrometheusMeterRegistryProducer]: CLASS bean [types=[io.quarkus.micrometer.runtime.export.PrometheusMeterRegistryProducer, java.lang.Object], qualifiers=[@Any, @Default], target=io.quarkus.micrometer.runtime.export.PrometheusMeterRegistryProducer]
22:00:26 DEBUG [io.qu.ar.pr.UnusedBeans] Unremovable - excluded by BeanClassNameExclusion [className=io.quarkus.security.runtime.IdentityProviderManagerCreator]: CLASS bean [types=[io.quarkus.security.runtime.IdentityProviderManagerCreator, java.lang.Object], qualifiers=[@Any, @Default], target=io.quarkus.security.runtime.IdentityProviderManagerCreator]
22:00:26 DEBUG [io.qu.ar.pr.UnusedBeans] Unremovable - excluded by BeanClassNameExclusion [className=io.quarkus.security.runtime.SecurityIdentityProxy]: CLASS bean [types=[io.quarkus.security.identity.SecurityIdentity, io.quarkus.security.runtime.SecurityIdentityProxy, java.lang.Object], qualifiers=[@Any, @Default], target=io.quarkus.security.runtime.SecurityIdentityProxy]
22:00:26 DEBUG [io.qu.ar.pr.UnusedBeans] Unremovable - excluded by BeanClassNameExclusion [className=io.quarkus.jackson.runtime.VertxHybridPoolObjectMapperCustomizer]: CLASS bean [types=[io.quarkus.jackson.ObjectMapperCustomizer, io.quarkus.jackson.runtime.VertxHybridPoolObjectMapperCustomizer, java.lang.Comparable<io.quarkus.jackson.ObjectMapperCustomizer>, java.lang.Object], qualifiers=[@Any, @Default], target=io.quarkus.jackson.runtime.VertxHybridPoolObjectMapperCustomizer]
22:00:26 DEBUG [io.qu.ar.pr.UnusedBeans] Unremovable - excluded by BeanClassAnnotationExclusion [nameStartsWith=null, name=jakarta.ws.rs.Path]: CLASS bean [types=[java.lang.Object, space.maatini.eventsourcing.resource.EventResource], qualifiers=[@Any, @Default], target=space.maatini.eventsourcing.resource.EventResource]
22:00:26 DEBUG [io.qu.ar.pr.UnusedBeans] Unremovable - excluded by BeanClassNameExclusion [className=io.quarkus.resteasy.reactive.server.runtime.exceptionmappers.AuthenticationFailedExceptionMapper]: CLASS bean [types=[io.quarkus.resteasy.reactive.server.runtime.exceptionmappers.AuthenticationFailedExceptionMapper, java.lang.Object], qualifiers=[@Any, @Default], target=io.quarkus.resteasy.reactive.server.runtime.exceptionmappers.AuthenticationFailedExceptionMapper]
22:00:26 DEBUG [io.qu.ar.pr.UnusedBeans] Unremovable - excluded by BeanClassNameExclusion [className=io.quarkus.micrometer.runtime.binder.HttpMeterFilterProvider]: CLASS bean [types=[io.quarkus.micrometer.runtime.binder.HttpMeterFilterProvider, java.lang.Object], qualifiers=[@Any, @Default], target=io.quarkus.micrometer.runtime.binder.HttpMeterFilterProvider]
22:00:26 DEBUG [io.qu.ar.pr.UnusedBeans] Unremovable - injected: CLASS bean [types=[java.lang.Object, space.maatini.eventsourcing.service.EventService], qualifiers=[@Any, @Default], target=space.maatini.eventsourcing.service.EventService]
22:00:26 DEBUG [io.qu.ar.pr.UnusedBeans] Unremovable - excluded by BeanClassNameExclusion [className=io.quarkus.vertx.runtime.VertxProducer]: CLASS bean [types=[io.quarkus.vertx.runtime.VertxProducer, java.lang.Object], qualifiers=[@Any, @Default], target=io.quarkus.vertx.runtime.VertxProducer]
22:00:26 DEBUG [io.qu.ar.pr.UnusedBeans] Unremovable - excluded by BeanClassNameExclusion [className=io.quarkus.smallrye.context.runtime.SmallRyeContextPropagationProvider]: CLASS bean [types=[io.quarkus.smallrye.context.runtime.SmallRyeContextPropagationProvider, java.lang.Object], qualifiers=[@Any, @Default], target=io.quarkus.smallrye.context.runtime.SmallRyeContextPropagationProvider]
22:00:26 DEBUG [io.qu.ar.pr.UnusedBeans] Unremovable - excluded by BeanClassNameExclusion [className=io.quarkus.vertx.http.runtime.HttpCertificateUpdateEventListener]: CLASS bean [types=[io.quarkus.vertx.http.runtime.HttpCertificateUpdateEventListener, java.lang.Object], qualifiers=[@Any, @Default], target=io.quarkus.vertx.http.runtime.HttpCertificateUpdateEventListener]
22:00:26 DEBUG [io.qu.ar.pr.UnusedBeans] Unremovable - excluded by io.quarkus.arc.deployment.UnremovableBeanBuildItem$1@6080ae4f: CLASS bean [types=[io.quarkus.resteasy.reactive.server.runtime.exceptionmappers.UnauthorizedExceptionMapper$ExceptionMapper$965510594634d484a005e8aaae2361e9c9c1ea07, jakarta.ws.rs.ext.ExceptionMapper, java.lang.Object, org.jboss.resteasy.reactive.server.spi.ResteasyReactiveAsyncExceptionMapper], qualifiers=[@Any, @Default], target=io.quarkus.resteasy.reactive.server.runtime.exceptionmappers.UnauthorizedExceptionMapper$ExceptionMapper$965510594634d484a005e8aaae2361e9c9c1ea07]
22:00:26 DEBUG [io.qu.ar.pr.UnusedBeans] Unremovable - injected: CLASS bean [types=[io.quarkus.micrometer.runtime.MeterTagsSupport, java.lang.Object], qualifiers=[@Any, @Default], target=io.quarkus.micrometer.runtime.MeterTagsSupport]
22:00:26 DEBUG [io.qu.ar.pr.UnusedBeans] Unremovable - injected: CLASS bean [types=[io.quarkus.security.runtime.interceptor.SecurityHandler, java.lang.Object], qualifiers=[@Any, @Default], target=io.quarkus.security.runtime.interceptor.SecurityHandler]
22:00:26 DEBUG [io.qu.ar.pr.UnusedBeans] Unremovable - injected: CLASS bean [types=[java.lang.Object, space.maatini.eventsourcing.service.EventBatchProcessor], qualifiers=[@Any, @Default], target=space.maatini.eventsourcing.service.EventBatchProcessor]
22:00:26 DEBUG [io.qu.ar.pr.UnusedBeans] Unremovable - injected: CLASS bean [types=[java.lang.Object, space.maatini.eventsourcing.service.AggregateSnapshotService], qualifiers=[@Any, @Default], target=space.maatini.eventsourcing.service.AggregateSnapshotService]
22:00:26 DEBUG [io.qu.ar.pr.UnusedBeans] Unremovable - injected: CLASS bean [types=[io.quarkus.security.identity.CurrentIdentityAssociation, io.quarkus.test.security.TestIdentityAssociation, java.lang.Object], qualifiers=[@Any, @Default], target=io.quarkus.test.security.TestIdentityAssociation]
22:00:26 DEBUG [io.qu.ar.pr.UnusedBeans] Unremovable - excluded by BeanClassAnnotationExclusion [nameStartsWith=null, name=org.eclipse.microprofile.health.Liveness]: CLASS bean [types=[io.smallrye.health.registry.HealthRegistries, java.lang.Object], qualifiers=[@Any, @Default], target=io.smallrye.health.registry.HealthRegistries]
22:00:26 DEBUG [io.qu.ar.pr.UnusedBeans] Unremovable - excluded by BeanClassAnnotationExclusion [nameStartsWith=null, name=io.quarkus.scheduler.Scheduled]: CLASS bean [types=[java.lang.Object, space.maatini.eventsourcing.service.OutboxScheduler], qualifiers=[@Any, @Default], target=space.maatini.eventsourcing.service.OutboxScheduler]
22:00:26 DEBUG [io.qu.ar.pr.UnusedBeans] Unremovable - excluded by BeanClassAnnotationExclusion [nameStartsWith=null, name=io.quarkus.test.junit.QuarkusTest]: CLASS bean [types=[java.lang.Object, space.maatini.eventsourcing.resource.AdminResourceTest], qualifiers=[@Any, @Default], target=space.maatini.eventsourcing.resource.AdminResourceTest]
22:00:26 DEBUG [io.qu.ar.pr.UnusedBeans] Unremovable - excluded by BeanClassNameExclusion [className=io.quarkus.micrometer.runtime.ClockProvider]: CLASS bean [types=[io.quarkus.micrometer.runtime.ClockProvider, java.lang.Object], qualifiers=[@Any, @Default], target=io.quarkus.micrometer.runtime.ClockProvider]
22:00:26 DEBUG [io.qu.ar.pr.UnusedBeans] Unremovable - injected: CLASS bean [types=[java.lang.Object, space.maatini.eventsourcing.service.ProjectionService], qualifiers=[@Any, @Default], target=space.maatini.eventsourcing.service.ProjectionService]
22:00:26 DEBUG [io.qu.ar.pr.UnusedBeans] Unremovable - excluded by BeanClassNameExclusion [className=io.quarkus.jackson.runtime.ConfigurationCustomizer]: CLASS bean [types=[io.quarkus.jackson.ObjectMapperCustomizer, io.quarkus.jackson.runtime.ConfigurationCustomizer, java.lang.Comparable<io.quarkus.jackson.ObjectMapperCustomizer>, java.lang.Object], qualifiers=[@Any, @Default], target=io.quarkus.jackson.runtime.ConfigurationCustomizer]
22:00:26 DEBUG [io.qu.ar.pr.UnusedBeans] Unremovable - excluded by BeanClassAnnotationExclusion [nameStartsWith=null, name=jakarta.ws.rs.Path]: CLASS bean [types=[java.lang.Object, space.maatini.eventsourcing.resource.TestSupportResource], qualifiers=[@Any, @Default], target=space.maatini.eventsourcing.resource.TestSupportResource]
22:00:26 DEBUG [io.qu.ar.pr.UnusedBeans] Unremovable - injected: CLASS bean [types=[java.lang.Object, space.maatini.eventsourcing.service.GenericAggregateService], qualifiers=[@Any, @Default], target=space.maatini.eventsourcing.service.GenericAggregateService]
22:00:26 DEBUG [io.qu.ar.pr.UnusedBeans] Unremovable - excluded by BeanClassNameExclusion [className=io.quarkus.micrometer.runtime.export.exemplars.EmptyExemplarSamplerProvider]: CLASS bean [types=[io.quarkus.micrometer.runtime.export.exemplars.EmptyExemplarSamplerProvider, java.lang.Object], qualifiers=[@Any, @Default], target=io.quarkus.micrometer.runtime.export.exemplars.EmptyExemplarSamplerProvider]
22:00:26 DEBUG [io.qu.ar.pr.UnusedBeans] Unremovable - excluded by BeanClassNameExclusion [className=io.quarkus.resteasy.reactive.jackson.runtime.serialisers.FullyFeaturedServerJacksonMessageBodyWriter]: CLASS bean [types=[io.quarkus.resteasy.reactive.jackson.runtime.serialisers.FullyFeaturedServerJacksonMessageBodyWriter, jakarta.ws.rs.ext.MessageBodyWriter<java.lang.Object>, java.lang.Object, org.jboss.resteasy.reactive.common.types.AllWriteableMarker, org.jboss.resteasy.reactive.server.spi.ServerMessageBodyWriter$AllWriteableMessageBodyWriter, org.jboss.resteasy.reactive.server.spi.ServerMessageBodyWriter<java.lang.Object>], qualifiers=[@Any, @Default], target=io.quarkus.resteasy.reactive.jackson.runtime.serialisers.FullyFeaturedServerJacksonMessageBodyWriter]
22:00:26 DEBUG [io.qu.ar.pr.UnusedBeans] Unremovable - excluded by BeanClassNameExclusion [className=io.quarkus.security.runtime.SecurityIdentityAssociation]: CLASS bean [types=[io.quarkus.security.identity.CurrentIdentityAssociation, io.quarkus.security.runtime.SecurityIdentityAssociation, io.quarkus.security.spi.runtime.AbstractSecurityIdentityAssociation, java.lang.Object], qualifiers=[@Any, @Default], target=io.quarkus.security.runtime.SecurityIdentityAssociation]
22:00:26 DEBUG [io.qu.ar.pr.UnusedBeans] Unremovable - excluded by BeanClassNameExclusion [className=space.maatini.eventsourcing.exception.DatabaseExceptionMapper]: CLASS bean [types=[jakarta.ws.rs.ext.ExceptionMapper<org.hibernate.exception.ConstraintViolationException>, java.lang.Object, space.maatini.eventsourcing.exception.DatabaseExceptionMapper], qualifiers=[@Any, @Default], target=space.maatini.eventsourcing.exception.DatabaseExceptionMapper]
22:00:26 DEBUG [io.qu.ar.pr.UnusedBeans] Unremovable - excluded by BeanClassNameExclusion [className=io.quarkus.resteasy.reactive.jackson.runtime.serialisers.BasicServerJacksonMessageBodyWriter]: CLASS bean [types=[io.quarkus.resteasy.reactive.jackson.runtime.serialisers.BasicServerJacksonMessageBodyWriter, jakarta.ws.rs.ext.MessageBodyWriter<java.lang.Object>, java.lang.Object, org.jboss.resteasy.reactive.common.types.AllWriteableMarker, org.jboss.resteasy.reactive.server.spi.ServerMessageBodyWriter$AllWriteableMessageBodyWriter, org.jboss.resteasy.reactive.server.spi.ServerMessageBodyWriter<java.lang.Object>], qualifiers=[@Any, @Default], target=io.quarkus.resteasy.reactive.jackson.runtime.serialisers.BasicServerJacksonMessageBodyWriter]
22:00:26 DEBUG [io.qu.ar.pr.UnusedBeans] Unremovable - excluded by BeanTypesExclusion [dotNames=[io.quarkus.vertx.http.runtime.security.HttpAuthenticationMechanism]]: CLASS bean [types=[io.quarkus.test.security.AbstractTestHttpAuthenticationMechanism, io.quarkus.test.security.PathBasedTestHttpAuthenticationMechanism, io.quarkus.vertx.http.runtime.security.HttpAuthenticationMechanism, java.lang.Object], qualifiers=[@Any, @Default], target=io.quarkus.test.security.PathBasedTestHttpAuthenticationMechanism]
22:00:26 DEBUG [io.qu.ar.pr.UnusedBeans] Unremovable - excluded by BeanClassNameExclusion [className=io.quarkus.security.runtime.X509IdentityProvider]: CLASS bean [types=[io.quarkus.security.identity.IdentityProvider<io.quarkus.security.identity.request.CertificateAuthenticationRequest>, io.quarkus.security.runtime.X509IdentityProvider, java.lang.Object], qualifiers=[@Any, @Default], target=io.quarkus.security.runtime.X509IdentityProvider]
22:00:26 DEBUG [io.qu.ar.pr.UnusedBeans] Unremovable - excluded by BeanClassAnnotationExclusion [nameStartsWith=null, name=jakarta.ws.rs.Path]: CLASS bean [types=[java.lang.Object, space.maatini.eventsourcing.resource.AdminResource], qualifiers=[@Any, @Default], target=space.maatini.eventsourcing.resource.AdminResource]
22:00:26 DEBUG [io.qu.ar.pr.UnusedBeans] Unremovable - excluded by BeanClassNameExclusion [className=io.quarkus.vertx.http.runtime.CurrentVertxRequest]: CLASS bean [types=[io.quarkus.vertx.http.runtime.CurrentVertxRequest, java.lang.Object], qualifiers=[@Any, @Default], target=io.quarkus.vertx.http.runtime.CurrentVertxRequest]
22:00:26 DEBUG [io.qu.ar.pr.UnusedBeans] Unremovable - injected: CLASS bean [types=[java.lang.Object, space.maatini.eventsourcing.service.ProjectionReplayService], qualifiers=[@Any, @Default], target=space.maatini.eventsourcing.service.ProjectionReplayService]
22:00:26 DEBUG [io.qu.ar.pr.UnusedBeans] Unremovable - excluded by BeanClassNameExclusion [className=io.quarkus.security.runtime.PrincipalProducer]: CLASS bean [types=[io.quarkus.security.runtime.PrincipalProducer, java.lang.Object], qualifiers=[@Any, @Default], target=io.quarkus.security.runtime.PrincipalProducer]
22:00:26 DEBUG [io.qu.ar.pr.UnusedBeans] Unremovable - excluded by BeanClassNameExclusion [className=io.quarkus.micrometer.runtime.binder.netty.VertxNettyEventExecutorMetricsProvider]: CLASS bean [types=[io.quarkus.micrometer.runtime.binder.netty.VertxNettyEventExecutorMetricsProvider, java.lang.Object], qualifiers=[@Any, @Default], target=io.quarkus.micrometer.runtime.binder.netty.VertxNettyEventExecutorMetricsProvider]
22:00:26 DEBUG [io.qu.ar.pr.UnusedBeans] Unremovable - excluded by BeanClassNameExclusion [className=io.quarkus.vertx.core.runtime.security.VertxBlockingSecurityExecutor]: CLASS bean [types=[io.quarkus.security.spi.runtime.BlockingSecurityExecutor, io.quarkus.vertx.core.runtime.security.VertxBlockingSecurityExecutor, java.lang.Object], qualifiers=[@Any, @Default], target=io.quarkus.vertx.core.runtime.security.VertxBlockingSecurityExecutor]
22:00:26 DEBUG [io.qu.ar.pr.UnusedBeans] Unremovable - excluded by BeanClassNameExclusion [className=space.maatini.eventsourcing.exception.ValidationExceptionMapper]: CLASS bean [types=[jakarta.ws.rs.ext.ExceptionMapper<jakarta.validation.ConstraintViolationException>, java.lang.Object, space.maatini.eventsourcing.exception.ValidationExceptionMapper], qualifiers=[@Any, @Default], target=space.maatini.eventsourcing.exception.ValidationExceptionMapper]
22:00:26 DEBUG [io.qu.ar.pr.UnusedBeans] Unremovable - excluded by io.quarkus.arc.deployment.UnremovableBeanBuildItem$1@6080ae4f: CLASS bean [types=[io.quarkus.resteasy.reactive.server.runtime.exceptionmappers.AuthenticationFailedExceptionMapper$ExceptionMapper$c2c34c033791b6e419bbd19d3b82f053d38098b8, jakarta.ws.rs.ext.ExceptionMapper, java.lang.Object, org.jboss.resteasy.reactive.server.spi.ResteasyReactiveAsyncExceptionMapper], qualifiers=[@Any, @Default], target=io.quarkus.resteasy.reactive.server.runtime.exceptionmappers.AuthenticationFailedExceptionMapper$ExceptionMapper$c2c34c033791b6e419bbd19d3b82f053d38098b8]
22:00:26 DEBUG [io.qu.ar.pr.UnusedBeans] Unremovable - injected: CLASS bean [types=[io.quarkus.vertx.http.runtime.security.AuthorizationPolicyStorage, io.quarkus.vertx.http.runtime.security.AuthorizationPolicyStorage_Impl, java.lang.Object], qualifiers=[@Any, @Default], target=io.quarkus.vertx.http.runtime.security.AuthorizationPolicyStorage_Impl]
22:00:26 DEBUG [io.qu.ar.pr.UnusedBeans] Unremovable - excluded by io.quarkus.hibernate.validator.deployment.HibernateValidatorProcessor$1@6d99097f: CLASS bean [types=[io.quarkus.hibernate.validator.runtime.locale.AbstractLocaleResolver, io.quarkus.hibernate.validator.runtime.locale.ResteasyReactiveLocaleResolver, java.lang.Object, org.hibernate.validator.spi.messageinterpolation.LocaleResolver], qualifiers=[@Any, @Default], target=io.quarkus.hibernate.validator.runtime.locale.ResteasyReactiveLocaleResolver]
22:00:26 DEBUG [io.qu.ar.pr.UnusedBeans] Unremovable - excluded by BeanClassNameExclusion [className=io.quarkus.vertx.http.runtime.CurrentRequestProducer]: CLASS bean [types=[io.quarkus.vertx.http.runtime.CurrentRequestProducer, java.lang.Object], qualifiers=[@Any, @Default], target=io.quarkus.vertx.http.runtime.CurrentRequestProducer]
22:00:26 DEBUG [io.qu.ar.pr.UnusedBeans] Unremovable - excluded by BeanClassNameExclusion [className=io.quarkus.micrometer.runtime.export.PrometheusMeterRegistryProvider]: CLASS bean [types=[io.quarkus.micrometer.runtime.export.PrometheusMeterRegistryProvider, java.lang.Object], qualifiers=[@Any, @Default], target=io.quarkus.micrometer.runtime.export.PrometheusMeterRegistryProvider]
22:00:26 DEBUG [io.qu.ar.pr.UnusedBeans] Unremovable - excluded by BeanClassNameExclusion [className=io.quarkus.resteasy.reactive.jackson.runtime.mappers.NativeInvalidDefinitionExceptionMapper]: CLASS bean [types=[io.quarkus.resteasy.reactive.jackson.runtime.mappers.NativeInvalidDefinitionExceptionMapper, java.lang.Object], qualifiers=[@Any, @Default], target=io.quarkus.resteasy.reactive.jackson.runtime.mappers.NativeInvalidDefinitionExceptionMapper]
22:00:26 DEBUG [io.qu.ar.pr.UnusedBeans] Unremovable - excluded by BeanClassNameExclusion [className=io.quarkus.resteasy.reactive.server.runtime.security.EagerSecurityContext]: CLASS bean [types=[io.quarkus.resteasy.reactive.server.runtime.security.EagerSecurityContext, java.lang.Object], qualifiers=[@Any, @Default], target=io.quarkus.resteasy.reactive.server.runtime.security.EagerSecurityContext]
22:00:26 DEBUG [io.qu.ar.pr.UnusedBeans] Unremovable - excluded by BeanClassNameExclusion [className=io.quarkus.vertx.http.runtime.security.HttpAuthorizer]: CLASS bean [types=[io.quarkus.vertx.http.runtime.security.AbstractHttpAuthorizer, io.quarkus.vertx.http.runtime.security.HttpAuthorizer, java.lang.Object], qualifiers=[@Any, @Default], target=io.quarkus.vertx.http.runtime.security.HttpAuthorizer]
22:00:26 DEBUG [io.qu.ar.pr.UnusedBeans] Unremovable - excluded by BeanTypeExclusion [dotName=io.quarkus.runtime.test.TestApplicationClassPredicate]: CLASS bean [types=[io.quarkus.arc.runtime.test.PreloadedTestApplicationClassPredicate, io.quarkus.runtime.test.TestApplicationClassPredicate, java.lang.Object, java.util.function.Predicate<java.lang.String>], qualifiers=[@Any, @Default], target=io.quarkus.arc.runtime.test.PreloadedTestApplicationClassPredicate]
22:00:26 DEBUG [io.qu.ar.pr.UnusedBeans] Unremovable - excluded by BeanClassAnnotationExclusion [nameStartsWith=null, name=org.eclipse.microprofile.health.Readiness]: CLASS bean [types=[io.quarkus.reactive.datasource.runtime.ReactiveDatasourceHealthCheck, io.quarkus.reactive.pg.client.runtime.health.ReactivePgDataSourcesHealthCheck, java.lang.Object, org.eclipse.microprofile.health.HealthCheck], qualifiers=[@Any, @Readiness], target=io.quarkus.reactive.pg.client.runtime.health.ReactivePgDataSourcesHealthCheck]
22:00:26 DEBUG [io.qu.ar.pr.UnusedBeans] Unremovable - excluded by BeanClassNameExclusion [className=io.quarkus.micrometer.runtime.CompositeRegistryCreator]: CLASS bean [types=[io.quarkus.micrometer.runtime.CompositeRegistryCreator, java.lang.Object], qualifiers=[@Any, @Default], target=io.quarkus.micrometer.runtime.CompositeRegistryCreator]
22:00:26 DEBUG [io.qu.ar.pr.UnusedBeans] Unremovable - excluded by BeanClassAnnotationExclusion [nameStartsWith=null, name=org.eclipse.microprofile.health.Readiness]: CLASS bean [types=[java.lang.Object, org.eclipse.microprofile.health.HealthCheck, space.maatini.eventsourcing.health.ProjectionHealthCheck], qualifiers=[@Any, @Readiness], target=space.maatini.eventsourcing.health.ProjectionHealthCheck]
22:00:26 DEBUG [io.qu.ar.pr.UnusedBeans] Unremovable - injected: CLASS bean [types=[java.lang.Object, space.maatini.eventsourcing.service.EventHandlerRegistry], qualifiers=[@Any, @Default], target=space.maatini.eventsourcing.service.EventHandlerRegistry]
22:00:26 DEBUG [io.qu.ar.pr.UnusedBeans] Unremovable - excluded by BeanTypesExclusion [dotNames=[io.quarkus.arc.AsyncObserverExceptionHandler]]: CLASS bean [types=[io.quarkus.arc.AsyncObserverExceptionHandler, io.quarkus.arc.impl.DefaultAsyncObserverExceptionHandler, java.lang.Object], qualifiers=[@Any, @Default], target=io.quarkus.arc.impl.DefaultAsyncObserverExceptionHandler]
22:00:26 DEBUG [io.qu.ar.pr.UnusedBeans] Unremovable - excluded by BeanClassNameExclusion [className=io.quarkus.hibernate.orm.runtime.cdi.QuarkusArcBeanContainer]: CLASS bean [types=[io.quarkus.hibernate.orm.runtime.cdi.QuarkusArcBeanContainer, java.lang.Object, org.hibernate.resource.beans.container.internal.CdiBasedBeanContainer, org.hibernate.resource.beans.container.spi.AbstractCdiBeanContainer, org.hibernate.resource.beans.container.spi.BeanContainer, org.hibernate.service.spi.Stoppable], qualifiers=[@Any, @Default], target=io.quarkus.hibernate.orm.runtime.cdi.QuarkusArcBeanContainer]
22:00:26 DEBUG [io.qu.ar.pr.UnusedBeans] Unremovable - excluded by BeanClassAnnotationExclusion [nameStartsWith=null, name=org.eclipse.microprofile.health.Liveness]: CLASS bean [types=[io.smallrye.health.SmallRyeHealthReporter, java.lang.Object], qualifiers=[@Any, @Default], target=io.smallrye.health.SmallRyeHealthReporter]
22:00:26 DEBUG [io.qu.ar.pr.UnusedBeans] Unremovable - excluded by BeanTypeExclusion [dotName=io.quarkus.scheduler.Scheduled$SkipPredicate]: CLASS bean [types=[io.quarkus.scheduler.Scheduled$ApplicationNotRunning, io.quarkus.scheduler.Scheduled$SkipPredicate, java.lang.Object], qualifiers=[@Any, @Default], target=io.quarkus.scheduler.Scheduled$ApplicationNotRunning]
22:00:26 DEBUG [io.qu.ar.pr.UnusedBeans] Unremovable - injected: CLASS bean [types=[java.lang.Object, space.maatini.eventsourcing.service.LogOutboxPublisher, space.maatini.eventsourcing.service.OutboxPublisher], qualifiers=[@Any, @Default], target=space.maatini.eventsourcing.service.LogOutboxPublisher]
22:00:26 DEBUG [io.qu.ar.pr.UnusedBeans] Unremovable - excluded by BeanClassNameExclusion [className=io.quarkus.resteasy.reactive.server.runtime.exceptionmappers.UnauthorizedExceptionMapper]: CLASS bean [types=[io.quarkus.resteasy.reactive.server.runtime.exceptionmappers.UnauthorizedExceptionMapper, java.lang.Object], qualifiers=[@Any, @Default], target=io.quarkus.resteasy.reactive.server.runtime.exceptionmappers.UnauthorizedExceptionMapper]
22:00:26 DEBUG [io.qu.ar.pr.UnusedBeans] Unremovable - programmatic lookup: CLASS bean [types=[io.quarkus.jackson.ObjectMapperCustomizer, io.quarkus.jackson.customizer.RegisterSerializersAndDeserializersCustomizer, java.lang.Comparable<io.quarkus.jackson.ObjectMapperCustomizer>, java.lang.Object], qualifiers=[@Any, @Default], target=io.quarkus.jackson.customizer.RegisterSerializersAndDeserializersCustomizer]
22:00:26 DEBUG [io.qu.ar.pr.UnusedBeans] Unremovable - excluded by BeanClassNameExclusion [className=io.quarkus.micrometer.runtime.binder.netty.NettyMetricsProvider]: CLASS bean [types=[io.quarkus.micrometer.runtime.binder.netty.NettyMetricsProvider, java.lang.Object], qualifiers=[@Any, @Default], target=io.quarkus.micrometer.runtime.binder.netty.NettyMetricsProvider]
22:00:26 DEBUG [io.qu.ar.pr.UnusedBeans] Unremovable - injected: CLASS bean [types=[io.quarkus.smallrye.health.runtime.QuarkusAsyncHealthCheckFactory, io.smallrye.health.AsyncHealthCheckFactory, java.lang.Object], qualifiers=[@Any, @Default], target=io.quarkus.smallrye.health.runtime.QuarkusAsyncHealthCheckFactory]
22:00:26 DEBUG [io.qu.ar.pr.UnusedBeans] Unremovable - excluded by BeanClassNameExclusion [className=io.quarkus.resteasy.reactive.jackson.runtime.serialisers.ServerJacksonMessageBodyReader]: CLASS bean [types=[io.quarkus.resteasy.reactive.jackson.runtime.serialisers.AbstractServerJacksonMessageBodyReader, io.quarkus.resteasy.reactive.jackson.runtime.serialisers.ServerJacksonMessageBodyReader, jakarta.ws.rs.ext.MessageBodyReader<java.lang.Object>, java.lang.Object, org.jboss.resteasy.reactive.common.providers.serialisers.AbstractJsonMessageBodyReader, org.jboss.resteasy.reactive.server.spi.ServerMessageBodyReader<java.lang.Object>], qualifiers=[@Any, @Default], target=io.quarkus.resteasy.reactive.jackson.runtime.serialisers.ServerJacksonMessageBodyReader]
22:00:26 DEBUG [io.qu.ar.pr.UnusedBeans] Unremovable - excluded by BeanClassAnnotationExclusion [nameStartsWith=null, name=io.quarkus.scheduler.Scheduled]: CLASS bean [types=[java.lang.Object, space.maatini.eventsourcing.service.ProjectionMetrics], qualifiers=[@Any, @Default], target=space.maatini.eventsourcing.service.ProjectionMetrics]
22:00:26 DEBUG [io.qu.ar.pr.UnusedBeans] Unremovable - injected: CLASS bean [types=[io.quarkus.security.spi.runtime.AuthorizationController, io.quarkus.test.security.TestAuthController, java.lang.Object], qualifiers=[@Any, @Default], target=io.quarkus.test.security.TestAuthController]
22:00:26 DEBUG [io.qu.ar.pr.UnusedBeans] Unremovable - excluded by BeanClassNameExclusion [className=io.quarkus.hibernate.validator.runtime.jaxrs.ResteasyReactiveViolationExceptionMapper]: CLASS bean [types=[io.quarkus.hibernate.validator.runtime.jaxrs.ResteasyReactiveViolationExceptionMapper, jakarta.ws.rs.ext.ExceptionMapper<jakarta.validation.ValidationException>, java.lang.Object], qualifiers=[@Any, @Default], target=io.quarkus.hibernate.validator.runtime.jaxrs.ResteasyReactiveViolationExceptionMapper]
22:00:26 DEBUG [io.qu.ar.pr.UnusedBeans] Unremovable - injected: CLASS bean [types=[io.quarkus.arc.runtime.ConfigStaticInitValues, java.lang.Object], qualifiers=[@Any, @Default], target=io.quarkus.arc.runtime.ConfigStaticInitValues]
22:00:26 DEBUG [io.qu.ar.pr.UnusedBeans] Unremovable - injected: CLASS bean [types=[io.quarkus.security.identity.CurrentIdentityAssociation, io.quarkus.security.spi.runtime.AbstractSecurityIdentityAssociation, io.quarkus.test.security.DelegateSecurityIdentityAssociation, java.lang.Object], qualifiers=[@Any, @Default], target=io.quarkus.test.security.DelegateSecurityIdentityAssociation]
22:00:26 DEBUG [io.qu.ar.pr.UnusedBeans] Unremovable - excluded by BeanClassNameExclusion [className=io.quarkus.micrometer.runtime.export.exemplars.NoopOpenTelemetryExemplarContextUnwrapper]: CLASS bean [types=[io.quarkus.micrometer.runtime.export.exemplars.NoopOpenTelemetryExemplarContextUnwrapper, io.quarkus.micrometer.runtime.export.exemplars.OpenTelemetryContextUnwrapper, java.lang.Object], qualifiers=[@Any, @Default], target=io.quarkus.micrometer.runtime.export.exemplars.NoopOpenTelemetryExemplarContextUnwrapper]
22:00:26 DEBUG [io.qu.ar.pr.UnusedBeans] Unremovable - excluded by BeanClassNameExclusion [className=io.quarkus.vertx.http.runtime.security.JaxRsPathMatchingHttpSecurityPolicy]: CLASS bean [types=[io.quarkus.vertx.http.runtime.security.JaxRsPathMatchingHttpSecurityPolicy, java.lang.Object], qualifiers=[@Any, @Default], target=io.quarkus.vertx.http.runtime.security.JaxRsPathMatchingHttpSecurityPolicy]
22:00:26 DEBUG [io.qu.ar.pr.UnusedBeans] Unremovable - excluded by BeanClassNameExclusion [className=io.quarkus.smallrye.openapi.runtime.OpenApiDocumentService]: CLASS bean [types=[io.quarkus.smallrye.openapi.runtime.OpenApiDocumentService, java.lang.Object], qualifiers=[@Any, @Default], target=io.quarkus.smallrye.openapi.runtime.OpenApiDocumentService]
22:00:26 DEBUG [io.qu.ar.pr.UnusedBeans] Unremovable - excluded by io.quarkus.arc.deployment.UnremovableBeanBuildItem$1@6080ae4f: CLASS bean [types=[io.quarkus.resteasy.reactive.jackson.runtime.mappers.NativeInvalidDefinitionExceptionMapper$ExceptionMapper$9b3903a6623e908ff3590aef8cbd6d07435aea0c, jakarta.ws.rs.ext.ExceptionMapper, java.lang.Object, org.jboss.resteasy.reactive.server.spi.ResteasyReactiveExceptionMapper], qualifiers=[@Any, @Default], target=io.quarkus.resteasy.reactive.jackson.runtime.mappers.NativeInvalidDefinitionExceptionMapper$ExceptionMapper$9b3903a6623e908ff3590aef8cbd6d07435aea0c]
22:00:26 DEBUG [io.qu.ar.pr.UnusedBeans] Unremovable - named: CLASS bean [types=[io.quarkus.hibernate.validator.runtime.locale.LocaleResolversWrapper, java.lang.Object, org.hibernate.validator.spi.messageinterpolation.LocaleResolver], qualifiers=[@Any, @Default, @Named("locale-resolver-wrapper")], target=io.quarkus.hibernate.validator.runtime.locale.LocaleResolversWrapper]
22:00:26 DEBUG [io.qu.ar.pr.UnusedBeans] Unremovable - excluded by BeanClassNameExclusion [className=io.quarkus.vertx.http.runtime.security.PathMatchingHttpSecurityPolicy]: CLASS bean [types=[io.quarkus.vertx.http.runtime.security.AbstractPathMatchingHttpSecurityPolicy, io.quarkus.vertx.http.runtime.security.HttpSecurityPolicy, io.quarkus.vertx.http.runtime.security.PathMatchingHttpSecurityPolicy, java.lang.Object], qualifiers=[@Any, @Default], target=io.quarkus.vertx.http.runtime.security.PathMatchingHttpSecurityPolicy]
22:00:26 DEBUG [io.qu.ar.pr.UnusedBeans] Unremovable - excluded by BeanClassNameExclusion [className=io.quarkus.resteasy.reactive.jackson.runtime.serialisers.FullyFeaturedServerJacksonMessageBodyReader]: CLASS bean [types=[io.quarkus.resteasy.reactive.jackson.runtime.serialisers.AbstractServerJacksonMessageBodyReader, io.quarkus.resteasy.reactive.jackson.runtime.serialisers.FullyFeaturedServerJacksonMessageBodyReader, jakarta.ws.rs.ext.MessageBodyReader<java.lang.Object>, java.lang.Object, org.jboss.resteasy.reactive.common.providers.serialisers.AbstractJsonMessageBodyReader, org.jboss.resteasy.reactive.server.spi.ServerMessageBodyReader<java.lang.Object>], qualifiers=[@Any, @Default], target=io.quarkus.resteasy.reactive.jackson.runtime.serialisers.FullyFeaturedServerJacksonMessageBodyReader]
22:00:26 DEBUG [io.qu.ar.pr.UnusedBeans] Unremovable - excluded by BeanClassNameExclusion [className=io.quarkus.vertx.http.runtime.security.HttpAuthenticator]: CLASS bean [types=[io.quarkus.vertx.http.runtime.security.HttpAuthenticator, java.lang.Object], qualifiers=[@Any, @Default], target=io.quarkus.vertx.http.runtime.security.HttpAuthenticator]
22:00:26 DEBUG [io.qu.ar.pr.UnusedBeans] Unremovable - excluded by BeanClassAnnotationExclusion [nameStartsWith=null, name=io.quarkus.test.junit.QuarkusTest]: CLASS bean [types=[java.lang.Object, space.maatini.eventsourcing.resource.EventResourceTest], qualifiers=[@Any, @Default], target=space.maatini.eventsourcing.resource.EventResourceTest]
22:00:26 DEBUG [io.qu.ar.pr.UnusedBeans] Unremovable - excluded by BeanClassAnnotationExclusion [nameStartsWith=null, name=jakarta.ws.rs.Path]: CLASS bean [types=[java.lang.Object, space.maatini.eventsourcing.resource.GenericAggregateResource], qualifiers=[@Any, @Default], target=space.maatini.eventsourcing.resource.GenericAggregateResource]
22:00:26 DEBUG [io.qu.ar.pr.UnusedBeans] Unremovable - declares observer: CLASS bean [types=[io.quarkus.scheduler.Scheduler, java.lang.Object], qualifiers=[@Any, @Default], target=io.quarkus.scheduler.runtime.SimpleScheduler]
22:00:26 DEBUG [io.qu.ar.pr.UnusedBeans] Unremovable - excluded by BeanClassNameExclusion [className=io.quarkus.micrometer.runtime.binder.netty.VertxNettyAllocatorMetricsProvider]: CLASS bean [types=[io.quarkus.micrometer.runtime.binder.netty.VertxNettyAllocatorMetricsProvider, java.lang.Object], qualifiers=[@Any, @Default], target=io.quarkus.micrometer.runtime.binder.netty.VertxNettyAllocatorMetricsProvider]
22:00:26 DEBUG [io.qu.ar.pr.UnusedBeans] Unremovable - excluded by BeanTypesExclusion [dotNames=[io.quarkus.vertx.http.runtime.security.HttpAuthenticationMechanism]]: CLASS bean [types=[io.quarkus.test.security.AbstractTestHttpAuthenticationMechanism, io.quarkus.test.security.FallbackTestHttpAuthenticationMechanism, io.quarkus.vertx.http.runtime.security.HttpAuthenticationMechanism, java.lang.Object], qualifiers=[@Any, @Default], target=io.quarkus.test.security.FallbackTestHttpAuthenticationMechanism]
22:00:26 DEBUG [io.qu.ar.pr.UnusedBeans] Unremovable - excluded by BeanTypesExclusion [dotNames=[io.micrometer.core.instrument.config.MeterFilter, io.micrometer.core.instrument.MeterRegistry, io.micrometer.core.instrument.config.NamingConvention, io.quarkus.micrometer.runtime.MeterRegistryCustomizer, io.micrometer.core.instrument.binder.MeterBinder]]: PRODUCER METHOD bean [types=[io.micrometer.core.instrument.binder.MeterBinder, java.lang.Object], qualifiers=[@Any, @Default], target=io.micrometer.core.instrument.binder.MeterBinder vertxEventLoopGroupMetrics(io.vertx.core.Vertx vertx), declaringBean=io.quarkus.micrometer.runtime.binder.netty.VertxNettyEventExecutorMetricsProvider]
22:00:26 DEBUG [io.qu.ar.pr.UnusedBeans] Unremovable - excluded by BeanClassNameExclusion [className=io.quarkus.vertx.runtime.VertxProducer]: PRODUCER METHOD bean [types=[io.vertx.core.eventbus.EventBus, io.vertx.core.metrics.Measured, java.lang.Object], qualifiers=[@Any, @Default], target=io.vertx.core.eventbus.EventBus eventbus(io.vertx.core.Vertx vertx), declaringBean=io.quarkus.vertx.runtime.VertxProducer]
22:00:26 DEBUG [io.qu.ar.pr.UnusedBeans] Unremovable - excluded by BeanTypesExclusion [dotNames=[io.micrometer.core.instrument.config.MeterFilter, io.micrometer.core.instrument.MeterRegistry, io.micrometer.core.instrument.config.NamingConvention, io.quarkus.micrometer.runtime.MeterRegistryCustomizer, io.micrometer.core.instrument.binder.MeterBinder]]: PRODUCER METHOD bean [types=[io.micrometer.core.instrument.binder.MeterBinder, java.lang.Object], qualifiers=[@Any, @Default], target=io.micrometer.core.instrument.binder.MeterBinder vertxUnpooledByteBufAllocatorMetrics(), declaringBean=io.quarkus.micrometer.runtime.binder.netty.VertxNettyAllocatorMetricsProvider]
22:00:26 DEBUG [io.qu.ar.pr.UnusedBeans] Unremovable - named: PRODUCER METHOD bean [types=[io.vertx.core.http.HttpServerRequest, io.vertx.core.streams.ReadStream<io.vertx.core.buffer.Buffer>, io.vertx.core.streams.StreamBase, java.lang.Object], qualifiers=[@Any, @Default, @Named("vertxRequest")], target=io.vertx.core.http.HttpServerRequest getCurrentRequest(io.vertx.ext.web.RoutingContext rc), declaringBean=io.quarkus.vertx.http.runtime.CurrentRequestProducer]
22:00:26 DEBUG [io.qu.ar.pr.UnusedBeans] Unremovable - injected: PRODUCER METHOD bean [types=[io.smallrye.config.SmallRyeConfig, java.io.Serializable, java.lang.Object, org.eclipse.microprofile.config.Config], qualifiers=[@Any, @Default], target=io.smallrye.config.SmallRyeConfig getConfig(), declaringBean=io.smallrye.config.inject.ConfigProducer]
22:00:26 DEBUG [io.qu.ar.pr.UnusedBeans] Unremovable - excluded by BeanTypesExclusion [dotNames=[io.micrometer.core.instrument.config.MeterFilter, io.micrometer.core.instrument.MeterRegistry, io.micrometer.core.instrument.config.NamingConvention, io.quarkus.micrometer.runtime.MeterRegistryCustomizer, io.micrometer.core.instrument.binder.MeterBinder]]: PRODUCER METHOD bean [types=[io.micrometer.core.instrument.binder.MeterBinder, java.lang.Object], qualifiers=[@Any, @Default], target=io.micrometer.core.instrument.binder.MeterBinder pooledByteBufAllocatorMetrics(), declaringBean=io.quarkus.micrometer.runtime.binder.netty.NettyMetricsProvider]
22:00:26 DEBUG [io.qu.ar.pr.UnusedBeans] Unremovable - excluded by BeanClassNameExclusion [className=io.quarkus.micrometer.runtime.export.PrometheusMeterRegistryProvider]: PRODUCER METHOD bean [types=[io.micrometer.core.instrument.config.MeterRegistryConfig, io.micrometer.prometheus.PrometheusConfig, java.lang.Object], qualifiers=[@Any, @Default], target=io.micrometer.prometheus.PrometheusConfig configure(io.quarkus.micrometer.runtime.config.runtime.PrometheusRuntimeConfig config), declaringBean=io.quarkus.micrometer.runtime.export.PrometheusMeterRegistryProvider]
22:00:26 DEBUG [io.qu.ar.pr.UnusedBeans] Unremovable - excluded by BeanClassNameExclusion [className=io.quarkus.micrometer.runtime.export.exemplars.EmptyExemplarSamplerProvider]: PRODUCER METHOD bean [types=[java.lang.Object, java.util.Optional<io.prometheus.client.exemplars.ExemplarSampler>], qualifiers=[@Any, @Default], target=java.util.Optional<io.prometheus.client.exemplars.ExemplarSampler> exemplarSampler(), declaringBean=io.quarkus.micrometer.runtime.export.exemplars.EmptyExemplarSamplerProvider]
22:00:26 DEBUG [io.qu.ar.pr.UnusedBeans] Unremovable - excluded by BeanTypesExclusion [dotNames=[io.micrometer.core.instrument.config.MeterFilter, io.micrometer.core.instrument.MeterRegistry, io.micrometer.core.instrument.config.NamingConvention, io.quarkus.micrometer.runtime.MeterRegistryCustomizer, io.micrometer.core.instrument.binder.MeterBinder]]: PRODUCER METHOD bean [types=[io.micrometer.core.instrument.config.MeterFilter, java.lang.Object], qualifiers=[@Any, @Default], target=io.micrometer.core.instrument.config.MeterFilter metricsHttpServerUriTagFilter(io.quarkus.micrometer.runtime.config.runtime.HttpServerConfig httpServerConfig), declaringBean=io.quarkus.micrometer.runtime.binder.HttpMeterFilterProvider]
22:00:26 DEBUG [io.qu.ar.pr.UnusedBeans] Unremovable - excluded by BeanClassNameExclusion [className=io.quarkus.security.runtime.IdentityProviderManagerCreator]: PRODUCER METHOD bean [types=[io.quarkus.security.identity.IdentityProviderManager, java.lang.Object], qualifiers=[@Any, @Default], target=io.quarkus.security.identity.IdentityProviderManager ipm(jakarta.enterprise.inject.Instance<io.quarkus.security.identity.IdentityProvider<?>> identityProviders, jakarta.enterprise.inject.Instance<io.quarkus.security.identity.SecurityIdentityAugmentor> augmentors, io.quarkus.security.spi.runtime.BlockingSecurityExecutor blockingExecutor), declaringBean=io.quarkus.security.runtime.IdentityProviderManagerCreator]
22:00:26 DEBUG [io.qu.ar.pr.UnusedBeans] Unremovable - excluded by BeanTypesExclusion [dotNames=[io.micrometer.core.instrument.config.MeterFilter, io.micrometer.core.instrument.MeterRegistry, io.micrometer.core.instrument.config.NamingConvention, io.quarkus.micrometer.runtime.MeterRegistryCustomizer, io.micrometer.core.instrument.binder.MeterBinder]]: PRODUCER METHOD bean [types=[io.micrometer.core.instrument.config.NamingConvention, io.micrometer.prometheus.PrometheusNamingConvention, java.lang.Object], qualifiers=[@Any, @Default], target=io.micrometer.prometheus.PrometheusNamingConvention namingConvention(), declaringBean=io.quarkus.micrometer.runtime.export.PrometheusMeterRegistryProvider]
22:00:26 DEBUG [io.qu.ar.pr.UnusedBeans] Unremovable - excluded by BeanTypesExclusion [dotNames=[io.micrometer.core.instrument.config.MeterFilter, io.micrometer.core.instrument.MeterRegistry, io.micrometer.core.instrument.config.NamingConvention, io.quarkus.micrometer.runtime.MeterRegistryCustomizer, io.micrometer.core.instrument.binder.MeterBinder]]: PRODUCER METHOD bean [types=[io.micrometer.core.instrument.binder.MeterBinder, java.lang.Object], qualifiers=[@Any, @Default], target=io.micrometer.core.instrument.binder.MeterBinder unpooledByteBufAllocatorMetrics(), declaringBean=io.quarkus.micrometer.runtime.binder.netty.NettyMetricsProvider]
22:00:26 DEBUG [io.qu.ar.pr.UnusedBeans] Unremovable - injected: PRODUCER METHOD bean [types=[java.io.Serializable, java.lang.Boolean, java.lang.Comparable<java.lang.Boolean>, java.lang.Object, java.lang.constant.Constable], qualifiers=[@Any, @ConfigProperty], target=java.lang.Boolean produceBooleanConfigProperty(jakarta.enterprise.inject.spi.InjectionPoint ip), declaringBean=io.smallrye.config.inject.ConfigProducer]
22:00:26 DEBUG [io.qu.ar.pr.UnusedBeans] Unremovable - excluded by BeanClassNameExclusion [className=io.quarkus.smallrye.context.runtime.SmallRyeContextPropagationProvider]: PRODUCER METHOD bean [types=[io.smallrye.context.SmallRyeThreadContext, java.lang.Object, org.eclipse.microprofile.context.ThreadContext], qualifiers=[@Any, @Default], target=io.smallrye.context.SmallRyeThreadContext getAllThreadContext(), declaringBean=io.quarkus.smallrye.context.runtime.SmallRyeContextPropagationProvider]
22:00:26 DEBUG [io.qu.ar.pr.UnusedBeans] Unremovable - excluded by BeanTypesExclusion [dotNames=[io.micrometer.core.instrument.config.MeterFilter, io.micrometer.core.instrument.MeterRegistry, io.micrometer.core.instrument.config.NamingConvention, io.quarkus.micrometer.runtime.MeterRegistryCustomizer, io.micrometer.core.instrument.binder.MeterBinder]]: PRODUCER METHOD bean [types=[io.micrometer.core.instrument.config.MeterFilter, java.lang.Object], qualifiers=[@Any, @Default], target=io.micrometer.core.instrument.config.MeterFilter metricsHttpClientUriTagFilter(io.quarkus.micrometer.runtime.config.runtime.HttpClientConfig httpClientConfig), declaringBean=io.quarkus.micrometer.runtime.binder.HttpMeterFilterProvider]
22:00:26 DEBUG [io.qu.ar.pr.UnusedBeans] Unremovable - injected: PRODUCER METHOD bean [types=[jakarta.ws.rs.ext.Providers, java.lang.Object], qualifiers=[@Any, @Default], target=jakarta.ws.rs.ext.Providers providers(), declaringBean=io.quarkus.resteasy.reactive.server.runtime.QuarkusContextProducers]
22:00:26 DEBUG [io.qu.ar.pr.UnusedBeans] Unremovable - excluded by BeanTypesExclusion [dotNames=[jakarta.ws.rs.core.HttpHeaders]]: PRODUCER METHOD bean [types=[jakarta.ws.rs.core.HttpHeaders, java.lang.Object], qualifiers=[@Any, @Default], target=jakarta.ws.rs.core.HttpHeaders headers(), declaringBean=org.jboss.resteasy.reactive.server.injection.ContextProducers]
22:00:26 DEBUG [io.qu.ar.pr.UnusedBeans] Unremovable - excluded by BeanTypesExclusion [dotNames=[io.micrometer.core.instrument.config.MeterFilter, io.micrometer.core.instrument.MeterRegistry, io.micrometer.core.instrument.config.NamingConvention, io.quarkus.micrometer.runtime.MeterRegistryCustomizer, io.micrometer.core.instrument.binder.MeterBinder]]: PRODUCER METHOD bean [types=[io.micrometer.core.instrument.config.MeterFilter, java.lang.Object], qualifiers=[@Any, @Default], target=io.micrometer.core.instrument.config.MeterFilter metricsHttpPushUriTagFilter(io.quarkus.micrometer.runtime.config.runtime.HttpServerConfig httpServerConfig), declaringBean=io.quarkus.micrometer.runtime.binder.HttpMeterFilterProvider]
22:00:26 DEBUG [io.qu.ar.pr.UnusedBeans] Unremovable - excluded by BeanTypesExclusion [dotNames=[com.fasterxml.jackson.databind.ObjectMapper]]: PRODUCER METHOD bean [types=[com.fasterxml.jackson.core.ObjectCodec, com.fasterxml.jackson.core.TreeCodec, com.fasterxml.jackson.core.Versioned, com.fasterxml.jackson.databind.ObjectMapper, java.io.Serializable, java.lang.Object], qualifiers=[@Any, @Default], target=com.fasterxml.jackson.databind.ObjectMapper objectMapper(jakarta.enterprise.inject.Instance<io.quarkus.jackson.ObjectMapperCustomizer> customizers), declaringBean=io.quarkus.jackson.runtime.ObjectMapperProducer]
22:00:26 DEBUG [io.qu.ar.pr.UnusedBeans] Unremovable - excluded by BeanClassNameExclusion [className=io.quarkus.vertx.runtime.VertxProducer]: PRODUCER METHOD bean [types=[io.smallrye.mutiny.vertx.MutinyDelegate, io.vertx.mutiny.core.Vertx, io.vertx.mutiny.core.metrics.Measured, java.lang.Object], qualifiers=[@Any, @Default], target=io.vertx.mutiny.core.Vertx mutiny(io.vertx.core.Vertx vertx), declaringBean=io.quarkus.vertx.runtime.VertxProducer]
22:00:26 DEBUG [io.qu.ar.pr.UnusedBeans] Unremovable - excluded by BeanClassNameExclusion [className=io.quarkus.micrometer.runtime.export.PrometheusMeterRegistryProvider]: PRODUCER METHOD bean [types=[io.prometheus.client.CollectorRegistry, java.lang.Object], qualifiers=[@Any, @Default], target=io.prometheus.client.CollectorRegistry collectorRegistry(), declaringBean=io.quarkus.micrometer.runtime.export.PrometheusMeterRegistryProvider]
22:00:26 DEBUG [io.qu.ar.pr.UnusedBeans] Unremovable - excluded by BeanClassNameExclusion [className=io.quarkus.micrometer.runtime.ClockProvider]: PRODUCER METHOD bean [types=[io.micrometer.core.instrument.Clock, java.lang.Object], qualifiers=[@Any, @Default], target=io.micrometer.core.instrument.Clock clock(), declaringBean=io.quarkus.micrometer.runtime.ClockProvider]
22:00:26 DEBUG [io.qu.ar.pr.UnusedBeans] Unremovable - excluded by BeanClassNameExclusion [className=io.quarkus.security.runtime.IdentityProviderManagerCreator]: PRODUCER METHOD bean [types=[io.quarkus.security.spi.runtime.BlockingSecurityExecutor, java.lang.Object], qualifiers=[@Any, @Default], target=io.quarkus.security.spi.runtime.BlockingSecurityExecutor defaultBlockingExecutor(), declaringBean=io.quarkus.security.runtime.IdentityProviderManagerCreator]
22:00:26 DEBUG [io.qu.ar.pr.UnusedBeans] Unremovable - excluded by BeanTypesExclusion [dotNames=[io.micrometer.core.instrument.config.MeterFilter, io.micrometer.core.instrument.MeterRegistry, io.micrometer.core.instrument.config.NamingConvention, io.quarkus.micrometer.runtime.MeterRegistryCustomizer, io.micrometer.core.instrument.binder.MeterBinder]]: PRODUCER METHOD bean [types=[io.micrometer.core.instrument.MeterRegistry, io.micrometer.prometheus.PrometheusMeterRegistry, java.lang.Object], qualifiers=[@Any, @Default], target=io.micrometer.prometheus.PrometheusMeterRegistry registry(io.micrometer.prometheus.PrometheusConfig config, io.prometheus.client.CollectorRegistry collectorRegistry, java.util.Optional<io.prometheus.client.exemplars.ExemplarSampler> exemplarSampler, io.micrometer.core.instrument.Clock clock), declaringBean=io.quarkus.micrometer.runtime.export.PrometheusMeterRegistryProducer]
22:00:26 DEBUG [io.qu.ar.pr.UnusedBeans] Unremovable - excluded by BeanTypesExclusion [dotNames=[io.micrometer.core.instrument.config.MeterFilter, io.micrometer.core.instrument.MeterRegistry, io.micrometer.core.instrument.config.NamingConvention, io.quarkus.micrometer.runtime.MeterRegistryCustomizer, io.micrometer.core.instrument.binder.MeterBinder]]: PRODUCER METHOD bean [types=[io.micrometer.core.instrument.config.MeterFilter, java.lang.Object], qualifiers=[@Any, @Default], target=io.micrometer.core.instrument.config.MeterFilter metricsHttpWebSocketsUriTagFilter(io.quarkus.micrometer.runtime.config.runtime.HttpServerConfig httpServerConfig), declaringBean=io.quarkus.micrometer.runtime.binder.HttpMeterFilterProvider]
22:00:26 DEBUG [io.qu.ar.pr.UnusedBeans] Unremovable - excluded by BeanClassNameExclusion [className=io.quarkus.security.runtime.PrincipalProducer]: PRODUCER METHOD bean [types=[java.lang.Object, java.security.Principal], qualifiers=[@Any, @Default], target=java.security.Principal principal(io.quarkus.security.identity.CurrentIdentityAssociation identityAssociation), declaringBean=io.quarkus.security.runtime.PrincipalProducer]
22:00:26 DEBUG [io.qu.ar.pr.UnusedBeans] Unremovable - excluded by BeanTypesExclusion [dotNames=[io.micrometer.core.instrument.config.MeterFilter, io.micrometer.core.instrument.MeterRegistry, io.micrometer.core.instrument.config.NamingConvention, io.quarkus.micrometer.runtime.MeterRegistryCustomizer, io.micrometer.core.instrument.binder.MeterBinder]]: PRODUCER METHOD bean [types=[io.micrometer.core.instrument.config.NamingConvention, io.micrometer.prometheus.PrometheusDurationNamingConvention, io.micrometer.prometheus.PrometheusNamingConvention, java.lang.Object], qualifiers=[@Any, @Default], target=io.micrometer.prometheus.PrometheusDurationNamingConvention durationNamingConvention(), declaringBean=io.quarkus.micrometer.runtime.export.PrometheusMeterRegistryProvider]
22:00:26 DEBUG [io.qu.ar.pr.UnusedBeans] Unremovable - excluded by BeanClassNameExclusion [className=io.quarkus.vertx.runtime.VertxProducer]: PRODUCER METHOD bean [types=[io.smallrye.mutiny.vertx.MutinyDelegate, io.vertx.mutiny.core.eventbus.EventBus, io.vertx.mutiny.core.metrics.Measured, java.lang.Object], qualifiers=[@Any, @Default], target=io.vertx.mutiny.core.eventbus.EventBus mutinyEventBus(io.vertx.mutiny.core.Vertx mutiny), declaringBean=io.quarkus.vertx.runtime.VertxProducer]
22:00:26 DEBUG [io.qu.ar.pr.UnusedBeans] Unremovable - excluded by BeanTypesExclusion [dotNames=[io.micrometer.core.instrument.config.MeterFilter, io.micrometer.core.instrument.MeterRegistry, io.micrometer.core.instrument.config.NamingConvention, io.quarkus.micrometer.runtime.MeterRegistryCustomizer, io.micrometer.core.instrument.binder.MeterBinder]]: PRODUCER METHOD bean [types=[io.micrometer.core.instrument.binder.MeterBinder, java.lang.Object], qualifiers=[@Any, @Default], target=io.micrometer.core.instrument.binder.MeterBinder vertxPooledByteBufAllocatorMetrics(), declaringBean=io.quarkus.micrometer.runtime.binder.netty.VertxNettyAllocatorMetricsProvider]
22:00:26 DEBUG [io.qu.ar.pr.UnusedBeans] Unremovable - excluded by BeanTypesExclusion [dotNames=[io.micrometer.core.instrument.config.MeterFilter, io.micrometer.core.instrument.MeterRegistry, io.micrometer.core.instrument.config.NamingConvention, io.quarkus.micrometer.runtime.MeterRegistryCustomizer, io.micrometer.core.instrument.binder.MeterBinder]]: PRODUCER METHOD bean [types=[io.micrometer.core.instrument.MeterRegistry, java.lang.Object], qualifiers=[@Any, @Default], target=io.micrometer.core.instrument.MeterRegistry produceRootRegistry(), declaringBean=io.quarkus.micrometer.runtime.CompositeRegistryCreator]
22:00:26 DEBUG [io.qu.ar.pr.UnusedBeans] Unremovable - excluded by BeanTypesExclusion [dotNames=[io.micrometer.core.instrument.config.MeterFilter, io.micrometer.core.instrument.MeterRegistry, io.micrometer.core.instrument.config.NamingConvention, io.quarkus.micrometer.runtime.MeterRegistryCustomizer, io.micrometer.core.instrument.binder.MeterBinder]]: PRODUCER METHOD bean [types=[io.micrometer.core.instrument.binder.MeterBinder, java.lang.Object], qualifiers=[@Any, @Default], target=io.micrometer.core.instrument.binder.MeterBinder vertxAcceptorEventLoopGroupMetrics(io.vertx.core.Vertx vertx), declaringBean=io.quarkus.micrometer.runtime.binder.netty.VertxNettyEventExecutorMetricsProvider]
22:00:26 DEBUG [io.qu.ar.pr.UnusedBeans] Unremovable - injected: PRODUCER METHOD bean [types=[java.io.Serializable, java.lang.Object, org.jboss.logging.BasicLogger, org.jboss.logging.Logger], qualifiers=[@Any, @Default], target=org.jboss.logging.Logger getSimpleLogger(jakarta.enterprise.inject.spi.InjectionPoint injectionPoint), declaringBean=io.quarkus.arc.runtime.LoggerProducer]
22:00:26 DEBUG [io.qu.ar.pr.UnusedBeans] Unremovable - excluded by BeanClassNameExclusion [className=io.quarkus.vertx.http.runtime.CurrentVertxRequest]: PRODUCER METHOD bean [types=[io.vertx.ext.web.RoutingContext, java.lang.Object], qualifiers=[@Any, @Default], target=io.vertx.ext.web.RoutingContext getCurrent(), declaringBean=io.quarkus.vertx.http.runtime.CurrentVertxRequest]
22:00:26 DEBUG [io.qu.ar.pr.UnusedBeans] Unremovable - unremovable synthetic: SYNTHETIC bean [types=[java.lang.Object, java.lang.String[]], qualifiers=[@Any, @io.quarkus.runtime.annotations.CommandLineArguments], target=n/a]
22:00:26 DEBUG [io.qu.ar.pr.UnusedBeans] Unremovable - unremovable synthetic: SYNTHETIC bean [types=[io.quarkus.security.runtime.interceptor.SecurityConstrainer, java.lang.Object], qualifiers=[@Any, @Default], target=n/a]
22:00:26 DEBUG [io.qu.ar.pr.UnusedBeans] Unremovable - unremovable synthetic: SYNTHETIC bean [types=[io.quarkus.hibernate.orm.runtime.JPAConfig, java.lang.Object], qualifiers=[@Any, @Default], target=n/a]
22:00:26 DEBUG [io.qu.ar.pr.UnusedBeans] Unremovable - injected: SYNTHETIC bean [types=[io.quarkus.jackson.runtime.JacksonSupport, java.lang.Object], qualifiers=[@Any, @Default], target=n/a]
22:00:26 DEBUG [io.qu.ar.pr.UnusedBeans] Unremovable - unremovable synthetic: SYNTHETIC bean [types=[io.quarkus.security.spi.runtime.SecurityCheckStorage, java.lang.Object], qualifiers=[@Any, @Default], target=n/a]
22:00:26 DEBUG [io.qu.ar.pr.UnusedBeans] Unremovable - unremovable synthetic: SYNTHETIC bean [types=[io.quarkus.registry.ValueRegistry, java.lang.Object], qualifiers=[@Any, @jakarta.enterprise.inject.Default], target=n/a]
22:00:26 DEBUG [io.qu.ar.pr.UnusedBeans] Unremovable - unremovable synthetic: SYNTHETIC bean [types=[jakarta.validation.ValidatorFactory, java.lang.Object, org.hibernate.validator.HibernateValidatorFactory], qualifiers=[@Any, @Default, @Named("quarkus-hibernate-validator-factory")], target=n/a]
22:00:26 DEBUG [io.qu.ar.pr.UnusedBeans] Unremovable - unremovable synthetic: SYNTHETIC bean [types=[jakarta.validation.Validator, java.lang.Object], qualifiers=[@Any, @Default], target=n/a]
22:00:26 DEBUG [io.qu.ar.pr.UnusedBeans] Unremovable - unremovable synthetic: SYNTHETIC bean [types=[io.quarkus.vertx.http.runtime.security.BasicAuthenticationMechanism, io.quarkus.vertx.http.runtime.security.HttpAuthenticationMechanism, java.lang.Object], qualifiers=[@Any, @Default], target=n/a]
22:00:26 DEBUG [io.qu.ar.pr.UnusedBeans] Unremovable - unremovable synthetic: SYNTHETIC bean [types=[io.quarkus.datasource.runtime.DataSourceSupport, java.lang.Object], qualifiers=[@Any, @Default], target=n/a]
22:00:26 DEBUG [io.qu.ar.pr.UnusedBeans] Unremovable - unremovable synthetic: SYNTHETIC bean [types=[io.quarkus.vertx.http.HttpServer, java.lang.Object], qualifiers=[@Any, @jakarta.enterprise.inject.Default], target=n/a]
22:00:26 DEBUG [io.qu.ar.pr.UnusedBeans] Unremovable - unremovable synthetic: SYNTHETIC bean [types=[io.quarkus.micrometer.runtime.binder.HttpBinderConfiguration, java.lang.Object], qualifiers=[@Any, @Default], target=n/a]
22:00:26 DEBUG [io.qu.ar.pr.UnusedBeans] Unremovable - injected: SYNTHETIC bean [types=[java.lang.Object, java.util.concurrent.Executor, java.util.concurrent.ExecutorService, java.util.concurrent.ScheduledExecutorService], qualifiers=[@Any, @Default], target=n/a]
22:00:26 DEBUG [io.qu.ar.pr.UnusedBeans] Unremovable - unremovable synthetic: SYNTHETIC bean [types=[io.smallrye.context.SmallRyeManagedExecutor, java.lang.Object, org.eclipse.microprofile.context.ManagedExecutor], qualifiers=[@Any, @Default], target=n/a]
22:00:26 DEBUG [io.qu.ar.pr.UnusedBeans] Unremovable - unremovable synthetic: SYNTHETIC bean [types=[io.vertx.core.Vertx, java.lang.Object], qualifiers=[@Any, @Default], target=n/a]
22:00:26 DEBUG [io.qu.ar.pr.UnusedBeans] Unremovable - unremovable synthetic: SYNTHETIC bean [types=[io.netty.channel.EventLoopGroup, java.lang.Object], qualifiers=[@Any, @io.quarkus.netty.BossEventLoopGroup], target=n/a]
22:00:26 DEBUG [io.qu.ar.pr.UnusedBeans] Unremovable - unremovable synthetic: SYNTHETIC bean [types=[io.netty.channel.EventLoopGroup, java.lang.Object], qualifiers=[@Any, @io.quarkus.netty.MainEventLoopGroup], target=n/a]
22:00:26 DEBUG [io.qu.ar.pr.UnusedBeans] Unremovable - unremovable synthetic: SYNTHETIC bean [types=[java.lang.Object, org.hibernate.reactive.common.spi.Implementor, org.hibernate.reactive.mutiny.Mutiny$SessionFactory], qualifiers=[@Any, @jakarta.enterprise.inject.Default], target=n/a]
22:00:26 DEBUG [io.qu.ar.pr.UnusedBeans] Unremovable - unremovable synthetic: SYNTHETIC bean [types=[io.quarkus.tls.TlsConfigurationRegistry, java.lang.Object], qualifiers=[@Any, @Default], target=n/a]
22:00:26 DEBUG [io.qu.ar.pr.UnusedBeans] Unremovable - unremovable synthetic: SYNTHETIC bean [types=[io.vertx.pgclient.PgPool, io.vertx.sqlclient.Pool, java.lang.Object], qualifiers=[@Any, @jakarta.enterprise.inject.Default], target=n/a]
22:00:26 DEBUG [io.qu.ar.pr.UnusedBeans] Unremovable - unremovable synthetic: SYNTHETIC bean [types=[io.vertx.mutiny.pgclient.PgPool, io.vertx.mutiny.sqlclient.Pool, java.lang.Object], qualifiers=[@Any, @jakarta.enterprise.inject.Default], target=n/a]
22:00:26 DEBUG [io.qu.ar.pr.UnusedBeans] Unremovable - unremovable synthetic: SYNTHETIC bean [types=[io.quarkus.reactive.pg.client.runtime.PgPoolSupport, java.lang.Object], qualifiers=[@Any, @Default], target=n/a]
22:00:26 DEBUG [io.qu.ar.pr.UnusedBeans] Unremovable - injected: SYNTHETIC bean [types=[io.quarkus.scheduler.common.runtime.SchedulerContext, java.lang.Object], qualifiers=[@Any, @Default], target=n/a]
22:00:26 DEBUG [io.qu.ar.pr.UnusedBeans] Unremovable - injected: SYNTHETIC bean [types=[io.quarkus.jackson.runtime.JacksonBuildTimeConfig, java.lang.Object], qualifiers=[@Any, @Default], target=n/a]
22:00:26 DEBUG [io.qu.ar.pr.UnusedBeans] Unremovable - injected: SYNTHETIC bean [types=[io.quarkus.vertx.http.runtime.VertxHttpBuildTimeConfig, java.lang.Object], qualifiers=[@Any, @Default], target=n/a]
22:00:26 DEBUG [io.qu.ar.pr.UnusedBeans] Unremovable - excluded by BeanTypesExclusion [dotNames=[io.quarkus.micrometer.runtime.config.MicrometerConfig]]: SYNTHETIC bean [types=[io.quarkus.micrometer.runtime.config.MicrometerConfig, java.lang.Object], qualifiers=[@Any, @Default], target=n/a]
22:00:26 DEBUG [io.qu.ar.pr.UnusedBeans] Unremovable - injected: SYNTHETIC bean [types=[io.quarkus.scheduler.runtime.SchedulerConfig, java.lang.Object], qualifiers=[@Any, @Default], target=n/a]
22:00:26 DEBUG [io.qu.ar.pr.UnusedBeans] Unremovable - injected: SYNTHETIC bean [types=[io.quarkus.vertx.http.runtime.VertxHttpConfig, java.lang.Object], qualifiers=[@Any, @Default], target=n/a]
22:00:26 DEBUG [io.qu.ar.pr.UnusedBeans] Unremovable - injected: SYNTHETIC bean [types=[io.quarkus.micrometer.runtime.config.runtime.HttpClientConfig, java.lang.Object], qualifiers=[@Any, @Default], target=n/a]
22:00:26 DEBUG [io.qu.ar.pr.UnusedBeans] Unremovable - injected: SYNTHETIC bean [types=[io.quarkus.micrometer.runtime.config.runtime.HttpServerConfig, java.lang.Object], qualifiers=[@Any, @Default], target=n/a]
22:00:26 DEBUG [io.qu.ar.pr.UnusedBeans] Unremovable - injected: SYNTHETIC bean [types=[io.quarkus.micrometer.runtime.config.runtime.PrometheusRuntimeConfig, java.lang.Object], qualifiers=[@Any, @Default], target=n/a]
22:00:26 DEBUG [io.qu.ar.pr.UnusedBeans] Unremovable - injected: SYNTHETIC bean [types=[io.quarkus.scheduler.runtime.SchedulerRuntimeConfig, java.lang.Object], qualifiers=[@Any, @Default], target=n/a]
22:00:26 DEBUG [io.qu.ar.pr.UnusedBeans] Unremovable - declares producer: CLASS bean [types=[io.quarkus.micrometer.runtime.export.PrometheusMeterRegistryProvider, java.lang.Object], qualifiers=[@Any, @Default], target=io.quarkus.micrometer.runtime.export.PrometheusMeterRegistryProvider]
22:00:26 DEBUG [io.qu.ar.pr.UnusedBeans] Unremovable - declares producer: CLASS bean [types=[io.quarkus.micrometer.runtime.export.exemplars.EmptyExemplarSamplerProvider, java.lang.Object], qualifiers=[@Any, @Default], target=io.quarkus.micrometer.runtime.export.exemplars.EmptyExemplarSamplerProvider]
22:00:26 DEBUG [io.qu.ar.pr.UnusedBeans] Unremovable - declares producer: CLASS bean [types=[io.quarkus.micrometer.runtime.binder.netty.NettyMetricsProvider, java.lang.Object], qualifiers=[@Any, @Default], target=io.quarkus.micrometer.runtime.binder.netty.NettyMetricsProvider]
22:00:26 DEBUG [io.qu.ar.pr.UnusedBeans] Unremovable - declares producer: CLASS bean [types=[io.quarkus.micrometer.runtime.export.PrometheusMeterRegistryProducer, java.lang.Object], qualifiers=[@Any, @Default], target=io.quarkus.micrometer.runtime.export.PrometheusMeterRegistryProducer]
22:00:26 DEBUG [io.qu.ar.pr.UnusedBeans] Unremovable - declares producer: CLASS bean [types=[io.smallrye.config.inject.ConfigProducer, java.lang.Object], qualifiers=[@Any, @Default], target=io.smallrye.config.inject.ConfigProducer]
22:00:26 DEBUG [io.qu.ar.pr.UnusedBeans] Unremovable - declares producer: CLASS bean [types=[java.lang.Object, org.jboss.resteasy.reactive.server.injection.ContextProducers], qualifiers=[@Any, @Default], target=org.jboss.resteasy.reactive.server.injection.ContextProducers]
22:00:26 DEBUG [io.qu.ar.pr.UnusedBeans] Unremovable - declares producer: CLASS bean [types=[io.quarkus.security.runtime.IdentityProviderManagerCreator, java.lang.Object], qualifiers=[@Any, @Default], target=io.quarkus.security.runtime.IdentityProviderManagerCreator]
22:00:26 DEBUG [io.qu.ar.pr.UnusedBeans] Unremovable - declares producer: CLASS bean [types=[io.quarkus.vertx.http.runtime.CurrentRequestProducer, java.lang.Object], qualifiers=[@Any, @Default], target=io.quarkus.vertx.http.runtime.CurrentRequestProducer]
22:00:26 DEBUG [io.qu.ar.pr.UnusedBeans] Unremovable - declares producer: CLASS bean [types=[io.quarkus.micrometer.runtime.binder.netty.VertxNettyAllocatorMetricsProvider, java.lang.Object], qualifiers=[@Any, @Default], target=io.quarkus.micrometer.runtime.binder.netty.VertxNettyAllocatorMetricsProvider]
22:00:26 DEBUG [io.qu.ar.pr.UnusedBeans] Unremovable - declares producer: CLASS bean [types=[io.quarkus.arc.runtime.LoggerProducer, java.lang.Object], qualifiers=[@Any, @Default], target=io.quarkus.arc.runtime.LoggerProducer]
22:00:26 DEBUG [io.qu.ar.pr.UnusedBeans] Unremovable - declares producer: CLASS bean [types=[io.quarkus.micrometer.runtime.binder.HttpMeterFilterProvider, java.lang.Object], qualifiers=[@Any, @Default], target=io.quarkus.micrometer.runtime.binder.HttpMeterFilterProvider]
22:00:26 DEBUG [io.qu.ar.pr.UnusedBeans] Unremovable - declares producer: CLASS bean [types=[io.quarkus.resteasy.reactive.server.runtime.QuarkusContextProducers, java.lang.Object], qualifiers=[@Any, @Default], target=io.quarkus.resteasy.reactive.server.runtime.QuarkusContextProducers]
22:00:26 DEBUG [io.qu.ar.pr.UnusedBeans] Unremovable - declares producer: CLASS bean [types=[io.quarkus.micrometer.runtime.CompositeRegistryCreator, java.lang.Object], qualifiers=[@Any, @Default], target=io.quarkus.micrometer.runtime.CompositeRegistryCreator]
22:00:26 DEBUG [io.qu.ar.pr.UnusedBeans] Unremovable - declares producer: CLASS bean [types=[io.quarkus.smallrye.context.runtime.SmallRyeContextPropagationProvider, java.lang.Object], qualifiers=[@Any, @Default], target=io.quarkus.smallrye.context.runtime.SmallRyeContextPropagationProvider]
22:00:26 DEBUG [io.qu.ar.pr.UnusedBeans] Unremovable - declares producer: CLASS bean [types=[io.smallrye.health.registry.HealthRegistries, java.lang.Object], qualifiers=[@Any, @Default], target=io.smallrye.health.registry.HealthRegistries]
22:00:26 DEBUG [io.qu.ar.pr.UnusedBeans] Unremovable - declares producer: CLASS bean [types=[io.quarkus.jackson.runtime.ObjectMapperProducer, java.lang.Object], qualifiers=[@Any, @Default], target=io.quarkus.jackson.runtime.ObjectMapperProducer]
22:00:26 DEBUG [io.qu.ar.pr.UnusedBeans] Unremovable - declares producer: CLASS bean [types=[io.quarkus.vertx.runtime.VertxProducer, java.lang.Object], qualifiers=[@Any, @Default], target=io.quarkus.vertx.runtime.VertxProducer]
22:00:26 DEBUG [io.qu.ar.pr.UnusedBeans] Unremovable - declares producer: CLASS bean [types=[io.quarkus.micrometer.runtime.binder.netty.VertxNettyEventExecutorMetricsProvider, java.lang.Object], qualifiers=[@Any, @Default], target=io.quarkus.micrometer.runtime.binder.netty.VertxNettyEventExecutorMetricsProvider]
22:00:26 DEBUG [io.qu.ar.pr.UnusedBeans] Unremovable - declares producer: CLASS bean [types=[io.quarkus.vertx.http.runtime.CurrentVertxRequest, java.lang.Object], qualifiers=[@Any, @Default], target=io.quarkus.vertx.http.runtime.CurrentVertxRequest]
22:00:26 DEBUG [io.qu.ar.pr.UnusedBeans] Unremovable - declares producer: CLASS bean [types=[io.quarkus.micrometer.runtime.ClockProvider, java.lang.Object], qualifiers=[@Any, @Default], target=io.quarkus.micrometer.runtime.ClockProvider]
22:00:26 DEBUG [io.qu.ar.pr.UnusedBeans] Unremovable - declares producer: CLASS bean [types=[io.quarkus.security.runtime.PrincipalProducer, java.lang.Object], qualifiers=[@Any, @Default], target=io.quarkus.security.runtime.PrincipalProducer]
22:00:26 DEBUG [io.qu.ar.pr.BeanDeployment] Removed unused SYNTHETIC bean [types=[io.quarkus.security.runtime.SecurityConfig, java.lang.Object], qualifiers=[@Any, @Default], target=n/a]
Removed unused PRODUCER METHOD bean [types=[java.lang.Object, java.util.Optional<T>], qualifiers=[@Any, @ConfigProperty], target=java.util.Optional<T> produceOptionalConfigProperty(jakarta.enterprise.inject.spi.InjectionPoint ip), declaringBean=io.smallrye.config.inject.ConfigProducer]
Removed unused PRODUCER METHOD bean [types=[io.quarkus.runtime.LaunchMode, java.io.Serializable, java.lang.Comparable<io.quarkus.runtime.LaunchMode>, java.lang.Enum<io.quarkus.runtime.LaunchMode>, java.lang.Object, java.lang.constant.Constable], qualifiers=[@Any, @Default], target=io.quarkus.runtime.LaunchMode mode(), declaringBean=io.quarkus.arc.runtime.LaunchModeProducer]
Removed unused SYNTHETIC bean [types=[io.quarkus.virtual.threads.VirtualThreadsConfig, java.lang.Object], qualifiers=[@Any, @Default], target=n/a]
Removed unused PRODUCER METHOD bean [types=[java.lang.Object, java.util.OptionalDouble], qualifiers=[@Any, @ConfigProperty], target=java.util.OptionalDouble produceOptionalDoubleConfigProperty(jakarta.enterprise.inject.spi.InjectionPoint ip), declaringBean=io.smallrye.config.inject.ConfigProducer]
Removed unused PRODUCER METHOD bean [types=[java.lang.Iterable<T>, java.lang.Object, java.util.Collection<T>, java.util.Set<T>], qualifiers=[@Any, @ConfigProperty], target=java.util.Set<T> producesSetConfigProperty(jakarta.enterprise.inject.spi.InjectionPoint ip), declaringBean=io.smallrye.config.inject.ConfigProducer]
Removed unused SYNTHETIC bean [types=[io.quarkus.smallrye.health.runtime.SmallRyeHealthBuildFixedConfig, java.lang.Object], qualifiers=[@Any, @Default], target=n/a]
Removed unused SYNTHETIC bean [types=[io.quarkus.micrometer.runtime.config.runtime.VertxConfig, java.lang.Object], qualifiers=[@Any, @Default], target=n/a]
Removed unused CLASS bean [types=[io.quarkus.arc.runtime.LaunchModeProducer, java.lang.Object], qualifiers=[@Any, @Default], target=io.quarkus.arc.runtime.LaunchModeProducer]
Removed unused PRODUCER METHOD bean [types=[jakarta.ws.rs.container.ResourceContext, java.lang.Object], qualifiers=[@Any, @Default], target=jakarta.ws.rs.container.ResourceContext resourceContext(), declaringBean=org.jboss.resteasy.reactive.server.injection.ContextProducers]
Removed unused PRODUCER METHOD bean [types=[jakarta.ws.rs.core.Request, java.lang.Object], qualifiers=[@Any, @Default], target=jakarta.ws.rs.core.Request request(), declaringBean=org.jboss.resteasy.reactive.server.injection.ContextProducers]
Removed unused SYNTHETIC bean [types=[io.quarkus.vertx.core.runtime.config.VertxConfiguration, java.lang.Object], qualifiers=[@Any, @Default], target=n/a]
Removed unused PRODUCER METHOD bean [types=[java.lang.Object, java.util.Map<K, V>], qualifiers=[@Any, @ConfigProperty], target=java.util.Map<K, V> producesMapConfigProperty(jakarta.enterprise.inject.spi.InjectionPoint ip), declaringBean=io.smallrye.config.inject.ConfigProducer]
Removed unused SYNTHETIC bean [types=[io.quarkus.runtime.LaunchConfig, java.lang.Object], qualifiers=[@Any, @Default], target=n/a]
Removed unused SYNTHETIC bean [types=[io.quarkus.smallrye.openapi.runtime.OpenApiRuntimeConfig, java.lang.Object], qualifiers=[@Any, @Default], target=n/a]
Removed unused PRODUCER METHOD bean [types=[jakarta.ws.rs.sse.Sse, java.lang.Object], qualifiers=[@Any, @Default], target=jakarta.ws.rs.sse.Sse sse(), declaringBean=org.jboss.resteasy.reactive.server.injection.ContextProducers]
Removed unused SYNTHETIC bean [types=[io.vertx.ext.web.Router, java.lang.Object], qualifiers=[@Any, @Default], target=n/a]
Removed unused SYNTHETIC bean [types=[io.quarkus.reactive.pg.client.runtime.DataSourcesReactivePostgreSQLConfig, java.lang.Object], qualifiers=[@Any, @Default], target=n/a]
Removed unused PRODUCER METHOD bean [types=[jakarta.ws.rs.container.ContainerRequestContext, java.lang.Object], qualifiers=[@Any, @Default], target=jakarta.ws.rs.container.ContainerRequestContext containerRequestContext(), declaringBean=org.jboss.resteasy.reactive.server.injection.ContextProducers]
Removed unused SYNTHETIC bean [types=[io.quarkus.runtime.LiveReloadConfig, java.lang.Object], qualifiers=[@Any, @Default], target=n/a]
Removed unused PRODUCER METHOD bean [types=[java.io.Serializable, java.lang.CharSequence, java.lang.Comparable<java.lang.String>, java.lang.Object, java.lang.String, java.lang.constant.Constable, java.lang.constant.ConstantDesc], qualifiers=[@Any, @ConfigProperty], target=java.lang.String produceStringConfigProperty(jakarta.enterprise.inject.spi.InjectionPoint ip), declaringBean=io.smallrye.config.inject.ConfigProducer]
Removed unused PRODUCER METHOD bean [types=[jakarta.ws.rs.core.Application, java.lang.Object], qualifiers=[@Any, @Default], target=jakarta.ws.rs.core.Application application(), declaringBean=org.jboss.resteasy.reactive.server.injection.ContextProducers]
Removed unused PRODUCER METHOD bean [types=[io.vertx.core.http.HttpServerResponse, io.vertx.core.streams.StreamBase, io.vertx.core.streams.WriteStream<io.vertx.core.buffer.Buffer>, java.lang.Object], qualifiers=[@Any, @Default], target=io.vertx.core.http.HttpServerResponse httpServerResponse(), declaringBean=io.quarkus.resteasy.reactive.server.runtime.QuarkusContextProducers]
Removed unused SYNTHETIC bean [types=[io.quarkus.vertx.http.runtime.management.ManagementInterfaceBuildTimeConfig, java.lang.Object], qualifiers=[@Any, @Default], target=n/a]
Removed unused PRODUCER METHOD bean [types=[io.quarkus.resteasy.reactive.server.Closer, io.quarkus.resteasy.reactive.server.runtime.CloserImpl, java.lang.Object], qualifiers=[@Any, @Default], target=io.quarkus.resteasy.reactive.server.runtime.CloserImpl closer(), declaringBean=io.quarkus.resteasy.reactive.server.runtime.QuarkusContextProducers]
Removed unused PRODUCER METHOD bean [types=[java.lang.Object, java.util.List<T>], qualifiers=[@Any, @ConfigProperty], target=java.util.List<T> producesListConfigProperty(jakarta.enterprise.inject.spi.InjectionPoint ip), declaringBean=io.smallrye.config.inject.ConfigProducer]
Removed unused SYNTHETIC bean [types=[io.quarkus.runtime.ConfigConfig, java.lang.Object], qualifiers=[@Any, @Default], target=n/a]
Removed unused PRODUCER METHOD bean [types=[java.lang.Object, org.jboss.resteasy.reactive.server.SimpleResourceInfo], qualifiers=[@Any, @Default], target=org.jboss.resteasy.reactive.server.SimpleResourceInfo simplifiedResourceInfo(), declaringBean=org.jboss.resteasy.reactive.server.injection.ContextProducers]
Removed unused SYNTHETIC bean [types=[io.quarkus.datasource.runtime.DataSourcesBuildTimeConfig, java.lang.Object], qualifiers=[@Any, @Default], target=n/a]
Removed unused SYNTHETIC bean [types=[io.quarkus.vertx.http.runtime.management.ManagementConfig, java.lang.Object], qualifiers=[@Any, @Default], target=n/a]
Removed unused SYNTHETIC bean [types=[io.quarkus.runtime.ApplicationConfig, java.lang.Object], qualifiers=[@Any, @Default], target=n/a]
Removed unused SYNTHETIC bean [types=[io.quarkus.swaggerui.runtime.SwaggerUiRuntimeConfig, java.lang.Object], qualifiers=[@Any, @Default], target=n/a]
Removed unused CLASS bean [types=[java.lang.Object, space.maatini.eventsourcing.command.CommandBus], qualifiers=[@Any, @Default], target=space.maatini.eventsourcing.command.CommandBus]
Removed unused PRODUCER METHOD bean [types=[java.lang.Object, java.util.OptionalLong], qualifiers=[@Any, @ConfigProperty], target=java.util.OptionalLong produceOptionalLongConfigProperty(jakarta.enterprise.inject.spi.InjectionPoint ip), declaringBean=io.smallrye.config.inject.ConfigProducer]
Removed unused CLASS bean [types=[io.quarkus.security.spi.runtime.AuthorizationController, java.lang.Object], qualifiers=[@Any, @Default], target=io.quarkus.security.spi.runtime.AuthorizationController]
Removed unused SYNTHETIC bean [types=[io.quarkus.runtime.BuilderConfig, java.lang.Object], qualifiers=[@Any, @Default], target=n/a]
Removed unused PRODUCER METHOD bean [types=[java.io.Serializable, java.lang.Comparable<java.lang.Double>, java.lang.Double, java.lang.Number, java.lang.Object, java.lang.constant.Constable, java.lang.constant.ConstantDesc], qualifiers=[@Any, @ConfigProperty], target=java.lang.Double produceDoubleConfigProperty(jakarta.enterprise.inject.spi.InjectionPoint ip), declaringBean=io.smallrye.config.inject.ConfigProducer]
Removed unused PRODUCER METHOD bean [types=[java.io.Serializable, java.lang.Character, java.lang.Comparable<java.lang.Character>, java.lang.Object, java.lang.constant.Constable], qualifiers=[@Any, @ConfigProperty], target=java.lang.Character produceCharacterConfigProperty(jakarta.enterprise.inject.spi.InjectionPoint ip), declaringBean=io.smallrye.config.inject.ConfigProducer]
Removed unused PRODUCER METHOD bean [types=[java.io.Serializable, java.lang.Comparable<java.lang.Short>, java.lang.Number, java.lang.Object, java.lang.Short, java.lang.constant.Constable], qualifiers=[@Any, @ConfigProperty], target=java.lang.Short produceShortConfigProperty(jakarta.enterprise.inject.spi.InjectionPoint ip), declaringBean=io.smallrye.config.inject.ConfigProducer]
Removed unused SYNTHETIC bean [types=[io.quarkus.runtime.ThreadPoolConfig, java.lang.Object], qualifiers=[@Any, @Default], target=n/a]
Removed unused SYNTHETIC bean [types=[io.quarkus.runtime.BannerRuntimeConfig, java.lang.Object], qualifiers=[@Any, @Default], target=n/a]
Removed unused SYNTHETIC bean [types=[io.quarkus.runtime.shutdown.ShutdownConfig, java.lang.Object], qualifiers=[@Any, @Default], target=n/a]
Removed unused SYNTHETIC bean [types=[io.quarkus.vertx.http.runtime.DefaultAuthConfig, java.lang.Object], qualifiers=[@Any, @Default], target=n/a]
Removed unused PRODUCER METHOD bean [types=[java.io.Serializable, java.lang.Comparable<java.lang.Float>, java.lang.Float, java.lang.Number, java.lang.Object, java.lang.constant.Constable, java.lang.constant.ConstantDesc], qualifiers=[@Any, @ConfigProperty], target=java.lang.Float produceFloatConfigProperty(jakarta.enterprise.inject.spi.InjectionPoint ip), declaringBean=io.smallrye.config.inject.ConfigProducer]
Removed unused SYNTHETIC bean [types=[io.quarkus.hibernate.validator.runtime.HibernateValidatorBuildTimeConfig, java.lang.Object], qualifiers=[@Any, @Default], target=n/a]
Removed unused SYNTHETIC bean [types=[io.quarkus.runtime.CommandLineRuntimeConfig, java.lang.Object], qualifiers=[@Any, @Default], target=n/a]
Removed unused SYNTHETIC bean [types=[io.quarkus.smallrye.health.runtime.SmallRyeHealthRuntimeConfig, java.lang.Object], qualifiers=[@Any, @Default], target=n/a]
Removed unused PRODUCER METHOD bean [types=[java.lang.Object, java.util.function.Supplier<T>], qualifiers=[@Any, @ConfigProperty], target=java.util.function.Supplier<T> produceSupplierConfigProperty(jakarta.enterprise.inject.spi.InjectionPoint ip), declaringBean=io.smallrye.config.inject.ConfigProducer]
Removed unused PRODUCER METHOD bean [types=[java.io.Serializable, java.lang.Comparable<java.lang.Integer>, java.lang.Integer, java.lang.Number, java.lang.Object, java.lang.constant.Constable, java.lang.constant.ConstantDesc], qualifiers=[@Any, @ConfigProperty], target=java.lang.Integer getIntegerValue(jakarta.enterprise.inject.spi.InjectionPoint ip), declaringBean=io.smallrye.config.inject.ConfigProducer]
Removed unused SYNTHETIC bean [types=[io.quarkus.datasource.runtime.DataSourcesRuntimeConfig, java.lang.Object], qualifiers=[@Any, @Default], target=n/a]
Removed unused SYNTHETIC bean [types=[io.quarkus.resteasy.reactive.common.runtime.ResteasyReactiveConfig, java.lang.Object], qualifiers=[@Any, @Default], target=n/a]
Removed unused SYNTHETIC bean [types=[io.quarkus.runtime.logging.LogBuildTimeConfig, java.lang.Object], qualifiers=[@Any, @Default], target=n/a]
Removed unused SYNTHETIC bean [types=[io.vertx.mutiny.ext.web.Router, java.lang.Object], qualifiers=[@Any, @Default], target=n/a]
Removed unused PRODUCER METHOD bean [types=[java.lang.Object, org.jboss.resteasy.reactive.common.core.ResteasyReactiveCallbackContext, org.jboss.resteasy.reactive.server.spi.ServerRequestContext], qualifiers=[@Any, @Default], target=org.jboss.resteasy.reactive.server.spi.ServerRequestContext quarkusRestContext(), declaringBean=org.jboss.resteasy.reactive.server.injection.ContextProducers]
Removed unused CLASS bean [types=[io.quarkus.arc.impl.InjectableRequestContextController, jakarta.enterprise.context.control.RequestContextController, java.lang.Object], qualifiers=[@Any, @Default], target=io.quarkus.arc.impl.InjectableRequestContextController]
Removed unused SYNTHETIC bean [types=[io.quarkus.resteasy.reactive.server.runtime.ResteasyReactiveServerRuntimeConfig, java.lang.Object], qualifiers=[@Any, @Default], target=n/a]
Removed unused PRODUCER METHOD bean [types=[java.io.Serializable, java.lang.Comparable<java.lang.Long>, java.lang.Long, java.lang.Number, java.lang.Object, java.lang.constant.Constable, java.lang.constant.ConstantDesc], qualifiers=[@Any, @ConfigProperty], target=java.lang.Long getLongValue(jakarta.enterprise.inject.spi.InjectionPoint ip), declaringBean=io.smallrye.config.inject.ConfigProducer]
Removed unused SYNTHETIC bean [types=[io.quarkus.jacoco.runtime.JacocoConfig, java.lang.Object], qualifiers=[@Any, @Default], target=n/a]
Removed unused SYNTHETIC bean [types=[io.quarkus.runtime.DebugRuntimeConfig, java.lang.Object], qualifiers=[@Any, @Default], target=n/a]
Removed unused PRODUCER METHOD bean [types=[jakarta.ws.rs.container.ResourceInfo, java.lang.Object], qualifiers=[@Any, @Default], target=jakarta.ws.rs.container.ResourceInfo resourceInfo(), declaringBean=org.jboss.resteasy.reactive.server.injection.ContextProducers]
Removed unused SYNTHETIC bean [types=[java.lang.Object, java.util.concurrent.Executor, java.util.concurrent.ExecutorService], qualifiers=[@Any, @io.quarkus.virtual.threads.VirtualThreads], target=n/a]
Removed unused PRODUCER METHOD bean [types=[io.smallrye.health.api.HealthRegistry, java.lang.Object], qualifiers=[@Any, @Wellness], target=io.smallrye.health.api.HealthRegistry getWellnessRegistry(), declaringBean=io.smallrye.health.registry.HealthRegistries]
Removed unused PRODUCER METHOD bean [types=[java.io.Serializable, java.lang.Object, org.jboss.logging.BasicLogger, org.jboss.logging.Logger], qualifiers=[@Any, @LoggerName("")], target=org.jboss.logging.Logger getLoggerWithCustomName(jakarta.enterprise.inject.spi.InjectionPoint injectionPoint), declaringBean=io.quarkus.arc.runtime.LoggerProducer]
Removed unused PRODUCER METHOD bean [types=[java.io.Serializable, java.lang.Byte, java.lang.Comparable<java.lang.Byte>, java.lang.Number, java.lang.Object, java.lang.constant.Constable], qualifiers=[@Any, @ConfigProperty], target=java.lang.Byte produceByteConfigProperty(jakarta.enterprise.inject.spi.InjectionPoint ip), declaringBean=io.smallrye.config.inject.ConfigProducer]
Removed unused SYNTHETIC bean [types=[io.quarkus.runtime.BuildAnalyticsConfig, java.lang.Object], qualifiers=[@Any, @Default], target=n/a]
Removed unused SYNTHETIC bean [types=[io.quarkus.runtime.console.ConsoleRuntimeConfig, java.lang.Object], qualifiers=[@Any, @Default], target=n/a]
Removed unused PRODUCER METHOD bean [types=[io.smallrye.health.api.HealthRegistry, java.lang.Object], qualifiers=[@Any, @Readiness], target=io.smallrye.health.api.HealthRegistry getReadinessRegistry(), declaringBean=io.smallrye.health.registry.HealthRegistries]
Removed unused PRODUCER METHOD bean [types=[jakarta.ws.rs.core.UriInfo, java.lang.Object], qualifiers=[@Any, @Default], target=jakarta.ws.rs.core.UriInfo uriInfo(), declaringBean=org.jboss.resteasy.reactive.server.injection.ContextProducers]
Removed unused SYNTHETIC bean [types=[io.quarkus.hibernate.orm.runtime.HibernateOrmRuntimeConfig, java.lang.Object], qualifiers=[@Any, @Default], target=n/a]
Removed unused PRODUCER METHOD bean [types=[io.smallrye.config.ConfigValue, java.lang.Object, org.eclipse.microprofile.config.ConfigValue], qualifiers=[@Any, @ConfigProperty], target=io.smallrye.config.ConfigValue produceConfigValue(jakarta.enterprise.inject.spi.InjectionPoint ip), declaringBean=io.smallrye.config.inject.ConfigProducer]
Removed unused SYNTHETIC bean [types=[io.quarkus.reactive.datasource.runtime.DataSourcesReactiveBuildTimeConfig, java.lang.Object], qualifiers=[@Any, @Default], target=n/a]
Removed unused PRODUCER METHOD bean [types=[jakarta.ws.rs.core.Configuration, java.lang.Object], qualifiers=[@Any, @Default], target=jakarta.ws.rs.core.Configuration config(), declaringBean=org.jboss.resteasy.reactive.server.injection.ContextProducers]
Removed unused CLASS bean [types=[io.quarkus.hibernate.reactive.panache.common.runtime.TestReactiveTransactionalInterceptor, java.lang.Object], qualifiers=[@Any, @Default], target=io.quarkus.hibernate.reactive.panache.common.runtime.TestReactiveTransactionalInterceptor]
Removed unused SYNTHETIC bean [types=[io.quarkus.runtime.init.InitRuntimeConfig, java.lang.Object], qualifiers=[@Any, @Default], target=n/a]
Removed unused PRODUCER METHOD bean [types=[java.lang.Object, java.util.OptionalInt], qualifiers=[@Any, @ConfigProperty], target=java.util.OptionalInt produceOptionalIntConfigProperty(jakarta.enterprise.inject.spi.InjectionPoint ip), declaringBean=io.smallrye.config.inject.ConfigProducer]
Removed unused SYNTHETIC bean [types=[io.quarkus.tls.runtime.config.TlsConfig, java.lang.Object], qualifiers=[@Any, @Default], target=n/a]
Removed unused SYNTHETIC bean [types=[io.quarkus.runtime.LocalesBuildTimeConfig, java.lang.Object], qualifiers=[@Any, @Default], target=n/a]
Removed unused PRODUCER METHOD bean [types=[jakarta.ws.rs.core.SecurityContext, java.lang.Object], qualifiers=[@Any, @Default], target=jakarta.ws.rs.core.SecurityContext securityContext(), declaringBean=org.jboss.resteasy.reactive.server.injection.ContextProducers]
Removed unused PRODUCER METHOD bean [types=[io.smallrye.health.api.HealthRegistry, java.lang.Object], qualifiers=[@Any, @Liveness], target=io.smallrye.health.api.HealthRegistry getLivenessRegistry(), declaringBean=io.smallrye.health.registry.HealthRegistries]
Removed unused SYNTHETIC bean [types=[io.quarkus.runtime.logging.LogRuntimeConfig, java.lang.Object], qualifiers=[@Any, @Default], target=n/a]
Removed unused PRODUCER METHOD bean [types=[io.smallrye.health.api.HealthRegistry, java.lang.Object], qualifiers=[@Any, @Startup], target=io.smallrye.health.api.HealthRegistry getStartupRegistry(), declaringBean=io.smallrye.health.registry.HealthRegistries]
Removed unused SYNTHETIC bean [types=[io.quarkus.reactive.datasource.runtime.DataSourcesReactiveRuntimeConfig, java.lang.Object], qualifiers=[@Any, @Default], target=n/a]
22:00:26 DEBUG [io.qu.ar.pr.BeanDeployment] Removed unused interceptor INTERCEPTOR bean [bindings=[@Authenticated], target=Optional[io.quarkus.security.runtime.interceptor.AuthenticatedInterceptor]]
Removed unused interceptor INTERCEPTOR bean [bindings=[@CurrentThreadContext], target=Optional[io.smallrye.context.impl.cdi.SmallRyeCurrentThreadContextInterceptor]]
Removed unused interceptor INTERCEPTOR bean [bindings=[@Counted], target=Optional[io.quarkus.micrometer.runtime.MicrometerCountedInterceptor]]
Removed unused interceptor INTERCEPTOR bean [bindings=[@PermitAll], target=Optional[io.quarkus.resteasy.reactive.server.runtime.StandardSecurityCheckInterceptor$PermitAllInterceptor]]
Removed unused interceptor INTERCEPTOR bean [bindings=[@ActivateRequestContext], target=Optional[io.quarkus.arc.impl.ActivateRequestContextInterceptor]]
Removed unused interceptor INTERCEPTOR bean [bindings=[@ReactiveTransactional], target=Optional[io.quarkus.hibernate.reactive.panache.common.runtime.ReactiveTransactionalInterceptor]]
Removed unused interceptor INTERCEPTOR bean [bindings=[@PermitAll], target=Optional[io.quarkus.security.runtime.interceptor.PermitAllInterceptor]]
Removed unused interceptor INTERCEPTOR bean [bindings=[@TestReactiveTransaction], target=Optional[io.quarkus.hibernate.reactive.panache.common.runtime.TestReactiveTransactionalInterceptorGenerated]]
Removed unused interceptor INTERCEPTOR bean [bindings=[@PermissionsAllowed([""])], target=Optional[io.quarkus.security.runtime.interceptor.PermissionsAllowedInterceptor]]
Removed unused interceptor INTERCEPTOR bean [bindings=[@Authenticated], target=Optional[io.quarkus.resteasy.reactive.server.runtime.StandardSecurityCheckInterceptor$AuthenticatedInterceptor]]
Removed unused interceptor INTERCEPTOR bean [bindings=[@RolesAllowed([""])], target=Optional[io.quarkus.resteasy.reactive.server.runtime.StandardSecurityCheckInterceptor$RolesAllowedInterceptor]]
Removed unused interceptor INTERCEPTOR bean [bindings=[@SafeVertxContext], target=Optional[io.quarkus.vertx.core.runtime.context.SafeVertxContextInterceptor]]
Removed unused interceptor INTERCEPTOR bean [bindings=[@MethodValidated], target=Optional[io.quarkus.hibernate.validator.runtime.interceptor.MethodValidationInterceptor]]
Removed unused interceptor INTERCEPTOR bean [bindings=[@DenyAll], target=Optional[io.quarkus.security.runtime.interceptor.DenyAllInterceptor]]
Removed unused interceptor INTERCEPTOR bean [bindings=[@Timed], target=Optional[io.quarkus.micrometer.runtime.MicrometerTimedInterceptor]]
Removed unused interceptor INTERCEPTOR bean [bindings=[@io.quarkus.test.ActivateSessionContext], target=Optional[io.quarkus.arc.runtime.test.ActivateSessionContextInterceptor]]
Removed unused interceptor INTERCEPTOR bean [bindings=[@RolesAllowed([""])], target=Optional[io.quarkus.security.runtime.interceptor.RolesAllowedInterceptor]]
Removed unused interceptor INTERCEPTOR bean [bindings=[@Lock], target=Optional[io.quarkus.arc.impl.LockInterceptor]]
Removed unused interceptor INTERCEPTOR bean [bindings=[@PermissionsAllowed([""])], target=Optional[io.quarkus.resteasy.reactive.server.runtime.StandardSecurityCheckInterceptor$PermissionsAllowedInterceptor]]
22:00:26 DEBUG [io.qu.ar.pr.UnusedBeans] Unremovable - excluded by BeanClassNameExclusion [className=io.quarkus.micrometer.runtime.export.PrometheusMeterRegistryProducer]: CLASS bean [types=[io.quarkus.micrometer.runtime.export.PrometheusMeterRegistryProducer, java.lang.Object], qualifiers=[@Any, @Default], target=io.quarkus.micrometer.runtime.export.PrometheusMeterRegistryProducer]
22:00:26 DEBUG [io.qu.ar.pr.UnusedBeans] Unremovable - excluded by BeanClassNameExclusion [className=io.quarkus.security.runtime.IdentityProviderManagerCreator]: CLASS bean [types=[io.quarkus.security.runtime.IdentityProviderManagerCreator, java.lang.Object], qualifiers=[@Any, @Default], target=io.quarkus.security.runtime.IdentityProviderManagerCreator]
22:00:26 DEBUG [io.qu.ar.pr.UnusedBeans] Unremovable - excluded by BeanClassNameExclusion [className=io.quarkus.security.runtime.SecurityIdentityProxy]: CLASS bean [types=[io.quarkus.security.identity.SecurityIdentity, io.quarkus.security.runtime.SecurityIdentityProxy, java.lang.Object], qualifiers=[@Any, @Default], target=io.quarkus.security.runtime.SecurityIdentityProxy]
22:00:26 DEBUG [io.qu.ar.pr.UnusedBeans] Unremovable - excluded by BeanClassNameExclusion [className=io.quarkus.jackson.runtime.VertxHybridPoolObjectMapperCustomizer]: CLASS bean [types=[io.quarkus.jackson.ObjectMapperCustomizer, io.quarkus.jackson.runtime.VertxHybridPoolObjectMapperCustomizer, java.lang.Comparable<io.quarkus.jackson.ObjectMapperCustomizer>, java.lang.Object], qualifiers=[@Any, @Default], target=io.quarkus.jackson.runtime.VertxHybridPoolObjectMapperCustomizer]
22:00:26 DEBUG [io.qu.ar.pr.UnusedBeans] Unremovable - excluded by BeanClassAnnotationExclusion [nameStartsWith=null, name=jakarta.ws.rs.Path]: CLASS bean [types=[java.lang.Object, space.maatini.eventsourcing.resource.EventResource], qualifiers=[@Any, @Default], target=space.maatini.eventsourcing.resource.EventResource]
22:00:26 DEBUG [io.qu.ar.pr.UnusedBeans] Unremovable - excluded by BeanClassNameExclusion [className=io.quarkus.resteasy.reactive.server.runtime.exceptionmappers.AuthenticationFailedExceptionMapper]: CLASS bean [types=[io.quarkus.resteasy.reactive.server.runtime.exceptionmappers.AuthenticationFailedExceptionMapper, java.lang.Object], qualifiers=[@Any, @Default], target=io.quarkus.resteasy.reactive.server.runtime.exceptionmappers.AuthenticationFailedExceptionMapper]
22:00:26 DEBUG [io.qu.ar.pr.UnusedBeans] Unremovable - excluded by BeanClassNameExclusion [className=io.quarkus.micrometer.runtime.binder.HttpMeterFilterProvider]: CLASS bean [types=[io.quarkus.micrometer.runtime.binder.HttpMeterFilterProvider, java.lang.Object], qualifiers=[@Any, @Default], target=io.quarkus.micrometer.runtime.binder.HttpMeterFilterProvider]
22:00:26 DEBUG [io.qu.ar.pr.UnusedBeans] Unremovable - injected: CLASS bean [types=[java.lang.Object, space.maatini.eventsourcing.service.EventService], qualifiers=[@Any, @Default], target=space.maatini.eventsourcing.service.EventService]
22:00:26 DEBUG [io.qu.ar.pr.UnusedBeans] Unremovable - excluded by BeanClassNameExclusion [className=io.quarkus.vertx.runtime.VertxProducer]: CLASS bean [types=[io.quarkus.vertx.runtime.VertxProducer, java.lang.Object], qualifiers=[@Any, @Default], target=io.quarkus.vertx.runtime.VertxProducer]
22:00:26 DEBUG [io.qu.ar.pr.UnusedBeans] Unremovable - excluded by BeanClassNameExclusion [className=io.quarkus.smallrye.context.runtime.SmallRyeContextPropagationProvider]: CLASS bean [types=[io.quarkus.smallrye.context.runtime.SmallRyeContextPropagationProvider, java.lang.Object], qualifiers=[@Any, @Default], target=io.quarkus.smallrye.context.runtime.SmallRyeContextPropagationProvider]
22:00:26 DEBUG [io.qu.ar.pr.UnusedBeans] Unremovable - excluded by BeanClassNameExclusion [className=io.quarkus.vertx.http.runtime.HttpCertificateUpdateEventListener]: CLASS bean [types=[io.quarkus.vertx.http.runtime.HttpCertificateUpdateEventListener, java.lang.Object], qualifiers=[@Any, @Default], target=io.quarkus.vertx.http.runtime.HttpCertificateUpdateEventListener]
22:00:26 DEBUG [io.qu.ar.pr.UnusedBeans] Unremovable - excluded by io.quarkus.arc.deployment.UnremovableBeanBuildItem$1@6080ae4f: CLASS bean [types=[io.quarkus.resteasy.reactive.server.runtime.exceptionmappers.UnauthorizedExceptionMapper$ExceptionMapper$965510594634d484a005e8aaae2361e9c9c1ea07, jakarta.ws.rs.ext.ExceptionMapper, java.lang.Object, org.jboss.resteasy.reactive.server.spi.ResteasyReactiveAsyncExceptionMapper], qualifiers=[@Any, @Default], target=io.quarkus.resteasy.reactive.server.runtime.exceptionmappers.UnauthorizedExceptionMapper$ExceptionMapper$965510594634d484a005e8aaae2361e9c9c1ea07]
22:00:26 DEBUG [io.qu.ar.pr.UnusedBeans] Unremovable - injected: CLASS bean [types=[java.lang.Object, space.maatini.eventsourcing.service.EventBatchProcessor], qualifiers=[@Any, @Default], target=space.maatini.eventsourcing.service.EventBatchProcessor]
22:00:26 DEBUG [io.qu.ar.pr.UnusedBeans] Unremovable - injected: CLASS bean [types=[io.quarkus.security.identity.CurrentIdentityAssociation, io.quarkus.test.security.TestIdentityAssociation, java.lang.Object], qualifiers=[@Any, @Default], target=io.quarkus.test.security.TestIdentityAssociation]
22:00:26 DEBUG [io.qu.ar.pr.UnusedBeans] Unremovable - excluded by BeanClassAnnotationExclusion [nameStartsWith=null, name=org.eclipse.microprofile.health.Liveness]: CLASS bean [types=[io.smallrye.health.registry.HealthRegistries, java.lang.Object], qualifiers=[@Any, @Default], target=io.smallrye.health.registry.HealthRegistries]
22:00:26 DEBUG [io.qu.ar.pr.UnusedBeans] Unremovable - excluded by BeanClassAnnotationExclusion [nameStartsWith=null, name=io.quarkus.scheduler.Scheduled]: CLASS bean [types=[java.lang.Object, space.maatini.eventsourcing.service.OutboxScheduler], qualifiers=[@Any, @Default], target=space.maatini.eventsourcing.service.OutboxScheduler]
22:00:26 DEBUG [io.qu.ar.pr.UnusedBeans] Unremovable - excluded by BeanClassAnnotationExclusion [nameStartsWith=null, name=io.quarkus.test.junit.QuarkusTest]: CLASS bean [types=[java.lang.Object, space.maatini.eventsourcing.resource.AdminResourceTest], qualifiers=[@Any, @Default], target=space.maatini.eventsourcing.resource.AdminResourceTest]
22:00:26 DEBUG [io.qu.ar.pr.UnusedBeans] Unremovable - excluded by BeanClassNameExclusion [className=io.quarkus.micrometer.runtime.ClockProvider]: CLASS bean [types=[io.quarkus.micrometer.runtime.ClockProvider, java.lang.Object], qualifiers=[@Any, @Default], target=io.quarkus.micrometer.runtime.ClockProvider]
22:00:26 DEBUG [io.qu.ar.pr.UnusedBeans] Unremovable - injected: CLASS bean [types=[java.lang.Object, space.maatini.eventsourcing.service.ProjectionService], qualifiers=[@Any, @Default], target=space.maatini.eventsourcing.service.ProjectionService]
22:00:26 DEBUG [io.qu.ar.pr.UnusedBeans] Unremovable - excluded by BeanClassNameExclusion [className=io.quarkus.jackson.runtime.ConfigurationCustomizer]: CLASS bean [types=[io.quarkus.jackson.ObjectMapperCustomizer, io.quarkus.jackson.runtime.ConfigurationCustomizer, java.lang.Comparable<io.quarkus.jackson.ObjectMapperCustomizer>, java.lang.Object], qualifiers=[@Any, @Default], target=io.quarkus.jackson.runtime.ConfigurationCustomizer]
22:00:26 DEBUG [io.qu.ar.pr.UnusedBeans] Unremovable - excluded by BeanClassAnnotationExclusion [nameStartsWith=null, name=jakarta.ws.rs.Path]: CLASS bean [types=[java.lang.Object, space.maatini.eventsourcing.resource.TestSupportResource], qualifiers=[@Any, @Default], target=space.maatini.eventsourcing.resource.TestSupportResource]
22:00:26 DEBUG [io.qu.ar.pr.UnusedBeans] Unremovable - injected: CLASS bean [types=[java.lang.Object, space.maatini.eventsourcing.service.GenericAggregateService], qualifiers=[@Any, @Default], target=space.maatini.eventsourcing.service.GenericAggregateService]
22:00:26 DEBUG [io.qu.ar.pr.UnusedBeans] Unremovable - excluded by BeanClassNameExclusion [className=io.quarkus.micrometer.runtime.export.exemplars.EmptyExemplarSamplerProvider]: CLASS bean [types=[io.quarkus.micrometer.runtime.export.exemplars.EmptyExemplarSamplerProvider, java.lang.Object], qualifiers=[@Any, @Default], target=io.quarkus.micrometer.runtime.export.exemplars.EmptyExemplarSamplerProvider]
22:00:26 DEBUG [io.qu.ar.pr.UnusedBeans] Unremovable - excluded by BeanClassNameExclusion [className=io.quarkus.resteasy.reactive.jackson.runtime.serialisers.FullyFeaturedServerJacksonMessageBodyWriter]: CLASS bean [types=[io.quarkus.resteasy.reactive.jackson.runtime.serialisers.FullyFeaturedServerJacksonMessageBodyWriter, jakarta.ws.rs.ext.MessageBodyWriter<java.lang.Object>, java.lang.Object, org.jboss.resteasy.reactive.common.types.AllWriteableMarker, org.jboss.resteasy.reactive.server.spi.ServerMessageBodyWriter$AllWriteableMessageBodyWriter, org.jboss.resteasy.reactive.server.spi.ServerMessageBodyWriter<java.lang.Object>], qualifiers=[@Any, @Default], target=io.quarkus.resteasy.reactive.jackson.runtime.serialisers.FullyFeaturedServerJacksonMessageBodyWriter]
22:00:26 DEBUG [io.qu.ar.pr.UnusedBeans] Unremovable - excluded by BeanClassNameExclusion [className=io.quarkus.security.runtime.SecurityIdentityAssociation]: CLASS bean [types=[io.quarkus.security.identity.CurrentIdentityAssociation, io.quarkus.security.runtime.SecurityIdentityAssociation, io.quarkus.security.spi.runtime.AbstractSecurityIdentityAssociation, java.lang.Object], qualifiers=[@Any, @Default], target=io.quarkus.security.runtime.SecurityIdentityAssociation]
22:00:26 DEBUG [io.qu.ar.pr.UnusedBeans] Unremovable - excluded by BeanClassNameExclusion [className=space.maatini.eventsourcing.exception.DatabaseExceptionMapper]: CLASS bean [types=[jakarta.ws.rs.ext.ExceptionMapper<org.hibernate.exception.ConstraintViolationException>, java.lang.Object, space.maatini.eventsourcing.exception.DatabaseExceptionMapper], qualifiers=[@Any, @Default], target=space.maatini.eventsourcing.exception.DatabaseExceptionMapper]
22:00:26 DEBUG [io.qu.ar.pr.UnusedBeans] Unremovable - excluded by BeanClassNameExclusion [className=io.quarkus.resteasy.reactive.jackson.runtime.serialisers.BasicServerJacksonMessageBodyWriter]: CLASS bean [types=[io.quarkus.resteasy.reactive.jackson.runtime.serialisers.BasicServerJacksonMessageBodyWriter, jakarta.ws.rs.ext.MessageBodyWriter<java.lang.Object>, java.lang.Object, org.jboss.resteasy.reactive.common.types.AllWriteableMarker, org.jboss.resteasy.reactive.server.spi.ServerMessageBodyWriter$AllWriteableMessageBodyWriter, org.jboss.resteasy.reactive.server.spi.ServerMessageBodyWriter<java.lang.Object>], qualifiers=[@Any, @Default], target=io.quarkus.resteasy.reactive.jackson.runtime.serialisers.BasicServerJacksonMessageBodyWriter]
22:00:26 DEBUG [io.qu.ar.pr.UnusedBeans] Unremovable - excluded by BeanTypesExclusion [dotNames=[io.quarkus.vertx.http.runtime.security.HttpAuthenticationMechanism]]: CLASS bean [types=[io.quarkus.test.security.AbstractTestHttpAuthenticationMechanism, io.quarkus.test.security.PathBasedTestHttpAuthenticationMechanism, io.quarkus.vertx.http.runtime.security.HttpAuthenticationMechanism, java.lang.Object], qualifiers=[@Any, @Default], target=io.quarkus.test.security.PathBasedTestHttpAuthenticationMechanism]
22:00:26 DEBUG [io.qu.ar.pr.UnusedBeans] Unremovable - excluded by BeanClassNameExclusion [className=io.quarkus.security.runtime.X509IdentityProvider]: CLASS bean [types=[io.quarkus.security.identity.IdentityProvider<io.quarkus.security.identity.request.CertificateAuthenticationRequest>, io.quarkus.security.runtime.X509IdentityProvider, java.lang.Object], qualifiers=[@Any, @Default], target=io.quarkus.security.runtime.X509IdentityProvider]
22:00:26 DEBUG [io.qu.ar.pr.UnusedBeans] Unremovable - excluded by BeanClassAnnotationExclusion [nameStartsWith=null, name=jakarta.ws.rs.Path]: CLASS bean [types=[java.lang.Object, space.maatini.eventsourcing.resource.AdminResource], qualifiers=[@Any, @Default], target=space.maatini.eventsourcing.resource.AdminResource]
22:00:26 DEBUG [io.qu.ar.pr.UnusedBeans] Unremovable - excluded by BeanClassNameExclusion [className=io.quarkus.vertx.http.runtime.CurrentVertxRequest]: CLASS bean [types=[io.quarkus.vertx.http.runtime.CurrentVertxRequest, java.lang.Object], qualifiers=[@Any, @Default], target=io.quarkus.vertx.http.runtime.CurrentVertxRequest]
22:00:26 DEBUG [io.qu.ar.pr.UnusedBeans] Unremovable - injected: CLASS bean [types=[java.lang.Object, space.maatini.eventsourcing.service.ProjectionReplayService], qualifiers=[@Any, @Default], target=space.maatini.eventsourcing.service.ProjectionReplayService]
22:00:26 DEBUG [io.qu.ar.pr.UnusedBeans] Unremovable - excluded by BeanClassNameExclusion [className=io.quarkus.security.runtime.PrincipalProducer]: CLASS bean [types=[io.quarkus.security.runtime.PrincipalProducer, java.lang.Object], qualifiers=[@Any, @Default], target=io.quarkus.security.runtime.PrincipalProducer]
22:00:26 DEBUG [io.qu.ar.pr.UnusedBeans] Unremovable - excluded by BeanClassNameExclusion [className=io.quarkus.micrometer.runtime.binder.netty.VertxNettyEventExecutorMetricsProvider]: CLASS bean [types=[io.quarkus.micrometer.runtime.binder.netty.VertxNettyEventExecutorMetricsProvider, java.lang.Object], qualifiers=[@Any, @Default], target=io.quarkus.micrometer.runtime.binder.netty.VertxNettyEventExecutorMetricsProvider]
22:00:26 DEBUG [io.qu.ar.pr.UnusedBeans] Unremovable - excluded by BeanClassNameExclusion [className=io.quarkus.vertx.core.runtime.security.VertxBlockingSecurityExecutor]: CLASS bean [types=[io.quarkus.security.spi.runtime.BlockingSecurityExecutor, io.quarkus.vertx.core.runtime.security.VertxBlockingSecurityExecutor, java.lang.Object], qualifiers=[@Any, @Default], target=io.quarkus.vertx.core.runtime.security.VertxBlockingSecurityExecutor]
22:00:26 DEBUG [io.qu.ar.pr.UnusedBeans] Unremovable - excluded by BeanClassNameExclusion [className=space.maatini.eventsourcing.exception.ValidationExceptionMapper]: CLASS bean [types=[jakarta.ws.rs.ext.ExceptionMapper<jakarta.validation.ConstraintViolationException>, java.lang.Object, space.maatini.eventsourcing.exception.ValidationExceptionMapper], qualifiers=[@Any, @Default], target=space.maatini.eventsourcing.exception.ValidationExceptionMapper]
22:00:26 DEBUG [io.qu.ar.pr.UnusedBeans] Unremovable - excluded by io.quarkus.arc.deployment.UnremovableBeanBuildItem$1@6080ae4f: CLASS bean [types=[io.quarkus.resteasy.reactive.server.runtime.exceptionmappers.AuthenticationFailedExceptionMapper$ExceptionMapper$c2c34c033791b6e419bbd19d3b82f053d38098b8, jakarta.ws.rs.ext.ExceptionMapper, java.lang.Object, org.jboss.resteasy.reactive.server.spi.ResteasyReactiveAsyncExceptionMapper], qualifiers=[@Any, @Default], target=io.quarkus.resteasy.reactive.server.runtime.exceptionmappers.AuthenticationFailedExceptionMapper$ExceptionMapper$c2c34c033791b6e419bbd19d3b82f053d38098b8]
22:00:26 DEBUG [io.qu.ar.pr.UnusedBeans] Unremovable - injected: CLASS bean [types=[io.quarkus.vertx.http.runtime.security.AuthorizationPolicyStorage, io.quarkus.vertx.http.runtime.security.AuthorizationPolicyStorage_Impl, java.lang.Object], qualifiers=[@Any, @Default], target=io.quarkus.vertx.http.runtime.security.AuthorizationPolicyStorage_Impl]
22:00:26 DEBUG [io.qu.ar.pr.UnusedBeans] Unremovable - excluded by io.quarkus.hibernate.validator.deployment.HibernateValidatorProcessor$1@6d99097f: CLASS bean [types=[io.quarkus.hibernate.validator.runtime.locale.AbstractLocaleResolver, io.quarkus.hibernate.validator.runtime.locale.ResteasyReactiveLocaleResolver, java.lang.Object, org.hibernate.validator.spi.messageinterpolation.LocaleResolver], qualifiers=[@Any, @Default], target=io.quarkus.hibernate.validator.runtime.locale.ResteasyReactiveLocaleResolver]
22:00:26 DEBUG [io.qu.ar.pr.UnusedBeans] Unremovable - excluded by BeanClassNameExclusion [className=io.quarkus.vertx.http.runtime.CurrentRequestProducer]: CLASS bean [types=[io.quarkus.vertx.http.runtime.CurrentRequestProducer, java.lang.Object], qualifiers=[@Any, @Default], target=io.quarkus.vertx.http.runtime.CurrentRequestProducer]
22:00:26 DEBUG [io.qu.ar.pr.UnusedBeans] Unremovable - excluded by BeanClassNameExclusion [className=io.quarkus.micrometer.runtime.export.PrometheusMeterRegistryProvider]: CLASS bean [types=[io.quarkus.micrometer.runtime.export.PrometheusMeterRegistryProvider, java.lang.Object], qualifiers=[@Any, @Default], target=io.quarkus.micrometer.runtime.export.PrometheusMeterRegistryProvider]
22:00:26 DEBUG [io.qu.ar.pr.UnusedBeans] Unremovable - excluded by BeanClassNameExclusion [className=io.quarkus.resteasy.reactive.jackson.runtime.mappers.NativeInvalidDefinitionExceptionMapper]: CLASS bean [types=[io.quarkus.resteasy.reactive.jackson.runtime.mappers.NativeInvalidDefinitionExceptionMapper, java.lang.Object], qualifiers=[@Any, @Default], target=io.quarkus.resteasy.reactive.jackson.runtime.mappers.NativeInvalidDefinitionExceptionMapper]
22:00:26 DEBUG [io.qu.ar.pr.UnusedBeans] Unremovable - excluded by BeanClassNameExclusion [className=io.quarkus.resteasy.reactive.server.runtime.security.EagerSecurityContext]: CLASS bean [types=[io.quarkus.resteasy.reactive.server.runtime.security.EagerSecurityContext, java.lang.Object], qualifiers=[@Any, @Default], target=io.quarkus.resteasy.reactive.server.runtime.security.EagerSecurityContext]
22:00:26 DEBUG [io.qu.ar.pr.UnusedBeans] Unremovable - excluded by BeanClassNameExclusion [className=io.quarkus.vertx.http.runtime.security.HttpAuthorizer]: CLASS bean [types=[io.quarkus.vertx.http.runtime.security.AbstractHttpAuthorizer, io.quarkus.vertx.http.runtime.security.HttpAuthorizer, java.lang.Object], qualifiers=[@Any, @Default], target=io.quarkus.vertx.http.runtime.security.HttpAuthorizer]
22:00:26 DEBUG [io.qu.ar.pr.UnusedBeans] Unremovable - excluded by BeanTypeExclusion [dotName=io.quarkus.runtime.test.TestApplicationClassPredicate]: CLASS bean [types=[io.quarkus.arc.runtime.test.PreloadedTestApplicationClassPredicate, io.quarkus.runtime.test.TestApplicationClassPredicate, java.lang.Object, java.util.function.Predicate<java.lang.String>], qualifiers=[@Any, @Default], target=io.quarkus.arc.runtime.test.PreloadedTestApplicationClassPredicate]
22:00:26 DEBUG [io.qu.ar.pr.UnusedBeans] Unremovable - excluded by BeanClassAnnotationExclusion [nameStartsWith=null, name=org.eclipse.microprofile.health.Readiness]: CLASS bean [types=[io.quarkus.reactive.datasource.runtime.ReactiveDatasourceHealthCheck, io.quarkus.reactive.pg.client.runtime.health.ReactivePgDataSourcesHealthCheck, java.lang.Object, org.eclipse.microprofile.health.HealthCheck], qualifiers=[@Any, @Readiness], target=io.quarkus.reactive.pg.client.runtime.health.ReactivePgDataSourcesHealthCheck]
22:00:26 DEBUG [io.qu.ar.pr.UnusedBeans] Unremovable - excluded by BeanClassNameExclusion [className=io.quarkus.micrometer.runtime.CompositeRegistryCreator]: CLASS bean [types=[io.quarkus.micrometer.runtime.CompositeRegistryCreator, java.lang.Object], qualifiers=[@Any, @Default], target=io.quarkus.micrometer.runtime.CompositeRegistryCreator]
22:00:26 DEBUG [io.qu.ar.pr.UnusedBeans] Unremovable - excluded by BeanClassAnnotationExclusion [nameStartsWith=null, name=org.eclipse.microprofile.health.Readiness]: CLASS bean [types=[java.lang.Object, org.eclipse.microprofile.health.HealthCheck, space.maatini.eventsourcing.health.ProjectionHealthCheck], qualifiers=[@Any, @Readiness], target=space.maatini.eventsourcing.health.ProjectionHealthCheck]
22:00:26 DEBUG [io.qu.ar.pr.UnusedBeans] Unremovable - injected: CLASS bean [types=[java.lang.Object, space.maatini.eventsourcing.service.EventHandlerRegistry], qualifiers=[@Any, @Default], target=space.maatini.eventsourcing.service.EventHandlerRegistry]
22:00:26 DEBUG [io.qu.ar.pr.UnusedBeans] Unremovable - excluded by BeanTypesExclusion [dotNames=[io.quarkus.arc.AsyncObserverExceptionHandler]]: CLASS bean [types=[io.quarkus.arc.AsyncObserverExceptionHandler, io.quarkus.arc.impl.DefaultAsyncObserverExceptionHandler, java.lang.Object], qualifiers=[@Any, @Default], target=io.quarkus.arc.impl.DefaultAsyncObserverExceptionHandler]
22:00:26 DEBUG [io.qu.ar.pr.UnusedBeans] Unremovable - excluded by BeanClassNameExclusion [className=io.quarkus.hibernate.orm.runtime.cdi.QuarkusArcBeanContainer]: CLASS bean [types=[io.quarkus.hibernate.orm.runtime.cdi.QuarkusArcBeanContainer, java.lang.Object, org.hibernate.resource.beans.container.internal.CdiBasedBeanContainer, org.hibernate.resource.beans.container.spi.AbstractCdiBeanContainer, org.hibernate.resource.beans.container.spi.BeanContainer, org.hibernate.service.spi.Stoppable], qualifiers=[@Any, @Default], target=io.quarkus.hibernate.orm.runtime.cdi.QuarkusArcBeanContainer]
22:00:26 DEBUG [io.qu.ar.pr.UnusedBeans] Unremovable - excluded by BeanClassAnnotationExclusion [nameStartsWith=null, name=org.eclipse.microprofile.health.Liveness]: CLASS bean [types=[io.smallrye.health.SmallRyeHealthReporter, java.lang.Object], qualifiers=[@Any, @Default], target=io.smallrye.health.SmallRyeHealthReporter]
22:00:26 DEBUG [io.qu.ar.pr.UnusedBeans] Unremovable - excluded by BeanTypeExclusion [dotName=io.quarkus.scheduler.Scheduled$SkipPredicate]: CLASS bean [types=[io.quarkus.scheduler.Scheduled$ApplicationNotRunning, io.quarkus.scheduler.Scheduled$SkipPredicate, java.lang.Object], qualifiers=[@Any, @Default], target=io.quarkus.scheduler.Scheduled$ApplicationNotRunning]
22:00:26 DEBUG [io.qu.ar.pr.UnusedBeans] Unremovable - injected: CLASS bean [types=[java.lang.Object, space.maatini.eventsourcing.service.LogOutboxPublisher, space.maatini.eventsourcing.service.OutboxPublisher], qualifiers=[@Any, @Default], target=space.maatini.eventsourcing.service.LogOutboxPublisher]
22:00:26 DEBUG [io.qu.ar.pr.UnusedBeans] Unremovable - excluded by BeanClassNameExclusion [className=io.quarkus.resteasy.reactive.server.runtime.exceptionmappers.UnauthorizedExceptionMapper]: CLASS bean [types=[io.quarkus.resteasy.reactive.server.runtime.exceptionmappers.UnauthorizedExceptionMapper, java.lang.Object], qualifiers=[@Any, @Default], target=io.quarkus.resteasy.reactive.server.runtime.exceptionmappers.UnauthorizedExceptionMapper]
22:00:26 DEBUG [io.qu.ar.pr.UnusedBeans] Unremovable - programmatic lookup: CLASS bean [types=[io.quarkus.jackson.ObjectMapperCustomizer, io.quarkus.jackson.customizer.RegisterSerializersAndDeserializersCustomizer, java.lang.Comparable<io.quarkus.jackson.ObjectMapperCustomizer>, java.lang.Object], qualifiers=[@Any, @Default], target=io.quarkus.jackson.customizer.RegisterSerializersAndDeserializersCustomizer]
22:00:26 DEBUG [io.qu.ar.pr.UnusedBeans] Unremovable - excluded by BeanClassNameExclusion [className=io.quarkus.micrometer.runtime.binder.netty.NettyMetricsProvider]: CLASS bean [types=[io.quarkus.micrometer.runtime.binder.netty.NettyMetricsProvider, java.lang.Object], qualifiers=[@Any, @Default], target=io.quarkus.micrometer.runtime.binder.netty.NettyMetricsProvider]
22:00:26 DEBUG [io.qu.ar.pr.UnusedBeans] Unremovable - injected: CLASS bean [types=[io.quarkus.smallrye.health.runtime.QuarkusAsyncHealthCheckFactory, io.smallrye.health.AsyncHealthCheckFactory, java.lang.Object], qualifiers=[@Any, @Default], target=io.quarkus.smallrye.health.runtime.QuarkusAsyncHealthCheckFactory]
22:00:26 DEBUG [io.qu.ar.pr.UnusedBeans] Unremovable - excluded by BeanClassNameExclusion [className=io.quarkus.resteasy.reactive.jackson.runtime.serialisers.ServerJacksonMessageBodyReader]: CLASS bean [types=[io.quarkus.resteasy.reactive.jackson.runtime.serialisers.AbstractServerJacksonMessageBodyReader, io.quarkus.resteasy.reactive.jackson.runtime.serialisers.ServerJacksonMessageBodyReader, jakarta.ws.rs.ext.MessageBodyReader<java.lang.Object>, java.lang.Object, org.jboss.resteasy.reactive.common.providers.serialisers.AbstractJsonMessageBodyReader, org.jboss.resteasy.reactive.server.spi.ServerMessageBodyReader<java.lang.Object>], qualifiers=[@Any, @Default], target=io.quarkus.resteasy.reactive.jackson.runtime.serialisers.ServerJacksonMessageBodyReader]
22:00:26 DEBUG [io.qu.ar.pr.UnusedBeans] Unremovable - excluded by BeanClassAnnotationExclusion [nameStartsWith=null, name=io.quarkus.scheduler.Scheduled]: CLASS bean [types=[java.lang.Object, space.maatini.eventsourcing.service.ProjectionMetrics], qualifiers=[@Any, @Default], target=space.maatini.eventsourcing.service.ProjectionMetrics]
22:00:26 DEBUG [io.qu.ar.pr.UnusedBeans] Unremovable - injected: CLASS bean [types=[io.quarkus.security.spi.runtime.AuthorizationController, io.quarkus.test.security.TestAuthController, java.lang.Object], qualifiers=[@Any, @Default], target=io.quarkus.test.security.TestAuthController]
22:00:26 DEBUG [io.qu.ar.pr.UnusedBeans] Unremovable - excluded by BeanClassNameExclusion [className=io.quarkus.hibernate.validator.runtime.jaxrs.ResteasyReactiveViolationExceptionMapper]: CLASS bean [types=[io.quarkus.hibernate.validator.runtime.jaxrs.ResteasyReactiveViolationExceptionMapper, jakarta.ws.rs.ext.ExceptionMapper<jakarta.validation.ValidationException>, java.lang.Object], qualifiers=[@Any, @Default], target=io.quarkus.hibernate.validator.runtime.jaxrs.ResteasyReactiveViolationExceptionMapper]
22:00:26 DEBUG [io.qu.ar.pr.UnusedBeans] Unremovable - injected: CLASS bean [types=[io.quarkus.arc.runtime.ConfigStaticInitValues, java.lang.Object], qualifiers=[@Any, @Default], target=io.quarkus.arc.runtime.ConfigStaticInitValues]
22:00:26 DEBUG [io.qu.ar.pr.UnusedBeans] Unremovable - injected: CLASS bean [types=[io.quarkus.security.identity.CurrentIdentityAssociation, io.quarkus.security.spi.runtime.AbstractSecurityIdentityAssociation, io.quarkus.test.security.DelegateSecurityIdentityAssociation, java.lang.Object], qualifiers=[@Any, @Default], target=io.quarkus.test.security.DelegateSecurityIdentityAssociation]
22:00:26 DEBUG [io.qu.ar.pr.UnusedBeans] Unremovable - excluded by BeanClassNameExclusion [className=io.quarkus.micrometer.runtime.export.exemplars.NoopOpenTelemetryExemplarContextUnwrapper]: CLASS bean [types=[io.quarkus.micrometer.runtime.export.exemplars.NoopOpenTelemetryExemplarContextUnwrapper, io.quarkus.micrometer.runtime.export.exemplars.OpenTelemetryContextUnwrapper, java.lang.Object], qualifiers=[@Any, @Default], target=io.quarkus.micrometer.runtime.export.exemplars.NoopOpenTelemetryExemplarContextUnwrapper]
22:00:26 DEBUG [io.qu.ar.pr.UnusedBeans] Unremovable - excluded by BeanClassNameExclusion [className=io.quarkus.vertx.http.runtime.security.JaxRsPathMatchingHttpSecurityPolicy]: CLASS bean [types=[io.quarkus.vertx.http.runtime.security.JaxRsPathMatchingHttpSecurityPolicy, java.lang.Object], qualifiers=[@Any, @Default], target=io.quarkus.vertx.http.runtime.security.JaxRsPathMatchingHttpSecurityPolicy]
22:00:26 DEBUG [io.qu.ar.pr.UnusedBeans] Unremovable - excluded by BeanClassNameExclusion [className=io.quarkus.smallrye.openapi.runtime.OpenApiDocumentService]: CLASS bean [types=[io.quarkus.smallrye.openapi.runtime.OpenApiDocumentService, java.lang.Object], qualifiers=[@Any, @Default], target=io.quarkus.smallrye.openapi.runtime.OpenApiDocumentService]
22:00:26 DEBUG [io.qu.ar.pr.UnusedBeans] Unremovable - excluded by io.quarkus.arc.deployment.UnremovableBeanBuildItem$1@6080ae4f: CLASS bean [types=[io.quarkus.resteasy.reactive.jackson.runtime.mappers.NativeInvalidDefinitionExceptionMapper$ExceptionMapper$9b3903a6623e908ff3590aef8cbd6d07435aea0c, jakarta.ws.rs.ext.ExceptionMapper, java.lang.Object, org.jboss.resteasy.reactive.server.spi.ResteasyReactiveExceptionMapper], qualifiers=[@Any, @Default], target=io.quarkus.resteasy.reactive.jackson.runtime.mappers.NativeInvalidDefinitionExceptionMapper$ExceptionMapper$9b3903a6623e908ff3590aef8cbd6d07435aea0c]
22:00:26 DEBUG [io.qu.ar.pr.UnusedBeans] Unremovable - named: CLASS bean [types=[io.quarkus.hibernate.validator.runtime.locale.LocaleResolversWrapper, java.lang.Object, org.hibernate.validator.spi.messageinterpolation.LocaleResolver], qualifiers=[@Any, @Default, @Named("locale-resolver-wrapper")], target=io.quarkus.hibernate.validator.runtime.locale.LocaleResolversWrapper]
22:00:26 DEBUG [io.qu.ar.pr.UnusedBeans] Unremovable - excluded by BeanClassNameExclusion [className=io.quarkus.vertx.http.runtime.security.PathMatchingHttpSecurityPolicy]: CLASS bean [types=[io.quarkus.vertx.http.runtime.security.AbstractPathMatchingHttpSecurityPolicy, io.quarkus.vertx.http.runtime.security.HttpSecurityPolicy, io.quarkus.vertx.http.runtime.security.PathMatchingHttpSecurityPolicy, java.lang.Object], qualifiers=[@Any, @Default], target=io.quarkus.vertx.http.runtime.security.PathMatchingHttpSecurityPolicy]
22:00:26 DEBUG [io.qu.ar.pr.UnusedBeans] Unremovable - excluded by BeanClassNameExclusion [className=io.quarkus.resteasy.reactive.jackson.runtime.serialisers.FullyFeaturedServerJacksonMessageBodyReader]: CLASS bean [types=[io.quarkus.resteasy.reactive.jackson.runtime.serialisers.AbstractServerJacksonMessageBodyReader, io.quarkus.resteasy.reactive.jackson.runtime.serialisers.FullyFeaturedServerJacksonMessageBodyReader, jakarta.ws.rs.ext.MessageBodyReader<java.lang.Object>, java.lang.Object, org.jboss.resteasy.reactive.common.providers.serialisers.AbstractJsonMessageBodyReader, org.jboss.resteasy.reactive.server.spi.ServerMessageBodyReader<java.lang.Object>], qualifiers=[@Any, @Default], target=io.quarkus.resteasy.reactive.jackson.runtime.serialisers.FullyFeaturedServerJacksonMessageBodyReader]
22:00:26 DEBUG [io.qu.ar.pr.UnusedBeans] Unremovable - excluded by BeanClassNameExclusion [className=io.quarkus.vertx.http.runtime.security.HttpAuthenticator]: CLASS bean [types=[io.quarkus.vertx.http.runtime.security.HttpAuthenticator, java.lang.Object], qualifiers=[@Any, @Default], target=io.quarkus.vertx.http.runtime.security.HttpAuthenticator]
22:00:26 DEBUG [io.qu.ar.pr.UnusedBeans] Unremovable - excluded by BeanClassAnnotationExclusion [nameStartsWith=null, name=io.quarkus.test.junit.QuarkusTest]: CLASS bean [types=[java.lang.Object, space.maatini.eventsourcing.resource.EventResourceTest], qualifiers=[@Any, @Default], target=space.maatini.eventsourcing.resource.EventResourceTest]
22:00:26 DEBUG [io.qu.ar.pr.UnusedBeans] Unremovable - excluded by BeanClassAnnotationExclusion [nameStartsWith=null, name=jakarta.ws.rs.Path]: CLASS bean [types=[java.lang.Object, space.maatini.eventsourcing.resource.GenericAggregateResource], qualifiers=[@Any, @Default], target=space.maatini.eventsourcing.resource.GenericAggregateResource]
22:00:26 DEBUG [io.qu.ar.pr.UnusedBeans] Unremovable - declares observer: CLASS bean [types=[io.quarkus.scheduler.Scheduler, java.lang.Object], qualifiers=[@Any, @Default], target=io.quarkus.scheduler.runtime.SimpleScheduler]
22:00:26 DEBUG [io.qu.ar.pr.UnusedBeans] Unremovable - excluded by BeanClassNameExclusion [className=io.quarkus.micrometer.runtime.binder.netty.VertxNettyAllocatorMetricsProvider]: CLASS bean [types=[io.quarkus.micrometer.runtime.binder.netty.VertxNettyAllocatorMetricsProvider, java.lang.Object], qualifiers=[@Any, @Default], target=io.quarkus.micrometer.runtime.binder.netty.VertxNettyAllocatorMetricsProvider]
22:00:26 DEBUG [io.qu.ar.pr.UnusedBeans] Unremovable - excluded by BeanTypesExclusion [dotNames=[io.quarkus.vertx.http.runtime.security.HttpAuthenticationMechanism]]: CLASS bean [types=[io.quarkus.test.security.AbstractTestHttpAuthenticationMechanism, io.quarkus.test.security.FallbackTestHttpAuthenticationMechanism, io.quarkus.vertx.http.runtime.security.HttpAuthenticationMechanism, java.lang.Object], qualifiers=[@Any, @Default], target=io.quarkus.test.security.FallbackTestHttpAuthenticationMechanism]
22:00:26 DEBUG [io.qu.ar.pr.UnusedBeans] Unremovable - excluded by BeanTypesExclusion [dotNames=[io.micrometer.core.instrument.config.MeterFilter, io.micrometer.core.instrument.MeterRegistry, io.micrometer.core.instrument.config.NamingConvention, io.quarkus.micrometer.runtime.MeterRegistryCustomizer, io.micrometer.core.instrument.binder.MeterBinder]]: PRODUCER METHOD bean [types=[io.micrometer.core.instrument.binder.MeterBinder, java.lang.Object], qualifiers=[@Any, @Default], target=io.micrometer.core.instrument.binder.MeterBinder vertxEventLoopGroupMetrics(io.vertx.core.Vertx vertx), declaringBean=io.quarkus.micrometer.runtime.binder.netty.VertxNettyEventExecutorMetricsProvider]
22:00:26 DEBUG [io.qu.ar.pr.UnusedBeans] Unremovable - excluded by BeanClassNameExclusion [className=io.quarkus.vertx.runtime.VertxProducer]: PRODUCER METHOD bean [types=[io.vertx.core.eventbus.EventBus, io.vertx.core.metrics.Measured, java.lang.Object], qualifiers=[@Any, @Default], target=io.vertx.core.eventbus.EventBus eventbus(io.vertx.core.Vertx vertx), declaringBean=io.quarkus.vertx.runtime.VertxProducer]
22:00:26 DEBUG [io.qu.ar.pr.UnusedBeans] Unremovable - excluded by BeanTypesExclusion [dotNames=[io.micrometer.core.instrument.config.MeterFilter, io.micrometer.core.instrument.MeterRegistry, io.micrometer.core.instrument.config.NamingConvention, io.quarkus.micrometer.runtime.MeterRegistryCustomizer, io.micrometer.core.instrument.binder.MeterBinder]]: PRODUCER METHOD bean [types=[io.micrometer.core.instrument.binder.MeterBinder, java.lang.Object], qualifiers=[@Any, @Default], target=io.micrometer.core.instrument.binder.MeterBinder vertxUnpooledByteBufAllocatorMetrics(), declaringBean=io.quarkus.micrometer.runtime.binder.netty.VertxNettyAllocatorMetricsProvider]
22:00:26 DEBUG [io.qu.ar.pr.UnusedBeans] Unremovable - named: PRODUCER METHOD bean [types=[io.vertx.core.http.HttpServerRequest, io.vertx.core.streams.ReadStream<io.vertx.core.buffer.Buffer>, io.vertx.core.streams.StreamBase, java.lang.Object], qualifiers=[@Any, @Default, @Named("vertxRequest")], target=io.vertx.core.http.HttpServerRequest getCurrentRequest(io.vertx.ext.web.RoutingContext rc), declaringBean=io.quarkus.vertx.http.runtime.CurrentRequestProducer]
22:00:26 DEBUG [io.qu.ar.pr.UnusedBeans] Unremovable - injected: PRODUCER METHOD bean [types=[io.smallrye.config.SmallRyeConfig, java.io.Serializable, java.lang.Object, org.eclipse.microprofile.config.Config], qualifiers=[@Any, @Default], target=io.smallrye.config.SmallRyeConfig getConfig(), declaringBean=io.smallrye.config.inject.ConfigProducer]
22:00:26 DEBUG [io.qu.ar.pr.UnusedBeans] Unremovable - excluded by BeanTypesExclusion [dotNames=[io.micrometer.core.instrument.config.MeterFilter, io.micrometer.core.instrument.MeterRegistry, io.micrometer.core.instrument.config.NamingConvention, io.quarkus.micrometer.runtime.MeterRegistryCustomizer, io.micrometer.core.instrument.binder.MeterBinder]]: PRODUCER METHOD bean [types=[io.micrometer.core.instrument.binder.MeterBinder, java.lang.Object], qualifiers=[@Any, @Default], target=io.micrometer.core.instrument.binder.MeterBinder pooledByteBufAllocatorMetrics(), declaringBean=io.quarkus.micrometer.runtime.binder.netty.NettyMetricsProvider]
22:00:26 DEBUG [io.qu.ar.pr.UnusedBeans] Unremovable - excluded by BeanClassNameExclusion [className=io.quarkus.micrometer.runtime.export.PrometheusMeterRegistryProvider]: PRODUCER METHOD bean [types=[io.micrometer.core.instrument.config.MeterRegistryConfig, io.micrometer.prometheus.PrometheusConfig, java.lang.Object], qualifiers=[@Any, @Default], target=io.micrometer.prometheus.PrometheusConfig configure(io.quarkus.micrometer.runtime.config.runtime.PrometheusRuntimeConfig config), declaringBean=io.quarkus.micrometer.runtime.export.PrometheusMeterRegistryProvider]
22:00:26 DEBUG [io.qu.ar.pr.UnusedBeans] Unremovable - excluded by BeanClassNameExclusion [className=io.quarkus.micrometer.runtime.export.exemplars.EmptyExemplarSamplerProvider]: PRODUCER METHOD bean [types=[java.lang.Object, java.util.Optional<io.prometheus.client.exemplars.ExemplarSampler>], qualifiers=[@Any, @Default], target=java.util.Optional<io.prometheus.client.exemplars.ExemplarSampler> exemplarSampler(), declaringBean=io.quarkus.micrometer.runtime.export.exemplars.EmptyExemplarSamplerProvider]
22:00:26 DEBUG [io.qu.ar.pr.UnusedBeans] Unremovable - excluded by BeanTypesExclusion [dotNames=[io.micrometer.core.instrument.config.MeterFilter, io.micrometer.core.instrument.MeterRegistry, io.micrometer.core.instrument.config.NamingConvention, io.quarkus.micrometer.runtime.MeterRegistryCustomizer, io.micrometer.core.instrument.binder.MeterBinder]]: PRODUCER METHOD bean [types=[io.micrometer.core.instrument.config.MeterFilter, java.lang.Object], qualifiers=[@Any, @Default], target=io.micrometer.core.instrument.config.MeterFilter metricsHttpServerUriTagFilter(io.quarkus.micrometer.runtime.config.runtime.HttpServerConfig httpServerConfig), declaringBean=io.quarkus.micrometer.runtime.binder.HttpMeterFilterProvider]
22:00:26 DEBUG [io.qu.ar.pr.UnusedBeans] Unremovable - excluded by BeanClassNameExclusion [className=io.quarkus.security.runtime.IdentityProviderManagerCreator]: PRODUCER METHOD bean [types=[io.quarkus.security.identity.IdentityProviderManager, java.lang.Object], qualifiers=[@Any, @Default], target=io.quarkus.security.identity.IdentityProviderManager ipm(jakarta.enterprise.inject.Instance<io.quarkus.security.identity.IdentityProvider<?>> identityProviders, jakarta.enterprise.inject.Instance<io.quarkus.security.identity.SecurityIdentityAugmentor> augmentors, io.quarkus.security.spi.runtime.BlockingSecurityExecutor blockingExecutor), declaringBean=io.quarkus.security.runtime.IdentityProviderManagerCreator]
22:00:26 DEBUG [io.qu.ar.pr.UnusedBeans] Unremovable - excluded by BeanTypesExclusion [dotNames=[io.micrometer.core.instrument.config.MeterFilter, io.micrometer.core.instrument.MeterRegistry, io.micrometer.core.instrument.config.NamingConvention, io.quarkus.micrometer.runtime.MeterRegistryCustomizer, io.micrometer.core.instrument.binder.MeterBinder]]: PRODUCER METHOD bean [types=[io.micrometer.core.instrument.config.NamingConvention, io.micrometer.prometheus.PrometheusNamingConvention, java.lang.Object], qualifiers=[@Any, @Default], target=io.micrometer.prometheus.PrometheusNamingConvention namingConvention(), declaringBean=io.quarkus.micrometer.runtime.export.PrometheusMeterRegistryProvider]
22:00:26 DEBUG [io.qu.ar.pr.UnusedBeans] Unremovable - excluded by BeanTypesExclusion [dotNames=[io.micrometer.core.instrument.config.MeterFilter, io.micrometer.core.instrument.MeterRegistry, io.micrometer.core.instrument.config.NamingConvention, io.quarkus.micrometer.runtime.MeterRegistryCustomizer, io.micrometer.core.instrument.binder.MeterBinder]]: PRODUCER METHOD bean [types=[io.micrometer.core.instrument.binder.MeterBinder, java.lang.Object], qualifiers=[@Any, @Default], target=io.micrometer.core.instrument.binder.MeterBinder unpooledByteBufAllocatorMetrics(), declaringBean=io.quarkus.micrometer.runtime.binder.netty.NettyMetricsProvider]
22:00:26 DEBUG [io.qu.ar.pr.UnusedBeans] Unremovable - injected: PRODUCER METHOD bean [types=[java.io.Serializable, java.lang.Boolean, java.lang.Comparable<java.lang.Boolean>, java.lang.Object, java.lang.constant.Constable], qualifiers=[@Any, @ConfigProperty], target=java.lang.Boolean produceBooleanConfigProperty(jakarta.enterprise.inject.spi.InjectionPoint ip), declaringBean=io.smallrye.config.inject.ConfigProducer]
22:00:26 DEBUG [io.qu.ar.pr.UnusedBeans] Unremovable - excluded by BeanClassNameExclusion [className=io.quarkus.smallrye.context.runtime.SmallRyeContextPropagationProvider]: PRODUCER METHOD bean [types=[io.smallrye.context.SmallRyeThreadContext, java.lang.Object, org.eclipse.microprofile.context.ThreadContext], qualifiers=[@Any, @Default], target=io.smallrye.context.SmallRyeThreadContext getAllThreadContext(), declaringBean=io.quarkus.smallrye.context.runtime.SmallRyeContextPropagationProvider]
22:00:26 DEBUG [io.qu.ar.pr.UnusedBeans] Unremovable - excluded by BeanTypesExclusion [dotNames=[io.micrometer.core.instrument.config.MeterFilter, io.micrometer.core.instrument.MeterRegistry, io.micrometer.core.instrument.config.NamingConvention, io.quarkus.micrometer.runtime.MeterRegistryCustomizer, io.micrometer.core.instrument.binder.MeterBinder]]: PRODUCER METHOD bean [types=[io.micrometer.core.instrument.config.MeterFilter, java.lang.Object], qualifiers=[@Any, @Default], target=io.micrometer.core.instrument.config.MeterFilter metricsHttpClientUriTagFilter(io.quarkus.micrometer.runtime.config.runtime.HttpClientConfig httpClientConfig), declaringBean=io.quarkus.micrometer.runtime.binder.HttpMeterFilterProvider]
22:00:26 DEBUG [io.qu.ar.pr.UnusedBeans] Unremovable - injected: PRODUCER METHOD bean [types=[jakarta.ws.rs.ext.Providers, java.lang.Object], qualifiers=[@Any, @Default], target=jakarta.ws.rs.ext.Providers providers(), declaringBean=io.quarkus.resteasy.reactive.server.runtime.QuarkusContextProducers]
22:00:26 DEBUG [io.qu.ar.pr.UnusedBeans] Unremovable - excluded by BeanTypesExclusion [dotNames=[jakarta.ws.rs.core.HttpHeaders]]: PRODUCER METHOD bean [types=[jakarta.ws.rs.core.HttpHeaders, java.lang.Object], qualifiers=[@Any, @Default], target=jakarta.ws.rs.core.HttpHeaders headers(), declaringBean=org.jboss.resteasy.reactive.server.injection.ContextProducers]
22:00:26 DEBUG [io.qu.ar.pr.UnusedBeans] Unremovable - excluded by BeanTypesExclusion [dotNames=[io.micrometer.core.instrument.config.MeterFilter, io.micrometer.core.instrument.MeterRegistry, io.micrometer.core.instrument.config.NamingConvention, io.quarkus.micrometer.runtime.MeterRegistryCustomizer, io.micrometer.core.instrument.binder.MeterBinder]]: PRODUCER METHOD bean [types=[io.micrometer.core.instrument.config.MeterFilter, java.lang.Object], qualifiers=[@Any, @Default], target=io.micrometer.core.instrument.config.MeterFilter metricsHttpPushUriTagFilter(io.quarkus.micrometer.runtime.config.runtime.HttpServerConfig httpServerConfig), declaringBean=io.quarkus.micrometer.runtime.binder.HttpMeterFilterProvider]
22:00:26 DEBUG [io.qu.ar.pr.UnusedBeans] Unremovable - excluded by BeanTypesExclusion [dotNames=[com.fasterxml.jackson.databind.ObjectMapper]]: PRODUCER METHOD bean [types=[com.fasterxml.jackson.core.ObjectCodec, com.fasterxml.jackson.core.TreeCodec, com.fasterxml.jackson.core.Versioned, com.fasterxml.jackson.databind.ObjectMapper, java.io.Serializable, java.lang.Object], qualifiers=[@Any, @Default], target=com.fasterxml.jackson.databind.ObjectMapper objectMapper(jakarta.enterprise.inject.Instance<io.quarkus.jackson.ObjectMapperCustomizer> customizers), declaringBean=io.quarkus.jackson.runtime.ObjectMapperProducer]
22:00:26 DEBUG [io.qu.ar.pr.UnusedBeans] Unremovable - excluded by BeanClassNameExclusion [className=io.quarkus.vertx.runtime.VertxProducer]: PRODUCER METHOD bean [types=[io.smallrye.mutiny.vertx.MutinyDelegate, io.vertx.mutiny.core.Vertx, io.vertx.mutiny.core.metrics.Measured, java.lang.Object], qualifiers=[@Any, @Default], target=io.vertx.mutiny.core.Vertx mutiny(io.vertx.core.Vertx vertx), declaringBean=io.quarkus.vertx.runtime.VertxProducer]
22:00:26 DEBUG [io.qu.ar.pr.UnusedBeans] Unremovable - excluded by BeanClassNameExclusion [className=io.quarkus.micrometer.runtime.export.PrometheusMeterRegistryProvider]: PRODUCER METHOD bean [types=[io.prometheus.client.CollectorRegistry, java.lang.Object], qualifiers=[@Any, @Default], target=io.prometheus.client.CollectorRegistry collectorRegistry(), declaringBean=io.quarkus.micrometer.runtime.export.PrometheusMeterRegistryProvider]
22:00:26 DEBUG [io.qu.ar.pr.UnusedBeans] Unremovable - excluded by BeanClassNameExclusion [className=io.quarkus.micrometer.runtime.ClockProvider]: PRODUCER METHOD bean [types=[io.micrometer.core.instrument.Clock, java.lang.Object], qualifiers=[@Any, @Default], target=io.micrometer.core.instrument.Clock clock(), declaringBean=io.quarkus.micrometer.runtime.ClockProvider]
22:00:26 DEBUG [io.qu.ar.pr.UnusedBeans] Unremovable - excluded by BeanClassNameExclusion [className=io.quarkus.security.runtime.IdentityProviderManagerCreator]: PRODUCER METHOD bean [types=[io.quarkus.security.spi.runtime.BlockingSecurityExecutor, java.lang.Object], qualifiers=[@Any, @Default], target=io.quarkus.security.spi.runtime.BlockingSecurityExecutor defaultBlockingExecutor(), declaringBean=io.quarkus.security.runtime.IdentityProviderManagerCreator]
22:00:26 DEBUG [io.qu.ar.pr.UnusedBeans] Unremovable - excluded by BeanTypesExclusion [dotNames=[io.micrometer.core.instrument.config.MeterFilter, io.micrometer.core.instrument.MeterRegistry, io.micrometer.core.instrument.config.NamingConvention, io.quarkus.micrometer.runtime.MeterRegistryCustomizer, io.micrometer.core.instrument.binder.MeterBinder]]: PRODUCER METHOD bean [types=[io.micrometer.core.instrument.MeterRegistry, io.micrometer.prometheus.PrometheusMeterRegistry, java.lang.Object], qualifiers=[@Any, @Default], target=io.micrometer.prometheus.PrometheusMeterRegistry registry(io.micrometer.prometheus.PrometheusConfig config, io.prometheus.client.CollectorRegistry collectorRegistry, java.util.Optional<io.prometheus.client.exemplars.ExemplarSampler> exemplarSampler, io.micrometer.core.instrument.Clock clock), declaringBean=io.quarkus.micrometer.runtime.export.PrometheusMeterRegistryProducer]
22:00:26 DEBUG [io.qu.ar.pr.UnusedBeans] Unremovable - excluded by BeanTypesExclusion [dotNames=[io.micrometer.core.instrument.config.MeterFilter, io.micrometer.core.instrument.MeterRegistry, io.micrometer.core.instrument.config.NamingConvention, io.quarkus.micrometer.runtime.MeterRegistryCustomizer, io.micrometer.core.instrument.binder.MeterBinder]]: PRODUCER METHOD bean [types=[io.micrometer.core.instrument.config.MeterFilter, java.lang.Object], qualifiers=[@Any, @Default], target=io.micrometer.core.instrument.config.MeterFilter metricsHttpWebSocketsUriTagFilter(io.quarkus.micrometer.runtime.config.runtime.HttpServerConfig httpServerConfig), declaringBean=io.quarkus.micrometer.runtime.binder.HttpMeterFilterProvider]
22:00:26 DEBUG [io.qu.ar.pr.UnusedBeans] Unremovable - excluded by BeanClassNameExclusion [className=io.quarkus.security.runtime.PrincipalProducer]: PRODUCER METHOD bean [types=[java.lang.Object, java.security.Principal], qualifiers=[@Any, @Default], target=java.security.Principal principal(io.quarkus.security.identity.CurrentIdentityAssociation identityAssociation), declaringBean=io.quarkus.security.runtime.PrincipalProducer]
22:00:26 DEBUG [io.qu.ar.pr.UnusedBeans] Unremovable - excluded by BeanTypesExclusion [dotNames=[io.micrometer.core.instrument.config.MeterFilter, io.micrometer.core.instrument.MeterRegistry, io.micrometer.core.instrument.config.NamingConvention, io.quarkus.micrometer.runtime.MeterRegistryCustomizer, io.micrometer.core.instrument.binder.MeterBinder]]: PRODUCER METHOD bean [types=[io.micrometer.core.instrument.config.NamingConvention, io.micrometer.prometheus.PrometheusDurationNamingConvention, io.micrometer.prometheus.PrometheusNamingConvention, java.lang.Object], qualifiers=[@Any, @Default], target=io.micrometer.prometheus.PrometheusDurationNamingConvention durationNamingConvention(), declaringBean=io.quarkus.micrometer.runtime.export.PrometheusMeterRegistryProvider]
22:00:26 DEBUG [io.qu.ar.pr.UnusedBeans] Unremovable - excluded by BeanClassNameExclusion [className=io.quarkus.vertx.runtime.VertxProducer]: PRODUCER METHOD bean [types=[io.smallrye.mutiny.vertx.MutinyDelegate, io.vertx.mutiny.core.eventbus.EventBus, io.vertx.mutiny.core.metrics.Measured, java.lang.Object], qualifiers=[@Any, @Default], target=io.vertx.mutiny.core.eventbus.EventBus mutinyEventBus(io.vertx.mutiny.core.Vertx mutiny), declaringBean=io.quarkus.vertx.runtime.VertxProducer]
22:00:26 DEBUG [io.qu.ar.pr.UnusedBeans] Unremovable - excluded by BeanTypesExclusion [dotNames=[io.micrometer.core.instrument.config.MeterFilter, io.micrometer.core.instrument.MeterRegistry, io.micrometer.core.instrument.config.NamingConvention, io.quarkus.micrometer.runtime.MeterRegistryCustomizer, io.micrometer.core.instrument.binder.MeterBinder]]: PRODUCER METHOD bean [types=[io.micrometer.core.instrument.binder.MeterBinder, java.lang.Object], qualifiers=[@Any, @Default], target=io.micrometer.core.instrument.binder.MeterBinder vertxPooledByteBufAllocatorMetrics(), declaringBean=io.quarkus.micrometer.runtime.binder.netty.VertxNettyAllocatorMetricsProvider]
22:00:26 DEBUG [io.qu.ar.pr.UnusedBeans] Unremovable - excluded by BeanTypesExclusion [dotNames=[io.micrometer.core.instrument.config.MeterFilter, io.micrometer.core.instrument.MeterRegistry, io.micrometer.core.instrument.config.NamingConvention, io.quarkus.micrometer.runtime.MeterRegistryCustomizer, io.micrometer.core.instrument.binder.MeterBinder]]: PRODUCER METHOD bean [types=[io.micrometer.core.instrument.MeterRegistry, java.lang.Object], qualifiers=[@Any, @Default], target=io.micrometer.core.instrument.MeterRegistry produceRootRegistry(), declaringBean=io.quarkus.micrometer.runtime.CompositeRegistryCreator]
22:00:26 DEBUG [io.qu.ar.pr.UnusedBeans] Unremovable - excluded by BeanTypesExclusion [dotNames=[io.micrometer.core.instrument.config.MeterFilter, io.micrometer.core.instrument.MeterRegistry, io.micrometer.core.instrument.config.NamingConvention, io.quarkus.micrometer.runtime.MeterRegistryCustomizer, io.micrometer.core.instrument.binder.MeterBinder]]: PRODUCER METHOD bean [types=[io.micrometer.core.instrument.binder.MeterBinder, java.lang.Object], qualifiers=[@Any, @Default], target=io.micrometer.core.instrument.binder.MeterBinder vertxAcceptorEventLoopGroupMetrics(io.vertx.core.Vertx vertx), declaringBean=io.quarkus.micrometer.runtime.binder.netty.VertxNettyEventExecutorMetricsProvider]
22:00:26 DEBUG [io.qu.ar.pr.UnusedBeans] Unremovable - injected: PRODUCER METHOD bean [types=[java.io.Serializable, java.lang.Object, org.jboss.logging.BasicLogger, org.jboss.logging.Logger], qualifiers=[@Any, @Default], target=org.jboss.logging.Logger getSimpleLogger(jakarta.enterprise.inject.spi.InjectionPoint injectionPoint), declaringBean=io.quarkus.arc.runtime.LoggerProducer]
22:00:26 DEBUG [io.qu.ar.pr.UnusedBeans] Unremovable - excluded by BeanClassNameExclusion [className=io.quarkus.vertx.http.runtime.CurrentVertxRequest]: PRODUCER METHOD bean [types=[io.vertx.ext.web.RoutingContext, java.lang.Object], qualifiers=[@Any, @Default], target=io.vertx.ext.web.RoutingContext getCurrent(), declaringBean=io.quarkus.vertx.http.runtime.CurrentVertxRequest]
22:00:26 DEBUG [io.qu.ar.pr.UnusedBeans] Unremovable - unremovable synthetic: SYNTHETIC bean [types=[java.lang.Object, java.lang.String[]], qualifiers=[@Any, @io.quarkus.runtime.annotations.CommandLineArguments], target=n/a]
22:00:26 DEBUG [io.qu.ar.pr.UnusedBeans] Unremovable - unremovable synthetic: SYNTHETIC bean [types=[io.quarkus.security.runtime.interceptor.SecurityConstrainer, java.lang.Object], qualifiers=[@Any, @Default], target=n/a]
22:00:26 DEBUG [io.qu.ar.pr.UnusedBeans] Unremovable - unremovable synthetic: SYNTHETIC bean [types=[io.quarkus.hibernate.orm.runtime.JPAConfig, java.lang.Object], qualifiers=[@Any, @Default], target=n/a]
22:00:26 DEBUG [io.qu.ar.pr.UnusedBeans] Unremovable - injected: SYNTHETIC bean [types=[io.quarkus.jackson.runtime.JacksonSupport, java.lang.Object], qualifiers=[@Any, @Default], target=n/a]
22:00:26 DEBUG [io.qu.ar.pr.UnusedBeans] Unremovable - unremovable synthetic: SYNTHETIC bean [types=[io.quarkus.security.spi.runtime.SecurityCheckStorage, java.lang.Object], qualifiers=[@Any, @Default], target=n/a]
22:00:26 DEBUG [io.qu.ar.pr.UnusedBeans] Unremovable - unremovable synthetic: SYNTHETIC bean [types=[io.quarkus.registry.ValueRegistry, java.lang.Object], qualifiers=[@Any, @jakarta.enterprise.inject.Default], target=n/a]
22:00:26 DEBUG [io.qu.ar.pr.UnusedBeans] Unremovable - unremovable synthetic: SYNTHETIC bean [types=[jakarta.validation.ValidatorFactory, java.lang.Object, org.hibernate.validator.HibernateValidatorFactory], qualifiers=[@Any, @Default, @Named("quarkus-hibernate-validator-factory")], target=n/a]
22:00:26 DEBUG [io.qu.ar.pr.UnusedBeans] Unremovable - unremovable synthetic: SYNTHETIC bean [types=[jakarta.validation.Validator, java.lang.Object], qualifiers=[@Any, @Default], target=n/a]
22:00:26 DEBUG [io.qu.ar.pr.UnusedBeans] Unremovable - unremovable synthetic: SYNTHETIC bean [types=[io.quarkus.vertx.http.runtime.security.BasicAuthenticationMechanism, io.quarkus.vertx.http.runtime.security.HttpAuthenticationMechanism, java.lang.Object], qualifiers=[@Any, @Default], target=n/a]
22:00:26 DEBUG [io.qu.ar.pr.UnusedBeans] Unremovable - unremovable synthetic: SYNTHETIC bean [types=[io.quarkus.datasource.runtime.DataSourceSupport, java.lang.Object], qualifiers=[@Any, @Default], target=n/a]
22:00:26 DEBUG [io.qu.ar.pr.UnusedBeans] Unremovable - unremovable synthetic: SYNTHETIC bean [types=[io.quarkus.vertx.http.HttpServer, java.lang.Object], qualifiers=[@Any, @jakarta.enterprise.inject.Default], target=n/a]
22:00:26 DEBUG [io.qu.ar.pr.UnusedBeans] Unremovable - unremovable synthetic: SYNTHETIC bean [types=[io.quarkus.micrometer.runtime.binder.HttpBinderConfiguration, java.lang.Object], qualifiers=[@Any, @Default], target=n/a]
22:00:26 DEBUG [io.qu.ar.pr.UnusedBeans] Unremovable - injected: SYNTHETIC bean [types=[java.lang.Object, java.util.concurrent.Executor, java.util.concurrent.ExecutorService, java.util.concurrent.ScheduledExecutorService], qualifiers=[@Any, @Default], target=n/a]
22:00:26 DEBUG [io.qu.ar.pr.UnusedBeans] Unremovable - unremovable synthetic: SYNTHETIC bean [types=[io.smallrye.context.SmallRyeManagedExecutor, java.lang.Object, org.eclipse.microprofile.context.ManagedExecutor], qualifiers=[@Any, @Default], target=n/a]
22:00:26 DEBUG [io.qu.ar.pr.UnusedBeans] Unremovable - unremovable synthetic: SYNTHETIC bean [types=[io.vertx.core.Vertx, java.lang.Object], qualifiers=[@Any, @Default], target=n/a]
22:00:26 DEBUG [io.qu.ar.pr.UnusedBeans] Unremovable - unremovable synthetic: SYNTHETIC bean [types=[io.netty.channel.EventLoopGroup, java.lang.Object], qualifiers=[@Any, @io.quarkus.netty.BossEventLoopGroup], target=n/a]
22:00:26 DEBUG [io.qu.ar.pr.UnusedBeans] Unremovable - unremovable synthetic: SYNTHETIC bean [types=[io.netty.channel.EventLoopGroup, java.lang.Object], qualifiers=[@Any, @io.quarkus.netty.MainEventLoopGroup], target=n/a]
22:00:26 DEBUG [io.qu.ar.pr.UnusedBeans] Unremovable - unremovable synthetic: SYNTHETIC bean [types=[java.lang.Object, org.hibernate.reactive.common.spi.Implementor, org.hibernate.reactive.mutiny.Mutiny$SessionFactory], qualifiers=[@Any, @jakarta.enterprise.inject.Default], target=n/a]
22:00:26 DEBUG [io.qu.ar.pr.UnusedBeans] Unremovable - unremovable synthetic: SYNTHETIC bean [types=[io.quarkus.tls.TlsConfigurationRegistry, java.lang.Object], qualifiers=[@Any, @Default], target=n/a]
22:00:26 DEBUG [io.qu.ar.pr.UnusedBeans] Unremovable - unremovable synthetic: SYNTHETIC bean [types=[io.vertx.pgclient.PgPool, io.vertx.sqlclient.Pool, java.lang.Object], qualifiers=[@Any, @jakarta.enterprise.inject.Default], target=n/a]
22:00:26 DEBUG [io.qu.ar.pr.UnusedBeans] Unremovable - unremovable synthetic: SYNTHETIC bean [types=[io.vertx.mutiny.pgclient.PgPool, io.vertx.mutiny.sqlclient.Pool, java.lang.Object], qualifiers=[@Any, @jakarta.enterprise.inject.Default], target=n/a]
22:00:26 DEBUG [io.qu.ar.pr.UnusedBeans] Unremovable - unremovable synthetic: SYNTHETIC bean [types=[io.quarkus.reactive.pg.client.runtime.PgPoolSupport, java.lang.Object], qualifiers=[@Any, @Default], target=n/a]
22:00:26 DEBUG [io.qu.ar.pr.UnusedBeans] Unremovable - injected: SYNTHETIC bean [types=[io.quarkus.scheduler.common.runtime.SchedulerContext, java.lang.Object], qualifiers=[@Any, @Default], target=n/a]
22:00:26 DEBUG [io.qu.ar.pr.UnusedBeans] Unremovable - injected: SYNTHETIC bean [types=[io.quarkus.jackson.runtime.JacksonBuildTimeConfig, java.lang.Object], qualifiers=[@Any, @Default], target=n/a]
22:00:26 DEBUG [io.qu.ar.pr.UnusedBeans] Unremovable - injected: SYNTHETIC bean [types=[io.quarkus.vertx.http.runtime.VertxHttpBuildTimeConfig, java.lang.Object], qualifiers=[@Any, @Default], target=n/a]
22:00:26 DEBUG [io.qu.ar.pr.UnusedBeans] Unremovable - excluded by BeanTypesExclusion [dotNames=[io.quarkus.micrometer.runtime.config.MicrometerConfig]]: SYNTHETIC bean [types=[io.quarkus.micrometer.runtime.config.MicrometerConfig, java.lang.Object], qualifiers=[@Any, @Default], target=n/a]
22:00:26 DEBUG [io.qu.ar.pr.UnusedBeans] Unremovable - injected: SYNTHETIC bean [types=[io.quarkus.scheduler.runtime.SchedulerConfig, java.lang.Object], qualifiers=[@Any, @Default], target=n/a]
22:00:26 DEBUG [io.qu.ar.pr.UnusedBeans] Unremovable - injected: SYNTHETIC bean [types=[io.quarkus.vertx.http.runtime.VertxHttpConfig, java.lang.Object], qualifiers=[@Any, @Default], target=n/a]
22:00:26 DEBUG [io.qu.ar.pr.UnusedBeans] Unremovable - injected: SYNTHETIC bean [types=[io.quarkus.micrometer.runtime.config.runtime.HttpClientConfig, java.lang.Object], qualifiers=[@Any, @Default], target=n/a]
22:00:26 DEBUG [io.qu.ar.pr.UnusedBeans] Unremovable - injected: SYNTHETIC bean [types=[io.quarkus.micrometer.runtime.config.runtime.HttpServerConfig, java.lang.Object], qualifiers=[@Any, @Default], target=n/a]
22:00:26 DEBUG [io.qu.ar.pr.UnusedBeans] Unremovable - injected: SYNTHETIC bean [types=[io.quarkus.micrometer.runtime.config.runtime.PrometheusRuntimeConfig, java.lang.Object], qualifiers=[@Any, @Default], target=n/a]
22:00:26 DEBUG [io.qu.ar.pr.UnusedBeans] Unremovable - injected: SYNTHETIC bean [types=[io.quarkus.scheduler.runtime.SchedulerRuntimeConfig, java.lang.Object], qualifiers=[@Any, @Default], target=n/a]
22:00:26 DEBUG [io.qu.ar.pr.BeanDeployment] Removed unused SYNTHETIC bean [types=[io.quarkus.security.runtime.SecurityConfig, java.lang.Object], qualifiers=[@Any, @Default], target=n/a]
Removed unused PRODUCER METHOD bean [types=[java.lang.Object, java.util.Optional<T>], qualifiers=[@Any, @ConfigProperty], target=java.util.Optional<T> produceOptionalConfigProperty(jakarta.enterprise.inject.spi.InjectionPoint ip), declaringBean=io.smallrye.config.inject.ConfigProducer]
Removed unused PRODUCER METHOD bean [types=[io.quarkus.runtime.LaunchMode, java.io.Serializable, java.lang.Comparable<io.quarkus.runtime.LaunchMode>, java.lang.Enum<io.quarkus.runtime.LaunchMode>, java.lang.Object, java.lang.constant.Constable], qualifiers=[@Any, @Default], target=io.quarkus.runtime.LaunchMode mode(), declaringBean=io.quarkus.arc.runtime.LaunchModeProducer]
Removed unused SYNTHETIC bean [types=[io.quarkus.virtual.threads.VirtualThreadsConfig, java.lang.Object], qualifiers=[@Any, @Default], target=n/a]
Removed unused PRODUCER METHOD bean [types=[java.lang.Object, java.util.OptionalDouble], qualifiers=[@Any, @ConfigProperty], target=java.util.OptionalDouble produceOptionalDoubleConfigProperty(jakarta.enterprise.inject.spi.InjectionPoint ip), declaringBean=io.smallrye.config.inject.ConfigProducer]
Removed unused PRODUCER METHOD bean [types=[java.lang.Iterable<T>, java.lang.Object, java.util.Collection<T>, java.util.Set<T>], qualifiers=[@Any, @ConfigProperty], target=java.util.Set<T> producesSetConfigProperty(jakarta.enterprise.inject.spi.InjectionPoint ip), declaringBean=io.smallrye.config.inject.ConfigProducer]
Removed unused SYNTHETIC bean [types=[io.quarkus.smallrye.health.runtime.SmallRyeHealthBuildFixedConfig, java.lang.Object], qualifiers=[@Any, @Default], target=n/a]
Removed unused SYNTHETIC bean [types=[io.quarkus.micrometer.runtime.config.runtime.VertxConfig, java.lang.Object], qualifiers=[@Any, @Default], target=n/a]
Removed unused CLASS bean [types=[io.quarkus.arc.runtime.LaunchModeProducer, java.lang.Object], qualifiers=[@Any, @Default], target=io.quarkus.arc.runtime.LaunchModeProducer]
Removed unused PRODUCER METHOD bean [types=[jakarta.ws.rs.container.ResourceContext, java.lang.Object], qualifiers=[@Any, @Default], target=jakarta.ws.rs.container.ResourceContext resourceContext(), declaringBean=org.jboss.resteasy.reactive.server.injection.ContextProducers]
Removed unused PRODUCER METHOD bean [types=[jakarta.ws.rs.core.Request, java.lang.Object], qualifiers=[@Any, @Default], target=jakarta.ws.rs.core.Request request(), declaringBean=org.jboss.resteasy.reactive.server.injection.ContextProducers]
Removed unused SYNTHETIC bean [types=[io.quarkus.vertx.core.runtime.config.VertxConfiguration, java.lang.Object], qualifiers=[@Any, @Default], target=n/a]
Removed unused PRODUCER METHOD bean [types=[java.lang.Object, java.util.Map<K, V>], qualifiers=[@Any, @ConfigProperty], target=java.util.Map<K, V> producesMapConfigProperty(jakarta.enterprise.inject.spi.InjectionPoint ip), declaringBean=io.smallrye.config.inject.ConfigProducer]
Removed unused SYNTHETIC bean [types=[io.quarkus.runtime.LaunchConfig, java.lang.Object], qualifiers=[@Any, @Default], target=n/a]
Removed unused SYNTHETIC bean [types=[io.quarkus.smallrye.openapi.runtime.OpenApiRuntimeConfig, java.lang.Object], qualifiers=[@Any, @Default], target=n/a]
Removed unused PRODUCER METHOD bean [types=[jakarta.ws.rs.sse.Sse, java.lang.Object], qualifiers=[@Any, @Default], target=jakarta.ws.rs.sse.Sse sse(), declaringBean=org.jboss.resteasy.reactive.server.injection.ContextProducers]
Removed unused SYNTHETIC bean [types=[io.vertx.ext.web.Router, java.lang.Object], qualifiers=[@Any, @Default], target=n/a]
Removed unused SYNTHETIC bean [types=[io.quarkus.reactive.pg.client.runtime.DataSourcesReactivePostgreSQLConfig, java.lang.Object], qualifiers=[@Any, @Default], target=n/a]
Removed unused PRODUCER METHOD bean [types=[jakarta.ws.rs.container.ContainerRequestContext, java.lang.Object], qualifiers=[@Any, @Default], target=jakarta.ws.rs.container.ContainerRequestContext containerRequestContext(), declaringBean=org.jboss.resteasy.reactive.server.injection.ContextProducers]
Removed unused SYNTHETIC bean [types=[io.quarkus.runtime.LiveReloadConfig, java.lang.Object], qualifiers=[@Any, @Default], target=n/a]
Removed unused PRODUCER METHOD bean [types=[java.io.Serializable, java.lang.CharSequence, java.lang.Comparable<java.lang.String>, java.lang.Object, java.lang.String, java.lang.constant.Constable, java.lang.constant.ConstantDesc], qualifiers=[@Any, @ConfigProperty], target=java.lang.String produceStringConfigProperty(jakarta.enterprise.inject.spi.InjectionPoint ip), declaringBean=io.smallrye.config.inject.ConfigProducer]
Removed unused PRODUCER METHOD bean [types=[jakarta.ws.rs.core.Application, java.lang.Object], qualifiers=[@Any, @Default], target=jakarta.ws.rs.core.Application application(), declaringBean=org.jboss.resteasy.reactive.server.injection.ContextProducers]
Removed unused PRODUCER METHOD bean [types=[io.vertx.core.http.HttpServerResponse, io.vertx.core.streams.StreamBase, io.vertx.core.streams.WriteStream<io.vertx.core.buffer.Buffer>, java.lang.Object], qualifiers=[@Any, @Default], target=io.vertx.core.http.HttpServerResponse httpServerResponse(), declaringBean=io.quarkus.resteasy.reactive.server.runtime.QuarkusContextProducers]
Removed unused SYNTHETIC bean [types=[io.quarkus.vertx.http.runtime.management.ManagementInterfaceBuildTimeConfig, java.lang.Object], qualifiers=[@Any, @Default], target=n/a]
Removed unused PRODUCER METHOD bean [types=[io.quarkus.resteasy.reactive.server.Closer, io.quarkus.resteasy.reactive.server.runtime.CloserImpl, java.lang.Object], qualifiers=[@Any, @Default], target=io.quarkus.resteasy.reactive.server.runtime.CloserImpl closer(), declaringBean=io.quarkus.resteasy.reactive.server.runtime.QuarkusContextProducers]
Removed unused PRODUCER METHOD bean [types=[java.lang.Object, java.util.List<T>], qualifiers=[@Any, @ConfigProperty], target=java.util.List<T> producesListConfigProperty(jakarta.enterprise.inject.spi.InjectionPoint ip), declaringBean=io.smallrye.config.inject.ConfigProducer]
Removed unused SYNTHETIC bean [types=[io.quarkus.runtime.ConfigConfig, java.lang.Object], qualifiers=[@Any, @Default], target=n/a]
Removed unused PRODUCER METHOD bean [types=[java.lang.Object, org.jboss.resteasy.reactive.server.SimpleResourceInfo], qualifiers=[@Any, @Default], target=org.jboss.resteasy.reactive.server.SimpleResourceInfo simplifiedResourceInfo(), declaringBean=org.jboss.resteasy.reactive.server.injection.ContextProducers]
Removed unused SYNTHETIC bean [types=[io.quarkus.datasource.runtime.DataSourcesBuildTimeConfig, java.lang.Object], qualifiers=[@Any, @Default], target=n/a]
Removed unused SYNTHETIC bean [types=[io.quarkus.vertx.http.runtime.management.ManagementConfig, java.lang.Object], qualifiers=[@Any, @Default], target=n/a]
Removed unused SYNTHETIC bean [types=[io.quarkus.runtime.ApplicationConfig, java.lang.Object], qualifiers=[@Any, @Default], target=n/a]
Removed unused SYNTHETIC bean [types=[io.quarkus.swaggerui.runtime.SwaggerUiRuntimeConfig, java.lang.Object], qualifiers=[@Any, @Default], target=n/a]
Removed unused CLASS bean [types=[java.lang.Object, space.maatini.eventsourcing.command.CommandBus], qualifiers=[@Any, @Default], target=space.maatini.eventsourcing.command.CommandBus]
Removed unused PRODUCER METHOD bean [types=[java.lang.Object, java.util.OptionalLong], qualifiers=[@Any, @ConfigProperty], target=java.util.OptionalLong produceOptionalLongConfigProperty(jakarta.enterprise.inject.spi.InjectionPoint ip), declaringBean=io.smallrye.config.inject.ConfigProducer]
Removed unused CLASS bean [types=[io.quarkus.security.spi.runtime.AuthorizationController, java.lang.Object], qualifiers=[@Any, @Default], target=io.quarkus.security.spi.runtime.AuthorizationController]
Removed unused SYNTHETIC bean [types=[io.quarkus.runtime.BuilderConfig, java.lang.Object], qualifiers=[@Any, @Default], target=n/a]
Removed unused PRODUCER METHOD bean [types=[java.io.Serializable, java.lang.Comparable<java.lang.Double>, java.lang.Double, java.lang.Number, java.lang.Object, java.lang.constant.Constable, java.lang.constant.ConstantDesc], qualifiers=[@Any, @ConfigProperty], target=java.lang.Double produceDoubleConfigProperty(jakarta.enterprise.inject.spi.InjectionPoint ip), declaringBean=io.smallrye.config.inject.ConfigProducer]
Removed unused PRODUCER METHOD bean [types=[java.io.Serializable, java.lang.Character, java.lang.Comparable<java.lang.Character>, java.lang.Object, java.lang.constant.Constable], qualifiers=[@Any, @ConfigProperty], target=java.lang.Character produceCharacterConfigProperty(jakarta.enterprise.inject.spi.InjectionPoint ip), declaringBean=io.smallrye.config.inject.ConfigProducer]
Removed unused PRODUCER METHOD bean [types=[java.io.Serializable, java.lang.Comparable<java.lang.Short>, java.lang.Number, java.lang.Object, java.lang.Short, java.lang.constant.Constable], qualifiers=[@Any, @ConfigProperty], target=java.lang.Short produceShortConfigProperty(jakarta.enterprise.inject.spi.InjectionPoint ip), declaringBean=io.smallrye.config.inject.ConfigProducer]
Removed unused SYNTHETIC bean [types=[io.quarkus.runtime.ThreadPoolConfig, java.lang.Object], qualifiers=[@Any, @Default], target=n/a]
Removed unused SYNTHETIC bean [types=[io.quarkus.runtime.BannerRuntimeConfig, java.lang.Object], qualifiers=[@Any, @Default], target=n/a]
Removed unused SYNTHETIC bean [types=[io.quarkus.runtime.shutdown.ShutdownConfig, java.lang.Object], qualifiers=[@Any, @Default], target=n/a]
Removed unused SYNTHETIC bean [types=[io.quarkus.vertx.http.runtime.DefaultAuthConfig, java.lang.Object], qualifiers=[@Any, @Default], target=n/a]
Removed unused PRODUCER METHOD bean [types=[java.io.Serializable, java.lang.Comparable<java.lang.Float>, java.lang.Float, java.lang.Number, java.lang.Object, java.lang.constant.Constable, java.lang.constant.ConstantDesc], qualifiers=[@Any, @ConfigProperty], target=java.lang.Float produceFloatConfigProperty(jakarta.enterprise.inject.spi.InjectionPoint ip), declaringBean=io.smallrye.config.inject.ConfigProducer]
Removed unused SYNTHETIC bean [types=[io.quarkus.hibernate.validator.runtime.HibernateValidatorBuildTimeConfig, java.lang.Object], qualifiers=[@Any, @Default], target=n/a]
Removed unused SYNTHETIC bean [types=[io.quarkus.runtime.CommandLineRuntimeConfig, java.lang.Object], qualifiers=[@Any, @Default], target=n/a]
Removed unused SYNTHETIC bean [types=[io.quarkus.smallrye.health.runtime.SmallRyeHealthRuntimeConfig, java.lang.Object], qualifiers=[@Any, @Default], target=n/a]
Removed unused PRODUCER METHOD bean [types=[java.lang.Object, java.util.function.Supplier<T>], qualifiers=[@Any, @ConfigProperty], target=java.util.function.Supplier<T> produceSupplierConfigProperty(jakarta.enterprise.inject.spi.InjectionPoint ip), declaringBean=io.smallrye.config.inject.ConfigProducer]
Removed unused PRODUCER METHOD bean [types=[java.io.Serializable, java.lang.Comparable<java.lang.Integer>, java.lang.Integer, java.lang.Number, java.lang.Object, java.lang.constant.Constable, java.lang.constant.ConstantDesc], qualifiers=[@Any, @ConfigProperty], target=java.lang.Integer getIntegerValue(jakarta.enterprise.inject.spi.InjectionPoint ip), declaringBean=io.smallrye.config.inject.ConfigProducer]
Removed unused SYNTHETIC bean [types=[io.quarkus.datasource.runtime.DataSourcesRuntimeConfig, java.lang.Object], qualifiers=[@Any, @Default], target=n/a]
Removed unused SYNTHETIC bean [types=[io.quarkus.resteasy.reactive.common.runtime.ResteasyReactiveConfig, java.lang.Object], qualifiers=[@Any, @Default], target=n/a]
Removed unused SYNTHETIC bean [types=[io.quarkus.runtime.logging.LogBuildTimeConfig, java.lang.Object], qualifiers=[@Any, @Default], target=n/a]
Removed unused SYNTHETIC bean [types=[io.vertx.mutiny.ext.web.Router, java.lang.Object], qualifiers=[@Any, @Default], target=n/a]
Removed unused PRODUCER METHOD bean [types=[java.lang.Object, org.jboss.resteasy.reactive.common.core.ResteasyReactiveCallbackContext, org.jboss.resteasy.reactive.server.spi.ServerRequestContext], qualifiers=[@Any, @Default], target=org.jboss.resteasy.reactive.server.spi.ServerRequestContext quarkusRestContext(), declaringBean=org.jboss.resteasy.reactive.server.injection.ContextProducers]
Removed unused CLASS bean [types=[io.quarkus.arc.impl.InjectableRequestContextController, jakarta.enterprise.context.control.RequestContextController, java.lang.Object], qualifiers=[@Any, @Default], target=io.quarkus.arc.impl.InjectableRequestContextController]
Removed unused SYNTHETIC bean [types=[io.quarkus.resteasy.reactive.server.runtime.ResteasyReactiveServerRuntimeConfig, java.lang.Object], qualifiers=[@Any, @Default], target=n/a]
Removed unused PRODUCER METHOD bean [types=[java.io.Serializable, java.lang.Comparable<java.lang.Long>, java.lang.Long, java.lang.Number, java.lang.Object, java.lang.constant.Constable, java.lang.constant.ConstantDesc], qualifiers=[@Any, @ConfigProperty], target=java.lang.Long getLongValue(jakarta.enterprise.inject.spi.InjectionPoint ip), declaringBean=io.smallrye.config.inject.ConfigProducer]
Removed unused SYNTHETIC bean [types=[io.quarkus.jacoco.runtime.JacocoConfig, java.lang.Object], qualifiers=[@Any, @Default], target=n/a]
Removed unused SYNTHETIC bean [types=[io.quarkus.runtime.DebugRuntimeConfig, java.lang.Object], qualifiers=[@Any, @Default], target=n/a]
Removed unused PRODUCER METHOD bean [types=[jakarta.ws.rs.container.ResourceInfo, java.lang.Object], qualifiers=[@Any, @Default], target=jakarta.ws.rs.container.ResourceInfo resourceInfo(), declaringBean=org.jboss.resteasy.reactive.server.injection.ContextProducers]
Removed unused SYNTHETIC bean [types=[java.lang.Object, java.util.concurrent.Executor, java.util.concurrent.ExecutorService], qualifiers=[@Any, @io.quarkus.virtual.threads.VirtualThreads], target=n/a]
Removed unused PRODUCER METHOD bean [types=[io.smallrye.health.api.HealthRegistry, java.lang.Object], qualifiers=[@Any, @Wellness], target=io.smallrye.health.api.HealthRegistry getWellnessRegistry(), declaringBean=io.smallrye.health.registry.HealthRegistries]
Removed unused PRODUCER METHOD bean [types=[java.io.Serializable, java.lang.Object, org.jboss.logging.BasicLogger, org.jboss.logging.Logger], qualifiers=[@Any, @LoggerName("")], target=org.jboss.logging.Logger getLoggerWithCustomName(jakarta.enterprise.inject.spi.InjectionPoint injectionPoint), declaringBean=io.quarkus.arc.runtime.LoggerProducer]
Removed unused PRODUCER METHOD bean [types=[java.io.Serializable, java.lang.Byte, java.lang.Comparable<java.lang.Byte>, java.lang.Number, java.lang.Object, java.lang.constant.Constable], qualifiers=[@Any, @ConfigProperty], target=java.lang.Byte produceByteConfigProperty(jakarta.enterprise.inject.spi.InjectionPoint ip), declaringBean=io.smallrye.config.inject.ConfigProducer]
Removed unused SYNTHETIC bean [types=[io.quarkus.runtime.BuildAnalyticsConfig, java.lang.Object], qualifiers=[@Any, @Default], target=n/a]
Removed unused SYNTHETIC bean [types=[io.quarkus.runtime.console.ConsoleRuntimeConfig, java.lang.Object], qualifiers=[@Any, @Default], target=n/a]
Removed unused PRODUCER METHOD bean [types=[io.smallrye.health.api.HealthRegistry, java.lang.Object], qualifiers=[@Any, @Readiness], target=io.smallrye.health.api.HealthRegistry getReadinessRegistry(), declaringBean=io.smallrye.health.registry.HealthRegistries]
Removed unused PRODUCER METHOD bean [types=[jakarta.ws.rs.core.UriInfo, java.lang.Object], qualifiers=[@Any, @Default], target=jakarta.ws.rs.core.UriInfo uriInfo(), declaringBean=org.jboss.resteasy.reactive.server.injection.ContextProducers]
Removed unused SYNTHETIC bean [types=[io.quarkus.hibernate.orm.runtime.HibernateOrmRuntimeConfig, java.lang.Object], qualifiers=[@Any, @Default], target=n/a]
Removed unused PRODUCER METHOD bean [types=[io.smallrye.config.ConfigValue, java.lang.Object, org.eclipse.microprofile.config.ConfigValue], qualifiers=[@Any, @ConfigProperty], target=io.smallrye.config.ConfigValue produceConfigValue(jakarta.enterprise.inject.spi.InjectionPoint ip), declaringBean=io.smallrye.config.inject.ConfigProducer]
Removed unused SYNTHETIC bean [types=[io.quarkus.reactive.datasource.runtime.DataSourcesReactiveBuildTimeConfig, java.lang.Object], qualifiers=[@Any, @Default], target=n/a]
Removed unused PRODUCER METHOD bean [types=[jakarta.ws.rs.core.Configuration, java.lang.Object], qualifiers=[@Any, @Default], target=jakarta.ws.rs.core.Configuration config(), declaringBean=org.jboss.resteasy.reactive.server.injection.ContextProducers]
Removed unused CLASS bean [types=[io.quarkus.hibernate.reactive.panache.common.runtime.TestReactiveTransactionalInterceptor, java.lang.Object], qualifiers=[@Any, @Default], target=io.quarkus.hibernate.reactive.panache.common.runtime.TestReactiveTransactionalInterceptor]
Removed unused SYNTHETIC bean [types=[io.quarkus.runtime.init.InitRuntimeConfig, java.lang.Object], qualifiers=[@Any, @Default], target=n/a]
Removed unused PRODUCER METHOD bean [types=[java.lang.Object, java.util.OptionalInt], qualifiers=[@Any, @ConfigProperty], target=java.util.OptionalInt produceOptionalIntConfigProperty(jakarta.enterprise.inject.spi.InjectionPoint ip), declaringBean=io.smallrye.config.inject.ConfigProducer]
Removed unused SYNTHETIC bean [types=[io.quarkus.tls.runtime.config.TlsConfig, java.lang.Object], qualifiers=[@Any, @Default], target=n/a]
Removed unused SYNTHETIC bean [types=[io.quarkus.runtime.LocalesBuildTimeConfig, java.lang.Object], qualifiers=[@Any, @Default], target=n/a]
Removed unused PRODUCER METHOD bean [types=[jakarta.ws.rs.core.SecurityContext, java.lang.Object], qualifiers=[@Any, @Default], target=jakarta.ws.rs.core.SecurityContext securityContext(), declaringBean=org.jboss.resteasy.reactive.server.injection.ContextProducers]
Removed unused PRODUCER METHOD bean [types=[io.smallrye.health.api.HealthRegistry, java.lang.Object], qualifiers=[@Any, @Liveness], target=io.smallrye.health.api.HealthRegistry getLivenessRegistry(), declaringBean=io.smallrye.health.registry.HealthRegistries]
Removed unused SYNTHETIC bean [types=[io.quarkus.runtime.logging.LogRuntimeConfig, java.lang.Object], qualifiers=[@Any, @Default], target=n/a]
Removed unused PRODUCER METHOD bean [types=[io.smallrye.health.api.HealthRegistry, java.lang.Object], qualifiers=[@Any, @Startup], target=io.smallrye.health.api.HealthRegistry getStartupRegistry(), declaringBean=io.smallrye.health.registry.HealthRegistries]
Removed unused SYNTHETIC bean [types=[io.quarkus.reactive.datasource.runtime.DataSourcesReactiveRuntimeConfig, java.lang.Object], qualifiers=[@Any, @Default], target=n/a]
Removed unused CLASS bean [types=[java.lang.Object, space.maatini.eventsourcing.service.AggregateSnapshotService], qualifiers=[@Any, @Default], target=space.maatini.eventsourcing.service.AggregateSnapshotService]
Removed unused CLASS bean [types=[io.quarkus.security.runtime.interceptor.SecurityHandler, java.lang.Object], qualifiers=[@Any, @Default], target=io.quarkus.security.runtime.interceptor.SecurityHandler]
Removed unused CLASS bean [types=[io.quarkus.micrometer.runtime.MeterTagsSupport, java.lang.Object], qualifiers=[@Any, @Default], target=io.quarkus.micrometer.runtime.MeterTagsSupport]
22:00:26 DEBUG [io.qu.ar.pr.UnusedBeans] Unremovable - excluded by BeanClassNameExclusion [className=io.quarkus.micrometer.runtime.export.PrometheusMeterRegistryProducer]: CLASS bean [types=[io.quarkus.micrometer.runtime.export.PrometheusMeterRegistryProducer, java.lang.Object], qualifiers=[@Any, @Default], target=io.quarkus.micrometer.runtime.export.PrometheusMeterRegistryProducer]
22:00:26 DEBUG [io.qu.ar.pr.UnusedBeans] Unremovable - excluded by BeanClassNameExclusion [className=io.quarkus.security.runtime.IdentityProviderManagerCreator]: CLASS bean [types=[io.quarkus.security.runtime.IdentityProviderManagerCreator, java.lang.Object], qualifiers=[@Any, @Default], target=io.quarkus.security.runtime.IdentityProviderManagerCreator]
22:00:26 DEBUG [io.qu.ar.pr.UnusedBeans] Unremovable - excluded by BeanClassNameExclusion [className=io.quarkus.security.runtime.SecurityIdentityProxy]: CLASS bean [types=[io.quarkus.security.identity.SecurityIdentity, io.quarkus.security.runtime.SecurityIdentityProxy, java.lang.Object], qualifiers=[@Any, @Default], target=io.quarkus.security.runtime.SecurityIdentityProxy]
22:00:26 DEBUG [io.qu.ar.pr.UnusedBeans] Unremovable - excluded by BeanClassNameExclusion [className=io.quarkus.jackson.runtime.VertxHybridPoolObjectMapperCustomizer]: CLASS bean [types=[io.quarkus.jackson.ObjectMapperCustomizer, io.quarkus.jackson.runtime.VertxHybridPoolObjectMapperCustomizer, java.lang.Comparable<io.quarkus.jackson.ObjectMapperCustomizer>, java.lang.Object], qualifiers=[@Any, @Default], target=io.quarkus.jackson.runtime.VertxHybridPoolObjectMapperCustomizer]
22:00:26 DEBUG [io.qu.ar.pr.UnusedBeans] Unremovable - excluded by BeanClassAnnotationExclusion [nameStartsWith=null, name=jakarta.ws.rs.Path]: CLASS bean [types=[java.lang.Object, space.maatini.eventsourcing.resource.EventResource], qualifiers=[@Any, @Default], target=space.maatini.eventsourcing.resource.EventResource]
22:00:26 DEBUG [io.qu.ar.pr.UnusedBeans] Unremovable - excluded by BeanClassNameExclusion [className=io.quarkus.resteasy.reactive.server.runtime.exceptionmappers.AuthenticationFailedExceptionMapper]: CLASS bean [types=[io.quarkus.resteasy.reactive.server.runtime.exceptionmappers.AuthenticationFailedExceptionMapper, java.lang.Object], qualifiers=[@Any, @Default], target=io.quarkus.resteasy.reactive.server.runtime.exceptionmappers.AuthenticationFailedExceptionMapper]
22:00:26 DEBUG [io.qu.ar.pr.UnusedBeans] Unremovable - excluded by BeanClassNameExclusion [className=io.quarkus.micrometer.runtime.binder.HttpMeterFilterProvider]: CLASS bean [types=[io.quarkus.micrometer.runtime.binder.HttpMeterFilterProvider, java.lang.Object], qualifiers=[@Any, @Default], target=io.quarkus.micrometer.runtime.binder.HttpMeterFilterProvider]
22:00:26 DEBUG [io.qu.ar.pr.UnusedBeans] Unremovable - injected: CLASS bean [types=[java.lang.Object, space.maatini.eventsourcing.service.EventService], qualifiers=[@Any, @Default], target=space.maatini.eventsourcing.service.EventService]
22:00:26 DEBUG [io.qu.ar.pr.UnusedBeans] Unremovable - excluded by BeanClassNameExclusion [className=io.quarkus.vertx.runtime.VertxProducer]: CLASS bean [types=[io.quarkus.vertx.runtime.VertxProducer, java.lang.Object], qualifiers=[@Any, @Default], target=io.quarkus.vertx.runtime.VertxProducer]
22:00:26 DEBUG [io.qu.ar.pr.UnusedBeans] Unremovable - excluded by BeanClassNameExclusion [className=io.quarkus.smallrye.context.runtime.SmallRyeContextPropagationProvider]: CLASS bean [types=[io.quarkus.smallrye.context.runtime.SmallRyeContextPropagationProvider, java.lang.Object], qualifiers=[@Any, @Default], target=io.quarkus.smallrye.context.runtime.SmallRyeContextPropagationProvider]
22:00:26 DEBUG [io.qu.ar.pr.UnusedBeans] Unremovable - excluded by BeanClassNameExclusion [className=io.quarkus.vertx.http.runtime.HttpCertificateUpdateEventListener]: CLASS bean [types=[io.quarkus.vertx.http.runtime.HttpCertificateUpdateEventListener, java.lang.Object], qualifiers=[@Any, @Default], target=io.quarkus.vertx.http.runtime.HttpCertificateUpdateEventListener]
22:00:26 DEBUG [io.qu.ar.pr.UnusedBeans] Unremovable - excluded by io.quarkus.arc.deployment.UnremovableBeanBuildItem$1@6080ae4f: CLASS bean [types=[io.quarkus.resteasy.reactive.server.runtime.exceptionmappers.UnauthorizedExceptionMapper$ExceptionMapper$965510594634d484a005e8aaae2361e9c9c1ea07, jakarta.ws.rs.ext.ExceptionMapper, java.lang.Object, org.jboss.resteasy.reactive.server.spi.ResteasyReactiveAsyncExceptionMapper], qualifiers=[@Any, @Default], target=io.quarkus.resteasy.reactive.server.runtime.exceptionmappers.UnauthorizedExceptionMapper$ExceptionMapper$965510594634d484a005e8aaae2361e9c9c1ea07]
22:00:26 DEBUG [io.qu.ar.pr.UnusedBeans] Unremovable - injected: CLASS bean [types=[java.lang.Object, space.maatini.eventsourcing.service.EventBatchProcessor], qualifiers=[@Any, @Default], target=space.maatini.eventsourcing.service.EventBatchProcessor]
22:00:26 DEBUG [io.qu.ar.pr.UnusedBeans] Unremovable - injected: CLASS bean [types=[io.quarkus.security.identity.CurrentIdentityAssociation, io.quarkus.test.security.TestIdentityAssociation, java.lang.Object], qualifiers=[@Any, @Default], target=io.quarkus.test.security.TestIdentityAssociation]
22:00:26 DEBUG [io.qu.ar.pr.UnusedBeans] Unremovable - excluded by BeanClassAnnotationExclusion [nameStartsWith=null, name=org.eclipse.microprofile.health.Liveness]: CLASS bean [types=[io.smallrye.health.registry.HealthRegistries, java.lang.Object], qualifiers=[@Any, @Default], target=io.smallrye.health.registry.HealthRegistries]
22:00:26 DEBUG [io.qu.ar.pr.UnusedBeans] Unremovable - excluded by BeanClassAnnotationExclusion [nameStartsWith=null, name=io.quarkus.scheduler.Scheduled]: CLASS bean [types=[java.lang.Object, space.maatini.eventsourcing.service.OutboxScheduler], qualifiers=[@Any, @Default], target=space.maatini.eventsourcing.service.OutboxScheduler]
22:00:26 DEBUG [io.qu.ar.pr.UnusedBeans] Unremovable - excluded by BeanClassAnnotationExclusion [nameStartsWith=null, name=io.quarkus.test.junit.QuarkusTest]: CLASS bean [types=[java.lang.Object, space.maatini.eventsourcing.resource.AdminResourceTest], qualifiers=[@Any, @Default], target=space.maatini.eventsourcing.resource.AdminResourceTest]
22:00:26 DEBUG [io.qu.ar.pr.UnusedBeans] Unremovable - excluded by BeanClassNameExclusion [className=io.quarkus.micrometer.runtime.ClockProvider]: CLASS bean [types=[io.quarkus.micrometer.runtime.ClockProvider, java.lang.Object], qualifiers=[@Any, @Default], target=io.quarkus.micrometer.runtime.ClockProvider]
22:00:26 DEBUG [io.qu.ar.pr.UnusedBeans] Unremovable - injected: CLASS bean [types=[java.lang.Object, space.maatini.eventsourcing.service.ProjectionService], qualifiers=[@Any, @Default], target=space.maatini.eventsourcing.service.ProjectionService]
22:00:26 DEBUG [io.qu.ar.pr.UnusedBeans] Unremovable - excluded by BeanClassNameExclusion [className=io.quarkus.jackson.runtime.ConfigurationCustomizer]: CLASS bean [types=[io.quarkus.jackson.ObjectMapperCustomizer, io.quarkus.jackson.runtime.ConfigurationCustomizer, java.lang.Comparable<io.quarkus.jackson.ObjectMapperCustomizer>, java.lang.Object], qualifiers=[@Any, @Default], target=io.quarkus.jackson.runtime.ConfigurationCustomizer]
22:00:26 DEBUG [io.qu.ar.pr.UnusedBeans] Unremovable - excluded by BeanClassAnnotationExclusion [nameStartsWith=null, name=jakarta.ws.rs.Path]: CLASS bean [types=[java.lang.Object, space.maatini.eventsourcing.resource.TestSupportResource], qualifiers=[@Any, @Default], target=space.maatini.eventsourcing.resource.TestSupportResource]
22:00:26 DEBUG [io.qu.ar.pr.UnusedBeans] Unremovable - injected: CLASS bean [types=[java.lang.Object, space.maatini.eventsourcing.service.GenericAggregateService], qualifiers=[@Any, @Default], target=space.maatini.eventsourcing.service.GenericAggregateService]
22:00:26 DEBUG [io.qu.ar.pr.UnusedBeans] Unremovable - excluded by BeanClassNameExclusion [className=io.quarkus.micrometer.runtime.export.exemplars.EmptyExemplarSamplerProvider]: CLASS bean [types=[io.quarkus.micrometer.runtime.export.exemplars.EmptyExemplarSamplerProvider, java.lang.Object], qualifiers=[@Any, @Default], target=io.quarkus.micrometer.runtime.export.exemplars.EmptyExemplarSamplerProvider]
22:00:26 DEBUG [io.qu.ar.pr.UnusedBeans] Unremovable - excluded by BeanClassNameExclusion [className=io.quarkus.resteasy.reactive.jackson.runtime.serialisers.FullyFeaturedServerJacksonMessageBodyWriter]: CLASS bean [types=[io.quarkus.resteasy.reactive.jackson.runtime.serialisers.FullyFeaturedServerJacksonMessageBodyWriter, jakarta.ws.rs.ext.MessageBodyWriter<java.lang.Object>, java.lang.Object, org.jboss.resteasy.reactive.common.types.AllWriteableMarker, org.jboss.resteasy.reactive.server.spi.ServerMessageBodyWriter$AllWriteableMessageBodyWriter, org.jboss.resteasy.reactive.server.spi.ServerMessageBodyWriter<java.lang.Object>], qualifiers=[@Any, @Default], target=io.quarkus.resteasy.reactive.jackson.runtime.serialisers.FullyFeaturedServerJacksonMessageBodyWriter]
22:00:26 DEBUG [io.qu.ar.pr.UnusedBeans] Unremovable - excluded by BeanClassNameExclusion [className=io.quarkus.security.runtime.SecurityIdentityAssociation]: CLASS bean [types=[io.quarkus.security.identity.CurrentIdentityAssociation, io.quarkus.security.runtime.SecurityIdentityAssociation, io.quarkus.security.spi.runtime.AbstractSecurityIdentityAssociation, java.lang.Object], qualifiers=[@Any, @Default], target=io.quarkus.security.runtime.SecurityIdentityAssociation]
22:00:26 DEBUG [io.qu.ar.pr.UnusedBeans] Unremovable - excluded by BeanClassNameExclusion [className=space.maatini.eventsourcing.exception.DatabaseExceptionMapper]: CLASS bean [types=[jakarta.ws.rs.ext.ExceptionMapper<org.hibernate.exception.ConstraintViolationException>, java.lang.Object, space.maatini.eventsourcing.exception.DatabaseExceptionMapper], qualifiers=[@Any, @Default], target=space.maatini.eventsourcing.exception.DatabaseExceptionMapper]
22:00:26 DEBUG [io.qu.ar.pr.UnusedBeans] Unremovable - excluded by BeanClassNameExclusion [className=io.quarkus.resteasy.reactive.jackson.runtime.serialisers.BasicServerJacksonMessageBodyWriter]: CLASS bean [types=[io.quarkus.resteasy.reactive.jackson.runtime.serialisers.BasicServerJacksonMessageBodyWriter, jakarta.ws.rs.ext.MessageBodyWriter<java.lang.Object>, java.lang.Object, org.jboss.resteasy.reactive.common.types.AllWriteableMarker, org.jboss.resteasy.reactive.server.spi.ServerMessageBodyWriter$AllWriteableMessageBodyWriter, org.jboss.resteasy.reactive.server.spi.ServerMessageBodyWriter<java.lang.Object>], qualifiers=[@Any, @Default], target=io.quarkus.resteasy.reactive.jackson.runtime.serialisers.BasicServerJacksonMessageBodyWriter]
22:00:26 DEBUG [io.qu.ar.pr.UnusedBeans] Unremovable - excluded by BeanTypesExclusion [dotNames=[io.quarkus.vertx.http.runtime.security.HttpAuthenticationMechanism]]: CLASS bean [types=[io.quarkus.test.security.AbstractTestHttpAuthenticationMechanism, io.quarkus.test.security.PathBasedTestHttpAuthenticationMechanism, io.quarkus.vertx.http.runtime.security.HttpAuthenticationMechanism, java.lang.Object], qualifiers=[@Any, @Default], target=io.quarkus.test.security.PathBasedTestHttpAuthenticationMechanism]
22:00:26 DEBUG [io.qu.ar.pr.UnusedBeans] Unremovable - excluded by BeanClassNameExclusion [className=io.quarkus.security.runtime.X509IdentityProvider]: CLASS bean [types=[io.quarkus.security.identity.IdentityProvider<io.quarkus.security.identity.request.CertificateAuthenticationRequest>, io.quarkus.security.runtime.X509IdentityProvider, java.lang.Object], qualifiers=[@Any, @Default], target=io.quarkus.security.runtime.X509IdentityProvider]
22:00:26 DEBUG [io.qu.ar.pr.UnusedBeans] Unremovable - excluded by BeanClassAnnotationExclusion [nameStartsWith=null, name=jakarta.ws.rs.Path]: CLASS bean [types=[java.lang.Object, space.maatini.eventsourcing.resource.AdminResource], qualifiers=[@Any, @Default], target=space.maatini.eventsourcing.resource.AdminResource]
22:00:26 DEBUG [io.qu.ar.pr.UnusedBeans] Unremovable - excluded by BeanClassNameExclusion [className=io.quarkus.vertx.http.runtime.CurrentVertxRequest]: CLASS bean [types=[io.quarkus.vertx.http.runtime.CurrentVertxRequest, java.lang.Object], qualifiers=[@Any, @Default], target=io.quarkus.vertx.http.runtime.CurrentVertxRequest]
22:00:26 DEBUG [io.qu.ar.pr.UnusedBeans] Unremovable - injected: CLASS bean [types=[java.lang.Object, space.maatini.eventsourcing.service.ProjectionReplayService], qualifiers=[@Any, @Default], target=space.maatini.eventsourcing.service.ProjectionReplayService]
22:00:26 DEBUG [io.qu.ar.pr.UnusedBeans] Unremovable - excluded by BeanClassNameExclusion [className=io.quarkus.security.runtime.PrincipalProducer]: CLASS bean [types=[io.quarkus.security.runtime.PrincipalProducer, java.lang.Object], qualifiers=[@Any, @Default], target=io.quarkus.security.runtime.PrincipalProducer]
22:00:26 DEBUG [io.qu.ar.pr.UnusedBeans] Unremovable - excluded by BeanClassNameExclusion [className=io.quarkus.micrometer.runtime.binder.netty.VertxNettyEventExecutorMetricsProvider]: CLASS bean [types=[io.quarkus.micrometer.runtime.binder.netty.VertxNettyEventExecutorMetricsProvider, java.lang.Object], qualifiers=[@Any, @Default], target=io.quarkus.micrometer.runtime.binder.netty.VertxNettyEventExecutorMetricsProvider]
22:00:26 DEBUG [io.qu.ar.pr.UnusedBeans] Unremovable - excluded by BeanClassNameExclusion [className=io.quarkus.vertx.core.runtime.security.VertxBlockingSecurityExecutor]: CLASS bean [types=[io.quarkus.security.spi.runtime.BlockingSecurityExecutor, io.quarkus.vertx.core.runtime.security.VertxBlockingSecurityExecutor, java.lang.Object], qualifiers=[@Any, @Default], target=io.quarkus.vertx.core.runtime.security.VertxBlockingSecurityExecutor]
22:00:26 DEBUG [io.qu.ar.pr.UnusedBeans] Unremovable - excluded by BeanClassNameExclusion [className=space.maatini.eventsourcing.exception.ValidationExceptionMapper]: CLASS bean [types=[jakarta.ws.rs.ext.ExceptionMapper<jakarta.validation.ConstraintViolationException>, java.lang.Object, space.maatini.eventsourcing.exception.ValidationExceptionMapper], qualifiers=[@Any, @Default], target=space.maatini.eventsourcing.exception.ValidationExceptionMapper]
22:00:26 DEBUG [io.qu.ar.pr.UnusedBeans] Unremovable - excluded by io.quarkus.arc.deployment.UnremovableBeanBuildItem$1@6080ae4f: CLASS bean [types=[io.quarkus.resteasy.reactive.server.runtime.exceptionmappers.AuthenticationFailedExceptionMapper$ExceptionMapper$c2c34c033791b6e419bbd19d3b82f053d38098b8, jakarta.ws.rs.ext.ExceptionMapper, java.lang.Object, org.jboss.resteasy.reactive.server.spi.ResteasyReactiveAsyncExceptionMapper], qualifiers=[@Any, @Default], target=io.quarkus.resteasy.reactive.server.runtime.exceptionmappers.AuthenticationFailedExceptionMapper$ExceptionMapper$c2c34c033791b6e419bbd19d3b82f053d38098b8]
22:00:26 DEBUG [io.qu.ar.pr.UnusedBeans] Unremovable - injected: CLASS bean [types=[io.quarkus.vertx.http.runtime.security.AuthorizationPolicyStorage, io.quarkus.vertx.http.runtime.security.AuthorizationPolicyStorage_Impl, java.lang.Object], qualifiers=[@Any, @Default], target=io.quarkus.vertx.http.runtime.security.AuthorizationPolicyStorage_Impl]
22:00:26 DEBUG [io.qu.ar.pr.UnusedBeans] Unremovable - excluded by io.quarkus.hibernate.validator.deployment.HibernateValidatorProcessor$1@6d99097f: CLASS bean [types=[io.quarkus.hibernate.validator.runtime.locale.AbstractLocaleResolver, io.quarkus.hibernate.validator.runtime.locale.ResteasyReactiveLocaleResolver, java.lang.Object, org.hibernate.validator.spi.messageinterpolation.LocaleResolver], qualifiers=[@Any, @Default], target=io.quarkus.hibernate.validator.runtime.locale.ResteasyReactiveLocaleResolver]
22:00:26 DEBUG [io.qu.ar.pr.UnusedBeans] Unremovable - excluded by BeanClassNameExclusion [className=io.quarkus.vertx.http.runtime.CurrentRequestProducer]: CLASS bean [types=[io.quarkus.vertx.http.runtime.CurrentRequestProducer, java.lang.Object], qualifiers=[@Any, @Default], target=io.quarkus.vertx.http.runtime.CurrentRequestProducer]
22:00:26 DEBUG [io.qu.ar.pr.UnusedBeans] Unremovable - excluded by BeanClassNameExclusion [className=io.quarkus.micrometer.runtime.export.PrometheusMeterRegistryProvider]: CLASS bean [types=[io.quarkus.micrometer.runtime.export.PrometheusMeterRegistryProvider, java.lang.Object], qualifiers=[@Any, @Default], target=io.quarkus.micrometer.runtime.export.PrometheusMeterRegistryProvider]
22:00:26 DEBUG [io.qu.ar.pr.UnusedBeans] Unremovable - excluded by BeanClassNameExclusion [className=io.quarkus.resteasy.reactive.jackson.runtime.mappers.NativeInvalidDefinitionExceptionMapper]: CLASS bean [types=[io.quarkus.resteasy.reactive.jackson.runtime.mappers.NativeInvalidDefinitionExceptionMapper, java.lang.Object], qualifiers=[@Any, @Default], target=io.quarkus.resteasy.reactive.jackson.runtime.mappers.NativeInvalidDefinitionExceptionMapper]
22:00:26 DEBUG [io.qu.ar.pr.UnusedBeans] Unremovable - excluded by BeanClassNameExclusion [className=io.quarkus.resteasy.reactive.server.runtime.security.EagerSecurityContext]: CLASS bean [types=[io.quarkus.resteasy.reactive.server.runtime.security.EagerSecurityContext, java.lang.Object], qualifiers=[@Any, @Default], target=io.quarkus.resteasy.reactive.server.runtime.security.EagerSecurityContext]
22:00:26 DEBUG [io.qu.ar.pr.UnusedBeans] Unremovable - excluded by BeanClassNameExclusion [className=io.quarkus.vertx.http.runtime.security.HttpAuthorizer]: CLASS bean [types=[io.quarkus.vertx.http.runtime.security.AbstractHttpAuthorizer, io.quarkus.vertx.http.runtime.security.HttpAuthorizer, java.lang.Object], qualifiers=[@Any, @Default], target=io.quarkus.vertx.http.runtime.security.HttpAuthorizer]
22:00:26 DEBUG [io.qu.ar.pr.UnusedBeans] Unremovable - excluded by BeanTypeExclusion [dotName=io.quarkus.runtime.test.TestApplicationClassPredicate]: CLASS bean [types=[io.quarkus.arc.runtime.test.PreloadedTestApplicationClassPredicate, io.quarkus.runtime.test.TestApplicationClassPredicate, java.lang.Object, java.util.function.Predicate<java.lang.String>], qualifiers=[@Any, @Default], target=io.quarkus.arc.runtime.test.PreloadedTestApplicationClassPredicate]
22:00:26 DEBUG [io.qu.ar.pr.UnusedBeans] Unremovable - excluded by BeanClassAnnotationExclusion [nameStartsWith=null, name=org.eclipse.microprofile.health.Readiness]: CLASS bean [types=[io.quarkus.reactive.datasource.runtime.ReactiveDatasourceHealthCheck, io.quarkus.reactive.pg.client.runtime.health.ReactivePgDataSourcesHealthCheck, java.lang.Object, org.eclipse.microprofile.health.HealthCheck], qualifiers=[@Any, @Readiness], target=io.quarkus.reactive.pg.client.runtime.health.ReactivePgDataSourcesHealthCheck]
22:00:26 DEBUG [io.qu.ar.pr.UnusedBeans] Unremovable - excluded by BeanClassNameExclusion [className=io.quarkus.micrometer.runtime.CompositeRegistryCreator]: CLASS bean [types=[io.quarkus.micrometer.runtime.CompositeRegistryCreator, java.lang.Object], qualifiers=[@Any, @Default], target=io.quarkus.micrometer.runtime.CompositeRegistryCreator]
22:00:26 DEBUG [io.qu.ar.pr.UnusedBeans] Unremovable - excluded by BeanClassAnnotationExclusion [nameStartsWith=null, name=org.eclipse.microprofile.health.Readiness]: CLASS bean [types=[java.lang.Object, org.eclipse.microprofile.health.HealthCheck, space.maatini.eventsourcing.health.ProjectionHealthCheck], qualifiers=[@Any, @Readiness], target=space.maatini.eventsourcing.health.ProjectionHealthCheck]
22:00:26 DEBUG [io.qu.ar.pr.UnusedBeans] Unremovable - injected: CLASS bean [types=[java.lang.Object, space.maatini.eventsourcing.service.EventHandlerRegistry], qualifiers=[@Any, @Default], target=space.maatini.eventsourcing.service.EventHandlerRegistry]
22:00:26 DEBUG [io.qu.ar.pr.UnusedBeans] Unremovable - excluded by BeanTypesExclusion [dotNames=[io.quarkus.arc.AsyncObserverExceptionHandler]]: CLASS bean [types=[io.quarkus.arc.AsyncObserverExceptionHandler, io.quarkus.arc.impl.DefaultAsyncObserverExceptionHandler, java.lang.Object], qualifiers=[@Any, @Default], target=io.quarkus.arc.impl.DefaultAsyncObserverExceptionHandler]
22:00:26 DEBUG [io.qu.ar.pr.UnusedBeans] Unremovable - excluded by BeanClassNameExclusion [className=io.quarkus.hibernate.orm.runtime.cdi.QuarkusArcBeanContainer]: CLASS bean [types=[io.quarkus.hibernate.orm.runtime.cdi.QuarkusArcBeanContainer, java.lang.Object, org.hibernate.resource.beans.container.internal.CdiBasedBeanContainer, org.hibernate.resource.beans.container.spi.AbstractCdiBeanContainer, org.hibernate.resource.beans.container.spi.BeanContainer, org.hibernate.service.spi.Stoppable], qualifiers=[@Any, @Default], target=io.quarkus.hibernate.orm.runtime.cdi.QuarkusArcBeanContainer]
22:00:26 DEBUG [io.qu.ar.pr.UnusedBeans] Unremovable - excluded by BeanClassAnnotationExclusion [nameStartsWith=null, name=org.eclipse.microprofile.health.Liveness]: CLASS bean [types=[io.smallrye.health.SmallRyeHealthReporter, java.lang.Object], qualifiers=[@Any, @Default], target=io.smallrye.health.SmallRyeHealthReporter]
22:00:26 DEBUG [io.qu.ar.pr.UnusedBeans] Unremovable - excluded by BeanTypeExclusion [dotName=io.quarkus.scheduler.Scheduled$SkipPredicate]: CLASS bean [types=[io.quarkus.scheduler.Scheduled$ApplicationNotRunning, io.quarkus.scheduler.Scheduled$SkipPredicate, java.lang.Object], qualifiers=[@Any, @Default], target=io.quarkus.scheduler.Scheduled$ApplicationNotRunning]
22:00:26 DEBUG [io.qu.ar.pr.UnusedBeans] Unremovable - injected: CLASS bean [types=[java.lang.Object, space.maatini.eventsourcing.service.LogOutboxPublisher, space.maatini.eventsourcing.service.OutboxPublisher], qualifiers=[@Any, @Default], target=space.maatini.eventsourcing.service.LogOutboxPublisher]
22:00:26 DEBUG [io.qu.ar.pr.UnusedBeans] Unremovable - excluded by BeanClassNameExclusion [className=io.quarkus.resteasy.reactive.server.runtime.exceptionmappers.UnauthorizedExceptionMapper]: CLASS bean [types=[io.quarkus.resteasy.reactive.server.runtime.exceptionmappers.UnauthorizedExceptionMapper, java.lang.Object], qualifiers=[@Any, @Default], target=io.quarkus.resteasy.reactive.server.runtime.exceptionmappers.UnauthorizedExceptionMapper]
22:00:26 DEBUG [io.qu.ar.pr.UnusedBeans] Unremovable - programmatic lookup: CLASS bean [types=[io.quarkus.jackson.ObjectMapperCustomizer, io.quarkus.jackson.customizer.RegisterSerializersAndDeserializersCustomizer, java.lang.Comparable<io.quarkus.jackson.ObjectMapperCustomizer>, java.lang.Object], qualifiers=[@Any, @Default], target=io.quarkus.jackson.customizer.RegisterSerializersAndDeserializersCustomizer]
22:00:26 DEBUG [io.qu.ar.pr.UnusedBeans] Unremovable - excluded by BeanClassNameExclusion [className=io.quarkus.micrometer.runtime.binder.netty.NettyMetricsProvider]: CLASS bean [types=[io.quarkus.micrometer.runtime.binder.netty.NettyMetricsProvider, java.lang.Object], qualifiers=[@Any, @Default], target=io.quarkus.micrometer.runtime.binder.netty.NettyMetricsProvider]
22:00:26 DEBUG [io.qu.ar.pr.UnusedBeans] Unremovable - injected: CLASS bean [types=[io.quarkus.smallrye.health.runtime.QuarkusAsyncHealthCheckFactory, io.smallrye.health.AsyncHealthCheckFactory, java.lang.Object], qualifiers=[@Any, @Default], target=io.quarkus.smallrye.health.runtime.QuarkusAsyncHealthCheckFactory]
22:00:26 DEBUG [io.qu.ar.pr.UnusedBeans] Unremovable - excluded by BeanClassNameExclusion [className=io.quarkus.resteasy.reactive.jackson.runtime.serialisers.ServerJacksonMessageBodyReader]: CLASS bean [types=[io.quarkus.resteasy.reactive.jackson.runtime.serialisers.AbstractServerJacksonMessageBodyReader, io.quarkus.resteasy.reactive.jackson.runtime.serialisers.ServerJacksonMessageBodyReader, jakarta.ws.rs.ext.MessageBodyReader<java.lang.Object>, java.lang.Object, org.jboss.resteasy.reactive.common.providers.serialisers.AbstractJsonMessageBodyReader, org.jboss.resteasy.reactive.server.spi.ServerMessageBodyReader<java.lang.Object>], qualifiers=[@Any, @Default], target=io.quarkus.resteasy.reactive.jackson.runtime.serialisers.ServerJacksonMessageBodyReader]
22:00:26 DEBUG [io.qu.ar.pr.UnusedBeans] Unremovable - excluded by BeanClassAnnotationExclusion [nameStartsWith=null, name=io.quarkus.scheduler.Scheduled]: CLASS bean [types=[java.lang.Object, space.maatini.eventsourcing.service.ProjectionMetrics], qualifiers=[@Any, @Default], target=space.maatini.eventsourcing.service.ProjectionMetrics]
22:00:26 DEBUG [io.qu.ar.pr.UnusedBeans] Unremovable - injected: CLASS bean [types=[io.quarkus.security.spi.runtime.AuthorizationController, io.quarkus.test.security.TestAuthController, java.lang.Object], qualifiers=[@Any, @Default], target=io.quarkus.test.security.TestAuthController]
22:00:26 DEBUG [io.qu.ar.pr.UnusedBeans] Unremovable - excluded by BeanClassNameExclusion [className=io.quarkus.hibernate.validator.runtime.jaxrs.ResteasyReactiveViolationExceptionMapper]: CLASS bean [types=[io.quarkus.hibernate.validator.runtime.jaxrs.ResteasyReactiveViolationExceptionMapper, jakarta.ws.rs.ext.ExceptionMapper<jakarta.validation.ValidationException>, java.lang.Object], qualifiers=[@Any, @Default], target=io.quarkus.hibernate.validator.runtime.jaxrs.ResteasyReactiveViolationExceptionMapper]
22:00:26 DEBUG [io.qu.ar.pr.UnusedBeans] Unremovable - injected: CLASS bean [types=[io.quarkus.arc.runtime.ConfigStaticInitValues, java.lang.Object], qualifiers=[@Any, @Default], target=io.quarkus.arc.runtime.ConfigStaticInitValues]
22:00:26 DEBUG [io.qu.ar.pr.UnusedBeans] Unremovable - injected: CLASS bean [types=[io.quarkus.security.identity.CurrentIdentityAssociation, io.quarkus.security.spi.runtime.AbstractSecurityIdentityAssociation, io.quarkus.test.security.DelegateSecurityIdentityAssociation, java.lang.Object], qualifiers=[@Any, @Default], target=io.quarkus.test.security.DelegateSecurityIdentityAssociation]
22:00:26 DEBUG [io.qu.ar.pr.UnusedBeans] Unremovable - excluded by BeanClassNameExclusion [className=io.quarkus.micrometer.runtime.export.exemplars.NoopOpenTelemetryExemplarContextUnwrapper]: CLASS bean [types=[io.quarkus.micrometer.runtime.export.exemplars.NoopOpenTelemetryExemplarContextUnwrapper, io.quarkus.micrometer.runtime.export.exemplars.OpenTelemetryContextUnwrapper, java.lang.Object], qualifiers=[@Any, @Default], target=io.quarkus.micrometer.runtime.export.exemplars.NoopOpenTelemetryExemplarContextUnwrapper]
22:00:26 DEBUG [io.qu.ar.pr.UnusedBeans] Unremovable - excluded by BeanClassNameExclusion [className=io.quarkus.vertx.http.runtime.security.JaxRsPathMatchingHttpSecurityPolicy]: CLASS bean [types=[io.quarkus.vertx.http.runtime.security.JaxRsPathMatchingHttpSecurityPolicy, java.lang.Object], qualifiers=[@Any, @Default], target=io.quarkus.vertx.http.runtime.security.JaxRsPathMatchingHttpSecurityPolicy]
22:00:26 DEBUG [io.qu.ar.pr.UnusedBeans] Unremovable - excluded by BeanClassNameExclusion [className=io.quarkus.smallrye.openapi.runtime.OpenApiDocumentService]: CLASS bean [types=[io.quarkus.smallrye.openapi.runtime.OpenApiDocumentService, java.lang.Object], qualifiers=[@Any, @Default], target=io.quarkus.smallrye.openapi.runtime.OpenApiDocumentService]
22:00:26 DEBUG [io.qu.ar.pr.UnusedBeans] Unremovable - excluded by io.quarkus.arc.deployment.UnremovableBeanBuildItem$1@6080ae4f: CLASS bean [types=[io.quarkus.resteasy.reactive.jackson.runtime.mappers.NativeInvalidDefinitionExceptionMapper$ExceptionMapper$9b3903a6623e908ff3590aef8cbd6d07435aea0c, jakarta.ws.rs.ext.ExceptionMapper, java.lang.Object, org.jboss.resteasy.reactive.server.spi.ResteasyReactiveExceptionMapper], qualifiers=[@Any, @Default], target=io.quarkus.resteasy.reactive.jackson.runtime.mappers.NativeInvalidDefinitionExceptionMapper$ExceptionMapper$9b3903a6623e908ff3590aef8cbd6d07435aea0c]
22:00:26 DEBUG [io.qu.ar.pr.UnusedBeans] Unremovable - named: CLASS bean [types=[io.quarkus.hibernate.validator.runtime.locale.LocaleResolversWrapper, java.lang.Object, org.hibernate.validator.spi.messageinterpolation.LocaleResolver], qualifiers=[@Any, @Default, @Named("locale-resolver-wrapper")], target=io.quarkus.hibernate.validator.runtime.locale.LocaleResolversWrapper]
22:00:26 DEBUG [io.qu.ar.pr.UnusedBeans] Unremovable - excluded by BeanClassNameExclusion [className=io.quarkus.vertx.http.runtime.security.PathMatchingHttpSecurityPolicy]: CLASS bean [types=[io.quarkus.vertx.http.runtime.security.AbstractPathMatchingHttpSecurityPolicy, io.quarkus.vertx.http.runtime.security.HttpSecurityPolicy, io.quarkus.vertx.http.runtime.security.PathMatchingHttpSecurityPolicy, java.lang.Object], qualifiers=[@Any, @Default], target=io.quarkus.vertx.http.runtime.security.PathMatchingHttpSecurityPolicy]
22:00:26 DEBUG [io.qu.ar.pr.UnusedBeans] Unremovable - excluded by BeanClassNameExclusion [className=io.quarkus.resteasy.reactive.jackson.runtime.serialisers.FullyFeaturedServerJacksonMessageBodyReader]: CLASS bean [types=[io.quarkus.resteasy.reactive.jackson.runtime.serialisers.AbstractServerJacksonMessageBodyReader, io.quarkus.resteasy.reactive.jackson.runtime.serialisers.FullyFeaturedServerJacksonMessageBodyReader, jakarta.ws.rs.ext.MessageBodyReader<java.lang.Object>, java.lang.Object, org.jboss.resteasy.reactive.common.providers.serialisers.AbstractJsonMessageBodyReader, org.jboss.resteasy.reactive.server.spi.ServerMessageBodyReader<java.lang.Object>], qualifiers=[@Any, @Default], target=io.quarkus.resteasy.reactive.jackson.runtime.serialisers.FullyFeaturedServerJacksonMessageBodyReader]
22:00:26 DEBUG [io.qu.ar.pr.UnusedBeans] Unremovable - excluded by BeanClassNameExclusion [className=io.quarkus.vertx.http.runtime.security.HttpAuthenticator]: CLASS bean [types=[io.quarkus.vertx.http.runtime.security.HttpAuthenticator, java.lang.Object], qualifiers=[@Any, @Default], target=io.quarkus.vertx.http.runtime.security.HttpAuthenticator]
22:00:26 DEBUG [io.qu.ar.pr.UnusedBeans] Unremovable - excluded by BeanClassAnnotationExclusion [nameStartsWith=null, name=io.quarkus.test.junit.QuarkusTest]: CLASS bean [types=[java.lang.Object, space.maatini.eventsourcing.resource.EventResourceTest], qualifiers=[@Any, @Default], target=space.maatini.eventsourcing.resource.EventResourceTest]
22:00:26 DEBUG [io.qu.ar.pr.UnusedBeans] Unremovable - excluded by BeanClassAnnotationExclusion [nameStartsWith=null, name=jakarta.ws.rs.Path]: CLASS bean [types=[java.lang.Object, space.maatini.eventsourcing.resource.GenericAggregateResource], qualifiers=[@Any, @Default], target=space.maatini.eventsourcing.resource.GenericAggregateResource]
22:00:26 DEBUG [io.qu.ar.pr.UnusedBeans] Unremovable - declares observer: CLASS bean [types=[io.quarkus.scheduler.Scheduler, java.lang.Object], qualifiers=[@Any, @Default], target=io.quarkus.scheduler.runtime.SimpleScheduler]
22:00:26 DEBUG [io.qu.ar.pr.UnusedBeans] Unremovable - excluded by BeanClassNameExclusion [className=io.quarkus.micrometer.runtime.binder.netty.VertxNettyAllocatorMetricsProvider]: CLASS bean [types=[io.quarkus.micrometer.runtime.binder.netty.VertxNettyAllocatorMetricsProvider, java.lang.Object], qualifiers=[@Any, @Default], target=io.quarkus.micrometer.runtime.binder.netty.VertxNettyAllocatorMetricsProvider]
22:00:26 DEBUG [io.qu.ar.pr.UnusedBeans] Unremovable - excluded by BeanTypesExclusion [dotNames=[io.quarkus.vertx.http.runtime.security.HttpAuthenticationMechanism]]: CLASS bean [types=[io.quarkus.test.security.AbstractTestHttpAuthenticationMechanism, io.quarkus.test.security.FallbackTestHttpAuthenticationMechanism, io.quarkus.vertx.http.runtime.security.HttpAuthenticationMechanism, java.lang.Object], qualifiers=[@Any, @Default], target=io.quarkus.test.security.FallbackTestHttpAuthenticationMechanism]
22:00:26 DEBUG [io.qu.ar.pr.UnusedBeans] Unremovable - excluded by BeanTypesExclusion [dotNames=[io.micrometer.core.instrument.config.MeterFilter, io.micrometer.core.instrument.MeterRegistry, io.micrometer.core.instrument.config.NamingConvention, io.quarkus.micrometer.runtime.MeterRegistryCustomizer, io.micrometer.core.instrument.binder.MeterBinder]]: PRODUCER METHOD bean [types=[io.micrometer.core.instrument.binder.MeterBinder, java.lang.Object], qualifiers=[@Any, @Default], target=io.micrometer.core.instrument.binder.MeterBinder vertxEventLoopGroupMetrics(io.vertx.core.Vertx vertx), declaringBean=io.quarkus.micrometer.runtime.binder.netty.VertxNettyEventExecutorMetricsProvider]
22:00:26 DEBUG [io.qu.ar.pr.UnusedBeans] Unremovable - excluded by BeanClassNameExclusion [className=io.quarkus.vertx.runtime.VertxProducer]: PRODUCER METHOD bean [types=[io.vertx.core.eventbus.EventBus, io.vertx.core.metrics.Measured, java.lang.Object], qualifiers=[@Any, @Default], target=io.vertx.core.eventbus.EventBus eventbus(io.vertx.core.Vertx vertx), declaringBean=io.quarkus.vertx.runtime.VertxProducer]
22:00:26 DEBUG [io.qu.ar.pr.UnusedBeans] Unremovable - excluded by BeanTypesExclusion [dotNames=[io.micrometer.core.instrument.config.MeterFilter, io.micrometer.core.instrument.MeterRegistry, io.micrometer.core.instrument.config.NamingConvention, io.quarkus.micrometer.runtime.MeterRegistryCustomizer, io.micrometer.core.instrument.binder.MeterBinder]]: PRODUCER METHOD bean [types=[io.micrometer.core.instrument.binder.MeterBinder, java.lang.Object], qualifiers=[@Any, @Default], target=io.micrometer.core.instrument.binder.MeterBinder vertxUnpooledByteBufAllocatorMetrics(), declaringBean=io.quarkus.micrometer.runtime.binder.netty.VertxNettyAllocatorMetricsProvider]
22:00:26 DEBUG [io.qu.ar.pr.UnusedBeans] Unremovable - named: PRODUCER METHOD bean [types=[io.vertx.core.http.HttpServerRequest, io.vertx.core.streams.ReadStream<io.vertx.core.buffer.Buffer>, io.vertx.core.streams.StreamBase, java.lang.Object], qualifiers=[@Any, @Default, @Named("vertxRequest")], target=io.vertx.core.http.HttpServerRequest getCurrentRequest(io.vertx.ext.web.RoutingContext rc), declaringBean=io.quarkus.vertx.http.runtime.CurrentRequestProducer]
22:00:26 DEBUG [io.qu.ar.pr.UnusedBeans] Unremovable - injected: PRODUCER METHOD bean [types=[io.smallrye.config.SmallRyeConfig, java.io.Serializable, java.lang.Object, org.eclipse.microprofile.config.Config], qualifiers=[@Any, @Default], target=io.smallrye.config.SmallRyeConfig getConfig(), declaringBean=io.smallrye.config.inject.ConfigProducer]
22:00:26 DEBUG [io.qu.ar.pr.UnusedBeans] Unremovable - excluded by BeanTypesExclusion [dotNames=[io.micrometer.core.instrument.config.MeterFilter, io.micrometer.core.instrument.MeterRegistry, io.micrometer.core.instrument.config.NamingConvention, io.quarkus.micrometer.runtime.MeterRegistryCustomizer, io.micrometer.core.instrument.binder.MeterBinder]]: PRODUCER METHOD bean [types=[io.micrometer.core.instrument.binder.MeterBinder, java.lang.Object], qualifiers=[@Any, @Default], target=io.micrometer.core.instrument.binder.MeterBinder pooledByteBufAllocatorMetrics(), declaringBean=io.quarkus.micrometer.runtime.binder.netty.NettyMetricsProvider]
22:00:26 DEBUG [io.qu.ar.pr.UnusedBeans] Unremovable - excluded by BeanClassNameExclusion [className=io.quarkus.micrometer.runtime.export.PrometheusMeterRegistryProvider]: PRODUCER METHOD bean [types=[io.micrometer.core.instrument.config.MeterRegistryConfig, io.micrometer.prometheus.PrometheusConfig, java.lang.Object], qualifiers=[@Any, @Default], target=io.micrometer.prometheus.PrometheusConfig configure(io.quarkus.micrometer.runtime.config.runtime.PrometheusRuntimeConfig config), declaringBean=io.quarkus.micrometer.runtime.export.PrometheusMeterRegistryProvider]
22:00:26 DEBUG [io.qu.ar.pr.UnusedBeans] Unremovable - excluded by BeanClassNameExclusion [className=io.quarkus.micrometer.runtime.export.exemplars.EmptyExemplarSamplerProvider]: PRODUCER METHOD bean [types=[java.lang.Object, java.util.Optional<io.prometheus.client.exemplars.ExemplarSampler>], qualifiers=[@Any, @Default], target=java.util.Optional<io.prometheus.client.exemplars.ExemplarSampler> exemplarSampler(), declaringBean=io.quarkus.micrometer.runtime.export.exemplars.EmptyExemplarSamplerProvider]
22:00:26 DEBUG [io.qu.ar.pr.UnusedBeans] Unremovable - excluded by BeanTypesExclusion [dotNames=[io.micrometer.core.instrument.config.MeterFilter, io.micrometer.core.instrument.MeterRegistry, io.micrometer.core.instrument.config.NamingConvention, io.quarkus.micrometer.runtime.MeterRegistryCustomizer, io.micrometer.core.instrument.binder.MeterBinder]]: PRODUCER METHOD bean [types=[io.micrometer.core.instrument.config.MeterFilter, java.lang.Object], qualifiers=[@Any, @Default], target=io.micrometer.core.instrument.config.MeterFilter metricsHttpServerUriTagFilter(io.quarkus.micrometer.runtime.config.runtime.HttpServerConfig httpServerConfig), declaringBean=io.quarkus.micrometer.runtime.binder.HttpMeterFilterProvider]
22:00:26 DEBUG [io.qu.ar.pr.UnusedBeans] Unremovable - excluded by BeanClassNameExclusion [className=io.quarkus.security.runtime.IdentityProviderManagerCreator]: PRODUCER METHOD bean [types=[io.quarkus.security.identity.IdentityProviderManager, java.lang.Object], qualifiers=[@Any, @Default], target=io.quarkus.security.identity.IdentityProviderManager ipm(jakarta.enterprise.inject.Instance<io.quarkus.security.identity.IdentityProvider<?>> identityProviders, jakarta.enterprise.inject.Instance<io.quarkus.security.identity.SecurityIdentityAugmentor> augmentors, io.quarkus.security.spi.runtime.BlockingSecurityExecutor blockingExecutor), declaringBean=io.quarkus.security.runtime.IdentityProviderManagerCreator]
22:00:26 DEBUG [io.qu.ar.pr.UnusedBeans] Unremovable - excluded by BeanTypesExclusion [dotNames=[io.micrometer.core.instrument.config.MeterFilter, io.micrometer.core.instrument.MeterRegistry, io.micrometer.core.instrument.config.NamingConvention, io.quarkus.micrometer.runtime.MeterRegistryCustomizer, io.micrometer.core.instrument.binder.MeterBinder]]: PRODUCER METHOD bean [types=[io.micrometer.core.instrument.config.NamingConvention, io.micrometer.prometheus.PrometheusNamingConvention, java.lang.Object], qualifiers=[@Any, @Default], target=io.micrometer.prometheus.PrometheusNamingConvention namingConvention(), declaringBean=io.quarkus.micrometer.runtime.export.PrometheusMeterRegistryProvider]
22:00:26 DEBUG [io.qu.ar.pr.UnusedBeans] Unremovable - excluded by BeanTypesExclusion [dotNames=[io.micrometer.core.instrument.config.MeterFilter, io.micrometer.core.instrument.MeterRegistry, io.micrometer.core.instrument.config.NamingConvention, io.quarkus.micrometer.runtime.MeterRegistryCustomizer, io.micrometer.core.instrument.binder.MeterBinder]]: PRODUCER METHOD bean [types=[io.micrometer.core.instrument.binder.MeterBinder, java.lang.Object], qualifiers=[@Any, @Default], target=io.micrometer.core.instrument.binder.MeterBinder unpooledByteBufAllocatorMetrics(), declaringBean=io.quarkus.micrometer.runtime.binder.netty.NettyMetricsProvider]
22:00:26 DEBUG [io.qu.ar.pr.UnusedBeans] Unremovable - injected: PRODUCER METHOD bean [types=[java.io.Serializable, java.lang.Boolean, java.lang.Comparable<java.lang.Boolean>, java.lang.Object, java.lang.constant.Constable], qualifiers=[@Any, @ConfigProperty], target=java.lang.Boolean produceBooleanConfigProperty(jakarta.enterprise.inject.spi.InjectionPoint ip), declaringBean=io.smallrye.config.inject.ConfigProducer]
22:00:26 DEBUG [io.qu.ar.pr.UnusedBeans] Unremovable - excluded by BeanClassNameExclusion [className=io.quarkus.smallrye.context.runtime.SmallRyeContextPropagationProvider]: PRODUCER METHOD bean [types=[io.smallrye.context.SmallRyeThreadContext, java.lang.Object, org.eclipse.microprofile.context.ThreadContext], qualifiers=[@Any, @Default], target=io.smallrye.context.SmallRyeThreadContext getAllThreadContext(), declaringBean=io.quarkus.smallrye.context.runtime.SmallRyeContextPropagationProvider]
22:00:26 DEBUG [io.qu.ar.pr.UnusedBeans] Unremovable - excluded by BeanTypesExclusion [dotNames=[io.micrometer.core.instrument.config.MeterFilter, io.micrometer.core.instrument.MeterRegistry, io.micrometer.core.instrument.config.NamingConvention, io.quarkus.micrometer.runtime.MeterRegistryCustomizer, io.micrometer.core.instrument.binder.MeterBinder]]: PRODUCER METHOD bean [types=[io.micrometer.core.instrument.config.MeterFilter, java.lang.Object], qualifiers=[@Any, @Default], target=io.micrometer.core.instrument.config.MeterFilter metricsHttpClientUriTagFilter(io.quarkus.micrometer.runtime.config.runtime.HttpClientConfig httpClientConfig), declaringBean=io.quarkus.micrometer.runtime.binder.HttpMeterFilterProvider]
22:00:26 DEBUG [io.qu.ar.pr.UnusedBeans] Unremovable - injected: PRODUCER METHOD bean [types=[jakarta.ws.rs.ext.Providers, java.lang.Object], qualifiers=[@Any, @Default], target=jakarta.ws.rs.ext.Providers providers(), declaringBean=io.quarkus.resteasy.reactive.server.runtime.QuarkusContextProducers]
22:00:26 DEBUG [io.qu.ar.pr.UnusedBeans] Unremovable - excluded by BeanTypesExclusion [dotNames=[jakarta.ws.rs.core.HttpHeaders]]: PRODUCER METHOD bean [types=[jakarta.ws.rs.core.HttpHeaders, java.lang.Object], qualifiers=[@Any, @Default], target=jakarta.ws.rs.core.HttpHeaders headers(), declaringBean=org.jboss.resteasy.reactive.server.injection.ContextProducers]
22:00:26 DEBUG [io.qu.ar.pr.UnusedBeans] Unremovable - excluded by BeanTypesExclusion [dotNames=[io.micrometer.core.instrument.config.MeterFilter, io.micrometer.core.instrument.MeterRegistry, io.micrometer.core.instrument.config.NamingConvention, io.quarkus.micrometer.runtime.MeterRegistryCustomizer, io.micrometer.core.instrument.binder.MeterBinder]]: PRODUCER METHOD bean [types=[io.micrometer.core.instrument.config.MeterFilter, java.lang.Object], qualifiers=[@Any, @Default], target=io.micrometer.core.instrument.config.MeterFilter metricsHttpPushUriTagFilter(io.quarkus.micrometer.runtime.config.runtime.HttpServerConfig httpServerConfig), declaringBean=io.quarkus.micrometer.runtime.binder.HttpMeterFilterProvider]
22:00:26 DEBUG [io.qu.ar.pr.UnusedBeans] Unremovable - excluded by BeanTypesExclusion [dotNames=[com.fasterxml.jackson.databind.ObjectMapper]]: PRODUCER METHOD bean [types=[com.fasterxml.jackson.core.ObjectCodec, com.fasterxml.jackson.core.TreeCodec, com.fasterxml.jackson.core.Versioned, com.fasterxml.jackson.databind.ObjectMapper, java.io.Serializable, java.lang.Object], qualifiers=[@Any, @Default], target=com.fasterxml.jackson.databind.ObjectMapper objectMapper(jakarta.enterprise.inject.Instance<io.quarkus.jackson.ObjectMapperCustomizer> customizers), declaringBean=io.quarkus.jackson.runtime.ObjectMapperProducer]
22:00:26 DEBUG [io.qu.ar.pr.UnusedBeans] Unremovable - excluded by BeanClassNameExclusion [className=io.quarkus.vertx.runtime.VertxProducer]: PRODUCER METHOD bean [types=[io.smallrye.mutiny.vertx.MutinyDelegate, io.vertx.mutiny.core.Vertx, io.vertx.mutiny.core.metrics.Measured, java.lang.Object], qualifiers=[@Any, @Default], target=io.vertx.mutiny.core.Vertx mutiny(io.vertx.core.Vertx vertx), declaringBean=io.quarkus.vertx.runtime.VertxProducer]
22:00:26 DEBUG [io.qu.ar.pr.UnusedBeans] Unremovable - excluded by BeanClassNameExclusion [className=io.quarkus.micrometer.runtime.export.PrometheusMeterRegistryProvider]: PRODUCER METHOD bean [types=[io.prometheus.client.CollectorRegistry, java.lang.Object], qualifiers=[@Any, @Default], target=io.prometheus.client.CollectorRegistry collectorRegistry(), declaringBean=io.quarkus.micrometer.runtime.export.PrometheusMeterRegistryProvider]
22:00:26 DEBUG [io.qu.ar.pr.UnusedBeans] Unremovable - excluded by BeanClassNameExclusion [className=io.quarkus.micrometer.runtime.ClockProvider]: PRODUCER METHOD bean [types=[io.micrometer.core.instrument.Clock, java.lang.Object], qualifiers=[@Any, @Default], target=io.micrometer.core.instrument.Clock clock(), declaringBean=io.quarkus.micrometer.runtime.ClockProvider]
22:00:26 DEBUG [io.qu.ar.pr.UnusedBeans] Unremovable - excluded by BeanClassNameExclusion [className=io.quarkus.security.runtime.IdentityProviderManagerCreator]: PRODUCER METHOD bean [types=[io.quarkus.security.spi.runtime.BlockingSecurityExecutor, java.lang.Object], qualifiers=[@Any, @Default], target=io.quarkus.security.spi.runtime.BlockingSecurityExecutor defaultBlockingExecutor(), declaringBean=io.quarkus.security.runtime.IdentityProviderManagerCreator]
22:00:26 DEBUG [io.qu.ar.pr.UnusedBeans] Unremovable - excluded by BeanTypesExclusion [dotNames=[io.micrometer.core.instrument.config.MeterFilter, io.micrometer.core.instrument.MeterRegistry, io.micrometer.core.instrument.config.NamingConvention, io.quarkus.micrometer.runtime.MeterRegistryCustomizer, io.micrometer.core.instrument.binder.MeterBinder]]: PRODUCER METHOD bean [types=[io.micrometer.core.instrument.MeterRegistry, io.micrometer.prometheus.PrometheusMeterRegistry, java.lang.Object], qualifiers=[@Any, @Default], target=io.micrometer.prometheus.PrometheusMeterRegistry registry(io.micrometer.prometheus.PrometheusConfig config, io.prometheus.client.CollectorRegistry collectorRegistry, java.util.Optional<io.prometheus.client.exemplars.ExemplarSampler> exemplarSampler, io.micrometer.core.instrument.Clock clock), declaringBean=io.quarkus.micrometer.runtime.export.PrometheusMeterRegistryProducer]
22:00:26 DEBUG [io.qu.ar.pr.UnusedBeans] Unremovable - excluded by BeanTypesExclusion [dotNames=[io.micrometer.core.instrument.config.MeterFilter, io.micrometer.core.instrument.MeterRegistry, io.micrometer.core.instrument.config.NamingConvention, io.quarkus.micrometer.runtime.MeterRegistryCustomizer, io.micrometer.core.instrument.binder.MeterBinder]]: PRODUCER METHOD bean [types=[io.micrometer.core.instrument.config.MeterFilter, java.lang.Object], qualifiers=[@Any, @Default], target=io.micrometer.core.instrument.config.MeterFilter metricsHttpWebSocketsUriTagFilter(io.quarkus.micrometer.runtime.config.runtime.HttpServerConfig httpServerConfig), declaringBean=io.quarkus.micrometer.runtime.binder.HttpMeterFilterProvider]
22:00:26 DEBUG [io.qu.ar.pr.UnusedBeans] Unremovable - excluded by BeanClassNameExclusion [className=io.quarkus.security.runtime.PrincipalProducer]: PRODUCER METHOD bean [types=[java.lang.Object, java.security.Principal], qualifiers=[@Any, @Default], target=java.security.Principal principal(io.quarkus.security.identity.CurrentIdentityAssociation identityAssociation), declaringBean=io.quarkus.security.runtime.PrincipalProducer]
22:00:26 DEBUG [io.qu.ar.pr.UnusedBeans] Unremovable - excluded by BeanTypesExclusion [dotNames=[io.micrometer.core.instrument.config.MeterFilter, io.micrometer.core.instrument.MeterRegistry, io.micrometer.core.instrument.config.NamingConvention, io.quarkus.micrometer.runtime.MeterRegistryCustomizer, io.micrometer.core.instrument.binder.MeterBinder]]: PRODUCER METHOD bean [types=[io.micrometer.core.instrument.config.NamingConvention, io.micrometer.prometheus.PrometheusDurationNamingConvention, io.micrometer.prometheus.PrometheusNamingConvention, java.lang.Object], qualifiers=[@Any, @Default], target=io.micrometer.prometheus.PrometheusDurationNamingConvention durationNamingConvention(), declaringBean=io.quarkus.micrometer.runtime.export.PrometheusMeterRegistryProvider]
22:00:26 DEBUG [io.qu.ar.pr.UnusedBeans] Unremovable - excluded by BeanClassNameExclusion [className=io.quarkus.vertx.runtime.VertxProducer]: PRODUCER METHOD bean [types=[io.smallrye.mutiny.vertx.MutinyDelegate, io.vertx.mutiny.core.eventbus.EventBus, io.vertx.mutiny.core.metrics.Measured, java.lang.Object], qualifiers=[@Any, @Default], target=io.vertx.mutiny.core.eventbus.EventBus mutinyEventBus(io.vertx.mutiny.core.Vertx mutiny), declaringBean=io.quarkus.vertx.runtime.VertxProducer]
22:00:26 DEBUG [io.qu.ar.pr.UnusedBeans] Unremovable - excluded by BeanTypesExclusion [dotNames=[io.micrometer.core.instrument.config.MeterFilter, io.micrometer.core.instrument.MeterRegistry, io.micrometer.core.instrument.config.NamingConvention, io.quarkus.micrometer.runtime.MeterRegistryCustomizer, io.micrometer.core.instrument.binder.MeterBinder]]: PRODUCER METHOD bean [types=[io.micrometer.core.instrument.binder.MeterBinder, java.lang.Object], qualifiers=[@Any, @Default], target=io.micrometer.core.instrument.binder.MeterBinder vertxPooledByteBufAllocatorMetrics(), declaringBean=io.quarkus.micrometer.runtime.binder.netty.VertxNettyAllocatorMetricsProvider]
22:00:26 DEBUG [io.qu.ar.pr.UnusedBeans] Unremovable - excluded by BeanTypesExclusion [dotNames=[io.micrometer.core.instrument.config.MeterFilter, io.micrometer.core.instrument.MeterRegistry, io.micrometer.core.instrument.config.NamingConvention, io.quarkus.micrometer.runtime.MeterRegistryCustomizer, io.micrometer.core.instrument.binder.MeterBinder]]: PRODUCER METHOD bean [types=[io.micrometer.core.instrument.MeterRegistry, java.lang.Object], qualifiers=[@Any, @Default], target=io.micrometer.core.instrument.MeterRegistry produceRootRegistry(), declaringBean=io.quarkus.micrometer.runtime.CompositeRegistryCreator]
22:00:26 DEBUG [io.qu.ar.pr.UnusedBeans] Unremovable - excluded by BeanTypesExclusion [dotNames=[io.micrometer.core.instrument.config.MeterFilter, io.micrometer.core.instrument.MeterRegistry, io.micrometer.core.instrument.config.NamingConvention, io.quarkus.micrometer.runtime.MeterRegistryCustomizer, io.micrometer.core.instrument.binder.MeterBinder]]: PRODUCER METHOD bean [types=[io.micrometer.core.instrument.binder.MeterBinder, java.lang.Object], qualifiers=[@Any, @Default], target=io.micrometer.core.instrument.binder.MeterBinder vertxAcceptorEventLoopGroupMetrics(io.vertx.core.Vertx vertx), declaringBean=io.quarkus.micrometer.runtime.binder.netty.VertxNettyEventExecutorMetricsProvider]
22:00:26 DEBUG [io.qu.ar.pr.UnusedBeans] Unremovable - injected: PRODUCER METHOD bean [types=[java.io.Serializable, java.lang.Object, org.jboss.logging.BasicLogger, org.jboss.logging.Logger], qualifiers=[@Any, @Default], target=org.jboss.logging.Logger getSimpleLogger(jakarta.enterprise.inject.spi.InjectionPoint injectionPoint), declaringBean=io.quarkus.arc.runtime.LoggerProducer]
22:00:26 DEBUG [io.qu.ar.pr.UnusedBeans] Unremovable - excluded by BeanClassNameExclusion [className=io.quarkus.vertx.http.runtime.CurrentVertxRequest]: PRODUCER METHOD bean [types=[io.vertx.ext.web.RoutingContext, java.lang.Object], qualifiers=[@Any, @Default], target=io.vertx.ext.web.RoutingContext getCurrent(), declaringBean=io.quarkus.vertx.http.runtime.CurrentVertxRequest]
22:00:26 DEBUG [io.qu.ar.pr.UnusedBeans] Unremovable - unremovable synthetic: SYNTHETIC bean [types=[java.lang.Object, java.lang.String[]], qualifiers=[@Any, @io.quarkus.runtime.annotations.CommandLineArguments], target=n/a]
22:00:26 DEBUG [io.qu.ar.pr.UnusedBeans] Unremovable - unremovable synthetic: SYNTHETIC bean [types=[io.quarkus.security.runtime.interceptor.SecurityConstrainer, java.lang.Object], qualifiers=[@Any, @Default], target=n/a]
22:00:26 DEBUG [io.qu.ar.pr.UnusedBeans] Unremovable - unremovable synthetic: SYNTHETIC bean [types=[io.quarkus.hibernate.orm.runtime.JPAConfig, java.lang.Object], qualifiers=[@Any, @Default], target=n/a]
22:00:26 DEBUG [io.qu.ar.pr.UnusedBeans] Unremovable - injected: SYNTHETIC bean [types=[io.quarkus.jackson.runtime.JacksonSupport, java.lang.Object], qualifiers=[@Any, @Default], target=n/a]
22:00:26 DEBUG [io.qu.ar.pr.UnusedBeans] Unremovable - unremovable synthetic: SYNTHETIC bean [types=[io.quarkus.security.spi.runtime.SecurityCheckStorage, java.lang.Object], qualifiers=[@Any, @Default], target=n/a]
22:00:26 DEBUG [io.qu.ar.pr.UnusedBeans] Unremovable - unremovable synthetic: SYNTHETIC bean [types=[io.quarkus.registry.ValueRegistry, java.lang.Object], qualifiers=[@Any, @jakarta.enterprise.inject.Default], target=n/a]
22:00:26 DEBUG [io.qu.ar.pr.UnusedBeans] Unremovable - unremovable synthetic: SYNTHETIC bean [types=[jakarta.validation.ValidatorFactory, java.lang.Object, org.hibernate.validator.HibernateValidatorFactory], qualifiers=[@Any, @Default, @Named("quarkus-hibernate-validator-factory")], target=n/a]
22:00:26 DEBUG [io.qu.ar.pr.UnusedBeans] Unremovable - unremovable synthetic: SYNTHETIC bean [types=[jakarta.validation.Validator, java.lang.Object], qualifiers=[@Any, @Default], target=n/a]
22:00:26 DEBUG [io.qu.ar.pr.UnusedBeans] Unremovable - unremovable synthetic: SYNTHETIC bean [types=[io.quarkus.vertx.http.runtime.security.BasicAuthenticationMechanism, io.quarkus.vertx.http.runtime.security.HttpAuthenticationMechanism, java.lang.Object], qualifiers=[@Any, @Default], target=n/a]
22:00:26 DEBUG [io.qu.ar.pr.UnusedBeans] Unremovable - unremovable synthetic: SYNTHETIC bean [types=[io.quarkus.datasource.runtime.DataSourceSupport, java.lang.Object], qualifiers=[@Any, @Default], target=n/a]
22:00:26 DEBUG [io.qu.ar.pr.UnusedBeans] Unremovable - unremovable synthetic: SYNTHETIC bean [types=[io.quarkus.vertx.http.HttpServer, java.lang.Object], qualifiers=[@Any, @jakarta.enterprise.inject.Default], target=n/a]
22:00:26 DEBUG [io.qu.ar.pr.UnusedBeans] Unremovable - unremovable synthetic: SYNTHETIC bean [types=[io.quarkus.micrometer.runtime.binder.HttpBinderConfiguration, java.lang.Object], qualifiers=[@Any, @Default], target=n/a]
22:00:26 DEBUG [io.qu.ar.pr.UnusedBeans] Unremovable - injected: SYNTHETIC bean [types=[java.lang.Object, java.util.concurrent.Executor, java.util.concurrent.ExecutorService, java.util.concurrent.ScheduledExecutorService], qualifiers=[@Any, @Default], target=n/a]
22:00:26 DEBUG [io.qu.ar.pr.UnusedBeans] Unremovable - unremovable synthetic: SYNTHETIC bean [types=[io.smallrye.context.SmallRyeManagedExecutor, java.lang.Object, org.eclipse.microprofile.context.ManagedExecutor], qualifiers=[@Any, @Default], target=n/a]
22:00:26 DEBUG [io.qu.ar.pr.UnusedBeans] Unremovable - unremovable synthetic: SYNTHETIC bean [types=[io.vertx.core.Vertx, java.lang.Object], qualifiers=[@Any, @Default], target=n/a]
22:00:26 DEBUG [io.qu.ar.pr.UnusedBeans] Unremovable - unremovable synthetic: SYNTHETIC bean [types=[io.netty.channel.EventLoopGroup, java.lang.Object], qualifiers=[@Any, @io.quarkus.netty.BossEventLoopGroup], target=n/a]
22:00:26 DEBUG [io.qu.ar.pr.UnusedBeans] Unremovable - unremovable synthetic: SYNTHETIC bean [types=[io.netty.channel.EventLoopGroup, java.lang.Object], qualifiers=[@Any, @io.quarkus.netty.MainEventLoopGroup], target=n/a]
22:00:26 DEBUG [io.qu.ar.pr.UnusedBeans] Unremovable - unremovable synthetic: SYNTHETIC bean [types=[java.lang.Object, org.hibernate.reactive.common.spi.Implementor, org.hibernate.reactive.mutiny.Mutiny$SessionFactory], qualifiers=[@Any, @jakarta.enterprise.inject.Default], target=n/a]
22:00:26 DEBUG [io.qu.ar.pr.UnusedBeans] Unremovable - unremovable synthetic: SYNTHETIC bean [types=[io.quarkus.tls.TlsConfigurationRegistry, java.lang.Object], qualifiers=[@Any, @Default], target=n/a]
22:00:26 DEBUG [io.qu.ar.pr.UnusedBeans] Unremovable - unremovable synthetic: SYNTHETIC bean [types=[io.vertx.pgclient.PgPool, io.vertx.sqlclient.Pool, java.lang.Object], qualifiers=[@Any, @jakarta.enterprise.inject.Default], target=n/a]
22:00:26 DEBUG [io.qu.ar.pr.UnusedBeans] Unremovable - unremovable synthetic: SYNTHETIC bean [types=[io.vertx.mutiny.pgclient.PgPool, io.vertx.mutiny.sqlclient.Pool, java.lang.Object], qualifiers=[@Any, @jakarta.enterprise.inject.Default], target=n/a]
22:00:26 DEBUG [io.qu.ar.pr.UnusedBeans] Unremovable - unremovable synthetic: SYNTHETIC bean [types=[io.quarkus.reactive.pg.client.runtime.PgPoolSupport, java.lang.Object], qualifiers=[@Any, @Default], target=n/a]
22:00:26 DEBUG [io.qu.ar.pr.UnusedBeans] Unremovable - injected: SYNTHETIC bean [types=[io.quarkus.scheduler.common.runtime.SchedulerContext, java.lang.Object], qualifiers=[@Any, @Default], target=n/a]
22:00:26 DEBUG [io.qu.ar.pr.UnusedBeans] Unremovable - injected: SYNTHETIC bean [types=[io.quarkus.jackson.runtime.JacksonBuildTimeConfig, java.lang.Object], qualifiers=[@Any, @Default], target=n/a]
22:00:26 DEBUG [io.qu.ar.pr.UnusedBeans] Unremovable - injected: SYNTHETIC bean [types=[io.quarkus.vertx.http.runtime.VertxHttpBuildTimeConfig, java.lang.Object], qualifiers=[@Any, @Default], target=n/a]
22:00:26 DEBUG [io.qu.ar.pr.UnusedBeans] Unremovable - excluded by BeanTypesExclusion [dotNames=[io.quarkus.micrometer.runtime.config.MicrometerConfig]]: SYNTHETIC bean [types=[io.quarkus.micrometer.runtime.config.MicrometerConfig, java.lang.Object], qualifiers=[@Any, @Default], target=n/a]
22:00:26 DEBUG [io.qu.ar.pr.UnusedBeans] Unremovable - injected: SYNTHETIC bean [types=[io.quarkus.scheduler.runtime.SchedulerConfig, java.lang.Object], qualifiers=[@Any, @Default], target=n/a]
22:00:26 DEBUG [io.qu.ar.pr.UnusedBeans] Unremovable - injected: SYNTHETIC bean [types=[io.quarkus.vertx.http.runtime.VertxHttpConfig, java.lang.Object], qualifiers=[@Any, @Default], target=n/a]
22:00:26 DEBUG [io.qu.ar.pr.UnusedBeans] Unremovable - injected: SYNTHETIC bean [types=[io.quarkus.micrometer.runtime.config.runtime.HttpClientConfig, java.lang.Object], qualifiers=[@Any, @Default], target=n/a]
22:00:26 DEBUG [io.qu.ar.pr.UnusedBeans] Unremovable - injected: SYNTHETIC bean [types=[io.quarkus.micrometer.runtime.config.runtime.HttpServerConfig, java.lang.Object], qualifiers=[@Any, @Default], target=n/a]
22:00:26 DEBUG [io.qu.ar.pr.UnusedBeans] Unremovable - injected: SYNTHETIC bean [types=[io.quarkus.micrometer.runtime.config.runtime.PrometheusRuntimeConfig, java.lang.Object], qualifiers=[@Any, @Default], target=n/a]
22:00:26 DEBUG [io.qu.ar.pr.UnusedBeans] Unremovable - injected: SYNTHETIC bean [types=[io.quarkus.scheduler.runtime.SchedulerRuntimeConfig, java.lang.Object], qualifiers=[@Any, @Default], target=n/a]
22:00:26 DEBUG [io.qu.ar.pr.BeanDeployment] Removed 85 beans, 19 interceptors and 0 decorators in 104 ms
22:00:26 DEBUG [io.qu.ar.pr.BeanDeployment] Bean deployment initialized in 158 ms
22:00:26 DEBUG [io.qu.de.in.IndexWrapper] Index: io.quarkus.runtime.configuration.InetSocketAddressConverter
22:00:26 DEBUG [io.qu.de.in.IndexWrapper] Index: io.quarkus.runtime.configuration.CharsetConverter
22:00:26 DEBUG [io.qu.de.in.IndexWrapper] Index: io.quarkus.runtime.configuration.CidrAddressConverter
22:00:26 DEBUG [io.qu.de.in.IndexWrapper] Index: io.quarkus.runtime.configuration.InetAddressConverter
22:00:26 DEBUG [io.qu.de.in.IndexWrapper] Index: io.quarkus.runtime.configuration.RegexConverter
22:00:26 DEBUG [io.qu.de.in.IndexWrapper] Index: io.quarkus.runtime.configuration.PathConverter
22:00:26 DEBUG [io.qu.de.in.IndexWrapper] Index: io.quarkus.runtime.configuration.DurationConverter
22:00:26 DEBUG [io.qu.de.in.IndexWrapper] Index: io.quarkus.runtime.configuration.MemorySizeConverter
22:00:26 DEBUG [io.qu.de.in.IndexWrapper] Index: io.quarkus.runtime.configuration.LocaleConverter
22:00:26 DEBUG [io.qu.de.in.IndexWrapper] Index: io.quarkus.runtime.configuration.ZoneIdConverter
22:00:26 DEBUG [io.qu.de.in.IndexWrapper] Index: io.quarkus.runtime.logging.LevelConverter
22:00:26 DEBUG [io.qu.de.in.IndexWrapper] Index: io.quarkus.vertx.http.runtime.TrustedProxyCheckPartConverter
22:00:26 DEBUG [io.qu.ar.pr.BeanProcessor] Generating resources in parallel
22:00:26 DEBUG [io.qu.ar.pr.BeanArchives] Index: jakarta.enterprise.inject.Instance
22:00:26 DEBUG [io.qu.ar.pr.BeanArchives] Index: org.eclipse.microprofile.context.ManagedExecutor
22:00:26 DEBUG [io.qu.ar.pr.BeanArchives] Index: java.util.concurrent.Executor
22:00:26 DEBUG [io.qu.ar.pr.BeanArchives] Index: java.lang.AutoCloseable
22:00:26 DEBUG [io.qu.ar.pr.BeanArchives] Index: io.vertx.sqlclient.Pool
22:00:26 DEBUG [io.qu.ar.pr.BeanArchives] Index: io.vertx.sqlclient.SqlClient
22:00:26 DEBUG [io.qu.ar.pr.AnnotationLiteralGenerator] Annotation literal class generated: org.eclipse.microprofile.health.Startup_ArcAnnotationLiteral
22:00:26 DEBUG [io.qu.ar.pr.AnnotationLiteralGenerator] Annotation literal class generated: io.quarkus.hibernate.reactive.panache.common.WithSessionOnDemand_ArcAnnotationLiteral
22:00:26 DEBUG [io.qu.ar.pr.AnnotationLiteralGenerator] Annotation literal class generated: io.smallrye.health.api.Wellness_ArcAnnotationLiteral
22:00:26 DEBUG [io.qu.ar.pr.AnnotationLiteralGenerator] Annotation literal class generated: io.quarkus.netty.BossEventLoopGroup_ArcAnnotationLiteral
22:00:26 DEBUG [io.qu.ar.pr.AnnotationLiteralGenerator] Annotation literal class generated: jakarta.enterprise.inject.Default_ArcAnnotationLiteral
22:00:26 DEBUG [io.qu.ar.pr.AnnotationLiteralGenerator] Annotation literal class generated: io.quarkus.arc.runtime.ConfigStaticInitCheck_ArcAnnotationLiteral
22:00:26 DEBUG [io.qu.ar.pr.AnnotationLiteralGenerator] Annotation literal class generated: org.eclipse.microprofile.health.Readiness_ArcAnnotationLiteral
22:00:26 DEBUG [io.qu.ar.pr.AnnotationLiteralGenerator] Annotation literal class generated: io.quarkus.virtual.threads.VirtualThreads_ArcAnnotationLiteral
22:00:26 DEBUG [io.qu.ar.pr.AnnotationLiteralGenerator] Annotation literal class generated: io.quarkus.hibernate.validator.runtime.jaxrs.JaxrsEndPointValidated_ArcAnnotationLiteral
22:00:26 DEBUG [io.qu.ar.pr.AnnotationLiteralGenerator] Annotation literal class generated: io.quarkus.netty.MainEventLoopGroup_ArcAnnotationLiteral
22:00:26 DEBUG [io.qu.ar.pr.AnnotationLiteralGenerator] Annotation literal class generated: org.eclipse.microprofile.health.Liveness_ArcAnnotationLiteral
22:00:26 DEBUG [io.qu.ar.pr.AnnotationLiteralGenerator] Annotation literal class generated: io.quarkus.runtime.annotations.CommandLineArguments_ArcAnnotationLiteral
22:00:26 DEBUG [io.qu.ar.pr.AnnotationLiteralGenerator] Annotation literal class generated: io.quarkus.hibernate.reactive.panache.common.WithTransaction_ArcAnnotationLiteral
22:00:26 DEBUG [io.qu.ar.pr.AnnotationLiteralGenerator] Annotation literal class generated: io.quarkus.arc.log.LoggerName_ArcAnnotationLiteral
22:00:26 DEBUG [io.qu.ar.pr.AnnotationLiteralGenerator] Annotation literal class generated: jakarta.inject.Named_ArcAnnotationLiteral
22:00:26 DEBUG [io.qu.ar.pr.AnnotationLiteralGenerator] Annotation literal class generated: jakarta.enterprise.context.BeforeDestroyed_ArcAnnotationLiteral
22:00:26 DEBUG [io.qu.ar.pr.AnnotationLiteralGenerator] Annotation literal class generated: io.quarkus.hibernate.reactive.panache.common.WithSession_ArcAnnotationLiteral
22:00:26 DEBUG [io.qu.ar.pr.AnnotationLiteralGenerator] Annotation literal class generated: io.quarkus.security.identity.RunAsUser_ArcAnnotationLiteral
22:00:26 DEBUG [io.qu.ar.pr.AnnotationLiteralGenerator] Annotation literal class generated: org.eclipse.microprofile.config.inject.ConfigProperty_ArcAnnotationLiteral
22:00:26 DEBUG [io.qu.ar.de.ArcProcessor] Add APP class: io.quarkus.arc.setup.Default_ComponentsProvider_addBeans0
22:00:26 DEBUG [io.qu.ar.de.ArcProcessor] Add APP class: io.quarkus.arc.setup.Default_ComponentsProvider_addObservers0
22:00:26 DEBUG [io.qu.ar.de.ArcProcessor] Add APP class: io.quarkus.arc.setup.Default_ComponentsProvider$0
22:00:26 DEBUG [io.qu.ar.de.ArcProcessor] Add APP class: io.quarkus.arc.setup.Default_ComponentsProvider_addRemovedBeans0
22:00:26 DEBUG [io.qu.ar.de.ArcProcessor] Add APP class: io.quarkus.arc.setup.Default_ComponentsProvider_addRemovedBeans1
22:00:26 DEBUG [io.qu.ar.de.ArcProcessor] Add APP class: io.quarkus.arc.setup.Default_ComponentsProvider$1
22:00:26 DEBUG [io.qu.ar.de.ArcProcessor] Add APP class: io.quarkus.arc.setup.Default_ComponentsProvider$2
22:00:26 DEBUG [io.qu.ar.de.ArcProcessor] Add APP class: io.quarkus.arc.setup.Default_ComponentsProvider
22:00:26 DEBUG [io.qu.ar.de.ArcProcessor] Add FWK class: io.quarkus.hibernate.reactive.panache.common.runtime.WithSessionInterceptor_Bean
22:00:26 DEBUG [io.qu.ar.de.ArcProcessor] Add FWK class: io.quarkus.hibernate.reactive.panache.common.runtime.WithTransactionInterceptor_Bean
22:00:26 DEBUG [io.qu.ar.de.ArcProcessor] Add FWK class: io.quarkus.security.runtime.interceptor.RunAsUserInterceptor_Bean
22:00:26 DEBUG [io.qu.ar.de.ArcProcessor] Add FWK class: io.quarkus.hibernate.validator.runtime.jaxrs.ResteasyReactiveEndPointValidationInterceptor_Bean
22:00:26 DEBUG [io.qu.ar.de.ArcProcessor] Add FWK class: io.quarkus.arc.runtime.ConfigStaticInitCheckInterceptor_Bean
22:00:26 DEBUG [io.qu.ar.de.ArcProcessor] Add FWK class: io.quarkus.hibernate.reactive.panache.common.runtime.WithSessionOnDemandInterceptor_Bean
22:00:26 DEBUG [io.qu.ar.de.ArcProcessor] Add FWK class: io.quarkus.micrometer.runtime.export.PrometheusMeterRegistryProducer_Bean
22:00:26 DEBUG [io.qu.ar.de.ArcProcessor] Add FWK class: io.quarkus.security.runtime.IdentityProviderManagerCreator_Bean
22:00:26 DEBUG [io.qu.ar.de.ArcProcessor] Add FWK class: io.quarkus.security.runtime.SecurityIdentityProxy_Bean
22:00:26 DEBUG [io.qu.ar.de.ArcProcessor] Add FWK class: io.quarkus.jackson.runtime.VertxHybridPoolObjectMapperCustomizer_Bean
22:00:26 DEBUG [io.qu.ar.de.ArcProcessor] Add APP class: space.maatini.eventsourcing.resource.EventResource_Bean
22:00:26 DEBUG [io.qu.ar.de.ArcProcessor] Add FWK class: io.quarkus.resteasy.reactive.server.runtime.exceptionmappers.AuthenticationFailedExceptionMapper_Bean
22:00:26 DEBUG [io.qu.ar.de.ArcProcessor] Add FWK class: io.quarkus.micrometer.runtime.binder.HttpMeterFilterProvider_Bean
22:00:26 DEBUG [io.qu.ar.de.ArcProcessor] Add APP class: space.maatini.eventsourcing.service.EventService_Bean
22:00:26 DEBUG [io.qu.ar.de.ArcProcessor] Add FWK class: io.quarkus.vertx.runtime.VertxProducer_Bean
22:00:26 DEBUG [io.qu.ar.de.ArcProcessor] Add FWK class: io.quarkus.smallrye.context.runtime.SmallRyeContextPropagationProvider_Bean
22:00:26 DEBUG [io.qu.ar.de.ArcProcessor] Add FWK class: io.quarkus.vertx.http.runtime.HttpCertificateUpdateEventListener_Bean
22:00:26 DEBUG [io.qu.ar.de.ArcProcessor] Add APP class: io.quarkus.resteasy.reactive.server.runtime.exceptionmappers.UnauthorizedExceptionMapper$ExceptionMapper$965510594634d484a005e8aaae2361e9c9c1ea07_Bean
22:00:26 DEBUG [io.qu.ar.de.ArcProcessor] Add APP class: space.maatini.eventsourcing.service.EventBatchProcessor_Bean
22:00:26 DEBUG [io.qu.ar.de.ArcProcessor] Add FWK class: io.quarkus.test.security.TestIdentityAssociation_Bean
22:00:26 DEBUG [io.qu.ar.de.ArcProcessor] Add FWK class: io.smallrye.health.registry.HealthRegistries_Bean
22:00:26 DEBUG [io.qu.ar.de.ArcProcessor] Add APP class: space.maatini.eventsourcing.service.OutboxScheduler_Bean
22:00:26 DEBUG [io.qu.ar.de.ArcProcessor] Add APP class: space.maatini.eventsourcing.resource.AdminResourceTest_Bean
22:00:26 DEBUG [io.qu.ar.de.ArcProcessor] Add FWK class: io.quarkus.micrometer.runtime.ClockProvider_Bean
22:00:26 DEBUG [io.qu.ar.de.ArcProcessor] Add APP class: space.maatini.eventsourcing.service.ProjectionService_Bean
22:00:26 DEBUG [io.qu.ar.de.ArcProcessor] Add FWK class: io.quarkus.jackson.runtime.ConfigurationCustomizer_Bean
22:00:26 DEBUG [io.qu.ar.de.ArcProcessor] Add FWK class: io.quarkus.resteasy.reactive.server.runtime.QuarkusContextProducers_Bean
22:00:26 DEBUG [io.qu.ar.de.ArcProcessor] Add APP class: space.maatini.eventsourcing.resource.TestSupportResource_Bean
22:00:26 DEBUG [io.qu.ar.de.ArcProcessor] Add FWK class: org.jboss.resteasy.reactive.server.injection.ContextProducers_Bean
22:00:26 DEBUG [io.qu.ar.de.ArcProcessor] Add APP class: space.maatini.eventsourcing.service.GenericAggregateService_Bean
22:00:26 DEBUG [io.qu.ar.de.ArcProcessor] Add FWK class: io.quarkus.micrometer.runtime.export.exemplars.EmptyExemplarSamplerProvider_Bean
22:00:26 DEBUG [io.qu.ar.de.ArcProcessor] Add FWK class: io.quarkus.resteasy.reactive.jackson.runtime.serialisers.FullyFeaturedServerJacksonMessageBodyWriter_Bean
22:00:26 DEBUG [io.qu.ar.de.ArcProcessor] Add FWK class: io.quarkus.security.runtime.SecurityIdentityAssociation_Bean
22:00:26 DEBUG [io.qu.ar.de.ArcProcessor] Add APP class: space.maatini.eventsourcing.exception.DatabaseExceptionMapper_Bean
22:00:26 DEBUG [io.qu.ar.de.ArcProcessor] Add FWK class: io.quarkus.resteasy.reactive.jackson.runtime.serialisers.BasicServerJacksonMessageBodyWriter_Bean
22:00:26 DEBUG [io.qu.ar.de.ArcProcessor] Add FWK class: io.quarkus.test.security.PathBasedTestHttpAuthenticationMechanism_Bean
22:00:26 DEBUG [io.qu.ar.de.ArcProcessor] Add FWK class: io.quarkus.security.runtime.X509IdentityProvider_Bean
22:00:26 DEBUG [io.qu.ar.de.ArcProcessor] Add APP class: space.maatini.eventsourcing.resource.AdminResource_Bean
22:00:26 DEBUG [io.qu.ar.de.ArcProcessor] Add FWK class: io.quarkus.vertx.http.runtime.CurrentVertxRequest_Bean
22:00:26 DEBUG [io.qu.ar.de.ArcProcessor] Add APP class: space.maatini.eventsourcing.service.ProjectionReplayService_Bean
22:00:26 DEBUG [io.qu.ar.de.ArcProcessor] Add FWK class: io.quarkus.security.runtime.PrincipalProducer_Bean
22:00:26 DEBUG [io.qu.ar.de.ArcProcessor] Add FWK class: io.quarkus.micrometer.runtime.binder.netty.VertxNettyEventExecutorMetricsProvider_Bean
22:00:26 DEBUG [io.qu.ar.de.ArcProcessor] Add FWK class: io.quarkus.vertx.core.runtime.security.VertxBlockingSecurityExecutor_Bean
22:00:26 DEBUG [io.qu.ar.de.ArcProcessor] Add APP class: space.maatini.eventsourcing.exception.ValidationExceptionMapper_Bean
22:00:26 DEBUG [io.qu.ar.de.ArcProcessor] Add APP class: io.quarkus.resteasy.reactive.server.runtime.exceptionmappers.AuthenticationFailedExceptionMapper$ExceptionMapper$c2c34c033791b6e419bbd19d3b82f053d38098b8_Bean
22:00:26 DEBUG [io.qu.ar.de.ArcProcessor] Add APP class: io.quarkus.vertx.http.runtime.security.AuthorizationPolicyStorage_Impl_Bean
22:00:26 DEBUG [io.qu.ar.de.ArcProcessor] Add FWK class: io.quarkus.hibernate.validator.runtime.locale.ResteasyReactiveLocaleResolver_Bean
22:00:26 DEBUG [io.qu.ar.de.ArcProcessor] Add FWK class: io.quarkus.vertx.http.runtime.CurrentRequestProducer_Bean
22:00:26 DEBUG [io.qu.ar.de.ArcProcessor] Add FWK class: io.quarkus.micrometer.runtime.export.PrometheusMeterRegistryProvider_Bean
22:00:26 DEBUG [io.qu.ar.de.ArcProcessor] Add FWK class: io.quarkus.resteasy.reactive.jackson.runtime.mappers.NativeInvalidDefinitionExceptionMapper_Bean
22:00:26 DEBUG [io.qu.ar.de.ArcProcessor] Add FWK class: io.quarkus.resteasy.reactive.server.runtime.security.EagerSecurityContext_Bean
22:00:26 DEBUG [io.qu.ar.de.ArcProcessor] Add FWK class: io.quarkus.vertx.http.runtime.security.HttpAuthorizer_Bean
22:00:26 DEBUG [io.qu.ar.de.ArcProcessor] Add FWK class: io.quarkus.arc.runtime.test.PreloadedTestApplicationClassPredicate_Bean
22:00:26 DEBUG [io.qu.ar.de.ArcProcessor] Add FWK class: io.quarkus.reactive.pg.client.runtime.health.ReactivePgDataSourcesHealthCheck_Bean
22:00:26 DEBUG [io.qu.ar.de.ArcProcessor] Add FWK class: io.quarkus.micrometer.runtime.CompositeRegistryCreator_Bean
22:00:26 DEBUG [io.qu.ar.de.ArcProcessor] Add APP class: space.maatini.eventsourcing.health.ProjectionHealthCheck_Bean
22:00:26 DEBUG [io.qu.ar.de.ArcProcessor] Add APP class: space.maatini.eventsourcing.service.EventHandlerRegistry_Bean
22:00:26 DEBUG [io.qu.ar.de.ArcProcessor] Add FWK class: io.quarkus.arc.impl.DefaultAsyncObserverExceptionHandler_Bean
22:00:26 DEBUG [io.qu.ar.de.ArcProcessor] Add FWK class: io.quarkus.hibernate.orm.runtime.cdi.QuarkusArcBeanContainer_Bean
22:00:26 DEBUG [io.qu.ar.de.ArcProcessor] Add FWK class: io.smallrye.health.SmallRyeHealthReporter_Bean
22:00:26 DEBUG [io.qu.ar.de.ArcProcessor] Add FWK class: io.quarkus.scheduler.Scheduled$ApplicationNotRunning_Bean
22:00:26 DEBUG [io.qu.ar.de.ArcProcessor] Add APP class: space.maatini.eventsourcing.service.LogOutboxPublisher_Bean
22:00:26 DEBUG [io.qu.ar.de.ArcProcessor] Add FWK class: io.quarkus.arc.runtime.LoggerProducer_Bean
22:00:26 DEBUG [io.qu.ar.de.ArcProcessor] Add FWK class: io.quarkus.resteasy.reactive.server.runtime.exceptionmappers.UnauthorizedExceptionMapper_Bean
22:00:26 DEBUG [io.qu.ar.de.ArcProcessor] Add APP class: io.quarkus.jackson.customizer.RegisterSerializersAndDeserializersCustomizer_Bean
22:00:26 DEBUG [io.qu.ar.de.ArcProcessor] Add FWK class: io.quarkus.micrometer.runtime.binder.netty.NettyMetricsProvider_Bean
22:00:26 DEBUG [io.qu.ar.de.ArcProcessor] Add FWK class: io.quarkus.jackson.runtime.ObjectMapperProducer_Bean
22:00:26 DEBUG [io.qu.ar.de.ArcProcessor] Add FWK class: io.quarkus.smallrye.health.runtime.QuarkusAsyncHealthCheckFactory_Bean
22:00:26 DEBUG [io.qu.ar.de.ArcProcessor] Add FWK class: io.quarkus.resteasy.reactive.jackson.runtime.serialisers.ServerJacksonMessageBodyReader_Bean
22:00:26 DEBUG [io.qu.ar.de.ArcProcessor] Add APP class: space.maatini.eventsourcing.service.ProjectionMetrics_Bean
22:00:26 DEBUG [io.qu.ar.de.ArcProcessor] Add FWK class: io.quarkus.test.security.TestAuthController_Bean
22:00:26 DEBUG [io.qu.ar.de.ArcProcessor] Add FWK class: io.quarkus.hibernate.validator.runtime.jaxrs.ResteasyReactiveViolationExceptionMapper_Bean
22:00:26 DEBUG [io.qu.ar.de.ArcProcessor] Add FWK class: io.quarkus.arc.runtime.ConfigStaticInitValues_Bean
22:00:26 DEBUG [io.qu.ar.de.ArcProcessor] Add FWK class: io.quarkus.test.security.DelegateSecurityIdentityAssociation_Bean
22:00:26 DEBUG [io.qu.ar.de.ArcProcessor] Add FWK class: io.quarkus.micrometer.runtime.export.exemplars.NoopOpenTelemetryExemplarContextUnwrapper_Bean
22:00:26 DEBUG [io.qu.ar.de.ArcProcessor] Add FWK class: io.quarkus.vertx.http.runtime.security.JaxRsPathMatchingHttpSecurityPolicy_Bean
22:00:26 DEBUG [io.qu.ar.de.ArcProcessor] Add FWK class: io.quarkus.smallrye.openapi.runtime.OpenApiDocumentService_Bean
22:00:26 DEBUG [io.qu.ar.de.ArcProcessor] Add APP class: io.quarkus.resteasy.reactive.jackson.runtime.mappers.NativeInvalidDefinitionExceptionMapper$ExceptionMapper$9b3903a6623e908ff3590aef8cbd6d07435aea0c_Bean
22:00:26 DEBUG [io.qu.ar.de.ArcProcessor] Add FWK class: io.quarkus.hibernate.validator.runtime.locale.LocaleResolversWrapper_Bean
22:00:26 DEBUG [io.qu.ar.de.ArcProcessor] Add FWK class: io.smallrye.config.inject.ConfigProducer_Bean
22:00:26 DEBUG [io.qu.ar.de.ArcProcessor] Add FWK class: io.quarkus.vertx.http.runtime.security.PathMatchingHttpSecurityPolicy_Bean
22:00:26 DEBUG [io.qu.ar.de.ArcProcessor] Add FWK class: io.quarkus.resteasy.reactive.jackson.runtime.serialisers.FullyFeaturedServerJacksonMessageBodyReader_Bean
22:00:26 DEBUG [io.qu.ar.de.ArcProcessor] Add FWK class: io.quarkus.vertx.http.runtime.security.HttpAuthenticator_Bean
22:00:26 DEBUG [io.qu.ar.de.ArcProcessor] Add APP class: space.maatini.eventsourcing.resource.EventResourceTest_Bean
22:00:26 DEBUG [io.qu.ar.de.ArcProcessor] Add APP class: space.maatini.eventsourcing.resource.GenericAggregateResource_Bean
22:00:26 DEBUG [io.qu.ar.de.ArcProcessor] Add FWK class: io.quarkus.scheduler.runtime.SimpleScheduler_Bean
22:00:26 DEBUG [io.qu.ar.de.ArcProcessor] Add FWK class: io.quarkus.micrometer.runtime.binder.netty.VertxNettyAllocatorMetricsProvider_Bean
22:00:26 DEBUG [io.qu.ar.de.ArcProcessor] Add FWK class: io.quarkus.test.security.FallbackTestHttpAuthenticationMechanism_Bean
22:00:26 DEBUG [io.qu.ar.de.ArcProcessor] Add FWK class: io.quarkus.micrometer.runtime.binder.netty.VertxNettyEventExecutorMetricsProvider_ProducerMethod_vertxEventLoopGroupMetrics_6WdxSegPwBQg6RwiLIE_zTMxDDs_Bean
22:00:26 DEBUG [io.qu.ar.de.ArcProcessor] Add FWK class: io.quarkus.vertx.runtime.VertxProducer_ProducerMethod_eventbus_khdKOBPEHxcGAqKhmZje6o9-6xg_Bean
22:00:26 DEBUG [io.qu.ar.de.ArcProcessor] Add FWK class: io.quarkus.micrometer.runtime.binder.netty.VertxNettyAllocatorMetricsProvider_ProducerMethod_vertxUnpooledByteBufAllocatorMetrics_QcXhhnG_YACjfOooXRW3DiuaZI8_Bean
22:00:26 DEBUG [io.qu.ar.de.ArcProcessor] Add FWK class: io.quarkus.vertx.http.runtime.CurrentRequestProducer_ProducerMethod_getCurrentRequest_BflQ6nq5HRIboLrFJbidYvMmGy0_Bean
22:00:26 DEBUG [io.qu.ar.de.ArcProcessor] Add FWK class: io.smallrye.config.inject.ConfigProducer_ProducerMethod_getConfig_n-zvTozRpf-PuPwlkTMGJziY82k_Bean
22:00:26 DEBUG [io.qu.ar.de.ArcProcessor] Add FWK class: io.quarkus.micrometer.runtime.binder.netty.NettyMetricsProvider_ProducerMethod_pooledByteBufAllocatorMetrics_md4ZIYFpIxRi-PEZyGGl_Wq3xmA_Bean
22:00:26 DEBUG [io.qu.ar.de.ArcProcessor] Add FWK class: io.quarkus.micrometer.runtime.export.PrometheusMeterRegistryProvider_ProducerMethod_configure_YVxzA3UgI5YIJOOaoKLPSpLgWHc_Bean
22:00:26 DEBUG [io.qu.ar.de.ArcProcessor] Add FWK class: io.quarkus.micrometer.runtime.export.exemplars.EmptyExemplarSamplerProvider_ProducerMethod_exemplarSampler_9-BBiuXKu4Tcqx4U4R5aNioM0zw_Bean
22:00:26 DEBUG [io.qu.ar.de.ArcProcessor] Add FWK class: io.quarkus.micrometer.runtime.binder.HttpMeterFilterProvider_ProducerMethod_metricsHttpServerUriTagFilter_GmW-6ZVm2eDLPYFi5d-k0OWOz5U_Bean
22:00:26 DEBUG [io.qu.ar.de.ArcProcessor] Add FWK class: io.quarkus.security.runtime.IdentityProviderManagerCreator_ProducerMethod_ipm_iCfUgO37qpU1xDlsuVvB3gyIyos_Bean
22:00:26 DEBUG [io.qu.ar.de.ArcProcessor] Add FWK class: io.quarkus.micrometer.runtime.export.PrometheusMeterRegistryProvider_ProducerMethod_namingConvention_P1knSmI_2PQ3EyGq5rYPBY9SDL8_Bean
22:00:26 DEBUG [io.qu.ar.de.ArcProcessor] Add FWK class: io.quarkus.micrometer.runtime.binder.netty.NettyMetricsProvider_ProducerMethod_unpooledByteBufAllocatorMetrics_MOwCZrWkgQPGY61WJqjorL1mY1E_Bean
22:00:26 DEBUG [io.qu.ar.de.ArcProcessor] Add FWK class: io.smallrye.config.inject.ConfigProducer_ProducerMethod_produceBooleanConfigProperty_vanAxwNEeXT5HCx4jOWn3otsCog_Bean
22:00:26 DEBUG [io.qu.ar.de.ArcProcessor] Add FWK class: io.quarkus.smallrye.context.runtime.SmallRyeContextPropagationProvider_ProducerMethod_getAllThreadContext_CXanFCUDqo_iyJu37z8mE6Hx6SE_Bean
22:00:26 DEBUG [io.qu.ar.de.ArcProcessor] Add FWK class: io.quarkus.micrometer.runtime.binder.HttpMeterFilterProvider_ProducerMethod_metricsHttpClientUriTagFilter_FTdLj_8u7zd6qidkepT8pgbNYJk_Bean
22:00:26 DEBUG [io.qu.ar.de.ArcProcessor] Add FWK class: io.quarkus.resteasy.reactive.server.runtime.QuarkusContextProducers_ProducerMethod_providers_HZqlmFyAJ9hlyMcrIzRlosoXjKw_Bean
22:00:26 DEBUG [io.qu.ar.de.ArcProcessor] Add FWK class: org.jboss.resteasy.reactive.server.injection.ContextProducers_ProducerMethod_headers_VA74pGGn-tu4h7_tlI2NceCHbzU_Bean
22:00:26 DEBUG [io.qu.ar.de.ArcProcessor] Add FWK class: io.quarkus.micrometer.runtime.binder.HttpMeterFilterProvider_ProducerMethod_metricsHttpPushUriTagFilter_BOnnPYYaZFFQvWb2E0B1QlbfS04_Bean
22:00:26 DEBUG [io.qu.ar.de.ArcProcessor] Add FWK class: io.quarkus.jackson.runtime.ObjectMapperProducer_ProducerMethod_objectMapper_KgqnG0Hv0d6QYgKd-v-HRXlW39Y_Bean
22:00:26 DEBUG [io.qu.ar.de.ArcProcessor] Add FWK class: io.quarkus.vertx.runtime.VertxProducer_ProducerMethod_mutiny_1b770kSoqIT9CP_xCNF0x-c4wtM_Bean
22:00:26 DEBUG [io.qu.ar.de.ArcProcessor] Add FWK class: io.quarkus.micrometer.runtime.export.PrometheusMeterRegistryProvider_ProducerMethod_collectorRegistry_Egdb3OFJIHegRtwuSr94DHRxa1M_Bean
22:00:26 DEBUG [io.qu.ar.de.ArcProcessor] Add FWK class: io.quarkus.micrometer.runtime.ClockProvider_ProducerMethod_clock_iq9HQrbXqlmhKFG45zCXz0CgocY_Bean
22:00:26 DEBUG [io.qu.ar.de.ArcProcessor] Add FWK class: io.quarkus.security.runtime.IdentityProviderManagerCreator_ProducerMethod_defaultBlockingExecutor_KgxzA78J9QD_kbWjaGmteD55sBA_Bean
22:00:26 DEBUG [io.qu.ar.de.ArcProcessor] Add FWK class: io.quarkus.micrometer.runtime.export.PrometheusMeterRegistryProducer_ProducerMethod_registry_HnoK71qRbICQEwWnfhuJlUkNp0o_Bean
22:00:26 DEBUG [io.qu.ar.de.ArcProcessor] Add FWK class: io.quarkus.micrometer.runtime.binder.HttpMeterFilterProvider_ProducerMethod_metricsHttpWebSocketsUriTagFilter_mWTlmr8MedE4l02SY2jISA5lLg8_Bean
22:00:26 DEBUG [io.qu.ar.de.ArcProcessor] Add FWK class: io.quarkus.security.runtime.PrincipalProducer_ProducerMethod_principal_o7jrc9ukhyguZZDfwq9lSQeDaR4_Bean
22:00:26 DEBUG [io.qu.ar.de.ArcProcessor] Add FWK class: io.quarkus.micrometer.runtime.export.PrometheusMeterRegistryProvider_ProducerMethod_durationNamingConvention_nPsLKvPOUPPJpcxYkryASWnENi4_Bean
22:00:26 DEBUG [io.qu.ar.de.ArcProcessor] Add FWK class: io.quarkus.vertx.runtime.VertxProducer_ProducerMethod_mutinyEventBus_Zfz34fPj7emiL2kcpwNmuVZMeq0_Bean
22:00:26 DEBUG [io.qu.ar.de.ArcProcessor] Add FWK class: io.quarkus.micrometer.runtime.binder.netty.VertxNettyAllocatorMetricsProvider_ProducerMethod_vertxPooledByteBufAllocatorMetrics_SdAS4YOGlnOH4TpwOXsEjD_rrTs_Bean
22:00:26 DEBUG [io.qu.ar.de.ArcProcessor] Add FWK class: io.quarkus.micrometer.runtime.CompositeRegistryCreator_ProducerMethod_produceRootRegistry_hR6wqYYhKdzGzksmX0UdfddFgYs_Bean
22:00:26 DEBUG [io.qu.ar.de.ArcProcessor] Add FWK class: io.quarkus.micrometer.runtime.binder.netty.VertxNettyEventExecutorMetricsProvider_ProducerMethod_vertxAcceptorEventLoopGroupMetrics_cAe1ccxTzIAa8EQiS7-OJ5Xan_E_Bean
22:00:26 DEBUG [io.qu.ar.de.ArcProcessor] Add FWK class: io.quarkus.arc.runtime.LoggerProducer_ProducerMethod_getSimpleLogger_b3bBS1MOwgmqwQuMKnjlk7Ypfg4_Bean
22:00:26 DEBUG [io.qu.ar.de.ArcProcessor] Add FWK class: io.quarkus.vertx.http.runtime.CurrentVertxRequest_ProducerMethod_getCurrent_bcI9FtU7pcNOHntvVCkP17muvXY_Bean
22:00:26 DEBUG [io.qu.ar.de.ArcProcessor] Add FWK class: io.quarkus.arc.generator.Object_nGQSPoU0mrMYWLu586fbJU5BNwI_Synthetic_Bean
22:00:26 DEBUG [io.qu.ar.de.ArcProcessor] Add FWK class: io.quarkus.security.runtime.interceptor.SecurityConstrainer_CNcitsIa7TVik3tC6QawuYa-MBo_Synthetic_Bean
22:00:26 DEBUG [io.qu.ar.de.ArcProcessor] Add FWK class: io.quarkus.hibernate.orm.runtime.JPAConfig_19Kx8rhpA7EMyb5Z8JN2JqFG1ww_Synthetic_Bean
22:00:26 DEBUG [io.qu.ar.de.ArcProcessor] Add FWK class: io.quarkus.jackson.runtime.JacksonSupport_7CdlftOjU7bn-NS0rAbXVTF2YfA_Synthetic_Bean
22:00:26 DEBUG [io.qu.ar.de.ArcProcessor] Add APP class: io.quarkus.security.spi.runtime.SecurityCheckStorage_rxWUIALcFU1eVfgXd5wy4PbLDfs_Synthetic_Bean
22:00:26 DEBUG [io.qu.ar.de.ArcProcessor] Add FWK class: io.quarkus.registry.ValueRegistry_xCLCDU8snsCILE1gjeVwq51pNh8_Synthetic_Bean
22:00:26 DEBUG [io.qu.ar.de.ArcProcessor] Add FWK class: org.hibernate.validator.HibernateValidatorFactory_hPNrYLfy5a_LWGH6MZAfopv0hSI_Synthetic_Bean
22:00:26 DEBUG [io.qu.ar.de.ArcProcessor] Add FWK class: jakarta.validation.Validator_lR-bp3eonyKI_Z4IkJo4BfDuBmA_Synthetic_Bean
22:00:26 DEBUG [io.qu.ar.de.ArcProcessor] Add FWK class: io.quarkus.vertx.http.runtime.security.BasicAuthenticationMechanism_8E1DextsDYvcoorm046ap8jZevU_Synthetic_Bean
22:00:26 DEBUG [io.qu.ar.de.ArcProcessor] Add FWK class: io.quarkus.datasource.runtime.DataSourceSupport_MY_Spvu7SC-rmjRjdovCnO9KMZg_Synthetic_Bean
22:00:26 DEBUG [io.qu.ar.de.ArcProcessor] Add FWK class: io.quarkus.vertx.http.HttpServer_A5MXmZq84WpdGDzwXrBfMdDdilc_Synthetic_Bean
22:00:26 DEBUG [io.qu.ar.de.ArcProcessor] Add FWK class: io.quarkus.micrometer.runtime.binder.HttpBinderConfiguration_lYbWjyol__cPYAny7cymYsqIRIc_Synthetic_Bean
22:00:26 DEBUG [io.qu.ar.de.ArcProcessor] Add FWK class: io.quarkus.arc.generator.ScheduledExecutorService_a56-vCLmSQ1zLyPcseBJaInZIE4_Synthetic_Bean
22:00:26 DEBUG [io.qu.ar.de.ArcProcessor] Add FWK class: io.smallrye.context.SmallRyeManagedExecutor_GmZEhoO7TWfgjaVOAj3fHO9IsnA_Synthetic_Bean
22:00:26 DEBUG [io.qu.ar.de.ArcProcessor] Add FWK class: io.vertx.core.Vertx_Wa8BliJmZ6bLsHmwm1PhPoNydzE_Synthetic_Bean
22:00:26 DEBUG [io.qu.ar.de.ArcProcessor] Add FWK class: io.netty.channel.EventLoopGroup_kvHDo4zTYet60nqf5jJO26V0iuE_Synthetic_Bean
22:00:26 DEBUG [io.qu.ar.de.ArcProcessor] Add FWK class: io.netty.channel.EventLoopGroup_a3b9G5N0ykJYNK_I4Ykk8EyknTI_Synthetic_Bean
22:00:26 DEBUG [io.qu.ar.de.ArcProcessor] Add FWK class: org.hibernate.reactive.mutiny.Mutiny$SessionFactory_RiP_LVSv6hnSryHs57-xsrQ-GJQ_Synthetic_Bean
22:00:26 DEBUG [io.qu.ar.de.ArcProcessor] Add FWK class: io.quarkus.tls.TlsConfigurationRegistry_45amFsmjYOWmkiZNzau51qXx5aw_Synthetic_Bean
22:00:26 DEBUG [io.qu.ar.de.ArcProcessor] Add FWK class: io.vertx.pgclient.PgPool_sPgGzA9LLtYalnO0C_TnXBoriYg_Synthetic_Bean
22:00:26 DEBUG [io.qu.ar.de.ArcProcessor] Add FWK class: io.vertx.mutiny.pgclient.PgPool_d1X4BXWWOXCUVicCEg66CwLl6pA_Synthetic_Bean
22:00:26 DEBUG [io.qu.ar.de.ArcProcessor] Add FWK class: io.quarkus.reactive.pg.client.runtime.PgPoolSupport_YbYFRn8l-F2px8JEXj9Yj0sI6ko_Synthetic_Bean
22:00:26 DEBUG [io.qu.ar.de.ArcProcessor] Add FWK class: io.quarkus.scheduler.common.runtime.SchedulerContext_9o0uYwoY5zo-PXwJAMxUl-YSTFI_Synthetic_Bean
22:00:26 DEBUG [io.qu.ar.de.ArcProcessor] Add FWK class: io.quarkus.jackson.runtime.JacksonBuildTimeConfig_dIOoVX2bXE8BFwBfo7Gn6HTF6sM_Synthetic_Bean
22:00:26 DEBUG [io.qu.ar.de.ArcProcessor] Add FWK class: io.quarkus.vertx.http.runtime.VertxHttpBuildTimeConfig_brwytR5pk0dIeLLunsxPu4BxEls_Synthetic_Bean
22:00:26 DEBUG [io.qu.ar.de.ArcProcessor] Add FWK class: io.quarkus.micrometer.runtime.config.MicrometerConfig_8Xkquajq6WZS-MxHbNlr3ddGmlQ_Synthetic_Bean
22:00:26 DEBUG [io.qu.ar.de.ArcProcessor] Add FWK class: io.quarkus.scheduler.runtime.SchedulerConfig_88ByW2PZ2-ux9DgKXUDgDfMqq2I_Synthetic_Bean
22:00:26 DEBUG [io.qu.ar.de.ArcProcessor] Add FWK class: io.quarkus.vertx.http.runtime.VertxHttpConfig_4Hj6obkdbZzMNpKqDuQRN42cOWQ_Synthetic_Bean
22:00:26 DEBUG [io.qu.ar.de.ArcProcessor] Add FWK class: io.quarkus.micrometer.runtime.config.runtime.HttpClientConfig_S5dvxO6w5b0gC5MtFKZg0lBQqGs_Synthetic_Bean
22:00:26 DEBUG [io.qu.ar.de.ArcProcessor] Add FWK class: io.quarkus.micrometer.runtime.config.runtime.HttpServerConfig_dqr5rqBExq42s9myOTDBaEoZxWE_Synthetic_Bean
22:00:26 DEBUG [io.qu.ar.de.ArcProcessor] Add FWK class: io.quarkus.micrometer.runtime.config.runtime.PrometheusRuntimeConfig_cUT3L8Ejz0-4MAa1FvralebjouA_Synthetic_Bean
22:00:26 DEBUG [io.qu.ar.de.ArcProcessor] Add FWK class: io.quarkus.scheduler.runtime.SchedulerRuntimeConfig_VRYp0Qocy_8eJ1MMs2Jo1gtbWMQ_Synthetic_Bean
22:00:26 DEBUG [io.qu.ar.de.ArcProcessor] Add FWK class: io.quarkus.scheduler.Scheduled$ApplicationNotRunning_Observer_started_LLL7v3fCc9p1vzKL5ZEl5ci7zSA
22:00:26 DEBUG [io.qu.ar.de.ArcProcessor] Add FWK class: io.quarkus.vertx.runtime.VertxProducer_Observer_undeployVerticles_Noy2TPiVm2neZ4MO9htclxRbcRw
22:00:26 DEBUG [io.qu.ar.de.ArcProcessor] Add FWK class: io.quarkus.vertx.http.runtime.HttpCertificateUpdateEventListener_Observer_onCertificateUpdate_PNthNkza85FI4cIOp3Ia0JZ-ilM
22:00:26 DEBUG [io.qu.ar.de.ArcProcessor] Add FWK class: io.quarkus.scheduler.runtime.SimpleScheduler_Observer_start_qpr0FOy9Qztm6xwHZvHfhF_DbAY
22:00:26 DEBUG [io.qu.ar.de.ArcProcessor] Add FWK class: io.quarkus.resteasy.reactive.server.runtime.security.EagerSecurityContext_Observer_initSingleton_Iy7uKv8d_cHOdcMTwOSfugEcqXI
22:00:26 DEBUG [io.qu.ar.de.ArcProcessor] Add FWK class: io.quarkus.scheduler.Scheduled$ApplicationNotRunning_Observer_shutdown_uv26lxZc654T5pSTsujERnF6x3M
22:00:26 DEBUG [io.qu.ar.de.ArcProcessor] Add FWK class: io.quarkus.arc.runtime.ConfigStaticInitValues_Observer_onStart_fdhd3Q2CPu5KfpwUMYn5Ol6axJU
22:00:26 DEBUG [io.qu.ar.de.ArcProcessor] Add FWK class: io.quarkus.registry.ValueRegistry_Observer_Synthetic_6RtMyXaDvLofYbpS_9V2L4ywF-c
22:00:26 DEBUG [io.qu.ar.de.ArcProcessor] Add FWK class: io.quarkus.vertx.http.HttpServer_Observer_Synthetic_GzX3A3uZTmK2-Wq3MjpgICySfvc
22:00:26 DEBUG [io.qu.ar.de.ArcProcessor] Add FWK class: org.hibernate.reactive.mutiny.Mutiny$SessionFactory_Observer_Synthetic_uB8MzrDHJ6vaGY9UDr7COcvyyDg
22:00:26 DEBUG [io.qu.ar.de.ArcProcessor] Add FWK class: io.vertx.pgclient.PgPool_Observer_Synthetic__fm_lOWw_KWgOjG8ADvjKZmGWgE
22:00:26 DEBUG [io.qu.ar.de.ArcProcessor] Add FWK class: io.vertx.mutiny.pgclient.PgPool_Observer_Synthetic_53kOBafTmDZHb2yMOYL2juXI4SI
22:00:26 DEBUG [io.qu.ar.de.ArcProcessor] Add APP class: io.quarkus.arc.generator.Default_jakarta_enterprise_context_ApplicationScoped_ContextInstances
22:00:26 DEBUG [io.qu.ar.de.ArcProcessor] Add APP class: io.quarkus.arc.generator.Default_jakarta_enterprise_context_RequestScoped_ContextInstances
22:00:26 DEBUG [io.qu.ar.de.ArcProcessor] Add APP class: space.maatini.eventsourcing.service.ProjectionService_ClientProxy
22:00:26 DEBUG [io.qu.ar.de.ArcProcessor] Add FWK class: io.quarkus.security.runtime.SecurityIdentityAssociation_ClientProxy
22:00:26 DEBUG [io.qu.ar.de.ArcProcessor] Add FWK class: io.quarkus.vertx.runtime.VertxProducer_ClientProxy
22:00:26 DEBUG [io.qu.ar.de.ArcProcessor] Add FWK class: io.quarkus.test.security.PathBasedTestHttpAuthenticationMechanism_ClientProxy
22:00:26 DEBUG [io.qu.ar.de.ArcProcessor] Add FWK class: io.quarkus.vertx.http.runtime.CurrentVertxRequest_ClientProxy
22:00:26 DEBUG [io.qu.ar.de.ArcProcessor] Add FWK class: io.quarkus.security.runtime.SecurityIdentityProxy_ClientProxy
22:00:26 DEBUG [io.qu.ar.de.ArcProcessor] Add APP class: space.maatini.eventsourcing.service.EventBatchProcessor_ClientProxy
22:00:26 DEBUG [io.qu.ar.de.ArcProcessor] Add APP class: space.maatini.eventsourcing.service.EventBatchProcessor_Subclass$0
22:00:26 DEBUG [io.qu.ar.de.ArcProcessor] Add APP class: space.maatini.eventsourcing.service.EventBatchProcessor_Subclass
22:00:26 DEBUG [io.qu.ar.de.ArcProcessor] Add APP class: space.maatini.eventsourcing.resource.TestSupportResource_Subclass$0
22:00:26 DEBUG [io.qu.ar.de.ArcProcessor] Add APP class: space.maatini.eventsourcing.resource.TestSupportResource_Subclass
22:00:26 DEBUG [io.qu.ar.de.ArcProcessor] Add FWK class: io.quarkus.vertx.core.runtime.security.VertxBlockingSecurityExecutor_ClientProxy
22:00:26 DEBUG [io.qu.ar.de.ArcProcessor] Add APP class: space.maatini.eventsourcing.service.GenericAggregateService_ClientProxy
22:00:26 DEBUG [io.qu.ar.de.ArcProcessor] Add APP class: space.maatini.eventsourcing.service.GenericAggregateService_Subclass$0
22:00:26 DEBUG [io.qu.ar.de.ArcProcessor] Add APP class: space.maatini.eventsourcing.service.GenericAggregateService_Subclass$1
22:00:26 DEBUG [io.qu.ar.de.ArcProcessor] Add APP class: space.maatini.eventsourcing.service.GenericAggregateService_Subclass
22:00:26 DEBUG [io.qu.ar.de.ArcProcessor] Add APP class: space.maatini.eventsourcing.service.OutboxScheduler_ClientProxy
22:00:26 DEBUG [io.qu.ar.de.ArcProcessor] Add APP class: space.maatini.eventsourcing.service.OutboxScheduler_Subclass$0
22:00:26 DEBUG [io.qu.ar.de.ArcProcessor] Add APP class: space.maatini.eventsourcing.service.OutboxScheduler_Subclass
22:00:26 DEBUG [io.qu.ar.de.ArcProcessor] Add FWK class: io.smallrye.health.registry.HealthRegistries_ClientProxy
22:00:26 DEBUG [io.qu.ar.de.ArcProcessor] Add APP class: space.maatini.eventsourcing.resource.EventResource_Subclass$0
22:00:26 DEBUG [io.qu.ar.de.ArcProcessor] Add APP class: space.maatini.eventsourcing.resource.EventResource_Subclass$1
22:00:26 DEBUG [io.qu.ar.de.ArcProcessor] Add APP class: space.maatini.eventsourcing.resource.EventResource_Subclass$2
22:00:26 DEBUG [io.qu.ar.de.ArcProcessor] Add APP class: space.maatini.eventsourcing.resource.EventResource_Subclass$3
22:00:26 DEBUG [io.qu.ar.de.ArcProcessor] Add APP class: space.maatini.eventsourcing.resource.EventResource_Subclass
22:00:26 DEBUG [io.qu.ar.de.ArcProcessor] Add APP class: space.maatini.eventsourcing.service.ProjectionReplayService_ClientProxy
22:00:26 DEBUG [io.qu.ar.de.ArcProcessor] Add APP class: space.maatini.eventsourcing.service.ProjectionReplayService_Subclass$0
22:00:26 DEBUG [io.qu.ar.de.ArcProcessor] Add APP class: space.maatini.eventsourcing.service.ProjectionReplayService_Subclass
22:00:26 DEBUG [io.qu.ar.de.ArcProcessor] Add FWK class: io.quarkus.test.security.TestIdentityAssociation_ClientProxy
22:00:26 DEBUG [io.qu.ar.de.ArcProcessor] Add APP class: space.maatini.eventsourcing.service.EventService_ClientProxy
22:00:26 DEBUG [io.qu.ar.de.ArcProcessor] Add APP class: space.maatini.eventsourcing.service.EventService_Subclass$0
22:00:26 DEBUG [io.qu.ar.de.ArcProcessor] Add APP class: space.maatini.eventsourcing.service.EventService_Subclass
22:00:26 DEBUG [io.qu.ar.de.ArcProcessor] Add FWK class: io.quarkus.resteasy.reactive.jackson.runtime.serialisers.FullyFeaturedServerJacksonMessageBodyWriter_ClientProxy
22:00:26 DEBUG [io.qu.ar.de.ArcProcessor] Add FWK class: io.quarkus.test.security.DelegateSecurityIdentityAssociation_ClientProxy
22:00:26 DEBUG [io.qu.ar.de.ArcProcessor] Add FWK class: io.quarkus.jackson.runtime.ObjectMapperProducer_ClientProxy
22:00:26 DEBUG [io.qu.ar.de.ArcProcessor] Add FWK class: io.quarkus.smallrye.openapi.runtime.OpenApiDocumentService_ClientProxy
22:00:26 DEBUG [io.qu.ar.de.ArcProcessor] Add APP class: space.maatini.eventsourcing.service.EventHandlerRegistry_ClientProxy
22:00:26 DEBUG [io.qu.ar.de.ArcProcessor] Add APP class: space.maatini.eventsourcing.service.ProjectionMetrics_ClientProxy
22:00:26 DEBUG [io.qu.ar.de.ArcProcessor] Add APP class: space.maatini.eventsourcing.service.ProjectionMetrics_Subclass$0
22:00:26 DEBUG [io.qu.ar.de.ArcProcessor] Add APP class: space.maatini.eventsourcing.service.ProjectionMetrics_Subclass
22:00:26 DEBUG [io.qu.ar.de.ArcProcessor] Add FWK class: io.quarkus.resteasy.reactive.jackson.runtime.serialisers.FullyFeaturedServerJacksonMessageBodyReader_ClientProxy
22:00:26 DEBUG [io.qu.ar.de.ArcProcessor] Add APP class: space.maatini.eventsourcing.health.ProjectionHealthCheck_ClientProxy
22:00:26 DEBUG [io.qu.ar.de.ArcProcessor] Add FWK class: io.smallrye.config.inject.ConfigProducer_ClientProxy
22:00:26 DEBUG [io.qu.ar.de.ArcProcessor] Add FWK class: io.smallrye.config.inject.ConfigProducer_Subclass$0
22:00:26 DEBUG [io.qu.ar.de.ArcProcessor] Add FWK class: io.smallrye.config.inject.ConfigProducer_Subclass$1
22:00:26 DEBUG [io.qu.ar.de.ArcProcessor] Add FWK class: io.smallrye.config.inject.ConfigProducer_Subclass$2
22:00:26 DEBUG [io.qu.ar.de.ArcProcessor] Add FWK class: io.smallrye.config.inject.ConfigProducer_Subclass$3
22:00:26 DEBUG [io.qu.ar.de.ArcProcessor] Add FWK class: io.smallrye.config.inject.ConfigProducer_Subclass$4
22:00:26 DEBUG [io.qu.ar.de.ArcProcessor] Add FWK class: io.smallrye.config.inject.ConfigProducer_Subclass$5
22:00:26 DEBUG [io.qu.ar.de.ArcProcessor] Add FWK class: io.smallrye.config.inject.ConfigProducer_Subclass$6
22:00:26 DEBUG [io.qu.ar.de.ArcProcessor] Add FWK class: io.smallrye.config.inject.ConfigProducer_Subclass$7
22:00:26 DEBUG [io.qu.ar.de.ArcProcessor] Add FWK class: io.smallrye.config.inject.ConfigProducer_Subclass$8
22:00:26 DEBUG [io.qu.ar.de.ArcProcessor] Add FWK class: io.smallrye.config.inject.ConfigProducer_Subclass$9
22:00:26 DEBUG [io.qu.ar.de.ArcProcessor] Add FWK class: io.smallrye.config.inject.ConfigProducer_Subclass$10
22:00:26 DEBUG [io.qu.ar.de.ArcProcessor] Add FWK class: io.smallrye.config.inject.ConfigProducer_Subclass$11
22:00:26 DEBUG [io.qu.ar.de.ArcProcessor] Add FWK class: io.smallrye.config.inject.ConfigProducer_Subclass$12
22:00:26 DEBUG [io.qu.ar.de.ArcProcessor] Add FWK class: io.smallrye.config.inject.ConfigProducer_Subclass$13
22:00:26 DEBUG [io.qu.ar.de.ArcProcessor] Add FWK class: io.smallrye.config.inject.ConfigProducer_Subclass$14
22:00:26 DEBUG [io.qu.ar.de.ArcProcessor] Add FWK class: io.smallrye.config.inject.ConfigProducer_Subclass$15
22:00:26 DEBUG [io.qu.ar.de.ArcProcessor] Add FWK class: io.smallrye.config.inject.ConfigProducer_Subclass$16
22:00:26 DEBUG [io.qu.ar.de.ArcProcessor] Add FWK class: io.smallrye.config.inject.ConfigProducer_Subclass$17
22:00:26 DEBUG [io.qu.ar.de.ArcProcessor] Add FWK class: io.smallrye.config.inject.ConfigProducer_Subclass
22:00:26 DEBUG [io.qu.ar.de.ArcProcessor] Add FWK class: io.quarkus.reactive.pg.client.runtime.health.ReactivePgDataSourcesHealthCheck_ClientProxy
22:00:26 DEBUG [io.qu.ar.de.ArcProcessor] Add FWK class: io.smallrye.health.SmallRyeHealthReporter_ClientProxy
22:00:26 DEBUG [io.qu.ar.de.ArcProcessor] Add FWK class: io.vertx.core.http.CurrentRequestProducer_ProducerMethod_getCurrentRequest_BflQ6nq5HRIboLrFJbidYvMmGy0_ClientProxy
22:00:26 DEBUG [io.qu.ar.de.ArcProcessor] Add FWK class: io.quarkus.test.security.FallbackTestHttpAuthenticationMechanism_ClientProxy
22:00:26 DEBUG [io.qu.ar.de.ArcProcessor] Add APP class: space.maatini.eventsourcing.service.LogOutboxPublisher_ClientProxy
22:00:26 DEBUG [io.qu.ar.de.ArcProcessor] Add FWK class: jakarta.ws.rs.core.ContextProducers_ProducerMethod_headers_VA74pGGn-tu4h7_tlI2NceCHbzU_ClientProxy
22:00:26 DEBUG [io.qu.ar.de.ArcProcessor] Add FWK class: io.quarkus.security.spi.runtime.IdentityProviderManagerCreator_ProducerMethod_defaultBlockingExecutor_KgxzA78J9QD_kbWjaGmteD55sBA_ClientProxy
22:00:26 DEBUG [io.qu.ar.de.ArcProcessor] Add FWK class: io.quarkus.security.identity.IdentityProviderManagerCreator_ProducerMethod_ipm_iCfUgO37qpU1xDlsuVvB3gyIyos_ClientProxy
22:00:26 DEBUG [io.qu.ar.de.ArcProcessor] Add FWK class: jakarta.ws.rs.ext.QuarkusContextProducers_ProducerMethod_providers_HZqlmFyAJ9hlyMcrIzRlosoXjKw_ClientProxy
22:00:26 DEBUG [io.qu.ar.de.ArcProcessor] Add FWK class: io.quarkus.arc.generator.PrincipalProducer_ProducerMethod_principal_o7jrc9ukhyguZZDfwq9lSQeDaR4_ClientProxy
22:00:26 DEBUG [io.qu.ar.de.ArcProcessor] Add FWK class: io.quarkus.resteasy.reactive.jackson.runtime.serialisers.ServerJacksonMessageBodyReader_ClientProxy
22:00:26 DEBUG [io.qu.ar.de.ArcProcessor] Add FWK class: io.quarkus.vertx.http.HttpServer_A5MXmZq84WpdGDzwXrBfMdDdilc_Synthetic_ClientProxy
22:00:26 DEBUG [io.qu.ar.de.ArcProcessor] Add FWK class: io.vertx.ext.web.CurrentVertxRequest_ProducerMethod_getCurrent_bcI9FtU7pcNOHntvVCkP17muvXY_ClientProxy
22:00:26 DEBUG [io.qu.ar.de.ArcProcessor] Add FWK class: io.smallrye.context.SmallRyeManagedExecutor_GmZEhoO7TWfgjaVOAj3fHO9IsnA_Synthetic_ClientProxy
22:00:26 DEBUG [io.qu.ar.de.ArcProcessor] Add FWK class: io.quarkus.registry.ValueRegistry_xCLCDU8snsCILE1gjeVwq51pNh8_Synthetic_ClientProxy
22:00:26 DEBUG [io.qu.ar.de.ArcProcessor] Add FWK class: io.quarkus.arc.generator.ScheduledExecutorService_a56-vCLmSQ1zLyPcseBJaInZIE4_Synthetic_ClientProxy
22:00:26 DEBUG [io.qu.ar.de.ArcProcessor] Add APP class: io.quarkus.security.spi.runtime.SecurityCheckStorage_rxWUIALcFU1eVfgXd5wy4PbLDfs_Synthetic_ClientProxy
22:00:26 DEBUG [io.qu.ar.de.ArcProcessor] Add FWK class: org.hibernate.reactive.mutiny.Mutiny$SessionFactory_RiP_LVSv6hnSryHs57-xsrQ-GJQ_Synthetic_ClientProxy
22:00:26 DEBUG [io.qu.ar.de.ArcProcessor] Add FWK class: io.vertx.mutiny.pgclient.PgPool_d1X4BXWWOXCUVicCEg66CwLl6pA_Synthetic_ClientProxy
22:00:26 DEBUG [io.qu.ar.de.ArcProcessor] Add FWK class: io.vertx.pgclient.PgPool_sPgGzA9LLtYalnO0C_TnXBoriYg_Synthetic_ClientProxy
22:00:26 DEBUG [io.qu.ar.de.ArcProcessor] Add FWK class: io.quarkus.resteasy.reactive.jackson.runtime.serialisers.BasicServerJacksonMessageBodyWriter_ClientProxy
22:00:26 DEBUG [io.qu.ar.de.ArcProcessor] Add FWK class: io.quarkus.test.security.TestAuthController_ClientProxy
22:00:26 DEBUG [io.qu.ar.de.ArcProcessor] Add FWK class: org.eclipse.microprofile.health.Startup_ArcAnnotationLiteral
22:00:26 DEBUG [io.qu.ar.de.ArcProcessor] Add FWK class: io.quarkus.virtual.threads.VirtualThreads_ArcAnnotationLiteral
22:00:26 DEBUG [io.qu.ar.de.ArcProcessor] Add FWK class: io.quarkus.hibernate.validator.runtime.jaxrs.JaxrsEndPointValidated_ArcAnnotationLiteral
22:00:26 DEBUG [io.qu.ar.de.ArcProcessor] Add FWK class: io.quarkus.hibernate.reactive.panache.common.WithSession_ArcAnnotationLiteral
22:00:26 DEBUG [io.qu.ar.de.ArcProcessor] Add FWK class: io.quarkus.hibernate.reactive.panache.common.WithSessionOnDemand_ArcAnnotationLiteral
22:00:26 DEBUG [io.qu.ar.de.ArcProcessor] Add FWK class: org.eclipse.microprofile.health.Liveness_ArcAnnotationLiteral
22:00:26 DEBUG [io.qu.ar.de.ArcProcessor] Add FWK class: io.quarkus.arc.runtime.ConfigStaticInitCheck_ArcAnnotationLiteral
22:00:26 DEBUG [io.qu.ar.de.ArcProcessor] Add FWK class: jakarta.enterprise.context.BeforeDestroyed_ArcAnnotationLiteral
22:00:26 DEBUG [io.qu.ar.de.ArcProcessor] Add FWK class: jakarta.enterprise.inject.Default_ArcAnnotationLiteral
22:00:26 DEBUG [io.qu.ar.de.ArcProcessor] Add FWK class: io.quarkus.netty.MainEventLoopGroup_ArcAnnotationLiteral
22:00:26 DEBUG [io.qu.ar.de.ArcProcessor] Add FWK class: io.quarkus.security.identity.RunAsUser_ArcAnnotationLiteral
22:00:26 DEBUG [io.qu.ar.de.ArcProcessor] Add FWK class: io.quarkus.arc.log.LoggerName_ArcAnnotationLiteral
22:00:26 DEBUG [io.qu.ar.de.ArcProcessor] Add FWK class: io.quarkus.runtime.annotations.CommandLineArguments_ArcAnnotationLiteral
22:00:26 DEBUG [io.qu.ar.de.ArcProcessor] Add FWK class: io.smallrye.health.api.Wellness_ArcAnnotationLiteral
22:00:26 DEBUG [io.qu.ar.de.ArcProcessor] Add FWK class: org.eclipse.microprofile.health.Readiness_ArcAnnotationLiteral
22:00:26 DEBUG [io.qu.ar.de.ArcProcessor] Add FWK class: io.quarkus.hibernate.reactive.panache.common.WithTransaction_ArcAnnotationLiteral
22:00:26 DEBUG [io.qu.ar.de.ArcProcessor] Add FWK class: org.eclipse.microprofile.config.inject.ConfigProperty_ArcAnnotationLiteral
22:00:26 DEBUG [io.qu.ar.de.ArcProcessor] Add FWK class: io.quarkus.netty.BossEventLoopGroup_ArcAnnotationLiteral
22:00:26 DEBUG [io.qu.ar.de.ArcProcessor] Add FWK class: jakarta.inject.Named_ArcAnnotationLiteral
22:00:26 DEBUG [io.qu.ar.de.ArcProcessor] Generated 279 resources in 570 ms
22:00:26 DEBUG [io.qu.ar.pr.BeanArchives] Index: jakarta.validation.Valid
22:00:26 DEBUG [io.qu.ar.pr.BeanArchives] Index: jakarta.ws.rs.POST
22:00:27 DEBUG [io.qu.ar.pr.BeanArchives] Index: jakarta.ws.rs.GET
22:00:27 DEBUG [io.qu.ar.pr.BeanArchives] Index: jakarta.ws.rs.PathParam
22:00:27 DEBUG [io.qu.ar.pr.BeanArchives] Index: jakarta.ws.rs.QueryParam
22:00:27 DEBUG [io.qu.ar.pr.Beans] Added a no-args constructor to bean class: space.maatini.eventsourcing.service.EventHandlerRegistry
22:00:27 DEBUG [io.qu.ar.pr.Beans] Added a no-args constructor to bean class: io.smallrye.context.SmallRyeManagedExecutor
22:00:27 DEBUG [io.qu.ar.pr.Beans] Added a no-args constructor to bean class: io.quarkus.test.security.TestIdentityAssociation
22:00:27 DEBUG [io.qu.ar.pr.Beans] Added a no-args constructor to bean class: space.maatini.eventsourcing.service.EventBatchProcessor
22:00:27 DEBUG [io.qu.ar.pr.Beans] Added a no-args constructor to bean class: space.maatini.eventsourcing.service.EventService
22:00:27 DEBUG [io.qu.ar.pr.Beans] Added a no-args constructor to bean class: space.maatini.eventsourcing.service.OutboxScheduler
22:00:27 DEBUG [io.qu.ar.pr.Beans] Added a no-args constructor to bean class: space.maatini.eventsourcing.service.ProjectionService
22:00:27 DEBUG [io.qu.ar.pr.Methods] Final modifier removed from method isWriteable of class org.jboss.resteasy.reactive.server.spi.ServerMessageBodyWriter$AllWriteableMessageBodyWriter
22:00:27 DEBUG [io.qu.ar.pr.Methods] Final modifier removed from method isWriteable of class org.jboss.resteasy.reactive.server.spi.ServerMessageBodyWriter$AllWriteableMessageBodyWriter
22:00:27 DEBUG [io.qu.ar.pr.Methods] Final modifier removed from method isWriteable of class org.jboss.resteasy.reactive.server.spi.ServerMessageBodyWriter$AllWriteableMessageBodyWriter
22:00:27 DEBUG [io.qu.ar.pr.Methods] Final modifier removed from method isWriteable of class org.jboss.resteasy.reactive.server.spi.ServerMessageBodyWriter$AllWriteableMessageBodyWriter
22:00:27 DEBUG [io.qu.ar.pr.Beans] Added a no-args constructor to bean class: space.maatini.eventsourcing.service.ProjectionReplayService
22:00:27 DEBUG [io.qu.ar.pr.Beans] Added a no-args constructor to bean class: space.maatini.eventsourcing.health.ProjectionHealthCheck
22:00:27 DEBUG [io.qu.ar.pr.Beans] Added a no-args constructor to bean class: space.maatini.eventsourcing.service.ProjectionMetrics
22:00:28 DEBUG [io.qu.de.QuarkusAugmentor] Quarkus augmentation completed in 6063ms
22:00:28 DEBUG [io.qu.bo.cl.QuarkusClassLoader] Adding normal priority element io.quarkus.bootstrap.classloading.MemoryClassPathElement@514377fc to QuarkusClassLoader Quarkus Runtime ClassLoader: TEST for JUnitQuarkusTest-space.maatini.eventsourcing.TestProfile (QuarkusTest) restart no:0
22:00:28 DEBUG [io.qu.bo.cl.QuarkusClassLoader] Adding normal priority element io.quarkus.bootstrap.classloading.PathTreeClassPathElement[/home/martin/work/es-psql-quarkus/eventsourcing-core/target/test-classes runtime=true resources=null] to QuarkusClassLoader Quarkus Runtime ClassLoader: TEST for JUnitQuarkusTest-space.maatini.eventsourcing.TestProfile (QuarkusTest) restart no:0
22:00:28 DEBUG [io.qu.bo.cl.QuarkusClassLoader] Adding normal priority element io.quarkus.bootstrap.classloading.PathTreeClassPathElement[/home/martin/work/es-psql-quarkus/eventsourcing-core/target/classes runtime=true resources=null] to QuarkusClassLoader Quarkus Runtime ClassLoader: TEST for JUnitQuarkusTest-space.maatini.eventsourcing.TestProfile (QuarkusTest) restart no:0
22:00:28 DEBUG [io.qu.bo.cl.Qu.lifecycle] Creating class loader QuarkusClassLoader:Quarkus Runtime ClassLoader: TEST for JUnitQuarkusTest-space.maatini.eventsourcing.TestProfile (QuarkusTest) restart no:0@2e4eda17: java.lang.RuntimeException: Created to log a stacktrace
	at io.quarkus.bootstrap.classloading.QuarkusClassLoader.<init>(QuarkusClassLoader.java:206)
	at io.quarkus.bootstrap.classloading.QuarkusClassLoader$Builder.build(QuarkusClassLoader.java:990)
	at io.quarkus.bootstrap.app.CuratedApplication.createRuntimeClassLoader(CuratedApplication.java:443)
	at io.quarkus.bootstrap.app.CuratedApplication.createRuntimeClassLoader(CuratedApplication.java:403)
	at io.quarkus.runner.bootstrap.StartupActionImpl.<init>(StartupActionImpl.java:101)
	at io.quarkus.runner.bootstrap.AugmentActionImpl.createInitialRuntimeApplication(AugmentActionImpl.java:307)
	at io.quarkus.runner.bootstrap.AugmentActionImpl.createInitialRuntimeApplication(AugmentActionImpl.java:62)
	at io.quarkus.test.junit.AppMakerHelper.getStartupAction(AppMakerHelper.java:253)
	at io.quarkus.test.junit.classloading.FacadeClassLoader.getOrCreateRuntimeClassLoader(FacadeClassLoader.java:599)
	at io.quarkus.test.junit.classloading.FacadeClassLoader.getQuarkusClassLoader(FacadeClassLoader.java:496)
	at io.quarkus.test.junit.classloading.FacadeClassLoader.loadClass(FacadeClassLoader.java:378)
	at java.base/java.lang.Class.forName0(Native Method)
	at java.base/java.lang.Class.forName(Class.java:534)
	at java.base/java.lang.Class.forName(Class.java:513)
	at org.junit.platform.commons.util.ReflectionUtils.lambda$tryToLoadClass$0(ReflectionUtils.java:771)
	at org.junit.platform.commons.function.Try.lambda$call$0(Try.java:61)
	at org.junit.platform.commons.function.Try.of(Try.java:98)
	at org.junit.platform.commons.function.Try.call(Try.java:61)
	at org.junit.platform.commons.util.ReflectionUtils.tryToLoadClass(ReflectionUtils.java:758)
	at org.junit.platform.commons.util.ReflectionUtils.tryToLoadClass(ReflectionUtils.java:714)
	at org.junit.platform.commons.support.ReflectionSupport.tryToLoadClass(ReflectionSupport.java:78)
	at org.junit.platform.engine.discovery.ClassSelector.getJavaClass(ClassSelector.java:97)
	at org.junit.jupiter.engine.discovery.ClassSelectorResolver.resolve(ClassSelectorResolver.java:86)
	at org.junit.platform.engine.support.discovery.EngineDiscoveryRequestResolution.lambda$resolve$0(EngineDiscoveryRequestResolution.java:137)
	at java.base/java.util.stream.ReferencePipeline$3$1.accept(ReferencePipeline.java:197)
	at java.base/java.util.ArrayList$ArrayListSpliterator.tryAdvance(ArrayList.java:1685)
	at java.base/java.util.stream.ReferencePipeline.forEachWithCancel(ReferencePipeline.java:129)
	at java.base/java.util.stream.AbstractPipeline.copyIntoWithCancel(AbstractPipeline.java:527)
	at java.base/java.util.stream.AbstractPipeline.copyInto(AbstractPipeline.java:513)
	at java.base/java.util.stream.AbstractPipeline.wrapAndCopyInto(AbstractPipeline.java:499)
	at java.base/java.util.stream.FindOps$FindOp.evaluateSequential(FindOps.java:150)
	at java.base/java.util.stream.AbstractPipeline.evaluate(AbstractPipeline.java:234)
	at java.base/java.util.stream.ReferencePipeline.findFirst(ReferencePipeline.java:647)
	at org.junit.platform.engine.support.discovery.EngineDiscoveryRequestResolution.resolve(EngineDiscoveryRequestResolution.java:191)
	at org.junit.platform.engine.support.discovery.EngineDiscoveryRequestResolution.resolve(EngineDiscoveryRequestResolution.java:128)
	at org.junit.platform.engine.support.discovery.EngineDiscoveryRequestResolution.resolveCompletely(EngineDiscoveryRequestResolution.java:94)
	at org.junit.platform.engine.support.discovery.EngineDiscoveryRequestResolution.run(EngineDiscoveryRequestResolution.java:85)
	at org.junit.platform.engine.support.discovery.EngineDiscoveryRequestResolver.resolve(EngineDiscoveryRequestResolver.java:150)
	at org.junit.jupiter.engine.discovery.DiscoverySelectorResolver.resolveSelectors(DiscoverySelectorResolver.java:62)
	at org.junit.jupiter.engine.JupiterTestEngine.discover(JupiterTestEngine.java:74)
	at org.junit.platform.launcher.core.EngineDiscoveryOrchestrator.discoverEngineRoot(EngineDiscoveryOrchestrator.java:195)
	at org.junit.platform.launcher.core.EngineDiscoveryOrchestrator.discoverSafely(EngineDiscoveryOrchestrator.java:174)
	at org.junit.platform.launcher.core.EngineDiscoveryOrchestrator.discover(EngineDiscoveryOrchestrator.java:119)
	at org.junit.platform.launcher.core.EngineDiscoveryOrchestrator.discover(EngineDiscoveryOrchestrator.java:84)
	at org.junit.platform.launcher.core.DefaultLauncher.discover(DefaultLauncher.java:119)
	at org.junit.platform.launcher.core.DefaultLauncher.discover(DefaultLauncher.java:85)
	at org.junit.platform.launcher.core.DelegatingLauncher.discover(DelegatingLauncher.java:43)
	at org.junit.platform.launcher.core.InterceptingLauncher.lambda$discover$0(InterceptingLauncher.java:35)
	at org.junit.platform.launcher.core.ClasspathAlignmentCheckingLauncherInterceptor.intercept(ClasspathAlignmentCheckingLauncherInterceptor.java:25)
	at org.junit.platform.launcher.core.InterceptingLauncher.discover(InterceptingLauncher.java:35)
	at org.junit.platform.launcher.core.DelegatingLauncher.discover(DelegatingLauncher.java:43)
	at org.apache.maven.surefire.junitplatform.LazyLauncher.discover(LazyLauncher.java:50)
	at org.apache.maven.surefire.junitplatform.TestPlanScannerFilter.accept(TestPlanScannerFilter.java:52)
	at org.apache.maven.surefire.api.util.DefaultScanResult.applyFilter(DefaultScanResult.java:87)
	at org.apache.maven.surefire.junitplatform.JUnitPlatformProvider.scanClasspath(JUnitPlatformProvider.java:142)
	at org.apache.maven.surefire.junitplatform.JUnitPlatformProvider.invoke(JUnitPlatformProvider.java:122)
	at org.apache.maven.surefire.booter.ForkedBooter.runSuitesInProcess(ForkedBooter.java:385)
	at org.apache.maven.surefire.booter.ForkedBooter.execute(ForkedBooter.java:162)
	at org.apache.maven.surefire.booter.ForkedBooter.run(ForkedBooter.java:507)
	at org.apache.maven.surefire.booter.ForkedBooter.main(ForkedBooter.java:495)

22:00:28 DEBUG [io.qu.bo.cl.Qu.lifecycle] Closing class loader QuarkusClassLoader:Deployment Class Loader: TEST for JUnitQuarkusTest-space.maatini.eventsourcing.TestProfile (QuarkusTest)@6443b128: java.lang.RuntimeException: Created to log a stacktrace
	at io.quarkus.bootstrap.classloading.QuarkusClassLoader.close(QuarkusClassLoader.java:750)
	at io.quarkus.runner.bootstrap.AugmentActionImpl.createInitialRuntimeApplication(AugmentActionImpl.java:308)
	at io.quarkus.runner.bootstrap.AugmentActionImpl.createInitialRuntimeApplication(AugmentActionImpl.java:62)
	at io.quarkus.test.junit.AppMakerHelper.getStartupAction(AppMakerHelper.java:253)
	at io.quarkus.test.junit.classloading.FacadeClassLoader.getOrCreateRuntimeClassLoader(FacadeClassLoader.java:599)
	at io.quarkus.test.junit.classloading.FacadeClassLoader.getQuarkusClassLoader(FacadeClassLoader.java:496)
	at io.quarkus.test.junit.classloading.FacadeClassLoader.loadClass(FacadeClassLoader.java:378)
	at java.base/java.lang.Class.forName0(Native Method)
	at java.base/java.lang.Class.forName(Class.java:534)
	at java.base/java.lang.Class.forName(Class.java:513)
	at org.junit.platform.commons.util.ReflectionUtils.lambda$tryToLoadClass$0(ReflectionUtils.java:771)
	at org.junit.platform.commons.function.Try.lambda$call$0(Try.java:61)
	at org.junit.platform.commons.function.Try.of(Try.java:98)
	at org.junit.platform.commons.function.Try.call(Try.java:61)
	at org.junit.platform.commons.util.ReflectionUtils.tryToLoadClass(ReflectionUtils.java:758)
	at org.junit.platform.commons.util.ReflectionUtils.tryToLoadClass(ReflectionUtils.java:714)
	at org.junit.platform.commons.support.ReflectionSupport.tryToLoadClass(ReflectionSupport.java:78)
	at org.junit.platform.engine.discovery.ClassSelector.getJavaClass(ClassSelector.java:97)
	at org.junit.jupiter.engine.discovery.ClassSelectorResolver.resolve(ClassSelectorResolver.java:86)
	at org.junit.platform.engine.support.discovery.EngineDiscoveryRequestResolution.lambda$resolve$0(EngineDiscoveryRequestResolution.java:137)
	at java.base/java.util.stream.ReferencePipeline$3$1.accept(ReferencePipeline.java:197)
	at java.base/java.util.ArrayList$ArrayListSpliterator.tryAdvance(ArrayList.java:1685)
	at java.base/java.util.stream.ReferencePipeline.forEachWithCancel(ReferencePipeline.java:129)
	at java.base/java.util.stream.AbstractPipeline.copyIntoWithCancel(AbstractPipeline.java:527)
	at java.base/java.util.stream.AbstractPipeline.copyInto(AbstractPipeline.java:513)
	at java.base/java.util.stream.AbstractPipeline.wrapAndCopyInto(AbstractPipeline.java:499)
	at java.base/java.util.stream.FindOps$FindOp.evaluateSequential(FindOps.java:150)
	at java.base/java.util.stream.AbstractPipeline.evaluate(AbstractPipeline.java:234)
	at java.base/java.util.stream.ReferencePipeline.findFirst(ReferencePipeline.java:647)
	at org.junit.platform.engine.support.discovery.EngineDiscoveryRequestResolution.resolve(EngineDiscoveryRequestResolution.java:191)
	at org.junit.platform.engine.support.discovery.EngineDiscoveryRequestResolution.resolve(EngineDiscoveryRequestResolution.java:128)
	at org.junit.platform.engine.support.discovery.EngineDiscoveryRequestResolution.resolveCompletely(EngineDiscoveryRequestResolution.java:94)
	at org.junit.platform.engine.support.discovery.EngineDiscoveryRequestResolution.run(EngineDiscoveryRequestResolution.java:85)
	at org.junit.platform.engine.support.discovery.EngineDiscoveryRequestResolver.resolve(EngineDiscoveryRequestResolver.java:150)
	at org.junit.jupiter.engine.discovery.DiscoverySelectorResolver.resolveSelectors(DiscoverySelectorResolver.java:62)
	at org.junit.jupiter.engine.JupiterTestEngine.discover(JupiterTestEngine.java:74)
	at org.junit.platform.launcher.core.EngineDiscoveryOrchestrator.discoverEngineRoot(EngineDiscoveryOrchestrator.java:195)
	at org.junit.platform.launcher.core.EngineDiscoveryOrchestrator.discoverSafely(EngineDiscoveryOrchestrator.java:174)
	at org.junit.platform.launcher.core.EngineDiscoveryOrchestrator.discover(EngineDiscoveryOrchestrator.java:119)
	at org.junit.platform.launcher.core.EngineDiscoveryOrchestrator.discover(EngineDiscoveryOrchestrator.java:84)
	at org.junit.platform.launcher.core.DefaultLauncher.discover(DefaultLauncher.java:119)
	at org.junit.platform.launcher.core.DefaultLauncher.discover(DefaultLauncher.java:85)
	at org.junit.platform.launcher.core.DelegatingLauncher.discover(DelegatingLauncher.java:43)
	at org.junit.platform.launcher.core.InterceptingLauncher.lambda$discover$0(InterceptingLauncher.java:35)
	at org.junit.platform.launcher.core.ClasspathAlignmentCheckingLauncherInterceptor.intercept(ClasspathAlignmentCheckingLauncherInterceptor.java:25)
	at org.junit.platform.launcher.core.InterceptingLauncher.discover(InterceptingLauncher.java:35)
	at org.junit.platform.launcher.core.DelegatingLauncher.discover(DelegatingLauncher.java:43)
	at org.apache.maven.surefire.junitplatform.LazyLauncher.discover(LazyLauncher.java:50)
	at org.apache.maven.surefire.junitplatform.TestPlanScannerFilter.accept(TestPlanScannerFilter.java:52)
	at org.apache.maven.surefire.api.util.DefaultScanResult.applyFilter(DefaultScanResult.java:87)
	at org.apache.maven.surefire.junitplatform.JUnitPlatformProvider.scanClasspath(JUnitPlatformProvider.java:142)
	at org.apache.maven.surefire.junitplatform.JUnitPlatformProvider.invoke(JUnitPlatformProvider.java:122)
	at org.apache.maven.surefire.booter.ForkedBooter.runSuitesInProcess(ForkedBooter.java:385)
	at org.apache.maven.surefire.booter.ForkedBooter.execute(ForkedBooter.java:162)
	at org.apache.maven.surefire.booter.ForkedBooter.run(ForkedBooter.java:507)
	at org.apache.maven.surefire.booter.ForkedBooter.main(ForkedBooter.java:495)

22:00:28 DEBUG [io.sm.config] SRCFG01006: Loaded ConfigSource SysPropConfigSource with ordinal 400
22:00:28 DEBUG [io.sm.config] SRCFG01006: Loaded ConfigSource EnvConfigSource with ordinal 300
22:00:28 DEBUG [io.sm.config] SRCFG01006: Loaded ConfigSource PropertiesConfigSource[source=file:/home/martin/work/es-psql-quarkus/eventsourcing-core/target/test-classes/application.properties] with ordinal 250
22:00:28 DEBUG [io.sm.config] SRCFG01006: Loaded ConfigSource PropertiesConfigSource[source=file:/home/martin/work/es-psql-quarkus/eventsourcing-core/target/classes/application.properties] with ordinal 250
22:00:28 DEBUG [io.sm.config] SRCFG01006: Loaded ConfigSource test URL provider with ordinal -2147482648
22:00:28 DEBUG [io.sm.config] SRCFG01006: Loaded ConfigSource DefaultValuesConfigSource with ordinal -2147483648
22:00:28 DEBUG [io.qu.te.ju.cl.FacadeClassLoader] Facade classloader loading kotlin.Metadata for the first time

22:00:28 DEBUG [io.sm.config] SRCFG01006: Loaded ConfigSource Logging Config with ordinal 100
22:00:28 DEBUG [io.sm.config] SRCFG01006: Loaded ConfigSource DefaultValuesConfigSource with ordinal -2147483648
[INFO] Running space.maatini.eventsourcing.resource.AdminResourceTest
22:00:28 DEBUG [io.sm.config] SRCFG01006: Loaded ConfigSource BuildTime RunTime Fixed with ordinal 2147483647
22:00:28 DEBUG [io.sm.config] SRCFG01006: Loaded ConfigSource DefaultValuesConfigSource with ordinal -2147483648
22:00:28 DEBUG [io.sm.config] SRCFG01006: Loaded ConfigSource BuildTime RunTime Fixed with ordinal 2147483647
22:00:28 DEBUG [io.sm.config] SRCFG01006: Loaded ConfigSource SysPropConfigSource with ordinal 400
22:00:28 DEBUG [io.sm.config] SRCFG01006: Loaded ConfigSource Config Override Config Source with ordinal 399
22:00:28 DEBUG [io.sm.config] SRCFG01006: Loaded ConfigSource EnvConfigSource with ordinal 300
22:00:28 DEBUG [io.sm.config] SRCFG01006: Loaded ConfigSource PropertiesConfigSource[source=file:/home/martin/work/es-psql-quarkus/eventsourcing-core/target/test-classes/application.properties] with ordinal 250
22:00:28 DEBUG [io.sm.config] SRCFG01006: Loaded ConfigSource PropertiesConfigSource[source=file:/home/martin/work/es-psql-quarkus/eventsourcing-core/target/classes/application.properties] with ordinal 250
22:00:28 DEBUG [io.sm.config] SRCFG01006: Loaded ConfigSource Runtime Values with ordinal 0
22:00:28 DEBUG [io.sm.config] SRCFG01006: Loaded ConfigSource DefaultValuesConfigSource with ordinal -2147483648
22:00:28 DEBUG [or.hi.qu.feature] Hibernate Reactive Features Enabled
22:00:28 DEBUG [io.qu.hi.orm] List of entities found by Quarkus deployment:
[space.maatini.eventsourcing.entity.AggregateSnapshot, space.maatini.eventsourcing.entity.CloudEvent, space.maatini.eventsourcing.entity.JsonAggregate, space.maatini.eventsourcing.entity.OutboxEvent]
22:00:29 DEBUG [io.qu.ar.impl] ArC DI container initialized [beans=151, observers=12]
22:00:29 DEBUG [or.hi.or.jpa] HHH008541: PersistenceUnitInfo [
	name: <default>
	persistence provider classname: null
	classloader: null
	excludeUnlistedClasses: true
	JTA datasource: null
	Non JTA datasource: null
	Transaction type: RESOURCE_LOCAL
	PU root URL: null
	Shared Cache Mode: null
	Validation Mode: null
	Jar files URLs []
	Managed classes names [
		io.quarkus.hibernate.reactive.panache.PanacheEntity
		io.quarkus.hibernate.reactive.panache.PanacheEntityBase
		space.maatini.eventsourcing.entity.AggregateRoot
		space.maatini.eventsourcing.entity.AggregateSnapshot
		space.maatini.eventsourcing.entity.CloudEvent
		space.maatini.eventsourcing.entity.JsonAggregate
		space.maatini.eventsourcing.entity.JsonAggregate$JsonAggregateId
		space.maatini.eventsourcing.entity.OutboxEvent]
	Mapping files names []
	Properties [
		hibernate.hbm2ddl.skip_default_import_file: true
		hibernate.query.plan_cache_max_size: 2048
		hibernate.query.fail_on_pagination_over_collection_fetch: false
		hibernate.discriminator.ignore_explicit_for_joined: false
		hibernate.hbm2ddl.charset_name: UTF-8
		hibernate.cache.use_reference_entries: null
		hibernate.cache.use_query_cache: null
		hibernate.query.in_clause_parameter_padding: true
		hibernate.cache.use_second_level_cache: null
		jakarta.persistence.sharedCache.mode: null
		jakarta.persistence.database-product-name: PostgreSQL
		hibernate.id.sequence.increment_size_mismatch_strategy: null
		hibernate.id.optimizer.pooled.preferred: pooled-lo
		hibernate.order_by.default_null_ordering: none
		jakarta.persistence.validation.mode: AUTO]
22:00:29 INFO  [or.hi.or.core] HHH000001: Hibernate ORM core version 7.2.4.Final
22:00:29 DEBUG [or.hi.or.core] HHH000206: 'hibernate.properties' not found
22:00:29 DEBUG [or.hi.or.boot] HHH160188: Ignoring 0 XML mappings due to 'hibernate.xml_mapping_enabled'
22:00:29 DEBUG [or.hi.or.dialect] HHH035001: Using dialect: org.hibernate.dialect.PostgreSQLDialect, version: 13.0
22:00:29 DEBUG [or.hi.or.jd.lob] HHH10010002: Disabling contextual LOB creation as connection was null
22:00:29 DEBUG [or.hi.or.jdbc] HHH100122: Using default JDBC fetch size: -1
22:00:29 INFO  [or.hi.or.co.pooling] HHH10001005: Database info:
	Database JDBC URL [undefined/unknown]
	Database driver: undefined/unknown
	Database dialect: PostgreSQLDialect
	Database version: 13.0
	Default catalog/schema: unknown/unknown
	Autocommit mode: undefined/unknown
	Isolation level: <unknown>
	JDBC fetch size: undefined/unknown
	Pool: undefined/unknown
	Minimum pool size: undefined/unknown
	Maximum pool size: undefined/unknown
22:00:29 DEBUG [or.hi.re.pr.se.NativeParametersHandling] Initializing service JdbcParameterRenderer with implementation: class org.hibernate.reactive.provider.service.NativeParametersHandling$PostgreSQLNativeParameterMarkers
22:00:29 DEBUG [or.in.qu.hi.ca.QuarkusInfinispanRegionFactory] Stop region factory
22:00:29 DEBUG [or.in.qu.hi.ca.QuarkusInfinispanRegionFactory] Clear region references
22:00:29 DEBUG [io.qu.ar.ru.ArcRecorder] Bean container listener io.quarkus.hibernate.orm.runtime.HibernateOrmRecorder$1 finished in 450 ms
22:00:29 INFO  [or.hi.va.in.ut.Version] HV000001: Hibernate Validator 9.1.0.Final
22:00:29 DEBUG [or.hi.va.in.en.AbstractConfigurationImpl] Setting custom LocaleResolver of type io.quarkus.hibernate.validator.runtime.locale.LocaleResolversWrapper
22:00:29 DEBUG [or.hi.va.in.en.AbstractConfigurationImpl] Setting custom BeanMetaDataClassNormalizer of type io.quarkus.hibernate.validator.runtime.ArcProxyBeanMetaDataClassNormalizer
22:00:29 DEBUG [or.hi.va.in.en.AbstractConfigurationImpl] Setting custom ConstraintValidatorFactory of type io.quarkus.hibernate.validator.runtime.ArcConstraintValidatorFactoryImpl
22:00:29 DEBUG [or.hi.va.in.en.AbstractConfigurationImpl] Setting custom TraversableResolver of type io.quarkus.hibernate.validator.runtime.HibernateValidatorRecorder$DelegatingTraversableResolver
22:00:29 DEBUG [or.hi.va.in.en.AbstractConfigurationImpl] Setting custom ClockProvider of type io.quarkus.hibernate.validator.runtime.clockprovider.RuntimeReinitializedDefaultClockProvider
22:00:29 DEBUG [or.hi.va.in.en.AbstractConfigurationImpl] HV000002: Ignoring XML configuration.
22:00:29 DEBUG [or.hi.va.re.PlatformResourceBundleLocator] ValidationMessages not found.
22:00:29 DEBUG [or.hi.va.re.PlatformResourceBundleLocator] HV000270: Message resource bundle for the en_US locale is not available and was not pre-loaded.
22:00:29 DEBUG [or.hi.va.in.en.ValidatorFactoryConfigurationHelper] HV000255: Using io.quarkus.hibernate.validator.runtime.locale.LocaleResolversWrapper as locale resolver.
22:00:29 DEBUG [or.hi.va.re.PlatformResourceBundleLocator] ContributorValidationMessages not found.
22:00:29 DEBUG [or.hi.va.re.PlatformResourceBundleLocator] HV000270: Message resource bundle for the en_US locale is not available and was not pre-loaded.
22:00:29 DEBUG [or.hi.va.re.PlatformResourceBundleLocator] org.hibernate.validator.ValidationMessages found.
22:00:29 DEBUG [or.hi.va.me.ResourceBundleMessageInterpolator] Loaded expression factory via original TCCL
22:00:29 DEBUG [or.hi.va.in.en.ValidatorFactoryConfigurationHelper] HV000252: Using org.hibernate.validator.internal.engine.DefaultPropertyNodeNameProvider as property node name provider.
22:00:29 DEBUG [io.qu.ar.impl] Loaded 85 removed beans lazily
22:00:29 DEBUG [or.hi.va.in.en.ValidatorFactoryConfigurationHelper] HV000234: Using org.hibernate.validator.messageinterpolation.ResourceBundleMessageInterpolator as ValidatorFactory-scoped message interpolator.
22:00:29 DEBUG [or.hi.va.in.en.ValidatorFactoryConfigurationHelper] HV000234: Using io.quarkus.hibernate.validator.runtime.HibernateValidatorRecorder$DelegatingTraversableResolver as ValidatorFactory-scoped traversable resolver.
22:00:29 DEBUG [or.hi.va.in.en.ValidatorFactoryConfigurationHelper] HV000234: Using org.hibernate.validator.internal.util.ExecutableParameterNameProvider as ValidatorFactory-scoped parameter name provider.
22:00:29 DEBUG [or.hi.va.in.en.ValidatorFactoryConfigurationHelper] HV000234: Using io.quarkus.hibernate.validator.runtime.clockprovider.RuntimeReinitializedDefaultClockProvider as ValidatorFactory-scoped clock provider.
22:00:29 DEBUG [or.hi.va.in.en.ValidatorFactoryConfigurationHelper] HV000234: Using org.hibernate.validator.internal.engine.scripting.DefaultScriptEvaluatorFactory as ValidatorFactory-scoped script evaluator factory.
22:00:29 DEBUG [io.mi.co.ut.in.lo.InternalLoggerFactory] Using SLF4J as the default logging framework
22:00:29 DEBUG [io.qu.ar.ru.BeanContainerImpl] No matching bean found for type class org.jboss.resteasy.reactive.server.vertx.serializers.ServerVertxBufferMessageBodyWriter and qualifiers []. The bean might have been marked as unused and removed during build.
22:00:29 DEBUG [io.qu.ar.ru.BeanContainerImpl] No matching bean found for type class org.jboss.resteasy.reactive.server.vertx.serializers.ServerMutinyBufferMessageBodyWriter and qualifiers []. The bean might have been marked as unused and removed during build.
22:00:29 DEBUG [io.qu.ar.ru.BeanContainerImpl] No matching bean found for type class org.jboss.resteasy.reactive.server.vertx.serializers.ServerVertxAsyncFileMessageBodyWriter and qualifiers []. The bean might have been marked as unused and removed during build.
22:00:29 DEBUG [io.qu.ar.ru.BeanContainerImpl] No matching bean found for type class org.jboss.resteasy.reactive.server.vertx.serializers.ServerMutinyAsyncFileMessageBodyWriter and qualifiers []. The bean might have been marked as unused and removed during build.
22:00:29 DEBUG [io.qu.ar.ru.BeanContainerImpl] No matching bean found for type class io.quarkus.resteasy.reactive.jackson.runtime.serialisers.vertx.VertxJsonArrayMessageBodyWriter and qualifiers []. The bean might have been marked as unused and removed during build.
22:00:29 DEBUG [io.qu.ar.ru.BeanContainerImpl] No matching bean found for type class io.quarkus.resteasy.reactive.jackson.runtime.serialisers.vertx.VertxJsonObjectMessageBodyWriter and qualifiers []. The bean might have been marked as unused and removed during build.
22:00:29 DEBUG [io.qu.ar.ru.BeanContainerImpl] No matching bean found for type class io.quarkus.resteasy.reactive.server.runtime.QuarkusServerPathBodyHandler and qualifiers []. The bean might have been marked as unused and removed during build.
22:00:29 DEBUG [io.qu.ar.ru.BeanContainerImpl] No matching bean found for type class io.quarkus.resteasy.reactive.jackson.runtime.serialisers.vertx.VertxJsonArrayMessageBodyReader and qualifiers []. The bean might have been marked as unused and removed during build.
22:00:29 DEBUG [io.qu.ar.ru.BeanContainerImpl] No matching bean found for type class io.quarkus.resteasy.reactive.jackson.runtime.serialisers.vertx.VertxJsonObjectMessageBodyReader and qualifiers []. The bean might have been marked as unused and removed during build.
22:00:29 DEBUG [io.qu.ar.ru.BeanContainerImpl] No matching bean found for type class org.jboss.resteasy.reactive.server.providers.serialisers.ServerStringMessageBodyHandler and qualifiers []. The bean might have been marked as unused and removed during build.
22:00:29 DEBUG [io.qu.ar.ru.BeanContainerImpl] No matching bean found for type class org.jboss.resteasy.reactive.server.providers.serialisers.ServerStringMessageBodyHandler and qualifiers []. The bean might have been marked as unused and removed during build.
22:00:29 DEBUG [io.qu.ar.ru.BeanContainerImpl] No matching bean found for type class org.jboss.resteasy.reactive.server.providers.serialisers.ServerStringMessageBodyHandler and qualifiers []. The bean might have been marked as unused and removed during build.
22:00:29 DEBUG [io.qu.ar.ru.BeanContainerImpl] No matching bean found for type class org.jboss.resteasy.reactive.server.providers.serialisers.ServerStringMessageBodyHandler and qualifiers []. The bean might have been marked as unused and removed during build.
22:00:29 DEBUG [io.qu.ar.ru.BeanContainerImpl] No matching bean found for type class org.jboss.resteasy.reactive.server.providers.serialisers.ServerStringMessageBodyHandler and qualifiers []. The bean might have been marked as unused and removed during build.
22:00:29 DEBUG [io.qu.ar.ru.BeanContainerImpl] No matching bean found for type class org.jboss.resteasy.reactive.server.providers.serialisers.ServerCharArrayMessageBodyHandler and qualifiers []. The bean might have been marked as unused and removed during build.
22:00:29 DEBUG [io.qu.ar.ru.BeanContainerImpl] No matching bean found for type class org.jboss.resteasy.reactive.server.providers.serialisers.ServerByteArrayMessageBodyHandler and qualifiers []. The bean might have been marked as unused and removed during build.
22:00:29 DEBUG [io.qu.ar.ru.BeanContainerImpl] No matching bean found for type class org.jboss.resteasy.reactive.server.providers.serialisers.ServerFormUrlEncodedProvider and qualifiers []. The bean might have been marked as unused and removed during build.
22:00:29 DEBUG [io.qu.ar.ru.BeanContainerImpl] No matching bean found for type class org.jboss.resteasy.reactive.server.providers.serialisers.ServerInputStreamMessageBodyHandler and qualifiers []. The bean might have been marked as unused and removed during build.
22:00:29 DEBUG [io.qu.ar.ru.BeanContainerImpl] No matching bean found for type class org.jboss.resteasy.reactive.server.providers.serialisers.StreamingOutputMessageBodyWriter and qualifiers []. The bean might have been marked as unused and removed during build.
22:00:29 DEBUG [io.qu.ar.ru.BeanContainerImpl] No matching bean found for type class org.jboss.resteasy.reactive.server.providers.serialisers.ServerReaderBodyHandler and qualifiers []. The bean might have been marked as unused and removed during build.
22:00:29 DEBUG [io.qu.ar.ru.BeanContainerImpl] No matching bean found for type class org.jboss.resteasy.reactive.server.providers.serialisers.ServerFileBodyHandler and qualifiers []. The bean might have been marked as unused and removed during build.
22:00:29 DEBUG [io.qu.ar.ru.BeanContainerImpl] No matching bean found for type class org.jboss.resteasy.reactive.server.providers.serialisers.ServerFilePartBodyHandler and qualifiers []. The bean might have been marked as unused and removed during build.
22:00:29 DEBUG [io.qu.ar.ru.BeanContainerImpl] No matching bean found for type class org.jboss.resteasy.reactive.server.core.multipart.MultipartMessageBodyWriter and qualifiers []. The bean might have been marked as unused and removed during build.
22:00:29 DEBUG [io.qu.ar.ru.BeanContainerImpl] No matching bean found for type class org.jboss.resteasy.reactive.server.providers.serialisers.ServerPathBodyHandler and qualifiers []. The bean might have been marked as unused and removed during build.
22:00:29 DEBUG [io.qu.ar.ru.BeanContainerImpl] No matching bean found for type class org.jboss.resteasy.reactive.server.providers.serialisers.ServerPathPartBodyHandler and qualifiers []. The bean might have been marked as unused and removed during build.
22:00:29 DEBUG [io.qu.ar.ru.BeanContainerImpl] No matching bean found for type class org.jboss.resteasy.reactive.server.providers.serialisers.ServerStringMessageBodyHandler and qualifiers []. The bean might have been marked as unused and removed during build.
22:00:29 DEBUG [io.qu.ar.ru.BeanContainerImpl] No matching bean found for type class org.jboss.resteasy.reactive.server.providers.serialisers.ServerBooleanMessageBodyHandler and qualifiers []. The bean might have been marked as unused and removed during build.
22:00:29 DEBUG [io.qu.ar.ru.BeanContainerImpl] No matching bean found for type class org.jboss.resteasy.reactive.server.providers.serialisers.ServerCharacterMessageBodyHandler and qualifiers []. The bean might have been marked as unused and removed during build.
22:00:29 DEBUG [io.qu.ar.ru.BeanContainerImpl] No matching bean found for type class org.jboss.resteasy.reactive.server.providers.serialisers.ServerNumberMessageBodyHandler and qualifiers []. The bean might have been marked as unused and removed during build.
22:00:29 DEBUG [io.qu.ar.ru.BeanContainerImpl] No matching bean found for type class org.jboss.resteasy.reactive.server.providers.serialisers.ServerInputStreamMessageBodyHandler and qualifiers []. The bean might have been marked as unused and removed during build.
22:00:29 DEBUG [io.qu.ar.ru.BeanContainerImpl] No matching bean found for type class org.jboss.resteasy.reactive.server.providers.serialisers.ServerReaderBodyHandler and qualifiers []. The bean might have been marked as unused and removed during build.
22:00:29 DEBUG [io.qu.ar.ru.BeanContainerImpl] No matching bean found for type class io.quarkus.resteasy.reactive.server.runtime.QuarkusServerFileBodyHandler and qualifiers []. The bean might have been marked as unused and removed during build.
22:00:29 DEBUG [io.qu.ar.ru.BeanContainerImpl] No matching bean found for type class org.jboss.resteasy.reactive.server.providers.serialisers.ServerByteArrayMessageBodyHandler and qualifiers []. The bean might have been marked as unused and removed during build.
22:00:29 DEBUG [io.qu.ar.ru.BeanContainerImpl] No matching bean found for type class org.jboss.resteasy.reactive.server.providers.serialisers.ServerDefaultTextPlainBodyHandler and qualifiers []. The bean might have been marked as unused and removed during build.
22:00:29 DEBUG [io.qu.ar.ru.BeanContainerImpl] No matching bean found for type class io.quarkus.resteasy.reactive.server.runtime.exceptionmappers.ForbiddenExceptionMapper and qualifiers []. The bean might have been marked as unused and removed during build.
22:00:29 DEBUG [io.qu.ar.ru.BeanContainerImpl] No matching bean found for type class io.quarkus.resteasy.reactive.jackson.runtime.mappers.BuiltinMismatchedInputExceptionMapper and qualifiers []. The bean might have been marked as unused and removed during build.
22:00:29 DEBUG [io.qu.ar.ru.BeanContainerImpl] No matching bean found for type class io.quarkus.resteasy.reactive.server.runtime.exceptionmappers.AuthenticationRedirectExceptionMapper and qualifiers []. The bean might have been marked as unused and removed during build.
22:00:29 DEBUG [io.qu.ar.ru.BeanContainerImpl] No matching bean found for type class io.quarkus.resteasy.reactive.server.runtime.exceptionmappers.AuthenticationCompletionExceptionMapper and qualifiers []. The bean might have been marked as unused and removed during build.
22:00:29 DEBUG [io.qu.ar.ru.BeanContainerImpl] No matching bean found for type class io.quarkus.rest.runtime.__QuarkusInit and qualifiers []. The bean might have been marked as unused and removed during build.
22:00:29 DEBUG [io.ne.ut.in.lo.InternalLoggerFactory] Using SLF4J as the default logging framework
22:00:29 DEBUG [io.sm.config] SRCFG01006: Loaded ConfigSource BuildTime RunTime Fixed with ordinal 2147483647
22:00:29 DEBUG [io.sm.config] SRCFG01006: Loaded ConfigSource ValueRegistryConfigSource with ordinal 2147483637
22:00:29 DEBUG [io.sm.config] SRCFG01006: Loaded ConfigSource SysPropConfigSource with ordinal 400
22:00:29 DEBUG [io.sm.config] SRCFG01006: Loaded ConfigSource Config Override Config Source with ordinal 399
22:00:29 DEBUG [io.sm.config] SRCFG01006: Loaded ConfigSource EnvConfigSource with ordinal 300
22:00:29 DEBUG [io.sm.config] SRCFG01006: Loaded ConfigSource PropertiesConfigSource[source=file:/home/martin/work/es-psql-quarkus/eventsourcing-core/target/test-classes/application.properties] with ordinal 250
22:00:29 DEBUG [io.sm.config] SRCFG01006: Loaded ConfigSource PropertiesConfigSource[source=file:/home/martin/work/es-psql-quarkus/eventsourcing-core/target/classes/application.properties] with ordinal 250
22:00:29 DEBUG [io.sm.config] SRCFG01006: Loaded ConfigSource Runtime Values with ordinal 0
22:00:29 DEBUG [io.sm.config] SRCFG01006: Loaded ConfigSource test URL provider with ordinal -2147482648
22:00:29 DEBUG [io.sm.config] SRCFG01006: Loaded ConfigSource QuarkusUUIDConfigSource with ordinal -2147483648
22:00:29 DEBUG [io.sm.config] SRCFG01006: Loaded ConfigSource DefaultValuesConfigSource with ordinal -2147483648
22:00:29 WARN  [io.qu.config] Unrecognized configuration key "quarkus.health.extensions.enabled" was provided; it will be ignored; verify that the dependency extension for this configuration is set or that you did not make a typo
22:00:29 WARN  [io.qu.config] Unrecognized configuration key "quarkus.smallrye-metrics.enabled" was provided; it will be ignored; verify that the dependency extension for this configuration is set or that you did not make a typo
22:00:29 WARN  [io.qu.config] The "quarkus.hibernate-orm.database.generation" config property is deprecated and should not be used anymore.
22:00:29 DEBUG [io.ve.co.lo.LoggerFactory] Using io.quarkus.vertx.core.runtime.VertxLogDelegateFactory
22:00:29 DEBUG [io.qu.ve.co.ru.VertxCoreRecorder] Vert.x Cache configured to: /tmp/vertx-cache/-4242605055425322028
22:00:29 DEBUG [io.ne.ut.in.PlatformDependent0] Java version: 21
22:00:29 DEBUG [io.ne.ut.in.PlatformDependent0] -Dio.netty.noUnsafe: false
22:00:29 DEBUG [io.ne.ut.in.PlatformDependent0] sun.misc.Unsafe.theUnsafe: available
22:00:29 DEBUG [io.ne.ut.in.PlatformDependent0] sun.misc.Unsafe base methods: all available
22:00:29 DEBUG [io.ne.ut.in.PlatformDependent0] sun.misc.Unsafe.storeFence: available
22:00:29 DEBUG [io.ne.ut.in.PlatformDependent0] java.nio.Buffer.address: available
22:00:29 DEBUG [io.ne.ut.in.PlatformDependent0] direct buffer constructor: unavailable: Reflective setAccessible(true) disabled
22:00:29 DEBUG [io.ne.ut.in.PlatformDependent0] java.nio.Bits.unaligned: available, true
22:00:29 DEBUG [io.ne.ut.in.PlatformDependent0] jdk.internal.misc.Unsafe.allocateUninitializedArray(int): unavailable: class io.netty.util.internal.PlatformDependent0$7 cannot access class jdk.internal.misc.Unsafe (in module java.base) because module java.base does not export jdk.internal.misc to unnamed module @712cd5d3
22:00:29 DEBUG [io.ne.ut.in.PlatformDependent0] java.nio.DirectByteBuffer.<init>(long, {int,long}): unavailable
22:00:29 DEBUG [io.ne.ut.in.PlatformDependent] sun.misc.Unsafe: available
22:00:29 DEBUG [io.ne.ut.in.PlatformDependent] -Dio.netty.tmpdir: /tmp (java.io.tmpdir)
22:00:29 DEBUG [io.ne.ut.in.PlatformDependent] -Dio.netty.bitMode: 64 (sun.arch.data.model)
22:00:29 DEBUG [io.ne.ut.in.PlatformDependent] -Dio.netty.maxDirectMemory: -1 bytes
22:00:29 DEBUG [io.ne.ut.in.PlatformDependent] -Dio.netty.uninitializedArrayAllocationThreshold: -1
22:00:29 DEBUG [io.ne.ut.in.CleanerJava9] java.nio.ByteBuffer.cleaner(): available
22:00:29 DEBUG [io.ne.ut.in.PlatformDependent] -Dio.netty.noPreferDirect: false
22:00:29 DEBUG [io.ne.ut.ResourceLeakDetector] -Dio.netty.leakDetection.level: simple
22:00:29 DEBUG [io.ne.ut.ResourceLeakDetector] -Dio.netty.leakDetection.targetRecords: 4
22:00:30 DEBUG [io.ne.ch.MultithreadEventLoopGroup] -Dio.netty.eventLoopThreads: 32
22:00:30 DEBUG [io.ne.ut.co.GlobalEventExecutor] -Dio.netty.globalEventExecutor.quietPeriodSeconds: 1
22:00:30 DEBUG [io.ne.ut.in.InternalThreadLocalMap] -Dio.netty.threadLocalMap.stringBuilder.initialSize: 1024
22:00:30 DEBUG [io.ne.ut.in.InternalThreadLocalMap] -Dio.netty.threadLocalMap.stringBuilder.maxSize: 4096
22:00:30 DEBUG [io.ne.ch.ni.NioEventLoop] -Dio.netty.noKeySetOptimization: false
22:00:30 DEBUG [io.ne.ch.ni.NioEventLoop] -Dio.netty.selectorAutoRebuildThreshold: 512
22:00:30 DEBUG [io.ne.ut.in.PlatformDependent] org.jctools-core.MpscChunkedArrayQueue: available
22:00:30 DEBUG [io.qu.ve.co.ru.VertxCoreRecorder] Vertx has Native Transport Enabled: false
22:00:30 FINE  [ja.js.sp.JsonProvider] Checking system property jakarta.json.provider
22:00:30 FINE  [ja.js.sp.JsonProvider] Checking ServiceLoader
22:00:30 FINE  [ja.js.sp.JsonProvider] ServiceLoader loading Facility used; returning object [org.eclipse.parsson.JsonProviderImpl]
22:00:30 FINE  [ja.js.sp.JsonProvider] Checking system property jakarta.json.provider
22:00:30 FINE  [ja.js.sp.JsonProvider] Checking ServiceLoader
22:00:30 FINE  [ja.js.sp.JsonProvider] ServiceLoader loading Facility used; returning object [org.eclipse.parsson.JsonProviderImpl]
22:00:30 DEBUG [io.qu.hi.re.ru.FastBootHibernateReactivePersistenceProvider] Located 1 persistence units; checking each
22:00:30 DEBUG [io.qu.hi.re.ru.FastBootHibernateReactivePersistenceProvider] Checking persistence-unit [name=<default>, explicit-provider=null] against incoming persistence unit name [<default>]
22:00:30 DEBUG [io.qu.hi.or.ru.FastBootHibernatePersistenceProvider] No PersistenceProvider explicitly requested, assuming Hibernate
22:00:30 DEBUG [io.ne.ut.NetUtil] -Djava.net.preferIPv4Stack: false
22:00:30 DEBUG [io.ne.ut.NetUtil] -Djava.net.preferIPv6Addresses: false
22:00:30 DEBUG [io.ne.ut.NetUtilInitializations] Loopback interface: lo (lo, 0:0:0:0:0:0:0:1%lo)
22:00:30 DEBUG [io.ne.ut.NetUtil] /proc/sys/net/core/somaxconn: 4096
22:00:30 DEBUG [io.ne.ch.DefaultChannelId] -Dio.netty.processId: 448224 (auto-detected)
22:00:30 DEBUG [io.ne.ch.DefaultChannelId] -Dio.netty.machineId: b1:51:46:a3:29:92:0c:96 (user-set)
22:00:30 DEBUG [io.ne.bu.PooledByteBufAllocator] -Dio.netty.allocator.numHeapArenas: 32
22:00:30 DEBUG [io.ne.bu.PooledByteBufAllocator] -Dio.netty.allocator.numDirectArenas: 32
22:00:30 DEBUG [io.ne.bu.PooledByteBufAllocator] -Dio.netty.allocator.pageSize: 8192
22:00:30 DEBUG [io.ne.bu.PooledByteBufAllocator] -Dio.netty.allocator.maxOrder: 3
22:00:30 DEBUG [io.ne.bu.PooledByteBufAllocator] -Dio.netty.allocator.chunkSize: 65536
22:00:30 DEBUG [io.ne.bu.PooledByteBufAllocator] -Dio.netty.allocator.smallCacheSize: 256
22:00:30 DEBUG [io.ne.bu.PooledByteBufAllocator] -Dio.netty.allocator.normalCacheSize: 64
22:00:30 DEBUG [io.ne.bu.PooledByteBufAllocator] -Dio.netty.allocator.maxCachedBufferCapacity: 32768
22:00:30 DEBUG [io.ne.bu.PooledByteBufAllocator] -Dio.netty.allocator.cacheTrimInterval: 8192
22:00:30 DEBUG [io.ne.bu.PooledByteBufAllocator] -Dio.netty.allocator.cacheTrimIntervalMillis: 0
22:00:30 DEBUG [io.ne.bu.PooledByteBufAllocator] -Dio.netty.allocator.useCacheForAllThreads: false
22:00:30 DEBUG [io.ne.bu.PooledByteBufAllocator] -Dio.netty.allocator.maxCachedByteBuffersPerChunk: 1023
22:00:30 DEBUG [io.ne.bu.PooledByteBufAllocator] -Dio.netty.allocator.disableCacheFinalizersForFastThreadLocalThreads: true
22:00:30 DEBUG [io.ne.bu.ByteBufUtil] -Dio.netty.allocator.type: pooled
22:00:30 DEBUG [io.ne.bu.ByteBufUtil] -Dio.netty.threadLocalDirectBufferSize: 0
22:00:30 DEBUG [io.ne.bu.ByteBufUtil] -Dio.netty.maxThreadLocalCharBufferSize: 16384
22:00:30 DEBUG [io.ne.bo.ChannelInitializerExtensions] -Dio.netty.bootstrap.extensions: null
22:00:30 DEBUG [io.ne.bu.AbstractByteBuf] -Dio.netty.buffer.checkAccessible: true
22:00:30 DEBUG [io.ne.bu.AbstractByteBuf] -Dio.netty.buffer.checkBounds: true
22:00:30 DEBUG [io.ne.ut.ResourceLeakDetectorFactory] Loaded default ResourceLeakDetector: io.netty.util.ResourceLeakDetector@39e794a9
22:00:30 DEBUG [io.ne.ut.Recycler] -Dio.netty.recycler.maxCapacityPerThread: 4096
22:00:30 DEBUG [io.ne.ut.Recycler] -Dio.netty.recycler.ratio: 8
22:00:30 DEBUG [io.ne.ut.Recycler] -Dio.netty.recycler.chunkSize: 32
22:00:30 DEBUG [io.ne.ut.Recycler] -Dio.netty.recycler.blocking: false
22:00:30 DEBUG [io.ne.ut.Recycler] -Dio.netty.recycler.batchFastThreadLocalOnly: true
22:00:30 DEBUG [or.hi.or.jd.lob] HHH10010002: Disabling contextual LOB creation as connection was null
22:00:30 DEBUG [or.hi.or.jdbc] HHH100122: Using default JDBC fetch size: -1
22:00:30 DEBUG [or.hi.re.pr.se.NativeParametersHandling] Initializing service JdbcParameterRenderer with implementation: class org.hibernate.reactive.provider.service.NativeParametersHandling$PostgreSQLNativeParameterMarkers
22:00:30 DEBUG [or.hi.or.factory] HHH90020001: Instantiating factory [c4547e4a-fad1-406a-bec3-198ec5cb3260] with settings: {jakarta.persistence.validation.mode=AUTO, hibernate.format_sql=true, hibernate.hbm2ddl.schema-generation.script.append=false, hibernate.connection.handling_mode=DELAYED_ACQUISITION_AND_RELEASE_BEFORE_TRANSACTION_COMPLETION, jakarta.persistence.sql-load-script-source=null, hibernate.cache.use_query_cache=true, jakarta.persistence.database-product-name=PostgreSQL, hibernate.xml_mapping_enabled=false, hibernate.hbm2ddl.charset_name=UTF-8, hibernate.highlight_sql=true, hibernate.query.plan_cache_max_size=2048, hibernate.id.sequence.increment_size_mismatch_strategy=NONE, hibernate.hbm2ddl.skip_default_import_file=true, jakarta.persistence.sharedCache.mode=ENABLE_SELECTIVE, hibernate.id.optimizer.pooled.preferred=pooled-lo, org.hibernate.flushMode=AUTO, hibernate.show_sql=true, jakarta.persistence.create-database-schemas=false, hibernate.query.fail_on_pagination_over_collection_fetch=false, hibernate.order_updates=true, hibernate.order_by.default_null_ordering=none, jakarta.persistence.schema-generation.scripts.action=none, hibernate.cdi.extensions=false, hibernate.allow_update_outside_transaction=false, hibernate.boot.allow_jdbc_metadata_access=true, hibernate.cache.use_reference_entries=true, hibernate.persistenceUnitName=<default>, hibernate.cache.use_second_level_cache=true, hibernate.query.in_clause_parameter_padding=true, hibernate.transaction.coordinator_class=class org.hibernate.resource.transaction.backend.jdbc.internal.JdbcResourceLocalTransactionCoordinatorBuilderImpl, hibernate.discriminator.ignore_explicit_for_joined=false, hibernate.connection.provider_disables_autocommit=true, hibernate.cache.region.factory_class=org.infinispan.quarkus.hibernate.cache.QuarkusInfinispanRegionFactory, jakarta.persistence.schema-generation.database.action=drop-and-create, jakarta.persistence.database-product-version=null}
22:00:30 DEBUG [or.in.qu.hi.ca.QuarkusInfinispanRegionFactory] Starting Infinispan region factory
22:00:30 DEBUG [or.in.qu.hi.ca.QuarkusInfinispanRegionFactory] Building timestamps cache region [default-update-timestamps-region]
22:00:30 DEBUG [or.in.qu.hi.ca.QuarkusInfinispanRegionFactory] Building query results cache region [default-query-results-region]
22:00:30 DEBUG [or.hi.or.service] HHH010454: EventListenerRegistry access via ServiceRegistry is deprecated - use 'sessionFactory.getEventEngine().getListenerRegistry()' instead
22:00:30 DEBUG [or.hi.HQL_FUNCTIONS] Available HQL Functions:
	abs(NUMERIC arg)
	Double acos(NUMERIC arg)
	Double acosh(NUMERIC arg)
	Boolean any(BOOLEAN predicate)
	array( ... )
	array_agg(arg)
	array_append( ... )
	array_concat( ... )
	Boolean array_contains(ARRAY haystackArray, OBJECT needleElementOrArray)
	Boolean array_contains_nullable(ARRAY haystackArray, OBJECT needleElementOrArray)
	array_fill(OBJECT element, INTEGER elementCount)
	array_fill_list(OBJECT element, INTEGER elementCount)
	array_get(ARRAY array, INTEGER index)
	Boolean array_includes(ARRAY haystackArray, OBJECT needleArray)
	Boolean array_includes_nullable(ARRAY haystackArray, OBJECT needleArray)
	Boolean array_intersects(ARRAY array0, OBJECT array1)
	Boolean array_intersects_nullable(ARRAY array0, OBJECT array1)
	Integer array_length(ARRAY array)
	array_list( ... )
	Boolean array_overlaps(ARRAY array0, OBJECT array1)
	Boolean array_overlaps_nullable(ARRAY array0, OBJECT array1)
	Integer array_position(ARRAY array, OBJECT element[, INTEGER startPosition])
	int[] array_positions(ARRAY array, OBJECT element)
	List array_positions_list(ARRAY array, OBJECT element)
	array_prepend( ... )
	array_remove( ... )
	array_remove_index( ... )
	array_replace(ARRAY array, OBJECT old, OBJECT new)
	array_set( ... )
	array_slice(ARRAY array, INTEGER start, INTEGER end)
	String array_to_string( ... )
	array_trim( ... )
	Integer ascii(STRING arg)
	Double asin(NUMERIC arg)
	Double asinh(NUMERIC arg)
	Double atan(NUMERIC arg)
	Double atan2(NUMERIC arg0, NUMERIC arg1)
	Double atanh(NUMERIC arg)
	avg(arg)
	bit_and(arg)
	Integer bit_length(STRING_OR_CLOB arg)
	bit_or(arg)
	bitand(arg0, arg1)
	bitnot(arg)
	bitor(arg0, arg1)
	bitxor(arg0, arg1)
	Boolean bool_and(BOOLEAN predicate)
	Boolean bool_or(BOOLEAN predicate)
	cast(arg as Type)
	Double cbrt(NUMERIC arg)
	ceiling(NUMERIC arg)
	Character char(INTEGER arg)
	Integer character_length(STRING_OR_CLOB arg)
	Character chr(INTEGER arg)
	coalesce(arg0[, arg1[, ...]])
	String collate(STRING string as COLLATION collation)
	(STRING string0[, STRING string1[, ...]])
	Double corr(NUMERIC arg0, NUMERIC arg1)
	Double cos(NUMERIC arg)
	Double cosh(NUMERIC arg)
	Double cot(NUMERIC arg)
	Long count([distinct ]{arg|*})
	Double covar_pop(NUMERIC arg0, NUMERIC arg1)
	Double covar_samp(NUMERIC arg0, NUMERIC arg1)
	Double cume_dist([arg0[, ...]])
	Date current date
	Time current time
	Timestamp current timestamp
	Date current_date
	Instant current_instant
	Time current_time
	Timestamp current_timestamp
	date_trunc(STRING field, TEMPORAL datetime)
	dateadd(TEMPORAL_UNIT field, INTEGER magnitude, TEMPORAL datetime)
	Long|Double datediff(TEMPORAL_UNIT field, TEMPORAL start, TEMPORAL end)
	Double degrees(NUMERIC arg)
	Long dense_rank([arg0[, ...]])
	Boolean every(BOOLEAN predicate)
	Double exp(NUMERIC arg)
	extract(TEMPORAL_UNIT field from TEMPORAL arg)
	first_valueANY value
	floor(NUMERIC arg)
	String format(TEMPORAL datetime as STRING pattern)
	greatest(COMPARABLE arg0, COMPARABLE arg1[, arg2[, ...]])
	String hex(arg)
	ifnull(arg0, arg1)
	String initcap(arg)
	String insert(STRING string, INTEGER start, INTEGER length, STRING replacement)
	Instant instant
	String json_array([arg0[, ...]])
	String json_array_append(IMPLICIT_JSON arg0, STRING arg1, ANY arg2)
	String json_array_insert(IMPLICIT_JSON arg0, STRING arg1, ANY arg2)
	String json_arrayagg(arg0[, arg1])
	Boolean json_exists(IMPLICIT_JSON arg0, STRING arg1)
	String json_insert(IMPLICIT_JSON arg0, STRING arg1, ANY arg2)
	String json_mergepatch(IMPLICIT_JSON arg0, IMPLICIT_JSON arg1[, arg2[, ...]])
	String json_object( ... )
	String json_objectagg(arg0, arg1[, arg2, arg3])
	String json_query( ... )
	String json_remove(IMPLICIT_JSON arg0, STRING arg1)
	String json_replace(IMPLICIT_JSON arg0, STRING arg1, ANY arg2)
	String json_set(IMPLICIT_JSON arg0, STRING arg1, ANY arg2)
	json_value( ... )
	lagANY value[, INTEGER offset[, ANY default]]
	last_valueANY value
	leadANY value[, INTEGER offset[, ANY default]]
	least(COMPARABLE arg0, COMPARABLE arg1[, arg2[, ...]])
	String left(STRING string, INTEGER length)
	length
	String listagg(STRING arg0, STRING arg1)
	Double ln(NUMERIC arg)
	LocalDate local date
	LocalDateTime local datetime
	LocalTime local time
	LocalDate local_date
	LocalDateTime local_datetime
	LocalTime local_time
	Time localtime
	Timestamp localtimestamp
	Integer locate(STRING pattern, STRING string[, INTEGER start])
	Double log(NUMERIC arg0[, NUMERIC arg1])
	Double log10(NUMERIC arg)
	String lower(STRING string)
	String lpad(STRING string, INTEGER length[, STRING padding])
	String ltrim(STRING string[, STRING characters])
	Date make_date(INTEGER arg0, INTEGER arg1, INTEGER arg2)
	Time make_time(INTEGER arg0, INTEGER arg1, INTEGER arg2)
	Timestamp make_timestamp(INTEGER arg0, INTEGER arg1, INTEGER arg2, INTEGER arg3, INTEGER arg4, INTEGER arg5)
	Timestamp make_timestamptz(INTEGER arg0, INTEGER arg1, INTEGER arg2, INTEGER arg3, INTEGER arg4, INTEGER arg5[, INTEGER arg6])
	max(COMPARABLE arg)
	byte[] md5(arg)
	Double median(NUMERIC arg)
	min(COMPARABLE arg)
	Integer mod(INTEGER arg0, INTEGER arg1)
	mode()
	nth_valueANY value, INTEGER nth
	nullif(arg0, arg1)
	Integer octet_length(STRING_OR_CLOB arg)
	OffsetDateTime offset datetime
	OffsetDateTime offset_datetime
	Integer ordinal(ENUM arg)
	String overlay(string placing replacement from start[ for length])
	String pad(STRING string with INTEGER length {leading|trailing}[ STRING character])
	Double percent_rank([arg0[, ...]])
	percentile_cont(NUMERIC arg)
	percentile_disc(NUMERIC arg)
	Double pi
	Integer position(STRING pattern in STRING string)
	Double power(NUMERIC arg0, NUMERIC arg1)
	Double radians(NUMERIC arg)
	Long rank([arg0[, ...]])
	(STRING string, STRING pattern[, STRING flags])
	Double regr_avgx(NUMERIC arg0, NUMERIC arg1)
	Double regr_avgy(NUMERIC arg0, NUMERIC arg1)
	Double regr_count(NUMERIC arg0, NUMERIC arg1)
	Double regr_intercept(NUMERIC arg0, NUMERIC arg1)
	Double regr_r2(NUMERIC arg0, NUMERIC arg1)
	Double regr_slope(NUMERIC arg0, NUMERIC arg1)
	Double regr_sxx(NUMERIC arg0, NUMERIC arg1)
	Double regr_sxy(NUMERIC arg0, NUMERIC arg1)
	Double regr_syy(NUMERIC arg0, NUMERIC arg1)
	String repeat(STRING string, INTEGER times)
	String replace(STRING string, STRING pattern, STRING replacement)
	String reverse(STRING arg)
	String right(STRING string, INTEGER length)
	round(NUMERIC number[, INTEGER places])
	Long row_number()
	String rpad(STRING string, INTEGER length[, STRING padding])
	String rtrim(STRING string[, STRING characters])
	byte[] sha(arg)
	Integer sign(NUMERIC arg)
	Double sin(NUMERIC arg)
	Double sinh(NUMERIC arg)
	String soundex(arg)
	sql
	Double sqrt(NUMERIC arg)
	Double stddev(NUMERIC arg)
	Double stddev_pop(NUMERIC arg)
	Double stddev_samp(NUMERIC arg)
	String str(arg)
	String string(ENUM arg)
	String substr(STRING string, INTEGER start[, INTEGER length])
	String substring(STRING string{ from|,} INTEGER start[{ for|,} INTEGER length])
	sum(arg)
	Double tan(NUMERIC arg)
	Double tanh(NUMERIC arg)
	timestampadd(TEMPORAL_UNIT field, INTEGER magnitude, TEMPORAL datetime)
	Long|Double timestampdiff(TEMPORAL_UNIT field, TEMPORAL start, TEMPORAL end)
	String to_char(ANY arg0[, STRING arg1, STRING arg2])
	Date to_date(STRING arg0[, STRING arg1, STRING arg2])
	Double to_number(STRING arg0[, STRING arg1, STRING arg2])
	Timestamp to_timestamp(STRING arg0[, STRING arg1, STRING arg2])
	String translate(STRING arg0, STRING arg1, STRING arg2)
	String trim([[{leading|trailing|both} ][STRING arg0 ]from] STRING arg1)
	trunc( ... )
	truncate( ... )
	String upper(STRING string)
	Double var_pop(NUMERIC arg)
	Double var_samp(NUMERIC arg)
	Double variance(NUMERIC arg)
	String xmlagg( ... )
	String xmlcomment(STRING arg)
	String xmlconcat( ... )
	String xmlelement( ... )
	Boolean xmlexists( ... )
	String xmlforest( ... )
	String xmlpi( ... )
	String xmlquery( ... )

22:00:30 DEBUG [or.hi.or.service] HHH010454: EventListenerRegistry access via ServiceRegistry is deprecated - use 'sessionFactory.getEventEngine().getListenerRegistry()' instead
22:00:30 WARN  [io.mi.co.in.MeterRegistry] This Gauge has been already registered (MeterId{name='postgresql.queue.size', tags=[tag(clientName=<default>),tag(clientType=sql)]}), the registration will be ignored. Note that subsequent logs will be logged at debug level.
22:00:30 DEBUG [io.mi.co.in.MeterRegistry] This Gauge has been already registered (MeterId{name='postgresql.current', tags=[tag(clientName=<default>),tag(clientType=sql)]}), the registration will be ignored.
22:00:30 DEBUG [or.hi.SQL] 
    set client_min_messages = WARNING
[Hibernate] 
    set client_min_messages = WARNING
22:00:30 DEBUG [or.hi.SQL] 
    drop table if exists aggregate_snapshots cascade
[Hibernate] 
    drop table if exists aggregate_snapshots cascade
22:00:31 DEBUG [or.hi.SQL] 
    drop table if exists aggregate_states cascade
[Hibernate] 
    drop table if exists aggregate_states cascade
22:00:31 DEBUG [or.hi.SQL] 
    drop table if exists events cascade
[Hibernate] 
    drop table if exists events cascade
22:00:31 DEBUG [or.hi.SQL] 
    drop table if exists outbox_events cascade
[Hibernate] 
    drop table if exists outbox_events cascade
22:00:31 DEBUG [or.hi.SQL] 
    set client_min_messages = WARNING
[Hibernate] 
    set client_min_messages = WARNING
22:00:31 DEBUG [or.hi.SQL] 
    drop table if exists aggregate_snapshots cascade
[Hibernate] 
    drop table if exists aggregate_snapshots cascade
22:00:31 DEBUG [or.hi.SQL] 
    drop table if exists aggregate_states cascade
[Hibernate] 
    drop table if exists aggregate_states cascade
22:00:31 DEBUG [or.hi.SQL] 
    drop table if exists events cascade
[Hibernate] 
    drop table if exists events cascade
22:00:31 DEBUG [or.hi.SQL] 
    drop table if exists outbox_events cascade
[Hibernate] 
    drop table if exists outbox_events cascade
22:00:31 DEBUG [or.hi.SQL] 
    create table aggregate_snapshots (
        aggregate_version integer not null,
        created_at timestamp(6) with time zone,
        last_event_id uuid not null,
        aggregate_id varchar(255) not null,
        aggregate_type varchar(255) not null,
        state jsonb not null,
        primary key (aggregate_id)
    )
[Hibernate] 
    create table aggregate_snapshots (
        aggregate_version integer not null,
        created_at timestamp(6) with time zone,
        last_event_id uuid not null,
        aggregate_id varchar(255) not null,
        aggregate_type varchar(255) not null,
        state jsonb not null,
        primary key (aggregate_id)
    )
22:00:31 DEBUG [or.hi.SQL] 
    create table aggregate_states (
        version integer,
        updated_at timestamp(6) with time zone,
        last_event_id uuid,
        id varchar(255) not null,
        type varchar(255) not null,
        state jsonb not null,
        primary key (id, type)
    )
[Hibernate] 
    create table aggregate_states (
        version integer,
        updated_at timestamp(6) with time zone,
        last_event_id uuid,
        id varchar(255) not null,
        type varchar(255) not null,
        state jsonb not null,
        primary key (id, type)
    )
22:00:31 DEBUG [or.hi.SQL] 
    create table events (
        aggregate_version integer not null,
        data_version integer not null,
        retry_count integer not null,
        created_at timestamp(6) with time zone not null,
        failed_at timestamp(6) with time zone,
        processed_at timestamp(6) with time zone,
        time timestamp(6) with time zone not null,
        id uuid not null,
        datacontenttype varchar(255),
        dataschema varchar(255),
        error_message text,
        source varchar(255) not null,
        specversion varchar(255) not null,
        subject varchar(255),
        type varchar(255) not null,
        data jsonb not null,
        primary key (id)
    )
[Hibernate] 
    create table events (
        aggregate_version integer not null,
        data_version integer not null,
        retry_count integer not null,
        created_at timestamp(6) with time zone not null,
        failed_at timestamp(6) with time zone,
        processed_at timestamp(6) with time zone,
        time timestamp(6) with time zone not null,
        id uuid not null,
        datacontenttype varchar(255),
        dataschema varchar(255),
        error_message text,
        source varchar(255) not null,
        specversion varchar(255) not null,
        subject varchar(255),
        type varchar(255) not null,
        data jsonb not null,
        primary key (id)
    )
22:00:31 DEBUG [or.hi.SQL] 
    create table outbox_events (
        created_at timestamp(6) with time zone not null,
        processed_at timestamp(6) with time zone,
        id uuid not null,
        status varchar(255) not null,
        topic varchar(255) not null,
        payload jsonb not null,
        primary key (id)
    )
[Hibernate] 
    create table outbox_events (
        created_at timestamp(6) with time zone not null,
        processed_at timestamp(6) with time zone,
        id uuid not null,
        status varchar(255) not null,
        topic varchar(255) not null,
        payload jsonb not null,
        primary key (id)
    )
22:00:31 DEBUG [io.qu.mi.ru.MicrometerRecorder] Discovered global MeterFilters : [io.micrometer.core.instrument.config.MeterFilter$9@3e242137, io.micrometer.core.instrument.config.MeterFilter$9@25dacc5a, io.micrometer.core.instrument.config.MeterFilter$9@55b7f9f1, io.micrometer.core.instrument.config.MeterFilter$9@273e622f]
22:00:31 DEBUG [io.qu.mi.ru.MicrometerRecorder] Discovered MeterFilters for class io.micrometer.prometheus.PrometheusMeterRegistry: []
22:00:31 DEBUG [io.qu.mi.ru.MicrometerRecorder] Discovered global MeterRegistryCustomizer : []
22:00:31 DEBUG [io.qu.mi.ru.MicrometerRecorder] Configuring Micrometer registries : [class io.micrometer.prometheus.PrometheusMeterRegistry]
22:00:31 DEBUG [io.qu.mi.ru.MicrometerRecorder] Discovered MeterRegistryCustomizer for class io.micrometer.prometheus.PrometheusMeterRegistry: []
22:00:31 DEBUG [io.qu.mi.ru.MicrometerRecorder] Adding configured registry class io.micrometer.prometheus.PrometheusMeterRegistry
22:00:31 DEBUG [io.mi.co.in.MeterRegistry] This Gauge has been already registered (MeterId{name='netty.eventexecutor.workers', tags=[]}), the registration will be ignored.
22:00:31 DEBUG [io.sm.config] SRCFG01006: Loaded ConfigSource OpenApiConfigHelper with ordinal 1
22:00:31 DEBUG [io.sm.config] SRCFG01006: Loaded ConfigSource DefaultValuesConfigSource with ordinal -2147483648
22:00:31 DEBUG [io.sm.op.ru.io] SROAP02009: Processing a single Schema json object.
22:00:31 DEBUG [io.sm.op.ru.io] SROAP02009: Processing a single Schema json object.
22:00:31 DEBUG [io.sm.op.ru.io] SROAP02009: Processing a single Schema json object.
22:00:31 DEBUG [io.sm.op.ru.io] SROAP02009: Processing a single Schema json object.
22:00:31 DEBUG [io.sm.op.ru.io] SROAP02009: Processing a single Schema json object.
22:00:31 DEBUG [io.sm.op.ru.io] SROAP02009: Processing a single Schema json object.
22:00:31 DEBUG [io.sm.op.ru.io] SROAP02009: Processing a single Schema json object.
22:00:31 DEBUG [io.sm.op.ru.io] SROAP02009: Processing a single Schema json object.
22:00:31 DEBUG [io.sm.op.ru.io] SROAP02009: Processing a single Schema json object.
22:00:31 DEBUG [io.sm.op.ru.io] SROAP02009: Processing a single Schema json object.
22:00:31 DEBUG [io.sm.op.ru.io] SROAP02009: Processing a single Schema json object.
22:00:31 DEBUG [io.sm.op.ru.io] SROAP02009: Processing a single Schema json object.
22:00:31 DEBUG [io.sm.op.ru.io] SROAP02009: Processing a single Schema json object.
22:00:31 DEBUG [io.sm.op.ru.io] SROAP02009: Processing a single Schema json object.
22:00:31 DEBUG [io.sm.op.ru.io] SROAP02009: Processing a single Schema json object.
22:00:31 DEBUG [io.sm.op.ru.io] SROAP02009: Processing a single Schema json object.
22:00:31 DEBUG [io.sm.op.ru.io] SROAP02009: Processing a single Schema json object.
22:00:31 DEBUG [io.sm.op.ru.io] SROAP02009: Processing a single Schema json object.
22:00:31 DEBUG [io.sm.op.ru.io] SROAP02009: Processing a single Schema json object.
22:00:31 DEBUG [io.sm.op.ru.io] SROAP02009: Processing a single Schema json object.
22:00:31 DEBUG [io.sm.op.ru.io] SROAP02009: Processing a single Schema json object.
22:00:31 DEBUG [io.sm.op.ru.io] SROAP02009: Processing a single Schema json object.
22:00:31 DEBUG [io.sm.op.ru.io] SROAP02009: Processing a single Schema json object.
22:00:31 DEBUG [io.sm.op.ru.io] SROAP02009: Processing a single Schema json object.
22:00:31 DEBUG [io.sm.op.ru.io] SROAP02009: Processing a single Schema json object.
22:00:31 DEBUG [io.sm.op.ru.io] SROAP02009: Processing a single Schema json object.
22:00:31 DEBUG [io.sm.op.api] SROAP00500: Adding model from custom static file...
22:00:31 DEBUG [io.sm.op.api] SROAP00501: Adding model callbacks from custom static file: <no>
22:00:31 DEBUG [io.sm.op.api] SROAP00501: Adding model examples from custom static file: <no>
22:00:31 DEBUG [io.sm.op.api] SROAP00501: Adding model headers from custom static file: <no>
22:00:31 DEBUG [io.sm.op.api] SROAP00501: Adding model links from custom static file: <no>
22:00:31 DEBUG [io.sm.op.api] SROAP00501: Adding model parameters from custom static file: <no>
22:00:31 DEBUG [io.sm.op.api] SROAP00501: Adding model request bodies from custom static file: <no>
22:00:31 DEBUG [io.sm.op.api] SROAP00501: Adding model responses from custom static file: <no>
22:00:31 DEBUG [io.sm.op.api] SROAP00501: Adding model schemas from custom static file: 4
22:00:31 DEBUG [io.sm.op.api] SROAP00501: Adding model security schemes from custom static file: <no>
22:00:31 DEBUG [io.sm.op.api] SROAP00501: Adding model servers from custom static file: <no>
22:00:31 DEBUG [io.sm.op.api] SROAP00501: Adding model path items from custom static file: 9
22:00:31 DEBUG [io.sm.op.api] SROAP00501: Adding model security from custom static file: <no>
22:00:31 DEBUG [io.sm.op.api] SROAP00501: Adding model tags from custom static file: 3
22:00:31 DEBUG [io.sm.op.api] SROAP00501: Adding model extensions from custom static file: <no>
22:00:31 DEBUG [io.qu.mi.ru.bi.ve.VertxMeterBinderAdapter] Create HttpServerMetrics with options io.vertx.core.http.HttpServerOptions@680e0cf6 and address localhost:8081
22:00:31 INFO  [io.quarkus] eventsourcing 1.0.0 on JVM (powered by Quarkus 3.31.4) started in 9.682s. Listening on: http://localhost:8081
22:00:31 INFO  [io.quarkus] Profile test activated. 
22:00:31 INFO  [io.quarkus] Installed features: [cdi, compose, hibernate-orm, hibernate-reactive, hibernate-reactive-panache, hibernate-validator, jacoco, micrometer, reactive-pg-client, rest, rest-jackson, scheduler, security, smallrye-context-propagation, smallrye-health, smallrye-openapi, swagger-ui, vertx]
22:00:32 DEBUG [io.qu.hi.re.pa.co.ru.SessionOperations] Closing session for Persistence Unit '<default>'
22:00:32 ERROR [sp.ma.ev.se.OutboxScheduler] Error processing outbox events: java.lang.IllegalStateException: HR000068: This method should exclusively be invoked from a Vert.x EventLoop thread; currently running on thread 'executor-thread-1'
	at org.hibernate.reactive.common.InternalStateAssertions.assertUseOnEventLoop(InternalStateAssertions.java:41)
	at org.hibernate.reactive.mutiny.impl.MutinySessionFactoryImpl.connection(MutinySessionFactoryImpl.java:190)
	at org.hibernate.reactive.mutiny.impl.MutinySessionFactoryImpl.lambda$openSession$0(MutinySessionFactoryImpl.java:121)
	at io.smallrye.context.impl.wrappers.SlowContextualSupplier.get(SlowContextualSupplier.java:21)
	at io.smallrye.mutiny.operators.uni.builders.UniCreateFromCompletionStage.subscribe(UniCreateFromCompletionStage.java:24)
	at io.smallrye.mutiny.operators.AbstractUni.subscribe(AbstractUni.java:35)
	at io.smallrye.mutiny.operators.uni.UniRunSubscribeOn.lambda$subscribe$0(UniRunSubscribeOn.java:27)
	at org.hibernate.reactive.context.impl.VertxContext.execute(VertxContext.java:90)
	at io.smallrye.mutiny.operators.uni.UniRunSubscribeOn.subscribe(UniRunSubscribeOn.java:25)
	at io.smallrye.mutiny.operators.AbstractUni.subscribe(AbstractUni.java:35)
	at io.smallrye.mutiny.operators.uni.UniOnItemTransformToUni.subscribe(UniOnItemTransformToUni.java:25)
	at io.smallrye.mutiny.operators.AbstractUni.subscribe(AbstractUni.java:35)
	at io.smallrye.mutiny.operators.uni.UniOnItemTransform.subscribe(UniOnItemTransform.java:22)
	at io.smallrye.mutiny.operators.AbstractUni.subscribe(AbstractUni.java:35)
	at io.smallrye.mutiny.operators.uni.UniOnItemConsume.subscribe(UniOnItemConsume.java:34)
	at io.smallrye.mutiny.operators.AbstractUni.subscribe(AbstractUni.java:35)
	at io.smallrye.mutiny.operators.uni.UniOnItemConsume.subscribe(UniOnItemConsume.java:34)
	at io.smallrye.mutiny.operators.AbstractUni.subscribe(AbstractUni.java:35)
	at io.smallrye.mutiny.operators.uni.UniOnItemTransformToUni.subscribe(UniOnItemTransformToUni.java:25)
	at io.smallrye.mutiny.operators.AbstractUni.subscribe(AbstractUni.java:35)
	at io.smallrye.mutiny.groups.UniSubscribe.withSubscriber(UniSubscribe.java:51)
	at io.smallrye.mutiny.operators.uni.UniOnTerminationCall.subscribe(UniOnTerminationCall.java:28)
	at io.smallrye.mutiny.operators.AbstractUni.subscribe(AbstractUni.java:35)
	at io.smallrye.mutiny.groups.UniSubscribe.withSubscriber(UniSubscribe.java:51)
	at io.smallrye.mutiny.groups.UniSubscribe.with(UniSubscribe.java:110)
	at io.smallrye.mutiny.groups.UniSubscribe.with(UniSubscribe.java:88)
	at space.maatini.eventsourcing.service.OutboxScheduler.processOutboxEvents(OutboxScheduler.java:36)
	at space.maatini.eventsourcing.service.OutboxScheduler_ClientProxy.processOutboxEvents(Unknown Source)
	at space.maatini.eventsourcing.service.OutboxScheduler_ScheduledInvoker_processOutboxEvents_67682e12e81a13a70789112489749e7bb23b2a08.invokeBean(Unknown Source)
	at io.quarkus.scheduler.common.runtime.DefaultInvoker.invoke(DefaultInvoker.java:25)
	at io.quarkus.scheduler.common.runtime.DelegateInvoker.invokeDelegate(DelegateInvoker.java:29)
	at io.quarkus.scheduler.common.runtime.StatusEmitterInvoker.invoke(StatusEmitterInvoker.java:35)
	at io.quarkus.scheduler.common.runtime.DelegateInvoker.invokeDelegate(DelegateInvoker.java:29)
	at io.quarkus.scheduler.common.runtime.SkipConcurrentExecutionInvoker.invoke(SkipConcurrentExecutionInvoker.java:37)
	at io.quarkus.scheduler.common.runtime.DelegateInvoker.invokeDelegate(DelegateInvoker.java:29)
	at io.quarkus.scheduler.common.runtime.DelegateInvoker.invokeComplete(DelegateInvoker.java:36)
	at io.quarkus.scheduler.common.runtime.OffloadingInvoker$2.call(OffloadingInvoker.java:54)
	at io.quarkus.scheduler.common.runtime.OffloadingInvoker$2.call(OffloadingInvoker.java:51)
	at io.vertx.core.impl.ContextImpl.lambda$executeBlocking$4(ContextImpl.java:192)
	at io.vertx.core.impl.ContextInternal.dispatch(ContextInternal.java:270)
	at io.vertx.core.impl.ContextImpl$1.execute(ContextImpl.java:221)
	at io.vertx.core.impl.WorkerTask.run(WorkerTask.java:56)
	at io.quarkus.vertx.core.runtime.VertxCoreRecorder$15.runWith(VertxCoreRecorder.java:671)
	at org.jboss.threads.EnhancedQueueExecutor$Task.doRunWith(EnhancedQueueExecutor.java:2651)
	at org.jboss.threads.EnhancedQueueExecutor$Task.run(EnhancedQueueExecutor.java:2630)
	at org.jboss.threads.EnhancedQueueExecutor.runThreadBody(EnhancedQueueExecutor.java:1622)
	at org.jboss.threads.EnhancedQueueExecutor$ThreadBody.run(EnhancedQueueExecutor.java:1589)
	at org.jboss.threads.DelegatingRunnable.run(DelegatingRunnable.java:11)
	at org.jboss.threads.ThreadLocalResettingRunnable.run(ThreadLocalResettingRunnable.java:11)
	at io.netty.util.concurrent.FastThreadLocalRunnable.run(FastThreadLocalRunnable.java:30)
	at java.base/java.lang.Thread.run(Thread.java:1583)

22:00:32 DEBUG [io.mi.co.in.MeterRegistry] This Gauge has been already registered (MeterId{name='postgresql.queue.size', tags=[tag(clientName=<default>),tag(clientType=sql)]}), the registration will be ignored.
22:00:32 DEBUG [io.mi.co.in.MeterRegistry] This Gauge has been already registered (MeterId{name='postgresql.current', tags=[tag(clientName=<default>),tag(clientType=sql)]}), the registration will be ignored.
22:00:32 DEBUG [or.hi.or.re.jdbc] HHH10003030: 'hibernate.connection.provider_disables_autocommit' was enabled. This setting should only be enabled when JDBC Connections obtained by Hibernate from the ConnectionProvider have auto-commit disabled. Enabling this setting when connections have auto-commit enabled leads to execution of SQL operations outside of any JDBC transaction.
22:00:32 DEBUG [io.qu.hi.re.pa.co.ru.SessionOperations] Opening lazy managed session for Persistence Unit '<default>'
22:00:32 DEBUG [or.hi.or.sq.exec] Skipping reading Query result cache data: cache-enabled = true, cache-mode = NORMAL
22:00:32 DEBUG [or.hi.SQL] 
    SELECT
        EXTRACT(EPOCH FROM (NOW() - MAX(created_at))) 
    FROM
        events 
    WHERE
        processed_at IS NULL
[Hibernate] 
    SELECT
        EXTRACT(EPOCH FROM (NOW() - MAX(created_at))) 
    FROM
        events 
    WHERE
        processed_at IS NULL
22:00:32 DEBUG [or.hi.or.re.loading] Calling top-level assembler (0 / 1) : org.hibernate.sql.results.graph.basic.BasicResultAssembler@351ca0e4
22:00:32 DEBUG [io.qu.hi.re.pa.co.ru.SessionOperations] Closing session for Persistence Unit '<default>'
22:00:32 DEBUG [io.qu.hi.re.pa.co.ru.SessionOperations] Closing opened managed session for Persistence Unit '<default>'
22:00:32 DEBUG [or.hi.se.metrics] HHH000401: Logging session metrics:
	0 ns acquiring 0 JDBC connections
	0 ns releasing 0 JDBC connections
	0 ns preparing 0 JDBC statements
	33144022 ns executing 1 JDBC statements
	0 ns executing 0 JDBC batches
	0 ns performing 0 second-level cache puts
	0 ns performing 0 second-level cache hits
	0 ns performing 0 second-level cache misses
	0 ns executing 0 flushes (flushing a total of 0 entities and 0 collections)
	0 ns executing 0 pre-partial-flushes
	358870 ns executing 1 partial-flushes (flushing a total of 0 entities and 0 collections)

22:00:32 DEBUG [jd.ev.security] X509Certificate: Alg:SHA256withRSA, Serial:570a119742c4e3cc, Subject:CN=Actalis Authentication Root CA, O=Actalis S.p.A./03358520967, L=Milan, C=IT, Issuer:CN=Actalis Authentication Root CA, O=Actalis S.p.A./03358520967, L=Milan, C=IT, Key type:RSA, Length:4096, Cert Id:1729119956, Valid from:9/22/11, 1:22 PM, Valid until:9/22/30, 1:22 PM
22:00:32 DEBUG [jd.ev.security] X509Certificate: Alg:SHA1withRSA, Serial:1, Subject:CN=AddTrust External CA Root, OU=AddTrust External TTP Network, O=AddTrust AB, C=SE, Issuer:CN=AddTrust External CA Root, OU=AddTrust External TTP Network, O=AddTrust AB, C=SE, Key type:RSA, Length:2048, Cert Id:3968614624, Valid from:5/30/00, 12:48 PM, Valid until:5/30/20, 12:48 PM
22:00:32 DEBUG [jd.ev.security] X509Certificate: Alg:SHA1withRSA, Serial:1, Subject:CN=AddTrust Qualified CA Root, OU=AddTrust TTP Network, O=AddTrust AB, C=SE, Issuer:CN=AddTrust Qualified CA Root, OU=AddTrust TTP Network, O=AddTrust AB, C=SE, Key type:RSA, Length:2048, Cert Id:607365522, Valid from:5/30/00, 12:44 PM, Valid until:5/30/20, 12:44 PM
22:00:32 DEBUG [jd.ev.security] X509Certificate: Alg:SHA256withRSA, Serial:7777062726a9b17c, Subject:CN=AffirmTrust Commercial, O=AffirmTrust, C=US, Issuer:CN=AffirmTrust Commercial, O=AffirmTrust, C=US, Key type:RSA, Length:2048, Cert Id:630485644, Valid from:1/29/10, 3:06 PM, Valid until:12/31/30, 3:06 PM
22:00:32 DEBUG [jd.ev.security] X509Certificate: Alg:SHA1withRSA, Serial:7c4f04391cd4992d, Subject:CN=AffirmTrust Networking, O=AffirmTrust, C=US, Issuer:CN=AffirmTrust Networking, O=AffirmTrust, C=US, Key type:RSA, Length:2048, Cert Id:651670175, Valid from:1/29/10, 3:08 PM, Valid until:12/31/30, 3:08 PM
22:00:32 DEBUG [jd.ev.security] X509Certificate: Alg:SHA384withRSA, Serial:6d8c1446b1a60aee, Subject:CN=AffirmTrust Premium, O=AffirmTrust, C=US, Issuer:CN=AffirmTrust Premium, O=AffirmTrust, C=US, Key type:RSA, Length:4096, Cert Id:2164683341, Valid from:1/29/10, 3:10 PM, Valid until:12/31/40, 3:10 PM
22:00:32 DEBUG [jd.ev.security] X509Certificate: Alg:SHA384withECDSA, Serial:7497258ac73f7a54, Subject:CN=AffirmTrust Premium ECC, O=AffirmTrust, C=US, Issuer:CN=AffirmTrust Premium ECC, O=AffirmTrust, C=US, Key type:EC, Length:384, Cert Id:2214603510, Valid from:1/29/10, 3:20 PM, Valid until:12/31/40, 3:20 PM
22:00:32 DEBUG [jd.ev.security] X509Certificate: Alg:SHA256withRSA, Serial:66c9fcf99bf8c0a39e2f0788a43e696365bca, Subject:CN=Amazon Root CA 1, O=Amazon, C=US, Issuer:CN=Amazon Root CA 1, O=Amazon, C=US, Key type:RSA, Length:2048, Cert Id:2822522334, Valid from:5/26/15, 2:00 AM, Valid until:1/17/38, 1:00 AM
22:00:32 DEBUG [jd.ev.security] X509Certificate: Alg:SHA384withRSA, Serial:66c9fd29635869f0a0fe58678f85b26bb8a37, Subject:CN=Amazon Root CA 2, O=Amazon, C=US, Issuer:CN=Amazon Root CA 2, O=Amazon, C=US, Key type:RSA, Length:4096, Cert Id:2528834908, Valid from:5/26/15, 2:00 AM, Valid until:5/26/40, 2:00 AM
22:00:32 DEBUG [jd.ev.security] X509Certificate: Alg:SHA256withECDSA, Serial:66c9fd5749736663f3b0b9ad9e89e7603f24a, Subject:CN=Amazon Root CA 3, O=Amazon, C=US, Issuer:CN=Amazon Root CA 3, O=Amazon, C=US, Key type:EC, Length:256, Cert Id:2732679773, Valid from:5/26/15, 2:00 AM, Valid until:5/26/40, 2:00 AM
22:00:32 DEBUG [jd.ev.security] X509Certificate: Alg:SHA384withECDSA, Serial:66c9fd7c1bb104c2943e5717b7b2cc81ac10e, Subject:CN=Amazon Root CA 4, O=Amazon, C=US, Issuer:CN=Amazon Root CA 4, O=Amazon, C=US, Key type:EC, Length:384, Cert Id:2640694783, Valid from:5/26/15, 2:00 AM, Valid until:5/26/40, 2:00 AM
22:00:32 DEBUG [jd.ev.security] X509Certificate: Alg:SHA1withRSA, Serial:20000b9, Subject:CN=Baltimore CyberTrust Root, OU=CyberTrust, O=Baltimore, C=IE, Issuer:CN=Baltimore CyberTrust Root, OU=CyberTrust, O=Baltimore, C=IE, Key type:RSA, Length:2048, Cert Id:1425294543, Valid from:5/12/00, 8:46 PM, Valid until:5/13/25, 1:59 AM
22:00:32 DEBUG [jd.ev.security] X509Certificate: Alg:SHA256withRSA, Serial:2, Subject:CN=Buypass Class 2 Root CA, O=Buypass AS-983163327, C=NO, Issuer:CN=Buypass Class 2 Root CA, O=Buypass AS-983163327, C=NO, Key type:RSA, Length:4096, Cert Id:969960563, Valid from:10/26/10, 10:38 AM, Valid until:10/26/40, 10:38 AM
22:00:32 DEBUG [jd.ev.security] X509Certificate: Alg:SHA256withRSA, Serial:2, Subject:CN=Buypass Class 3 Root CA, O=Buypass AS-983163327, C=NO, Issuer:CN=Buypass Class 3 Root CA, O=Buypass AS-983163327, C=NO, Key type:RSA, Length:4096, Cert Id:1264269967, Valid from:10/26/10, 10:28 AM, Valid until:10/26/40, 10:28 AM
22:00:32 DEBUG [jd.ev.security] X509Certificate: Alg:SHA1withRSA, Serial:a3da427ea4b1aeda, Subject:CN=Chambers of Commerce Root - 2008, O=AC Camerfirma S.A., SERIALNUMBER=A82743287, L=Madrid (see current address at www.camerfirma.com/address), C=EU, Issuer:CN=Chambers of Commerce Root - 2008, O=AC Camerfirma S.A., SERIALNUMBER=A82743287, L=Madrid (see current address at www.camerfirma.com/address), C=EU, Key type:RSA, Length:4096, Cert Id:4266703372, Valid from:8/1/08, 2:29 PM, Valid until:7/31/38, 2:29 PM
22:00:32 DEBUG [jd.ev.security] X509Certificate: Alg:SHA1withRSA, Serial:0, Subject:CN=Chambers of Commerce Root, OU=http://www.chambersign.org, O=AC Camerfirma SA CIF A82743287, C=EU, Issuer:CN=Chambers of Commerce Root, OU=http://www.chambersign.org, O=AC Camerfirma SA CIF A82743287, C=EU, Key type:RSA, Length:2048, Cert Id:1827306452, Valid from:9/30/03, 6:13 PM, Valid until:9/30/37, 6:13 PM
22:00:32 DEBUG [jd.ev.security] X509Certificate: Alg:SHA1withRSA, Serial:c9cdd3e9d57d23ce, Subject:CN=Global Chambersign Root - 2008, O=AC Camerfirma S.A., SERIALNUMBER=A82743287, L=Madrid (see current address at www.camerfirma.com/address), C=EU, Issuer:CN=Global Chambersign Root - 2008, O=AC Camerfirma S.A., SERIALNUMBER=A82743287, L=Madrid (see current address at www.camerfirma.com/address), C=EU, Key type:RSA, Length:4096, Cert Id:1271252776, Valid from:8/1/08, 2:31 PM, Valid until:7/31/38, 2:31 PM
22:00:32 DEBUG [jd.ev.security] X509Certificate: Alg:SHA1withRSA, Serial:fedce3010fc948ff, Subject:CN=Certigna, O=Dhimyotis, C=FR, Issuer:CN=Certigna, O=Dhimyotis, C=FR, Key type:RSA, Length:2048, Cert Id:3506875840, Valid from:6/29/07, 5:13 PM, Valid until:6/29/27, 5:13 PM
22:00:32 DEBUG [jd.ev.security] X509Certificate: Alg:SHA1withRSA, Serial:10020, Subject:CN=Certum CA, O=Unizeto Sp. z o.o., C=PL, Issuer:CN=Certum CA, O=Unizeto Sp. z o.o., C=PL, Key type:RSA, Length:2048, Cert Id:3550516030, Valid from:6/11/02, 12:46 PM, Valid until:6/11/27, 12:46 PM
22:00:32 DEBUG [jd.ev.security] X509Certificate: Alg:SHA1withRSA, Serial:444c0, Subject:CN=Certum Trusted Network CA, OU=Certum Certification Authority, O=Unizeto Technologies S.A., C=PL, Issuer:CN=Certum Trusted Network CA, OU=Certum Certification Authority, O=Unizeto Technologies S.A., C=PL, Key type:RSA, Length:2048, Cert Id:2014002193, Valid from:10/22/08, 2:07 PM, Valid until:12/31/29, 1:07 PM
22:00:32 DEBUG [jd.ev.security] X509Certificate: Alg:SHA1withRSA, Serial:15c8bd65475cafb897005ee406d2bc9d, Subject:OU=ePKI Root Certification Authority, O="Chunghwa Telecom Co., Ltd.", C=TW, Issuer:OU=ePKI Root Certification Authority, O="Chunghwa Telecom Co., Ltd.", C=TW, Key type:RSA, Length:4096, Cert Id:3632331159, Valid from:12/20/04, 3:31 AM, Valid until:12/20/34, 3:31 AM
22:00:32 DEBUG [jd.ev.security] X509Certificate: Alg:SHA1withRSA, Serial:1, Subject:CN=AAA Certificate Services, O=Comodo CA Limited, L=Salford, ST=Greater Manchester, C=GB, Issuer:CN=AAA Certificate Services, O=Comodo CA Limited, L=Salford, ST=Greater Manchester, C=GB, Key type:RSA, Length:2048, Cert Id:3097386402, Valid from:1/1/04, 1:00 AM, Valid until:1/1/29, 12:59 AM
22:00:32 DEBUG [jd.ev.security] X509Certificate: Alg:SHA384withECDSA, Serial:1f47afaa62007050544c019e9b63992a, Subject:CN=COMODO ECC Certification Authority, O=COMODO CA Limited, L=Salford, ST=Greater Manchester, C=GB, Issuer:CN=COMODO ECC Certification Authority, O=COMODO CA Limited, L=Salford, ST=Greater Manchester, C=GB, Key type:EC, Length:384, Cert Id:1146488932, Valid from:3/6/08, 1:00 AM, Valid until:1/19/38, 12:59 AM
22:00:32 DEBUG [jd.ev.security] X509Certificate: Alg:SHA384withRSA, Serial:4caaf9cadb636fe01ff74ed85b03869d, Subject:CN=COMODO RSA Certification Authority, O=COMODO CA Limited, L=Salford, ST=Greater Manchester, C=GB, Issuer:CN=COMODO RSA Certification Authority, O=COMODO CA Limited, L=Salford, ST=Greater Manchester, C=GB, Key type:RSA, Length:4096, Cert Id:1769425049, Valid from:1/19/10, 1:00 AM, Valid until:1/19/38, 12:59 AM
22:00:32 DEBUG [jd.ev.security] X509Certificate: Alg:SHA256withRSA, Serial:b931c3ad63967ea6723bfc3af9af44b, Subject:CN=DigiCert Assured ID Root G2, OU=www.digicert.com, O=DigiCert Inc, C=US, Issuer:CN=DigiCert Assured ID Root G2, OU=www.digicert.com, O=DigiCert Inc, C=US, Key type:RSA, Length:2048, Cert Id:3909568913, Valid from:8/1/13, 2:00 PM, Valid until:1/15/38, 1:00 PM
22:00:32 DEBUG [jd.ev.security] X509Certificate: Alg:SHA384withECDSA, Serial:ba15afa1ddfa0b54944afcd24a06cec, Subject:CN=DigiCert Assured ID Root G3, OU=www.digicert.com, O=DigiCert Inc, C=US, Issuer:CN=DigiCert Assured ID Root G3, OU=www.digicert.com, O=DigiCert Inc, C=US, Key type:EC, Length:384, Cert Id:3649430051, Valid from:8/1/13, 2:00 PM, Valid until:1/15/38, 1:00 PM
22:00:32 DEBUG [jd.ev.security] X509Certificate: Alg:SHA1withRSA, Serial:ce7e0e517d846fe8fe560fc1bf03039, Subject:CN=DigiCert Assured ID Root CA, OU=www.digicert.com, O=DigiCert Inc, C=US, Issuer:CN=DigiCert Assured ID Root CA, OU=www.digicert.com, O=DigiCert Inc, C=US, Key type:RSA, Length:2048, Cert Id:3434562768, Valid from:11/10/06, 1:00 AM, Valid until:11/10/31, 1:00 AM
22:00:32 DEBUG [jd.ev.security] X509Certificate: Alg:SHA1withRSA, Serial:83be056904246b1a1756ac95991c74a, Subject:CN=DigiCert Global Root CA, OU=www.digicert.com, O=DigiCert Inc, C=US, Issuer:CN=DigiCert Global Root CA, OU=www.digicert.com, O=DigiCert Inc, C=US, Key type:RSA, Length:2048, Cert Id:1341898239, Valid from:11/10/06, 1:00 AM, Valid until:11/10/31, 1:00 AM
22:00:32 DEBUG [jd.ev.security] X509Certificate: Alg:SHA256withRSA, Serial:33af1e6a711a9a0bb2864b11d09fae5, Subject:CN=DigiCert Global Root G2, OU=www.digicert.com, O=DigiCert Inc, C=US, Issuer:CN=DigiCert Global Root G2, OU=www.digicert.com, O=DigiCert Inc, C=US, Key type:RSA, Length:2048, Cert Id:1136084297, Valid from:8/1/13, 2:00 PM, Valid until:1/15/38, 1:00 PM
22:00:32 DEBUG [jd.ev.security] X509Certificate: Alg:SHA384withECDSA, Serial:55556bcf25ea43535c3a40fd5ab4572, Subject:CN=DigiCert Global Root G3, OU=www.digicert.com, O=DigiCert Inc, C=US, Issuer:CN=DigiCert Global Root G3, OU=www.digicert.com, O=DigiCert Inc, C=US, Key type:EC, Length:384, Cert Id:3498998753, Valid from:8/1/13, 2:00 PM, Valid until:1/15/38, 1:00 PM
22:00:32 DEBUG [jd.ev.security] X509Certificate: Alg:SHA1withRSA, Serial:2ac5c266a0b409b8f0b79f2ae462577, Subject:CN=DigiCert High Assurance EV Root CA, OU=www.digicert.com, O=DigiCert Inc, C=US, Issuer:CN=DigiCert High Assurance EV Root CA, OU=www.digicert.com, O=DigiCert Inc, C=US, Key type:RSA, Length:2048, Cert Id:2884286942, Valid from:11/10/06, 1:00 AM, Valid until:11/10/31, 1:00 AM
22:00:32 DEBUG [jd.ev.security] X509Certificate: Alg:SHA384withRSA, Serial:59b1b579e8e2132e23907bda777755c, Subject:CN=DigiCert Trusted Root G4, OU=www.digicert.com, O=DigiCert Inc, C=US, Issuer:CN=DigiCert Trusted Root G4, OU=www.digicert.com, O=DigiCert Inc, C=US, Key type:RSA, Length:4096, Cert Id:1057369358, Valid from:8/1/13, 2:00 PM, Valid until:1/15/38, 1:00 PM
22:00:32 DEBUG [jd.ev.security] X509Certificate: Alg:SHA256withRSA, Serial:983f3, Subject:CN=D-TRUST Root Class 3 CA 2 2009, O=D-Trust GmbH, C=DE, Issuer:CN=D-TRUST Root Class 3 CA 2 2009, O=D-Trust GmbH, C=DE, Key type:RSA, Length:2048, Cert Id:1430153102, Valid from:11/5/09, 9:35 AM, Valid until:11/5/29, 9:35 AM
22:00:32 DEBUG [jd.ev.security] X509Certificate: Alg:SHA256withRSA, Serial:983f4, Subject:CN=D-TRUST Root Class 3 CA 2 EV 2009, O=D-Trust GmbH, C=DE, Issuer:CN=D-TRUST Root Class 3 CA 2 EV 2009, O=D-Trust GmbH, C=DE, Key type:RSA, Length:2048, Cert Id:971313728, Valid from:11/5/09, 9:50 AM, Valid until:11/5/29, 9:50 AM
22:00:32 DEBUG [jd.ev.security] X509Certificate: Alg:SHA1withRSA, Serial:3863def8, Subject:CN=Entrust.net Certification Authority (2048), OU=(c) 1999 Entrust.net Limited, OU=www.entrust.net/CPS_2048 incorp. by ref. (limits liab.), O=Entrust.net, Issuer:CN=Entrust.net Certification Authority (2048), OU=(c) 1999 Entrust.net Limited, OU=www.entrust.net/CPS_2048 incorp. by ref. (limits liab.), O=Entrust.net, Key type:RSA, Length:2048, Cert Id:3966431214, Valid from:12/24/99, 6:50 PM, Valid until:7/24/29, 4:15 PM
22:00:32 DEBUG [jd.ev.security] X509Certificate: Alg:SHA1withRSA, Serial:456b5054, Subject:CN=Entrust Root Certification Authority, OU="(c) 2006 Entrust, Inc.", OU=www.entrust.net/CPS is incorporated by reference, O="Entrust, Inc.", C=US, Issuer:CN=Entrust Root Certification Authority, OU="(c) 2006 Entrust, Inc.", OU=www.entrust.net/CPS is incorporated by reference, O="Entrust, Inc.", C=US, Key type:RSA, Length:2048, Cert Id:3033563200, Valid from:11/27/06, 9:23 PM, Valid until:11/27/26, 9:53 PM
22:00:32 DEBUG [jd.ev.security] X509Certificate: Alg:SHA384withECDSA, Serial:a68b79290000000050d091f9, Subject:CN=Entrust Root Certification Authority - EC1, OU="(c) 2012 Entrust, Inc. - for authorized use only", OU=See www.entrust.net/legal-terms, O="Entrust, Inc.", C=US, Issuer:CN=Entrust Root Certification Authority - EC1, OU="(c) 2012 Entrust, Inc. - for authorized use only", OU=See www.entrust.net/legal-terms, O="Entrust, Inc.", C=US, Key type:EC, Length:384, Cert Id:924514073, Valid from:12/18/12, 4:25 PM, Valid until:12/18/37, 4:55 PM
22:00:32 DEBUG [jd.ev.security] X509Certificate: Alg:SHA256withRSA, Serial:4a538c28, Subject:CN=Entrust Root Certification Authority - G2, OU="(c) 2009 Entrust, Inc. - for authorized use only", OU=See www.entrust.net/legal-terms, O="Entrust, Inc.", C=US, Issuer:CN=Entrust Root Certification Authority - G2, OU="(c) 2009 Entrust, Inc. - for authorized use only", OU=See www.entrust.net/legal-terms, O="Entrust, Inc.", C=US, Key type:RSA, Length:2048, Cert Id:1936920337, Valid from:7/7/09, 7:25 PM, Valid until:12/7/30, 6:55 PM
22:00:32 DEBUG [jd.ev.security] X509Certificate: Alg:SHA256withRSA, Serial:d9b5437fafa9390f000000005565ad58, Subject:CN=Entrust Root Certification Authority - G4, OU="(c) 2015 Entrust, Inc. - for authorized use only", OU=See www.entrust.net/legal-terms, O="Entrust, Inc.", C=US, Issuer:CN=Entrust Root Certification Authority - G4, OU="(c) 2015 Entrust, Inc. - for authorized use only", OU=See www.entrust.net/legal-terms, O="Entrust, Inc.", C=US, Key type:RSA, Length:4096, Cert Id:1368037548, Valid from:5/27/15, 1:11 PM, Valid until:12/27/37, 12:41 PM
22:00:32 DEBUG [jd.ev.security] X509Certificate: Alg:SHA1withRSA, Serial:23456, Subject:CN=GeoTrust Global CA, O=GeoTrust Inc., C=US, Issuer:CN=GeoTrust Global CA, O=GeoTrust Inc., C=US, Key type:RSA, Length:2048, Cert Id:2266349922, Valid from:5/21/02, 6:00 AM, Valid until:5/21/22, 6:00 AM
22:00:32 DEBUG [jd.ev.security] X509Certificate: Alg:SHA1withRSA, Serial:18acb56afd69b6153a636cafdafac4a1, Subject:CN=GeoTrust Primary Certification Authority, O=GeoTrust Inc., C=US, Issuer:CN=GeoTrust Primary Certification Authority, O=GeoTrust Inc., C=US, Key type:RSA, Length:2048, Cert Id:3329622139, Valid from:11/27/06, 1:00 AM, Valid until:7/17/36, 1:59 AM
22:00:32 DEBUG [jd.ev.security] X509Certificate: Alg:SHA384withECDSA, Serial:3cb2f4480a00e2feeb243b5e603ec36b, Subject:CN=GeoTrust Primary Certification Authority - G2, OU=(c) 2007 GeoTrust Inc. - For authorized use only, O=GeoTrust Inc., C=US, Issuer:CN=GeoTrust Primary Certification Authority - G2, OU=(c) 2007 GeoTrust Inc. - For authorized use only, O=GeoTrust Inc., C=US, Key type:EC, Length:384, Cert Id:3180663474, Valid from:11/5/07, 1:00 AM, Valid until:1/19/38, 12:59 AM
22:00:32 DEBUG [jd.ev.security] X509Certificate: Alg:SHA256withRSA, Serial:15ac6e9419b2794b41f627a9c3180f1f, Subject:CN=GeoTrust Primary Certification Authority - G3, OU=(c) 2008 GeoTrust Inc. - For authorized use only, O=GeoTrust Inc., C=US, Issuer:CN=GeoTrust Primary Certification Authority - G3, OU=(c) 2008 GeoTrust Inc. - For authorized use only, O=GeoTrust Inc., C=US, Key type:RSA, Length:2048, Cert Id:2964813538, Valid from:4/2/08, 2:00 AM, Valid until:12/2/37, 12:59 AM
22:00:32 DEBUG [jd.ev.security] X509Certificate: Alg:SHA1withRSA, Serial:1, Subject:CN=GeoTrust Universal CA, O=GeoTrust Inc., C=US, Issuer:CN=GeoTrust Universal CA, O=GeoTrust Inc., C=US, Key type:RSA, Length:4096, Cert Id:313566089, Valid from:3/4/04, 6:00 AM, Valid until:3/4/29, 6:00 AM
22:00:32 DEBUG [jd.ev.security] X509Certificate: Alg:SHA1withRSA, Serial:40000000001154b5ac394, Subject:CN=GlobalSign Root CA, OU=Root CA, O=GlobalSign nv-sa, C=BE, Issuer:CN=GlobalSign Root CA, OU=Root CA, O=GlobalSign nv-sa, C=BE, Key type:RSA, Length:2048, Cert Id:536948034, Valid from:9/1/98, 2:00 PM, Valid until:1/28/28, 1:00 PM
22:00:32 DEBUG [jd.ev.security] X509Certificate: Alg:SHA256withECDSA, Serial:2a38a41c960a04de42b228a50be8349802, Subject:CN=GlobalSign, O=GlobalSign, OU=GlobalSign ECC Root CA - R4, Issuer:CN=GlobalSign, O=GlobalSign, OU=GlobalSign ECC Root CA - R4, Key type:EC, Length:256, Cert Id:2371693751, Valid from:11/13/12, 1:00 AM, Valid until:1/19/38, 4:14 AM
22:00:32 DEBUG [jd.ev.security] X509Certificate: Alg:SHA384withECDSA, Serial:605949e0262ebb55f90a778a71f94ad86c, Subject:CN=GlobalSign, O=GlobalSign, OU=GlobalSign ECC Root CA - R5, Issuer:CN=GlobalSign, O=GlobalSign, OU=GlobalSign ECC Root CA - R5, Key type:EC, Length:384, Cert Id:1997048439, Valid from:11/13/12, 1:00 AM, Valid until:1/19/38, 4:14 AM
22:00:32 DEBUG [jd.ev.security] X509Certificate: Alg:SHA256withRSA, Serial:4000000000121585308a2, Subject:CN=GlobalSign, O=GlobalSign, OU=GlobalSign Root CA - R3, Issuer:CN=GlobalSign, O=GlobalSign, OU=GlobalSign Root CA - R3, Key type:RSA, Length:2048, Cert Id:733875591, Valid from:3/18/09, 11:00 AM, Valid until:3/18/29, 11:00 AM
22:00:32 DEBUG [jd.ev.security] X509Certificate: Alg:SHA384withRSA, Serial:45e6bb038333c3856548e6ff4551, Subject:CN=GlobalSign, O=GlobalSign, OU=GlobalSign Root CA - R6, Issuer:CN=GlobalSign, O=GlobalSign, OU=GlobalSign Root CA - R6, Key type:RSA, Length:4096, Cert Id:3788339543, Valid from:12/10/14, 1:00 AM, Valid until:12/10/34, 1:00 AM
22:00:32 DEBUG [jd.ev.security] X509Certificate: Alg:SHA1withRSA, Serial:0, Subject:OU=Go Daddy Class 2 Certification Authority, O="The Go Daddy Group, Inc.", C=US, Issuer:OU=Go Daddy Class 2 Certification Authority, O="The Go Daddy Group, Inc.", C=US, Key type:RSA, Length:2048, Cert Id:4023522997, Valid from:6/29/04, 7:06 PM, Valid until:6/29/34, 7:06 PM
22:00:32 DEBUG [jd.ev.security] X509Certificate: Alg:SHA256withRSA, Serial:0, Subject:CN=Go Daddy Root Certificate Authority - G2, O="GoDaddy.com, Inc.", L=Scottsdale, ST=Arizona, C=US, Issuer:CN=Go Daddy Root Certificate Authority - G2, O="GoDaddy.com, Inc.", L=Scottsdale, ST=Arizona, C=US, Key type:RSA, Length:2048, Cert Id:439600313, Valid from:9/1/09, 2:00 AM, Valid until:1/1/38, 12:59 AM
22:00:32 DEBUG [jd.ev.security] X509Certificate: Alg:SHA384withRSA, Serial:203e5936f31b01349886ba217, Subject:CN=GTS Root R1, O=Google Trust Services LLC, C=US, Issuer:CN=GTS Root R1, O=Google Trust Services LLC, C=US, Key type:RSA, Length:4096, Cert Id:657172038, Valid from:6/22/16, 2:00 AM, Valid until:6/22/36, 2:00 AM
22:00:32 DEBUG [jd.ev.security] X509Certificate: Alg:SHA384withRSA, Serial:203e5aec58d04251aab1125aa, Subject:CN=GTS Root R2, O=Google Trust Services LLC, C=US, Issuer:CN=GTS Root R2, O=Google Trust Services LLC, C=US, Key type:RSA, Length:4096, Cert Id:948387669, Valid from:6/22/16, 2:00 AM, Valid until:6/22/36, 2:00 AM
22:00:32 DEBUG [jd.ev.security] X509Certificate: Alg:SHA384withECDSA, Serial:203e5b882eb20f825276d3d66, Subject:CN=GTS Root R3, O=Google Trust Services LLC, C=US, Issuer:CN=GTS Root R3, O=Google Trust Services LLC, C=US, Key type:EC, Length:384, Cert Id:1163081155, Valid from:6/22/16, 2:00 AM, Valid until:6/22/36, 2:00 AM
22:00:32 DEBUG [jd.ev.security] X509Certificate: Alg:SHA384withECDSA, Serial:203e5c068ef631a9c72905052, Subject:CN=GTS Root R4, O=Google Trust Services LLC, C=US, Issuer:CN=GTS Root R4, O=Google Trust Services LLC, C=US, Key type:EC, Length:384, Cert Id:1326433111, Valid from:6/22/16, 2:00 AM, Valid until:6/22/36, 2:00 AM
22:00:32 DEBUG [jd.ev.security] X509Certificate: Alg:SHA256withECDSA, Serial:0, Subject:CN=Hellenic Academic and Research Institutions ECC RootCA 2015, O=Hellenic Academic and Research Institutions Cert. Authority, L=Athens, C=GR, Issuer:CN=Hellenic Academic and Research Institutions ECC RootCA 2015, O=Hellenic Academic and Research Institutions Cert. Authority, L=Athens, C=GR, Key type:EC, Length:384, Cert Id:513613456, Valid from:7/7/15, 12:37 PM, Valid until:6/30/40, 12:37 PM
22:00:32 DEBUG [jd.ev.security] X509Certificate: Alg:SHA256withRSA, Serial:0, Subject:CN=Hellenic Academic and Research Institutions RootCA 2015, O=Hellenic Academic and Research Institutions Cert. Authority, L=Athens, C=GR, Issuer:CN=Hellenic Academic and Research Institutions RootCA 2015, O=Hellenic Academic and Research Institutions Cert. Authority, L=Athens, C=GR, Key type:RSA, Length:4096, Cert Id:3491990565, Valid from:7/7/15, 12:11 PM, Valid until:6/30/40, 12:11 PM
22:00:32 DEBUG [jd.ev.security] X509Certificate: Alg:SHA256withRSA, Serial:a0142800000014523c844b500000002, Subject:CN=IdenTrust Commercial Root CA 1, O=IdenTrust, C=US, Issuer:CN=IdenTrust Commercial Root CA 1, O=IdenTrust, C=US, Key type:RSA, Length:4096, Cert Id:1232565210, Valid from:1/16/14, 7:12 PM, Valid until:1/16/34, 7:12 PM
22:00:32 DEBUG [jd.ev.security] X509Certificate: Alg:SHA256withRSA, Serial:a0142800000014523cf467c00000002, Subject:CN=IdenTrust Public Sector Root CA 1, O=IdenTrust, C=US, Issuer:CN=IdenTrust Public Sector Root CA 1, O=IdenTrust, C=US, Key type:RSA, Length:4096, Cert Id:2123370772, Valid from:1/16/14, 6:53 PM, Valid until:1/16/34, 6:53 PM
22:00:32 DEBUG [jd.ev.security] X509Certificate: Alg:SHA256withRSA, Serial:8210cfb0d240e3594463e0bb63828b00, Subject:CN=ISRG Root X1, O=Internet Security Research Group, C=US, Issuer:CN=ISRG Root X1, O=Internet Security Research Group, C=US, Key type:RSA, Length:4096, Cert Id:1521974916, Valid from:6/4/15, 1:04 PM, Valid until:6/4/35, 1:04 PM
22:00:32 DEBUG [jd.ev.security] X509Certificate: Alg:SHA256withRSA, Serial:a7ea6df4b449eda6a24859ee6b815d3167fbbb1, Subject:CN=LuxTrust Global Root 2, O=LuxTrust S.A., C=LU, Issuer:CN=LuxTrust Global Root 2, O=LuxTrust S.A., C=LU, Key type:RSA, Length:4096, Cert Id:3055636602, Valid from:3/5/15, 2:21 PM, Valid until:3/5/35, 2:21 PM
22:00:32 DEBUG [jd.ev.security] X509Certificate: Alg:SHA256withRSA, Serial:bb8, Subject:CN=LuxTrust Global Root, O=LuxTrust s.a., C=LU, Issuer:CN=LuxTrust Global Root, O=LuxTrust s.a., C=LU, Key type:RSA, Length:2048, Cert Id:1714819687, Valid from:3/17/11, 10:51 AM, Valid until:3/17/21, 10:51 AM
22:00:32 DEBUG [jd.ev.security] X509Certificate: Alg:SHA384withECDSA, Serial:66f23daf87de8bb14aea0c573101c2ec, Subject:CN=Microsoft ECC Root Certificate Authority 2017, O=Microsoft Corporation, C=US, Issuer:CN=Microsoft ECC Root Certificate Authority 2017, O=Microsoft Corporation, C=US, Key type:EC, Length:384, Cert Id:3240761285, Valid from:12/19/19, 12:06 AM, Valid until:7/19/42, 1:16 AM
22:00:32 DEBUG [jd.ev.security] X509Certificate: Alg:SHA384withRSA, Serial:1ed397095fd8b4b347701eaabe7f45b3, Subject:CN=Microsoft RSA Root Certificate Authority 2017, O=Microsoft Corporation, C=US, Issuer:CN=Microsoft RSA Root Certificate Authority 2017, O=Microsoft Corporation, C=US, Key type:RSA, Length:4096, Cert Id:2848349048, Valid from:12/18/19, 11:51 PM, Valid until:7/19/42, 1:00 AM
22:00:32 DEBUG [jd.ev.security] X509Certificate: Alg:SHA1withRSA, Serial:3ab6508b, Subject:CN=QuoVadis Root Certification Authority, OU=Root Certification Authority, O=QuoVadis Limited, C=BM, Issuer:CN=QuoVadis Root Certification Authority, OU=Root Certification Authority, O=QuoVadis Limited, C=BM, Key type:RSA, Length:2048, Cert Id:2412561694, Valid from:3/19/01, 7:33 PM, Valid until:3/17/21, 7:33 PM
22:00:32 DEBUG [jd.ev.security] X509Certificate: Alg:SHA256withRSA, Serial:78585f2ead2c194be3370735341328b596d46593, Subject:CN=QuoVadis Root CA 1 G3, O=QuoVadis Limited, C=BM, Issuer:CN=QuoVadis Root CA 1 G3, O=QuoVadis Limited, C=BM, Key type:RSA, Length:4096, Cert Id:3532531262, Valid from:1/12/12, 6:27 PM, Valid until:1/12/42, 6:27 PM
22:00:32 DEBUG [jd.ev.security] X509Certificate: Alg:SHA1withRSA, Serial:509, Subject:CN=QuoVadis Root CA 2, O=QuoVadis Limited, C=BM, Issuer:CN=QuoVadis Root CA 2, O=QuoVadis Limited, C=BM, Key type:RSA, Length:4096, Cert Id:338250116, Valid from:11/24/06, 7:27 PM, Valid until:11/24/31, 7:23 PM
22:00:32 DEBUG [jd.ev.security] X509Certificate: Alg:SHA256withRSA, Serial:445734245b81899b35f2ceb82b3b5ba726f07528, Subject:CN=QuoVadis Root CA 2 G3, O=QuoVadis Limited, C=BM, Issuer:CN=QuoVadis Root CA 2 G3, O=QuoVadis Limited, C=BM, Key type:RSA, Length:4096, Cert Id:696763521, Valid from:1/12/12, 7:59 PM, Valid until:1/12/42, 7:59 PM
22:00:32 DEBUG [jd.ev.security] X509Certificate: Alg:SHA1withRSA, Serial:5c6, Subject:CN=QuoVadis Root CA 3, O=QuoVadis Limited, C=BM, Issuer:CN=QuoVadis Root CA 3, O=QuoVadis Limited, C=BM, Key type:RSA, Length:4096, Cert Id:1470392860, Valid from:11/24/06, 8:11 PM, Valid until:11/24/31, 8:06 PM
22:00:32 DEBUG [jd.ev.security] X509Certificate: Alg:SHA256withRSA, Serial:2ef59b0228a7db7affd5a3a9eebd03a0cf126a1d, Subject:CN=QuoVadis Root CA 3 G3, O=QuoVadis Limited, C=BM, Issuer:CN=QuoVadis Root CA 3 G3, O=QuoVadis Limited, C=BM, Key type:RSA, Length:4096, Cert Id:3589344305, Valid from:1/12/12, 9:26 PM, Valid until:1/12/42, 9:26 PM
22:00:32 DEBUG [jd.ev.security] X509Certificate: Alg:SHA256withRSA, Serial:0, Subject:OU=Security Communication RootCA2, O="SECOM Trust Systems CO.,LTD.", C=JP, Issuer:OU=Security Communication RootCA2, O="SECOM Trust Systems CO.,LTD.", C=JP, Key type:RSA, Length:2048, Cert Id:1521072570, Valid from:5/29/09, 7:00 AM, Valid until:5/29/29, 7:00 AM
22:00:32 DEBUG [jd.ev.security] X509Certificate: Alg:SHA1withRSA, Serial:cf08e5c0816a5ad427ff0eb271859d0, Subject:CN=SecureTrust CA, O=SecureTrust Corporation, C=US, Issuer:CN=SecureTrust CA, O=SecureTrust Corporation, C=US, Key type:RSA, Length:2048, Cert Id:2034155325, Valid from:11/7/06, 8:31 PM, Valid until:12/31/29, 8:40 PM
22:00:32 DEBUG [jd.ev.security] X509Certificate: Alg:SHA256withECDSA, Serial:75e6dfcbc1685ba8, Subject:CN=SSL.com Root Certification Authority ECC, O=SSL Corporation, L=Houston, ST=Texas, C=US, Issuer:CN=SSL.com Root Certification Authority ECC, O=SSL Corporation, L=Houston, ST=Texas, C=US, Key type:EC, Length:384, Cert Id:2926673683, Valid from:2/12/16, 7:14 PM, Valid until:2/12/41, 7:14 PM
22:00:32 DEBUG [jd.ev.security] X509Certificate: Alg:SHA256withRSA, Serial:56b629cd34bc78f6, Subject:CN=SSL.com EV Root Certification Authority RSA R2, O=SSL Corporation, L=Houston, ST=Texas, C=US, Issuer:CN=SSL.com EV Root Certification Authority RSA R2, O=SSL Corporation, L=Houston, ST=Texas, C=US, Key type:RSA, Length:4096, Cert Id:1381862403, Valid from:5/31/17, 8:14 PM, Valid until:5/30/42, 8:14 PM
22:00:32 DEBUG [jd.ev.security] X509Certificate: Alg:SHA256withRSA, Serial:7b2c9bd316803299, Subject:CN=SSL.com Root Certification Authority RSA, O=SSL Corporation, L=Houston, ST=Texas, C=US, Issuer:CN=SSL.com Root Certification Authority RSA, O=SSL Corporation, L=Houston, ST=Texas, C=US, Key type:RSA, Length:4096, Cert Id:156725711, Valid from:2/12/16, 6:39 PM, Valid until:2/12/41, 6:39 PM
22:00:32 DEBUG [jd.ev.security] X509Certificate: Alg:SHA1withRSA, Serial:0, Subject:OU=Starfield Class 2 Certification Authority, O="Starfield Technologies, Inc.", C=US, Issuer:OU=Starfield Class 2 Certification Authority, O="Starfield Technologies, Inc.", C=US, Key type:RSA, Length:2048, Cert Id:1825617644, Valid from:6/29/04, 7:39 PM, Valid until:6/29/34, 7:39 PM
22:00:32 DEBUG [jd.ev.security] X509Certificate: Alg:SHA256withRSA, Serial:0, Subject:CN=Starfield Root Certificate Authority - G2, O="Starfield Technologies, Inc.", L=Scottsdale, ST=Arizona, C=US, Issuer:CN=Starfield Root Certificate Authority - G2, O="Starfield Technologies, Inc.", L=Scottsdale, ST=Arizona, C=US, Key type:RSA, Length:2048, Cert Id:3268325709, Valid from:9/1/09, 2:00 AM, Valid until:1/1/38, 12:59 AM
22:00:32 DEBUG [jd.ev.security] X509Certificate: Alg:SHA256withRSA, Serial:0, Subject:CN=Starfield Services Root Certificate Authority - G2, O="Starfield Technologies, Inc.", L=Scottsdale, ST=Arizona, C=US, Issuer:CN=Starfield Services Root Certificate Authority - G2, O="Starfield Technologies, Inc.", L=Scottsdale, ST=Arizona, C=US, Key type:RSA, Length:2048, Cert Id:1964785574, Valid from:9/1/09, 2:00 AM, Valid until:1/1/38, 12:59 AM
22:00:32 DEBUG [jd.ev.security] X509Certificate: Alg:SHA1withRSA, Serial:bb401c43f55e4fb0, Subject:CN=SwissSign Gold CA - G2, O=SwissSign AG, C=CH, Issuer:CN=SwissSign Gold CA - G2, O=SwissSign AG, C=CH, Key type:RSA, Length:4096, Cert Id:1516221943, Valid from:10/25/06, 10:30 AM, Valid until:10/25/36, 10:30 AM
22:00:32 DEBUG [jd.ev.security] X509Certificate: Alg:SHA1withRSA, Serial:4eb200670c035d4f, Subject:CN=SwissSign Platinum CA - G2, O=SwissSign AG, C=CH, Issuer:CN=SwissSign Platinum CA - G2, O=SwissSign AG, C=CH, Key type:RSA, Length:4096, Cert Id:771312514, Valid from:10/25/06, 10:36 AM, Valid until:10/25/36, 10:36 AM
22:00:32 DEBUG [jd.ev.security] X509Certificate: Alg:SHA1withRSA, Serial:4f1bd42f54bb2f4b, Subject:CN=SwissSign Silver CA - G2, O=SwissSign AG, C=CH, Issuer:CN=SwissSign Silver CA - G2, O=SwissSign AG, C=CH, Key type:RSA, Length:4096, Cert Id:126726124, Valid from:10/25/06, 10:32 AM, Valid until:10/25/36, 10:32 AM
22:00:32 DEBUG [jd.ev.security] X509Certificate: Alg:SHA1withRSA, Serial:95be16a0f72e46f17b398272fa8bcd96, Subject:CN=TeliaSonera Root CA v1, O=TeliaSonera, Issuer:CN=TeliaSonera Root CA v1, O=TeliaSonera, Key type:RSA, Length:4096, Cert Id:1495358374, Valid from:10/18/07, 2:00 PM, Valid until:10/18/32, 2:00 PM
22:00:32 DEBUG [jd.ev.security] X509Certificate: Alg:SHA1withRSA, Serial:344ed55720d5edec49f42fce37db2b6d, Subject:CN=thawte Primary Root CA, OU="(c) 2006 thawte, Inc. - For authorized use only", OU=Certification Services Division, O="thawte, Inc.", C=US, Issuer:CN=thawte Primary Root CA, OU="(c) 2006 thawte, Inc. - For authorized use only", OU=Certification Services Division, O="thawte, Inc.", C=US, Key type:RSA, Length:2048, Cert Id:643000026, Valid from:11/17/06, 1:00 AM, Valid until:7/17/36, 1:59 AM
22:00:32 DEBUG [jd.ev.security] X509Certificate: Alg:SHA384withECDSA, Serial:35fc265cd9844fc93d263d579baed756, Subject:CN=thawte Primary Root CA - G2, OU="(c) 2007 thawte, Inc. - For authorized use only", O="thawte, Inc.", C=US, Issuer:CN=thawte Primary Root CA - G2, OU="(c) 2007 thawte, Inc. - For authorized use only", O="thawte, Inc.", C=US, Key type:EC, Length:384, Cert Id:2068083090, Valid from:11/5/07, 1:00 AM, Valid until:1/19/38, 12:59 AM
22:00:32 DEBUG [jd.ev.security] X509Certificate: Alg:SHA256withRSA, Serial:600197b746a7eab4b49ad64b2ff790fb, Subject:CN=thawte Primary Root CA - G3, OU="(c) 2008 thawte, Inc. - For authorized use only", OU=Certification Services Division, O="thawte, Inc.", C=US, Issuer:CN=thawte Primary Root CA - G3, OU="(c) 2008 thawte, Inc. - For authorized use only", OU=Certification Services Division, O="thawte, Inc.", C=US, Key type:RSA, Length:2048, Cert Id:1032730720, Valid from:4/2/08, 2:00 AM, Valid until:12/2/37, 12:59 AM
22:00:32 DEBUG [jd.ev.security] X509Certificate: Alg:SHA256withRSA, Serial:1, Subject:CN=T-TeleSec GlobalRoot Class 2, OU=T-Systems Trust Center, O=T-Systems Enterprise Services GmbH, C=DE, Issuer:CN=T-TeleSec GlobalRoot Class 2, OU=T-Systems Trust Center, O=T-Systems Enterprise Services GmbH, C=DE, Key type:RSA, Length:2048, Cert Id:3056503257, Valid from:10/1/08, 12:40 PM, Valid until:10/2/33, 1:59 AM
22:00:32 DEBUG [jd.ev.security] X509Certificate: Alg:SHA256withRSA, Serial:1, Subject:CN=T-TeleSec GlobalRoot Class 3, OU=T-Systems Trust Center, O=T-Systems Enterprise Services GmbH, C=DE, Issuer:CN=T-TeleSec GlobalRoot Class 3, OU=T-Systems Trust Center, O=T-Systems Enterprise Services GmbH, C=DE, Key type:RSA, Length:2048, Cert Id:1894096264, Valid from:10/1/08, 12:29 PM, Valid until:10/2/33, 1:59 AM
22:00:32 DEBUG [jd.ev.security] X509Certificate: Alg:SHA256withRSA, Serial:cbe, Subject:CN=TWCA Global Root CA, OU=Root CA, O=TAIWAN-CA, C=TW, Issuer:CN=TWCA Global Root CA, OU=Root CA, O=TAIWAN-CA, C=TW, Key type:RSA, Length:4096, Cert Id:861175838, Valid from:6/27/12, 8:28 AM, Valid until:12/31/30, 4:59 PM
22:00:32 DEBUG [jd.ev.security] X509Certificate: Alg:SHA384withECDSA, Serial:5c8b99c55a94c5d27156decd8980cc26, Subject:CN=USERTrust ECC Certification Authority, O=The USERTRUST Network, L=Jersey City, ST=New Jersey, C=US, Issuer:CN=USERTrust ECC Certification Authority, O=The USERTRUST Network, L=Jersey City, ST=New Jersey, C=US, Key type:EC, Length:384, Cert Id:3329287386, Valid from:2/1/10, 1:00 AM, Valid until:1/19/38, 12:59 AM
22:00:32 DEBUG [jd.ev.security] X509Certificate: Alg:SHA384withRSA, Serial:1fd6d30fca3ca51a81bbc640e35032d, Subject:CN=USERTrust RSA Certification Authority, O=The USERTRUST Network, L=Jersey City, ST=New Jersey, C=US, Issuer:CN=USERTrust RSA Certification Authority, O=The USERTRUST Network, L=Jersey City, ST=New Jersey, C=US, Key type:RSA, Length:4096, Cert Id:3947601401, Valid from:2/1/10, 1:00 AM, Valid until:1/19/38, 12:59 AM
22:00:32 DEBUG [jd.ev.security] X509Certificate: Alg:SHA1withRSA, Serial:44be0c8b500024b411d3362de0b35f1b, Subject:CN=UTN-USERFirst-Object, OU=http://www.usertrust.com, O=The USERTRUST Network, L=Salt Lake City, ST=UT, C=US, Issuer:CN=UTN-USERFirst-Object, OU=http://www.usertrust.com, O=The USERTRUST Network, L=Salt Lake City, ST=UT, C=US, Key type:RSA, Length:2048, Cert Id:3997913868, Valid from:7/9/99, 8:31 PM, Valid until:7/9/19, 8:40 PM
22:00:32 DEBUG [jd.ev.security] X509Certificate: Alg:SHA1withRSA, Serial:9b7e0649a33e62b9d5ee90487129ef57, Subject:CN=VeriSign Class 3 Public Primary Certification Authority - G3, OU="(c) 1999 VeriSign, Inc. - For authorized use only", OU=VeriSign Trust Network, O="VeriSign, Inc.", C=US, Issuer:CN=VeriSign Class 3 Public Primary Certification Authority - G3, OU="(c) 1999 VeriSign, Inc. - For authorized use only", OU=VeriSign Trust Network, O="VeriSign, Inc.", C=US, Key type:RSA, Length:2048, Cert Id:2057300190, Valid from:10/1/99, 2:00 AM, Valid until:7/17/36, 1:59 AM
22:00:32 DEBUG [jd.ev.security] X509Certificate: Alg:SHA384withECDSA, Serial:2f80fe238c0e220f486712289187acb3, Subject:CN=VeriSign Class 3 Public Primary Certification Authority - G4, OU="(c) 2007 VeriSign, Inc. - For authorized use only", OU=VeriSign Trust Network, O="VeriSign, Inc.", C=US, Issuer:CN=VeriSign Class 3 Public Primary Certification Authority - G4, OU="(c) 2007 VeriSign, Inc. - For authorized use only", OU=VeriSign Trust Network, O="VeriSign, Inc.", C=US, Key type:EC, Length:384, Cert Id:4163473319, Valid from:11/5/07, 1:00 AM, Valid until:1/19/38, 12:59 AM
22:00:32 DEBUG [jd.ev.security] X509Certificate: Alg:SHA1withRSA, Serial:18dad19e267de8bb4a2158cdcc6b3b4a, Subject:CN=VeriSign Class 3 Public Primary Certification Authority - G5, OU="(c) 2006 VeriSign, Inc. - For authorized use only", OU=VeriSign Trust Network, O="VeriSign, Inc.", C=US, Issuer:CN=VeriSign Class 3 Public Primary Certification Authority - G5, OU="(c) 2006 VeriSign, Inc. - For authorized use only", OU=VeriSign Trust Network, O="VeriSign, Inc.", C=US, Key type:RSA, Length:2048, Cert Id:303010488, Valid from:11/8/06, 1:00 AM, Valid until:7/17/36, 1:59 AM
22:00:32 DEBUG [jd.ev.security] X509Certificate: Alg:SHA256withRSA, Serial:401ac46421b31321030ebbe4121ac51d, Subject:CN=VeriSign Universal Root Certification Authority, OU="(c) 2008 VeriSign, Inc. - For authorized use only", OU=VeriSign Trust Network, O="VeriSign, Inc.", C=US, Issuer:CN=VeriSign Universal Root Certification Authority, OU="(c) 2008 VeriSign, Inc. - For authorized use only", OU=VeriSign Trust Network, O="VeriSign, Inc.", C=US, Key type:RSA, Length:2048, Cert Id:2318285810, Valid from:4/2/08, 2:00 AM, Valid until:12/2/37, 12:59 AM
22:00:32 DEBUG [jd.ev.security] X509Certificate: Alg:SHA1withRSA, Serial:50946cec18ead59c4dd597ef758fa0ad, Subject:CN=XRamp Global Certification Authority, O=XRamp Security Services Inc, OU=www.xrampsecurity.com, C=US, Issuer:CN=XRamp Global Certification Authority, O=XRamp Security Services Inc, OU=www.xrampsecurity.com, C=US, Key type:RSA, Length:2048, Cert Id:3342493210, Valid from:11/1/04, 6:14 PM, Valid until:1/1/35, 6:37 AM
22:00:32 DEBUG [or.ap.ht.im.co.BasicClientConnectionManager] Get connection for route {}->http://localhost:8081
22:00:32 DEBUG [or.ap.ht.im.co.DefaultClientConnectionOperator] Connecting to localhost:8081
22:00:32 DEBUG [or.ap.ht.cl.pr.RequestAddCookies] CookieSpec selected: ignoreCookies
22:00:32 DEBUG [or.ap.ht.cl.pr.RequestAuthCache] Auth cache not set in the context
22:00:32 DEBUG [or.ap.ht.cl.pr.RequestTargetAuthentication] Target auth state: UNCHALLENGED
22:00:32 DEBUG [or.ap.ht.cl.pr.RequestProxyAuthentication] Proxy auth state: UNCHALLENGED
22:00:32 DEBUG [or.ap.ht.im.cl.DefaultHttpClient] Attempt 1 to execute request
22:00:32 DEBUG [or.ap.ht.im.co.DefaultClientConnection] Sending request: POST /test-support/wipe HTTP/1.1
22:00:32 DEBUG [or.ap.ht.wire]  >> "POST /test-support/wipe HTTP/1.1[\r][\n]"
22:00:32 DEBUG [or.ap.ht.wire]  >> "Content-Type: application/x-www-form-urlencoded; charset=ISO-8859-1[\r][\n]"
22:00:32 DEBUG [or.ap.ht.wire]  >> "Accept: */*[\r][\n]"
22:00:32 DEBUG [or.ap.ht.wire]  >> "Content-Length: 0[\r][\n]"
22:00:32 DEBUG [or.ap.ht.wire]  >> "Host: localhost:8081[\r][\n]"
22:00:32 DEBUG [or.ap.ht.wire]  >> "Connection: Keep-Alive[\r][\n]"
22:00:32 DEBUG [or.ap.ht.wire]  >> "User-Agent: Apache-HttpClient/4.5.14 (Java/21)[\r][\n]"
22:00:32 DEBUG [or.ap.ht.wire]  >> "Accept-Encoding: gzip,deflate[\r][\n]"
22:00:32 DEBUG [or.ap.ht.wire]  >> "[\r][\n]"
22:00:32 DEBUG [or.ap.ht.headers] >> POST /test-support/wipe HTTP/1.1
22:00:32 DEBUG [or.ap.ht.headers] >> Content-Type: application/x-www-form-urlencoded; charset=ISO-8859-1
22:00:32 DEBUG [or.ap.ht.headers] >> Accept: */*
22:00:32 DEBUG [or.ap.ht.headers] >> Content-Length: 0
22:00:32 DEBUG [or.ap.ht.headers] >> Host: localhost:8081
22:00:32 DEBUG [or.ap.ht.headers] >> Connection: Keep-Alive
22:00:32 DEBUG [or.ap.ht.headers] >> User-Agent: Apache-HttpClient/4.5.14 (Java/21)
22:00:32 DEBUG [or.ap.ht.headers] >> Accept-Encoding: gzip,deflate
22:00:32 DEBUG [io.qu.mi.ru.bi.ve.VertxHttpServerMetrics] requestRouted null HttpRequestMetric [initialPath=/test-support/wipe, currentRoutePath=null, templatePath=null, request=io.vertx.core.http.impl.Http1xServerRequest@2b35228c]
22:00:32 DEBUG [io.qu.ve.ht.ru.se.HttpSecurityConfiguration] HttpAuthenticationMechanism 'io.quarkus.test.security.FallbackTestHttpAuthenticationMechanism_ClientProxy' provided no required credential types, therefore it needs to be able to perform authentication without any IdentityProvider
22:00:32 DEBUG [io.qu.ve.ht.ru.se.HttpSecurityConfiguration] HttpAuthenticationMechanism 'io.quarkus.test.security.PathBasedTestHttpAuthenticationMechanism_ClientProxy' provided no required credential types, therefore it needs to be able to perform authentication without any IdentityProvider
22:00:32 DEBUG [io.qu.mi.ru.bi.ve.VertxHttpServerMetrics] requestRouted null HttpRequestMetric [initialPath=/test-support/wipe, currentRoutePath=null, templatePath=null, request=io.vertx.core.http.impl.Http1xServerRequest@2b35228c]
22:00:32 DEBUG [io.qu.mi.ru.bi.ve.VertxHttpServerMetrics] requestRouted null HttpRequestMetric [initialPath=/test-support/wipe, currentRoutePath=null, templatePath=null, request=io.vertx.core.http.impl.Http1xServerRequest@2b35228c]
22:00:32 DEBUG [io.qu.mi.ru.bi.ve.VertxHttpServerMetrics] requestRouted null HttpRequestMetric [initialPath=/test-support/wipe, currentRoutePath=null, templatePath=null, request=io.vertx.core.http.impl.Http1xServerRequest@2b35228c]
22:00:32 DEBUG [io.qu.mi.ru.bi.ve.VertxHttpServerMetrics] requestRouted / HttpRequestMetric [initialPath=/test-support/wipe, currentRoutePath=null, templatePath=null, request=io.vertx.core.http.impl.Http1xServerRequest@2b35228c]
22:00:32 DEBUG [io.mi.co.in.MeterRegistry] This Gauge has been already registered (MeterId{name='postgresql.queue.size', tags=[tag(clientName=<default>),tag(clientType=sql)]}), the registration will be ignored.
22:00:32 DEBUG [io.mi.co.in.MeterRegistry] This Gauge has been already registered (MeterId{name='postgresql.current', tags=[tag(clientName=<default>),tag(clientType=sql)]}), the registration will be ignored.
22:00:32 DEBUG [or.hi.or.re.jdbc] HHH10003030: 'hibernate.connection.provider_disables_autocommit' was enabled. This setting should only be enabled when JDBC Connections obtained by Hibernate from the ConnectionProvider have auto-commit disabled. Enabling this setting when connections have auto-commit enabled leads to execution of SQL operations outside of any JDBC transaction.
22:00:32 DEBUG [io.qu.hi.re.pa.co.ru.SessionOperations] Opening lazy managed session for Persistence Unit '<default>'
22:00:32 DEBUG [or.hi.SQL] 
    DELETE 
    FROM
        events_dead_letter
[Hibernate] 
    DELETE 
    FROM
        events_dead_letter
22:00:32 WARN  [or.hi.or.jd.error] HHH000247: ErrorCode: 0, SQLState: 42P01
22:00:32 WARN  [or.hi.or.jd.error] ERROR: relation "events_dead_letter" does not exist (42P01)
22:00:32 DEBUG [or.hi.or.jd.error] error executing SQL statement [DELETE FROM events_dead_letter]: java.sql.SQLException: ERROR: relation "events_dead_letter" does not exist (42P01)
	at org.hibernate.reactive.pool.impl.SqlClientConnection.convertException(SqlClientConnection.java:171)
	at org.hibernate.reactive.pool.impl.SqlClientConnection.lambda$preparedQuery$8(SqlClientConnection.java:264)
	at java.base/java.util.concurrent.CompletableFuture.uniHandle(CompletableFuture.java:934)
	at java.base/java.util.concurrent.CompletableFuture$UniHandle.tryFire(CompletableFuture.java:911)
	at java.base/java.util.concurrent.CompletableFuture.postComplete(CompletableFuture.java:510)
	at java.base/java.util.concurrent.CompletableFuture.completeExceptionally(CompletableFuture.java:2194)
	at io.vertx.core.Future.lambda$toCompletionStage$3(Future.java:602)
	at io.vertx.core.impl.future.FutureImpl$4.onFailure(FutureImpl.java:188)
	at io.vertx.core.impl.future.FutureBase.emitFailure(FutureBase.java:81)
	at io.vertx.core.impl.future.FutureImpl.tryFail(FutureImpl.java:278)
	at io.vertx.sqlclient.impl.QueryResultBuilder.tryFail(QueryResultBuilder.java:94)
	at io.vertx.core.Promise.fail(Promise.java:89)
	at io.vertx.core.Promise.handle(Promise.java:53)
	at io.vertx.core.Promise.handle(Promise.java:29)
	at io.vertx.core.impl.future.FutureImpl$4.onFailure(FutureImpl.java:188)
	at io.vertx.core.impl.future.FutureBase.emitFailure(FutureBase.java:81)
	at io.vertx.core.impl.future.FutureImpl.tryFail(FutureImpl.java:278)
	at io.vertx.core.impl.future.PromiseImpl.onFailure(PromiseImpl.java:54)
	at io.vertx.core.impl.future.PromiseImpl.handle(PromiseImpl.java:43)
	at io.vertx.sqlclient.impl.TransactionImpl.lambda$wrap$0(TransactionImpl.java:72)
	at io.vertx.core.impl.future.FutureImpl$4.onFailure(FutureImpl.java:188)
	at io.vertx.core.impl.future.FutureBase.emitFailure(FutureBase.java:81)
	at io.vertx.core.impl.future.FutureImpl.tryFail(FutureImpl.java:278)
	at io.vertx.core.impl.future.Transformation$1.onFailure(Transformation.java:65)
	at io.vertx.core.impl.future.FutureBase.emitFailure(FutureBase.java:81)
	at io.vertx.core.impl.future.FailedFuture.addListener(FailedFuture.java:98)
	at io.vertx.core.impl.future.Transformation.onFailure(Transformation.java:54)
	at io.vertx.core.impl.future.FutureBase.lambda$emitFailure$1(FutureBase.java:75)
	at io.vertx.core.impl.ContextImpl.execute(ContextImpl.java:312)
	at io.vertx.core.impl.DuplicatedContext.execute(DuplicatedContext.java:168)
	at io.vertx.core.impl.future.FutureBase.emitFailure(FutureBase.java:72)
	at io.vertx.core.impl.future.FutureImpl.tryFail(FutureImpl.java:278)
	at io.vertx.core.impl.future.PromiseImpl.onFailure(PromiseImpl.java:54)
	at io.vertx.core.impl.future.PromiseImpl.handle(PromiseImpl.java:43)
	at io.vertx.core.impl.future.PromiseImpl.handle(PromiseImpl.java:23)
	at io.vertx.sqlclient.impl.command.CommandBase.complete(CommandBase.java:42)
	at io.vertx.sqlclient.impl.command.CommandBase.fail(CommandBase.java:33)
	at io.vertx.sqlclient.impl.SocketConnectionBase.lambda$prepareCommand$4(SocketConnectionBase.java:313)
	at io.vertx.sqlclient.impl.command.CommandResponse.fire(CommandResponse.java:46)
	at io.vertx.sqlclient.impl.SocketConnectionBase.handleMessage(SocketConnectionBase.java:324)
	at io.vertx.pgclient.impl.PgSocketConnection.handleMessage(PgSocketConnection.java:114)
	at io.vertx.sqlclient.impl.SocketConnectionBase.lambda$init$0(SocketConnectionBase.java:137)
	at io.vertx.core.impl.ContextImpl.emit(ContextImpl.java:342)
	at io.vertx.core.impl.ContextImpl.emit(ContextImpl.java:335)
	at io.vertx.core.net.impl.NetSocketImpl.handleMessage(NetSocketImpl.java:389)
	at io.vertx.core.net.impl.ConnectionBase.read(ConnectionBase.java:159)
	at io.vertx.core.net.impl.VertxHandler.channelRead(VertxHandler.java:153)
	at io.netty.channel.AbstractChannelHandlerContext.invokeChannelRead(AbstractChannelHandlerContext.java:442)
	at io.netty.channel.AbstractChannelHandlerContext.invokeChannelRead(AbstractChannelHandlerContext.java:420)
	at io.netty.channel.AbstractChannelHandlerContext.fireChannelRead(AbstractChannelHandlerContext.java:412)
	at io.netty.channel.CombinedChannelDuplexHandler$DelegatingChannelHandlerContext.fireChannelRead(CombinedChannelDuplexHandler.java:436)
	at io.vertx.pgclient.impl.codec.PgDecoder.fireCommandResponse(PgDecoder.java:52)
	at io.vertx.pgclient.impl.codec.PgCommandCodec.handleReadyForQuery(PgCommandCodec.java:133)
	at io.vertx.pgclient.impl.codec.PrepareStatementCommandCodec.handleReadyForQuery(PrepareStatementCommandCodec.java:96)
	at io.vertx.pgclient.impl.codec.PgDecoder.decodeReadyForQuery(PgDecoder.java:248)
	at io.vertx.pgclient.impl.codec.PgDecoder.channelRead(PgDecoder.java:107)
	at io.netty.channel.CombinedChannelDuplexHandler.channelRead(CombinedChannelDuplexHandler.java:251)
	at io.netty.channel.AbstractChannelHandlerContext.invokeChannelRead(AbstractChannelHandlerContext.java:442)
	at io.netty.channel.AbstractChannelHandlerContext.invokeChannelRead(AbstractChannelHandlerContext.java:420)
	at io.netty.channel.AbstractChannelHandlerContext.fireChannelRead(AbstractChannelHandlerContext.java:412)
	at io.netty.channel.DefaultChannelPipeline$HeadContext.channelRead(DefaultChannelPipeline.java:1357)
	at io.netty.channel.AbstractChannelHandlerContext.invokeChannelRead(AbstractChannelHandlerContext.java:440)
	at io.netty.channel.AbstractChannelHandlerContext.invokeChannelRead(AbstractChannelHandlerContext.java:420)
	at io.netty.channel.DefaultChannelPipeline.fireChannelRead(DefaultChannelPipeline.java:868)
	at io.netty.channel.nio.AbstractNioByteChannel$NioByteUnsafe.read(AbstractNioByteChannel.java:166)
	at io.netty.channel.nio.NioEventLoop.processSelectedKey(NioEventLoop.java:796)
	at io.netty.channel.nio.NioEventLoop.processSelectedKeysOptimized(NioEventLoop.java:732)
	at io.netty.channel.nio.NioEventLoop.processSelectedKeys(NioEventLoop.java:658)
	at io.netty.channel.nio.NioEventLoop.run(NioEventLoop.java:562)
	at io.netty.util.concurrent.SingleThreadEventExecutor$4.run(SingleThreadEventExecutor.java:998)
	at io.netty.util.internal.ThreadExecutorMap$2.run(ThreadExecutorMap.java:74)
	at io.netty.util.concurrent.FastThreadLocalRunnable.run(FastThreadLocalRunnable.java:30)
	at java.base/java.lang.Thread.run(Thread.java:1583)

22:00:32 DEBUG [io.qu.hi.re.pa.co.ru.SessionOperations] Closing session for Persistence Unit '<default>'
22:00:32 DEBUG [io.qu.hi.re.pa.co.ru.SessionOperations] Closing opened managed session for Persistence Unit '<default>'
22:00:32 DEBUG [or.hi.se.metrics] HHH000401: Logging session metrics:
	0 ns acquiring 0 JDBC connections
	0 ns releasing 0 JDBC connections
	0 ns preparing 0 JDBC statements
	8399234 ns executing 1 JDBC statements
	0 ns executing 0 JDBC batches
	398416 ns performing 4 second-level cache puts
	0 ns performing 0 second-level cache hits
	0 ns performing 0 second-level cache misses
	0 ns executing 0 flushes (flushing a total of 0 entities and 0 collections)
	0 ns executing 0 pre-partial-flushes
	53783 ns executing 2 partial-flushes (flushing a total of 0 entities and 0 collections)

22:00:32 WARN  [or.hi.or.session] HHH90010101: Closing shared session with unprocessed transaction completion actions
22:00:32 WARN  [or.hi.or.session] HHH90010108: Closing session with unprocessed clean up bulk operations, forcing their execution
22:00:32 DEBUG [or.jb.re.re.co.co.AbstractResteasyReactiveContext] Attempting to handle unrecoverable exception: org.hibernate.exception.SQLGrammarException: error executing SQL statement [ERROR: relation "events_dead_letter" does not exist (42P01)] [DELETE FROM events_dead_letter]
	at org.hibernate.exception.internal.SQLStateConversionDelegate.convert(SQLStateConversionDelegate.java:63)
	at org.hibernate.exception.internal.StandardSQLExceptionConverter.convert(StandardSQLExceptionConverter.java:34)
	at org.hibernate.engine.jdbc.spi.SqlExceptionHelper.convert(SqlExceptionHelper.java:115)
	at org.hibernate.reactive.pool.impl.SqlClientConnection.convertException(SqlClientConnection.java:171)
	at org.hibernate.reactive.pool.impl.SqlClientConnection.lambda$preparedQuery$8(SqlClientConnection.java:264)
	at java.base/java.util.concurrent.CompletableFuture.uniHandle(CompletableFuture.java:934)
	at java.base/java.util.concurrent.CompletableFuture$UniHandle.tryFire(CompletableFuture.java:911)
	at java.base/java.util.concurrent.CompletableFuture.postComplete(CompletableFuture.java:510)
	at java.base/java.util.concurrent.CompletableFuture.completeExceptionally(CompletableFuture.java:2194)
	at io.vertx.core.Future.lambda$toCompletionStage$3(Future.java:602)
	at io.vertx.core.impl.future.FutureImpl$4.onFailure(FutureImpl.java:188)
	at io.vertx.core.impl.future.FutureBase.emitFailure(FutureBase.java:81)
	at io.vertx.core.impl.future.FutureImpl.tryFail(FutureImpl.java:278)
	at io.vertx.sqlclient.impl.QueryResultBuilder.tryFail(QueryResultBuilder.java:94)
	at io.vertx.core.Promise.fail(Promise.java:89)
	at io.vertx.core.Promise.handle(Promise.java:53)
	at io.vertx.core.Promise.handle(Promise.java:29)
	at io.vertx.core.impl.future.FutureImpl$4.onFailure(FutureImpl.java:188)
	at io.vertx.core.impl.future.FutureBase.emitFailure(FutureBase.java:81)
	at io.vertx.core.impl.future.FutureImpl.tryFail(FutureImpl.java:278)
	at io.vertx.core.impl.future.PromiseImpl.onFailure(PromiseImpl.java:54)
	at io.vertx.core.impl.future.PromiseImpl.handle(PromiseImpl.java:43)
	at io.vertx.sqlclient.impl.TransactionImpl.lambda$wrap$0(TransactionImpl.java:72)
	at io.vertx.core.impl.future.FutureImpl$4.onFailure(FutureImpl.java:188)
	at io.vertx.core.impl.future.FutureBase.emitFailure(FutureBase.java:81)
	at io.vertx.core.impl.future.FutureImpl.tryFail(FutureImpl.java:278)
	at io.vertx.core.impl.future.Transformation$1.onFailure(Transformation.java:65)
	at io.vertx.core.impl.future.FutureBase.emitFailure(FutureBase.java:81)
	at io.vertx.core.impl.future.FailedFuture.addListener(FailedFuture.java:98)
	at io.vertx.core.impl.future.Transformation.onFailure(Transformation.java:54)
	at io.vertx.core.impl.future.FutureBase.lambda$emitFailure$1(FutureBase.java:75)
	at io.vertx.core.impl.ContextImpl.execute(ContextImpl.java:312)
	at io.vertx.core.impl.DuplicatedContext.execute(DuplicatedContext.java:168)
	at io.vertx.core.impl.future.FutureBase.emitFailure(FutureBase.java:72)
	at io.vertx.core.impl.future.FutureImpl.tryFail(FutureImpl.java:278)
	at io.vertx.core.impl.future.PromiseImpl.onFailure(PromiseImpl.java:54)
	at io.vertx.core.impl.future.PromiseImpl.handle(PromiseImpl.java:43)
	at io.vertx.core.impl.future.PromiseImpl.handle(PromiseImpl.java:23)
	at io.vertx.sqlclient.impl.command.CommandBase.complete(CommandBase.java:42)
	at io.vertx.sqlclient.impl.command.CommandBase.fail(CommandBase.java:33)
	at io.vertx.sqlclient.impl.SocketConnectionBase.lambda$prepareCommand$4(SocketConnectionBase.java:313)
	at io.vertx.sqlclient.impl.command.CommandResponse.fire(CommandResponse.java:46)
	at io.vertx.sqlclient.impl.SocketConnectionBase.handleMessage(SocketConnectionBase.java:324)
	at io.vertx.pgclient.impl.PgSocketConnection.handleMessage(PgSocketConnection.java:114)
	at io.vertx.sqlclient.impl.SocketConnectionBase.lambda$init$0(SocketConnectionBase.java:137)
	at io.vertx.core.impl.ContextImpl.emit(ContextImpl.java:342)
	at io.vertx.core.impl.ContextImpl.emit(ContextImpl.java:335)
	at io.vertx.core.net.impl.NetSocketImpl.handleMessage(NetSocketImpl.java:389)
	at io.vertx.core.net.impl.ConnectionBase.read(ConnectionBase.java:159)
	at io.vertx.core.net.impl.VertxHandler.channelRead(VertxHandler.java:153)
	at io.netty.channel.AbstractChannelHandlerContext.invokeChannelRead(AbstractChannelHandlerContext.java:442)
	at io.netty.channel.AbstractChannelHandlerContext.invokeChannelRead(AbstractChannelHandlerContext.java:420)
	at io.netty.channel.AbstractChannelHandlerContext.fireChannelRead(AbstractChannelHandlerContext.java:412)
	at io.netty.channel.CombinedChannelDuplexHandler$DelegatingChannelHandlerContext.fireChannelRead(CombinedChannelDuplexHandler.java:436)
	at io.vertx.pgclient.impl.codec.PgDecoder.fireCommandResponse(PgDecoder.java:52)
	at io.vertx.pgclient.impl.codec.PgCommandCodec.handleReadyForQuery(PgCommandCodec.java:133)
	at io.vertx.pgclient.impl.codec.PrepareStatementCommandCodec.handleReadyForQuery(PrepareStatementCommandCodec.java:96)
	at io.vertx.pgclient.impl.codec.PgDecoder.decodeReadyForQuery(PgDecoder.java:248)
	at io.vertx.pgclient.impl.codec.PgDecoder.channelRead(PgDecoder.java:107)
	at io.netty.channel.CombinedChannelDuplexHandler.channelRead(CombinedChannelDuplexHandler.java:251)
	at io.netty.channel.AbstractChannelHandlerContext.invokeChannelRead(AbstractChannelHandlerContext.java:442)
	at io.netty.channel.AbstractChannelHandlerContext.invokeChannelRead(AbstractChannelHandlerContext.java:420)
	at io.netty.channel.AbstractChannelHandlerContext.fireChannelRead(AbstractChannelHandlerContext.java:412)
	at io.netty.channel.DefaultChannelPipeline$HeadContext.channelRead(DefaultChannelPipeline.java:1357)
	at io.netty.channel.AbstractChannelHandlerContext.invokeChannelRead(AbstractChannelHandlerContext.java:440)
	at io.netty.channel.AbstractChannelHandlerContext.invokeChannelRead(AbstractChannelHandlerContext.java:420)
	at io.netty.channel.DefaultChannelPipeline.fireChannelRead(DefaultChannelPipeline.java:868)
	at io.netty.channel.nio.AbstractNioByteChannel$NioByteUnsafe.read(AbstractNioByteChannel.java:166)
	at io.netty.channel.nio.NioEventLoop.processSelectedKey(NioEventLoop.java:796)
	at io.netty.channel.nio.NioEventLoop.processSelectedKeysOptimized(NioEventLoop.java:732)
	at io.netty.channel.nio.NioEventLoop.processSelectedKeys(NioEventLoop.java:658)
	at io.netty.channel.nio.NioEventLoop.run(NioEventLoop.java:562)
	at io.netty.util.concurrent.SingleThreadEventExecutor$4.run(SingleThreadEventExecutor.java:998)
	at io.netty.util.internal.ThreadExecutorMap$2.run(ThreadExecutorMap.java:74)
	at io.netty.util.concurrent.FastThreadLocalRunnable.run(FastThreadLocalRunnable.java:30)
	at java.base/java.lang.Thread.run(Thread.java:1583)
Caused by: java.sql.SQLException: ERROR: relation "events_dead_letter" does not exist (42P01)
	... 73 more

22:00:32 DEBUG [io.ve.ex.we.RoutingContext] RoutingContext failure (500): org.hibernate.exception.SQLGrammarException: error executing SQL statement [ERROR: relation "events_dead_letter" does not exist (42P01)] [DELETE FROM events_dead_letter]
	at org.hibernate.exception.internal.SQLStateConversionDelegate.convert(SQLStateConversionDelegate.java:63)
	at org.hibernate.exception.internal.StandardSQLExceptionConverter.convert(StandardSQLExceptionConverter.java:34)
	at org.hibernate.engine.jdbc.spi.SqlExceptionHelper.convert(SqlExceptionHelper.java:115)
	at org.hibernate.reactive.pool.impl.SqlClientConnection.convertException(SqlClientConnection.java:171)
	at org.hibernate.reactive.pool.impl.SqlClientConnection.lambda$preparedQuery$8(SqlClientConnection.java:264)
	at java.base/java.util.concurrent.CompletableFuture.uniHandle(CompletableFuture.java:934)
	at java.base/java.util.concurrent.CompletableFuture$UniHandle.tryFire(CompletableFuture.java:911)
	at java.base/java.util.concurrent.CompletableFuture.postComplete(CompletableFuture.java:510)
	at java.base/java.util.concurrent.CompletableFuture.completeExceptionally(CompletableFuture.java:2194)
	at io.vertx.core.Future.lambda$toCompletionStage$3(Future.java:602)
	at io.vertx.core.impl.future.FutureImpl$4.onFailure(FutureImpl.java:188)
	at io.vertx.core.impl.future.FutureBase.emitFailure(FutureBase.java:81)
	at io.vertx.core.impl.future.FutureImpl.tryFail(FutureImpl.java:278)
	at io.vertx.sqlclient.impl.QueryResultBuilder.tryFail(QueryResultBuilder.java:94)
	at io.vertx.core.Promise.fail(Promise.java:89)
	at io.vertx.core.Promise.handle(Promise.java:53)
	at io.vertx.core.Promise.handle(Promise.java:29)
	at io.vertx.core.impl.future.FutureImpl$4.onFailure(FutureImpl.java:188)
	at io.vertx.core.impl.future.FutureBase.emitFailure(FutureBase.java:81)
	at io.vertx.core.impl.future.FutureImpl.tryFail(FutureImpl.java:278)
	at io.vertx.core.impl.future.PromiseImpl.onFailure(PromiseImpl.java:54)
	at io.vertx.core.impl.future.PromiseImpl.handle(PromiseImpl.java:43)
	at io.vertx.sqlclient.impl.TransactionImpl.lambda$wrap$0(TransactionImpl.java:72)
	at io.vertx.core.impl.future.FutureImpl$4.onFailure(FutureImpl.java:188)
	at io.vertx.core.impl.future.FutureBase.emitFailure(FutureBase.java:81)
	at io.vertx.core.impl.future.FutureImpl.tryFail(FutureImpl.java:278)
	at io.vertx.core.impl.future.Transformation$1.onFailure(Transformation.java:65)
	at io.vertx.core.impl.future.FutureBase.emitFailure(FutureBase.java:81)
	at io.vertx.core.impl.future.FailedFuture.addListener(FailedFuture.java:98)
	at io.vertx.core.impl.future.Transformation.onFailure(Transformation.java:54)
	at io.vertx.core.impl.future.FutureBase.lambda$emitFailure$1(FutureBase.java:75)
	at io.vertx.core.impl.ContextImpl.execute(ContextImpl.java:312)
	at io.vertx.core.impl.DuplicatedContext.execute(DuplicatedContext.java:168)
	at io.vertx.core.impl.future.FutureBase.emitFailure(FutureBase.java:72)
	at io.vertx.core.impl.future.FutureImpl.tryFail(FutureImpl.java:278)
	at io.vertx.core.impl.future.PromiseImpl.onFailure(PromiseImpl.java:54)
	at io.vertx.core.impl.future.PromiseImpl.handle(PromiseImpl.java:43)
	at io.vertx.core.impl.future.PromiseImpl.handle(PromiseImpl.java:23)
	at io.vertx.sqlclient.impl.command.CommandBase.complete(CommandBase.java:42)
	at io.vertx.sqlclient.impl.command.CommandBase.fail(CommandBase.java:33)
	at io.vertx.sqlclient.impl.SocketConnectionBase.lambda$prepareCommand$4(SocketConnectionBase.java:313)
	at io.vertx.sqlclient.impl.command.CommandResponse.fire(CommandResponse.java:46)
	at io.vertx.sqlclient.impl.SocketConnectionBase.handleMessage(SocketConnectionBase.java:324)
	at io.vertx.pgclient.impl.PgSocketConnection.handleMessage(PgSocketConnection.java:114)
	at io.vertx.sqlclient.impl.SocketConnectionBase.lambda$init$0(SocketConnectionBase.java:137)
	at io.vertx.core.impl.ContextImpl.emit(ContextImpl.java:342)
	at io.vertx.core.impl.ContextImpl.emit(ContextImpl.java:335)
	at io.vertx.core.net.impl.NetSocketImpl.handleMessage(NetSocketImpl.java:389)
	at io.vertx.core.net.impl.ConnectionBase.read(ConnectionBase.java:159)
	at io.vertx.core.net.impl.VertxHandler.channelRead(VertxHandler.java:153)
	at io.netty.channel.AbstractChannelHandlerContext.invokeChannelRead(AbstractChannelHandlerContext.java:442)
	at io.netty.channel.AbstractChannelHandlerContext.invokeChannelRead(AbstractChannelHandlerContext.java:420)
	at io.netty.channel.AbstractChannelHandlerContext.fireChannelRead(AbstractChannelHandlerContext.java:412)
	at io.netty.channel.CombinedChannelDuplexHandler$DelegatingChannelHandlerContext.fireChannelRead(CombinedChannelDuplexHandler.java:436)
	at io.vertx.pgclient.impl.codec.PgDecoder.fireCommandResponse(PgDecoder.java:52)
	at io.vertx.pgclient.impl.codec.PgCommandCodec.handleReadyForQuery(PgCommandCodec.java:133)
	at io.vertx.pgclient.impl.codec.PrepareStatementCommandCodec.handleReadyForQuery(PrepareStatementCommandCodec.java:96)
	at io.vertx.pgclient.impl.codec.PgDecoder.decodeReadyForQuery(PgDecoder.java:248)
	at io.vertx.pgclient.impl.codec.PgDecoder.channelRead(PgDecoder.java:107)
	at io.netty.channel.CombinedChannelDuplexHandler.channelRead(CombinedChannelDuplexHandler.java:251)
	at io.netty.channel.AbstractChannelHandlerContext.invokeChannelRead(AbstractChannelHandlerContext.java:442)
	at io.netty.channel.AbstractChannelHandlerContext.invokeChannelRead(AbstractChannelHandlerContext.java:420)
	at io.netty.channel.AbstractChannelHandlerContext.fireChannelRead(AbstractChannelHandlerContext.java:412)
	at io.netty.channel.DefaultChannelPipeline$HeadContext.channelRead(DefaultChannelPipeline.java:1357)
	at io.netty.channel.AbstractChannelHandlerContext.invokeChannelRead(AbstractChannelHandlerContext.java:440)
	at io.netty.channel.AbstractChannelHandlerContext.invokeChannelRead(AbstractChannelHandlerContext.java:420)
	at io.netty.channel.DefaultChannelPipeline.fireChannelRead(DefaultChannelPipeline.java:868)
	at io.netty.channel.nio.AbstractNioByteChannel$NioByteUnsafe.read(AbstractNioByteChannel.java:166)
	at io.netty.channel.nio.NioEventLoop.processSelectedKey(NioEventLoop.java:796)
	at io.netty.channel.nio.NioEventLoop.processSelectedKeysOptimized(NioEventLoop.java:732)
	at io.netty.channel.nio.NioEventLoop.processSelectedKeys(NioEventLoop.java:658)
	at io.netty.channel.nio.NioEventLoop.run(NioEventLoop.java:562)
	at io.netty.util.concurrent.SingleThreadEventExecutor$4.run(SingleThreadEventExecutor.java:998)
	at io.netty.util.internal.ThreadExecutorMap$2.run(ThreadExecutorMap.java:74)
	at io.netty.util.concurrent.FastThreadLocalRunnable.run(FastThreadLocalRunnable.java:30)
	at java.base/java.lang.Thread.run(Thread.java:1583)
Caused by: java.sql.SQLException: ERROR: relation "events_dead_letter" does not exist (42P01)
	... 73 more

22:00:32 DEBUG [io.qu.mi.ru.bi.ve.VertxHttpServerMetrics] requestRouted null HttpRequestMetric [initialPath=/test-support/wipe, currentRoutePath=/, templatePath=null, request=io.vertx.core.http.impl.Http1xServerRequest@2b35228c]
22:00:32 DEBUG [io.qu.mi.ru.bi.ve.VertxHttpServerMetrics] requestRouted null HttpRequestMetric [initialPath=/test-support/wipe, currentRoutePath=/, templatePath=null, request=io.vertx.core.http.impl.Http1xServerRequest@2b35228c]
22:00:32 DEBUG [io.qu.mi.ru.bi.ve.VertxHttpServerMetrics] requestRouted null HttpRequestMetric [initialPath=/test-support/wipe, currentRoutePath=/, templatePath=null, request=io.vertx.core.http.impl.Http1xServerRequest@2b35228c]
22:00:32 ERROR [io.qu.ve.ht.ru.QuarkusErrorHandler] HTTP Request to /test-support/wipe failed, error id: f7331714-e474-4d29-a55c-9ef6e5a7e022-1: org.hibernate.exception.SQLGrammarException: error executing SQL statement [ERROR: relation "events_dead_letter" does not exist (42P01)] [DELETE FROM events_dead_letter]
	at org.hibernate.exception.internal.SQLStateConversionDelegate.convert(SQLStateConversionDelegate.java:63)
	at org.hibernate.exception.internal.StandardSQLExceptionConverter.convert(StandardSQLExceptionConverter.java:34)
	at org.hibernate.engine.jdbc.spi.SqlExceptionHelper.convert(SqlExceptionHelper.java:115)
	at org.hibernate.reactive.pool.impl.SqlClientConnection.convertException(SqlClientConnection.java:171)
	at org.hibernate.reactive.pool.impl.SqlClientConnection.lambda$preparedQuery$8(SqlClientConnection.java:264)
	at java.base/java.util.concurrent.CompletableFuture.uniHandle(CompletableFuture.java:934)
	at java.base/java.util.concurrent.CompletableFuture$UniHandle.tryFire(CompletableFuture.java:911)
	at java.base/java.util.concurrent.CompletableFuture.postComplete(CompletableFuture.java:510)
	at java.base/java.util.concurrent.CompletableFuture.completeExceptionally(CompletableFuture.java:2194)
	at io.vertx.core.Future.lambda$toCompletionStage$3(Future.java:602)
	at io.vertx.core.impl.future.FutureImpl$4.onFailure(FutureImpl.java:188)
	at io.vertx.core.impl.future.FutureBase.emitFailure(FutureBase.java:81)
	at io.vertx.core.impl.future.FutureImpl.tryFail(FutureImpl.java:278)
	at io.vertx.sqlclient.impl.QueryResultBuilder.tryFail(QueryResultBuilder.java:94)
	at io.vertx.core.Promise.fail(Promise.java:89)
	at io.vertx.core.Promise.handle(Promise.java:53)
	at io.vertx.core.Promise.handle(Promise.java:29)
	at io.vertx.core.impl.future.FutureImpl$4.onFailure(FutureImpl.java:188)
	at io.vertx.core.impl.future.FutureBase.emitFailure(FutureBase.java:81)
	at io.vertx.core.impl.future.FutureImpl.tryFail(FutureImpl.java:278)
	at io.vertx.core.impl.future.PromiseImpl.onFailure(PromiseImpl.java:54)
	at io.vertx.core.impl.future.PromiseImpl.handle(PromiseImpl.java:43)
	at io.vertx.sqlclient.impl.TransactionImpl.lambda$wrap$0(TransactionImpl.java:72)
	at io.vertx.core.impl.future.FutureImpl$4.onFailure(FutureImpl.java:188)
	at io.vertx.core.impl.future.FutureBase.emitFailure(FutureBase.java:81)
	at io.vertx.core.impl.future.FutureImpl.tryFail(FutureImpl.java:278)
	at io.vertx.core.impl.future.Transformation$1.onFailure(Transformation.java:65)
	at io.vertx.core.impl.future.FutureBase.emitFailure(FutureBase.java:81)
	at io.vertx.core.impl.future.FailedFuture.addListener(FailedFuture.java:98)
	at io.vertx.core.impl.future.Transformation.onFailure(Transformation.java:54)
	at io.vertx.core.impl.future.FutureBase.lambda$emitFailure$1(FutureBase.java:75)
	at io.vertx.core.impl.ContextImpl.execute(ContextImpl.java:312)
	at io.vertx.core.impl.DuplicatedContext.execute(DuplicatedContext.java:168)
	at io.vertx.core.impl.future.FutureBase.emitFailure(FutureBase.java:72)
	at io.vertx.core.impl.future.FutureImpl.tryFail(FutureImpl.java:278)
	at io.vertx.core.impl.future.PromiseImpl.onFailure(PromiseImpl.java:54)
	at io.vertx.core.impl.future.PromiseImpl.handle(PromiseImpl.java:43)
	at io.vertx.core.impl.future.PromiseImpl.handle(PromiseImpl.java:23)
	at io.vertx.sqlclient.impl.command.CommandBase.complete(CommandBase.java:42)
	at io.vertx.sqlclient.impl.command.CommandBase.fail(CommandBase.java:33)
	at io.vertx.sqlclient.impl.SocketConnectionBase.lambda$prepareCommand$4(SocketConnectionBase.java:313)
	at io.vertx.sqlclient.impl.command.CommandResponse.fire(CommandResponse.java:46)
	at io.vertx.sqlclient.impl.SocketConnectionBase.handleMessage(SocketConnectionBase.java:324)
	at io.vertx.pgclient.impl.PgSocketConnection.handleMessage(PgSocketConnection.java:114)
	at io.vertx.sqlclient.impl.SocketConnectionBase.lambda$init$0(SocketConnectionBase.java:137)
	at io.vertx.core.impl.ContextImpl.emit(ContextImpl.java:342)
	at io.vertx.core.impl.ContextImpl.emit(ContextImpl.java:335)
	at io.vertx.core.net.impl.NetSocketImpl.handleMessage(NetSocketImpl.java:389)
	at io.vertx.core.net.impl.ConnectionBase.read(ConnectionBase.java:159)
	at io.vertx.core.net.impl.VertxHandler.channelRead(VertxHandler.java:153)
	at io.netty.channel.AbstractChannelHandlerContext.invokeChannelRead(AbstractChannelHandlerContext.java:442)
	at io.netty.channel.AbstractChannelHandlerContext.invokeChannelRead(AbstractChannelHandlerContext.java:420)
	at io.netty.channel.AbstractChannelHandlerContext.fireChannelRead(AbstractChannelHandlerContext.java:412)
	at io.netty.channel.CombinedChannelDuplexHandler$DelegatingChannelHandlerContext.fireChannelRead(CombinedChannelDuplexHandler.java:436)
	at io.vertx.pgclient.impl.codec.PgDecoder.fireCommandResponse(PgDecoder.java:52)
	at io.vertx.pgclient.impl.codec.PgCommandCodec.handleReadyForQuery(PgCommandCodec.java:133)
	at io.vertx.pgclient.impl.codec.PrepareStatementCommandCodec.handleReadyForQuery(PrepareStatementCommandCodec.java:96)
	at io.vertx.pgclient.impl.codec.PgDecoder.decodeReadyForQuery(PgDecoder.java:248)
	at io.vertx.pgclient.impl.codec.PgDecoder.channelRead(PgDecoder.java:107)
	at io.netty.channel.CombinedChannelDuplexHandler.channelRead(CombinedChannelDuplexHandler.java:251)
	at io.netty.channel.AbstractChannelHandlerContext.invokeChannelRead(AbstractChannelHandlerContext.java:442)
	at io.netty.channel.AbstractChannelHandlerContext.invokeChannelRead(AbstractChannelHandlerContext.java:420)
	at io.netty.channel.AbstractChannelHandlerContext.fireChannelRead(AbstractChannelHandlerContext.java:412)
	at io.netty.channel.DefaultChannelPipeline$HeadContext.channelRead(DefaultChannelPipeline.java:1357)
	at io.netty.channel.AbstractChannelHandlerContext.invokeChannelRead(AbstractChannelHandlerContext.java:440)
	at io.netty.channel.AbstractChannelHandlerContext.invokeChannelRead(AbstractChannelHandlerContext.java:420)
	at io.netty.channel.DefaultChannelPipeline.fireChannelRead(DefaultChannelPipeline.java:868)
	at io.netty.channel.nio.AbstractNioByteChannel$NioByteUnsafe.read(AbstractNioByteChannel.java:166)
	at io.netty.channel.nio.NioEventLoop.processSelectedKey(NioEventLoop.java:796)
	at io.netty.channel.nio.NioEventLoop.processSelectedKeysOptimized(NioEventLoop.java:732)
	at io.netty.channel.nio.NioEventLoop.processSelectedKeys(NioEventLoop.java:658)
	at io.netty.channel.nio.NioEventLoop.run(NioEventLoop.java:562)
	at io.netty.util.concurrent.SingleThreadEventExecutor$4.run(SingleThreadEventExecutor.java:998)
	at io.netty.util.internal.ThreadExecutorMap$2.run(ThreadExecutorMap.java:74)
	at io.netty.util.concurrent.FastThreadLocalRunnable.run(FastThreadLocalRunnable.java:30)
	at java.base/java.lang.Thread.run(Thread.java:1583)
Caused by: java.sql.SQLException: ERROR: relation "events_dead_letter" does not exist (42P01)
	... 73 more

22:00:32 DEBUG [or.ap.ht.wire]  << "HTTP/1.1 500 Internal Server Error[\r][\n]"
22:00:32 DEBUG [io.qu.mi.ru.bi.ve.VertxHttpServerMetrics] responseEnd io.vertx.core.http.impl.Http1xServerResponse@5424f33e, HttpRequestMetric [initialPath=/test-support/wipe, currentRoutePath=/, templatePath=null, request=io.vertx.core.http.impl.Http1xServerRequest@2b35228c]
22:00:32 DEBUG [or.ap.ht.wire]  << "content-type: application/json; charset=utf-8[\r][\n]"
22:00:32 DEBUG [or.ap.ht.wire]  << "content-length: 7114[\r][\n]"
22:00:32 DEBUG [or.ap.ht.wire]  << "[\r][\n]"
22:00:32 DEBUG [or.ap.ht.im.co.DefaultClientConnection] Receiving response: HTTP/1.1 500 Internal Server Error
22:00:32 DEBUG [or.ap.ht.headers] << HTTP/1.1 500 Internal Server Error
22:00:32 DEBUG [or.ap.ht.headers] << content-type: application/json; charset=utf-8
22:00:32 DEBUG [or.ap.ht.headers] << content-length: 7114
22:00:32 DEBUG [or.ap.ht.im.cl.DefaultHttpClient] Connection can be kept alive indefinitely
22:00:32 DEBUG [io.re.in.RestAssuredHttpBuilder] Parsing response as: application/json; charset=utf-8
22:00:32 DEBUG [io.re.in.RestAssuredHttpBuilder] Parsed data to instance of: class org.apache.http.conn.EofSensorInputStream
22:00:32 DEBUG [or.ap.ht.wire]  << "{"details":"Error id f7331714-e474-4d29-a55c-9ef6e5a7e022-1, org.hibernate.exception.SQLGrammarException: error executing SQL statement [ERROR: relation \"events_dead_letter\" does not exist (42P01)] [DELETE FROM events_dead_letter]","stack":"org.hibernate.exception.SQLGrammarException: error executing SQL statement [ERROR: relation \"events_dead_letter\" does not exist (42P01)] [DELETE FROM events_dead_letter]\n\tat org.hibernate.exception.internal.SQLStateConversionDelegate.convert(SQLStateConversionDelegate.java:63)\n\tat org.hibernate.exception.internal.StandardSQLExceptionConverter.convert(StandardSQLExceptionConverter.java:34)\n\tat org.hibernate.engine.jdbc.spi.SqlExceptionHelper.convert(SqlExceptionHelper.java:115)\n\tat org.hibernate.reactive.pool.impl.SqlClientConnection.convertException(SqlClientConnection.java:171)\n\tat org.hibernate.reactive.pool.impl.SqlClientConnection.lambda$preparedQuery$8(SqlClientConnection.java:264)\n\tat java.base/java.util.concurrent.CompletableFuture.uniHandle(CompletableFuture.java:934)\n\tat java.base/java.util.concurrent.CompletableFuture$UniHandle.tryFire(CompletableFuture.java:911)\n\tat java.base/java.util.concurrent.CompletableFuture.postComplete(CompletableFuture.java:510)\n\tat java.base/java.util.concurrent.CompletableFuture.completeExceptionally(CompletableFuture.java:2194)\n\tat io.vertx.core.Future.lambda$toCompletionStage$3(Future.java:602)\n\tat io.vertx.core.impl.future.FutureImpl$4.onFailure(FutureImpl.java:188)\n\tat io.vertx.core.impl.future.FutureBase.emitFailure(FutureBase.java:81)\n\tat io.vertx.core.impl.future.FutureImpl.tryFail(FutureImpl.java:278)\n\tat io.vertx.sqlclient.impl.QueryResultBuilder.tryFail(QueryResultBuilder.java:94)\n\tat io.vertx.core.Promise.fail(Promise.java:89)\n\tat io.vertx.core.Promise.handle(Promise.java:53)\n\tat io.vertx.core.Promise.handle(Promise.java:29)\n\tat io.vertx.core.impl.future.FutureImpl$4.onFailure(FutureImpl.java:188)\n\tat io.vertx.core.impl.future.FutureBase.emitFailure(FutureBase.java:81)\n\tat io.vertx.core.impl.future.FutureImpl.tryFail(FutureImpl.java:278)\n\tat io.vertx.core.impl.future.PromiseImpl.onFailure(PromiseImpl.java:54)\n\tat io.vertx.core.impl.future.PromiseImpl.handle(PromiseImpl.java:43)\n\tat io.vertx.sqlclient.impl.TransactionImpl.lambda$wrap$0(TransactionImpl.java:72)\n\tat io.vertx.core.impl.future.FutureImpl$4.onFailure(FutureImpl.java:188)\n\tat io.vertx.core.impl.future.FutureBase.emitFailure(FutureBase.java:81)\n\tat io.vertx.core.impl.future.FutureImpl.tryFail(FutureImpl.java:278)\n\tat io.vertx.core.impl.future.Transformation$1.onFailure(Transformation.java:65)\n\tat io.vertx.core.impl.future.FutureBase.emitFailure(FutureBase.java:81)\n\tat io.vertx.core.impl.future.FailedFuture.addListener(FailedFuture.java:98)\n\tat io.vertx.core.impl.future.Transformation.onFailure(Transformation.java:54)\n\tat io.vertx.core.impl.future.FutureBase.lambda$emitFailure$1(FutureBase.java:75)\n\tat io.vertx.core.impl.ContextImpl.execute(ContextImpl.java:312)\n\tat io.vertx.core.impl.DuplicatedContext.execute(DuplicatedContext.java:168)\n\tat io.vertx.core.impl.future.FutureBase.emitFailure(FutureBase.java:72)\n\tat io.vertx.core.impl.future.FutureImpl.tryFail(FutureImpl.java:278)\n\tat io.vertx.core.impl.future.PromiseImpl.onFailure(PromiseImpl.java:54)\n\tat io.vertx.core.impl.future.PromiseImpl.handle(PromiseImpl.java:43)\n\tat io.vertx.core.impl.future.PromiseImpl.handle(PromiseImpl.java:23)\n\tat io.vertx.sqlclient.impl.command.CommandBase.complete(CommandBase.java:42)\n\tat io.vertx.sqlclient.impl.command.CommandBase.fail(CommandBase.java:33)\n\tat io.vertx.sqlclient.impl.SocketConnectionBase.lambda$prepareCommand$4(SocketConnectionBase.java:313)\n\tat io.vertx.sqlclient.impl.command.CommandResponse.fire(CommandResponse.java:46)\n\tat io.vertx.sqlclient.impl.SocketConnectionBase.handleMessage(SocketConnectionBase.java:324)\n\tat io.vertx.pgclient.impl.PgSocketConnection.handleMessage(PgSocketConnection.java:114)\n\tat io.vertx.sqlclient.impl.SocketConnectionBase.lambda$init$0(SocketConnectionBase.java:137)\n\tat io.vertx.core.impl.ContextImpl.emit(ContextImpl.java:342)\n\tat io.vertx.core.impl.ContextImpl.emit(ContextImpl.java:335)\n\tat io.vertx.core.net.impl.NetSocketImpl.handleMessage(NetSocketImpl.java:389)\n\tat io.vertx.core.net.impl.ConnectionBase.read(ConnectionBase.java:159)\n\tat io.vertx.core.net.impl.VertxHandler.channelRead(VertxHandler.java:153)\n\tat io.netty.channel.AbstractChannelHandlerContext.invokeChannelRead(AbstractChannelHandlerContext.java:442)\n\tat io.netty.channel.AbstractChannelHandlerContext.invokeChannelRead(AbstractChannelHandlerContext.java:420)\n\tat io.netty.channel.AbstractChannelHandlerContext.fireChannelRead(AbstractChannelHandlerContext.java:412)\n\tat io.netty.channel.CombinedChannelDuplexHandler$DelegatingChannelHandlerContext.fireChannelRead(CombinedChannelDuplexHandler.java:436)\n\tat io.vertx.pgclient.impl.codec.PgDecoder.fireCommandResponse(PgDecoder.java:52)\n\tat io.vertx.pgclient.impl.codec.PgCommandCodec.handleReadyForQuery(PgCommandCodec.java:133)\n\tat io.vertx.pgclient.impl.codec.PrepareStatementCommandCodec.handleReadyForQuery(PrepareStatementCommandCodec.java:96)\n\tat io.vertx.pgclient.impl.codec.PgDecoder.decodeReadyForQuery(PgDecoder.java:248)\n\tat io.vertx.pgclient.impl.codec.PgDecoder.channelRead(PgDecoder.java:107)\n\tat io.netty.channel.CombinedChannelDuplexHandler.channelRead(CombinedChannelDuplexHandler.java:251)\n\tat io.netty.channel.AbstractChannelHandlerContext.invokeChannelRead(AbstractChannelHandlerContext.java:442)\n\tat io.netty.channel.AbstractChannelHandlerContext.invokeChannelRead(AbstractChannelHandlerContext.java:420)\n\tat io.netty.channel.AbstractChannelHandlerContext.fireChannelRead(AbstractChannelHandlerContext.java:412)\n\tat io.netty.channel.DefaultChannelPipeline$HeadContext.channelRead(DefaultChannelPipeline.java:1357)\n\tat io.netty.channel.AbstractChannelHandlerContext.invokeChannelRead(AbstractChannelHandlerContext.java:440)\n\tat io.netty.channel.AbstractChannelHandlerContext.invokeChannelRead(AbstractChannelHandlerContext.java:420)\n\tat io.netty.channel.DefaultChannelPipeline.fireChannelRead(DefaultChannelPipeline.java:868)\n\tat io.netty.channel.nio.AbstractNioByteChannel$NioByteUnsafe.read(AbstractNioByteChannel.java:166)\n\tat io.netty.channel.nio.NioEventLoop.processSelectedKey(NioEventLoop.java:796)\n\tat io.netty.channel.nio.NioEventLoop.processSelectedKeysOptimized(NioEventLoop.java:732)\n\tat io.netty.channel.nio.NioEventLoop.processSelectedKeys(NioEventLoop.java:658)\n\tat io.netty.channel.nio.NioEventLoop.run(NioEventLoop.java:562)\n\tat io.netty.util.concurrent.SingleThreadEventExecutor$4.run(SingleThreadEventExecutor.java:998)\n\tat io.netty.util.internal.ThreadExecutorMap$2.run(ThreadExecutorMap.java:74)\n\tat io.netty.util.concurrent.FastThreadLocalRunnable.run(FastThreadLocalRunnable.java:30)\n\tat java.base/java.lang.Thread.run(Thread.java:1583)\nCaused by: java.sql.SQLException: ERROR: relation \"events_dead_letter\" does not exist (42P01)\n\t... 73 more"}"
22:00:32 DEBUG [or.ap.ht.im.co.BasicClientConnectionManager] Releasing connection org.apache.http.impl.conn.ManagedClientConnectionImpl@38300447
22:00:32 DEBUG [or.ap.ht.im.co.BasicClientConnectionManager] Connection can be kept alive indefinitely
Request method:	POST
Request URI:	http://localhost:8081/test-support/wipe
Proxy:			<none>
Request params:	<none>
Query params:	<none>
Form params:	<none>
Path params:	<none>
Headers:		Accept=*/*
				Content-Type=application/x-www-form-urlencoded; charset=ISO-8859-1
Cookies:		<none>
Multiparts:		<none>
Body:			<none>

HTTP/1.1 500 Internal Server Error
content-type: application/json; charset=utf-8
content-length: 7114

{
    "details": "Error id f7331714-e474-4d29-a55c-9ef6e5a7e022-1, org.hibernate.exception.SQLGrammarException: error executing SQL statement [ERROR: relation \"events_dead_letter\" does not exist (42P01)] [DELETE FROM events_dead_letter]",
    "stack": "org.hibernate.exception.SQLGrammarException: error executing SQL statement [ERROR: relation \"events_dead_letter\" does not exist (42P01)] [DELETE FROM events_dead_letter]\n\tat org.hibernate.exception.internal.SQLStateConversionDelegate.convert(SQLStateConversionDelegate.java:63)\n\tat org.hibernate.exception.internal.StandardSQLExceptionConverter.convert(StandardSQLExceptionConverter.java:34)\n\tat org.hibernate.engine.jdbc.spi.SqlExceptionHelper.convert(SqlExceptionHelper.java:115)\n\tat org.hibernate.reactive.pool.impl.SqlClientConnection.convertException(SqlClientConnection.java:171)\n\tat org.hibernate.reactive.pool.impl.SqlClientConnection.lambda$preparedQuery$8(SqlClientConnection.java:264)\n\tat java.base/java.util.concurrent.CompletableFuture.uniHandle(CompletableFuture.java:934)\n\tat java.base/java.util.concurrent.CompletableFuture$UniHandle.tryFire(CompletableFuture.java:911)\n\tat java.base/java.util.concurrent.CompletableFuture.postComplete(CompletableFuture.java:510)\n\tat java.base/java.util.concurrent.CompletableFuture.completeExceptionally(CompletableFuture.java:2194)\n\tat io.vertx.core.Future.lambda$toCompletionStage$3(Future.java:602)\n\tat io.vertx.core.impl.future.FutureImpl$4.onFailure(FutureImpl.java:188)\n\tat io.vertx.core.impl.future.FutureBase.emitFailure(FutureBase.java:81)\n\tat io.vertx.core.impl.future.FutureImpl.tryFail(FutureImpl.java:278)\n\tat io.vertx.sqlclient.impl.QueryResultBuilder.tryFail(QueryResultBuilder.java:94)\n\tat io.vertx.core.Promise.fail(Promise.java:89)\n\tat io.vertx.core.Promise.handle(Promise.java:53)\n\tat io.vertx.core.Promise.handle(Promise.java:29)\n\tat io.vertx.core.impl.future.FutureImpl$4.onFailure(FutureImpl.java:188)\n\tat io.vertx.core.impl.future.FutureBase.emitFailure(FutureBase.java:81)\n\tat io.vertx.core.impl.future.FutureImpl.tryFail(FutureImpl.java:278)\n\tat io.vertx.core.impl.future.PromiseImpl.onFailure(PromiseImpl.java:54)\n\tat io.vertx.core.impl.future.PromiseImpl.handle(PromiseImpl.java:43)\n\tat io.vertx.sqlclient.impl.TransactionImpl.lambda$wrap$0(TransactionImpl.java:72)\n\tat io.vertx.core.impl.future.FutureImpl$4.onFailure(FutureImpl.java:188)\n\tat io.vertx.core.impl.future.FutureBase.emitFailure(FutureBase.java:81)\n\tat io.vertx.core.impl.future.FutureImpl.tryFail(FutureImpl.java:278)\n\tat io.vertx.core.impl.future.Transformation$1.onFailure(Transformation.java:65)\n\tat io.vertx.core.impl.future.FutureBase.emitFailure(FutureBase.java:81)\n\tat io.vertx.core.impl.future.FailedFuture.addListener(FailedFuture.java:98)\n\tat io.vertx.core.impl.future.Transformation.onFailure(Transformation.java:54)\n\tat io.vertx.core.impl.future.FutureBase.lambda$emitFailure$1(FutureBase.java:75)\n\tat io.vertx.core.impl.ContextImpl.execute(ContextImpl.java:312)\n\tat io.vertx.core.impl.DuplicatedContext.execute(DuplicatedContext.java:168)\n\tat io.vertx.core.impl.future.FutureBase.emitFailure(FutureBase.java:72)\n\tat io.vertx.core.impl.future.FutureImpl.tryFail(FutureImpl.java:278)\n\tat io.vertx.core.impl.future.PromiseImpl.onFailure(PromiseImpl.java:54)\n\tat io.vertx.core.impl.future.PromiseImpl.handle(PromiseImpl.java:43)\n\tat io.vertx.core.impl.future.PromiseImpl.handle(PromiseImpl.java:23)\n\tat io.vertx.sqlclient.impl.command.CommandBase.complete(CommandBase.java:42)\n\tat io.vertx.sqlclient.impl.command.CommandBase.fail(CommandBase.java:33)\n\tat io.vertx.sqlclient.impl.SocketConnectionBase.lambda$prepareCommand$4(SocketConnectionBase.java:313)\n\tat io.vertx.sqlclient.impl.command.CommandResponse.fire(CommandResponse.java:46)\n\tat io.vertx.sqlclient.impl.SocketConnectionBase.handleMessage(SocketConnectionBase.java:324)\n\tat io.vertx.pgclient.impl.PgSocketConnection.handleMessage(PgSocketConnection.java:114)\n\tat io.vertx.sqlclient.impl.SocketConnectionBase.lambda$init$0(SocketConnectionBase.java:137)\n\tat io.vertx.core.impl.ContextImpl.emit(ContextImpl.java:342)\n\tat io.vertx.core.impl.ContextImpl.emit(ContextImpl.java:335)\n\tat io.vertx.core.net.impl.NetSocketImpl.handleMessage(NetSocketImpl.java:389)\n\tat io.vertx.core.net.impl.ConnectionBase.read(ConnectionBase.java:159)\n\tat io.vertx.core.net.impl.VertxHandler.channelRead(VertxHandler.java:153)\n\tat io.netty.channel.AbstractChannelHandlerContext.invokeChannelRead(AbstractChannelHandlerContext.java:442)\n\tat io.netty.channel.AbstractChannelHandlerContext.invokeChannelRead(AbstractChannelHandlerContext.java:420)\n\tat io.netty.channel.AbstractChannelHandlerContext.fireChannelRead(AbstractChannelHandlerContext.java:412)\n\tat io.netty.channel.CombinedChannelDuplexHandler$DelegatingChannelHandlerContext.fireChannelRead(CombinedChannelDuplexHandler.java:436)\n\tat io.vertx.pgclient.impl.codec.PgDecoder.fireCommandResponse(PgDecoder.java:52)\n\tat io.vertx.pgclient.impl.codec.PgCommandCodec.handleReadyForQuery(PgCommandCodec.java:133)\n\tat io.vertx.pgclient.impl.codec.PrepareStatementCommandCodec.handleReadyForQuery(PrepareStatementCommandCodec.java:96)\n\tat io.vertx.pgclient.impl.codec.PgDecoder.decodeReadyForQuery(PgDecoder.java:248)\n\tat io.vertx.pgclient.impl.codec.PgDecoder.channelRead(PgDecoder.java:107)\n\tat io.netty.channel.CombinedChannelDuplexHandler.channelRead(CombinedChannelDuplexHandler.java:251)\n\tat io.netty.channel.AbstractChannelHandlerContext.invokeChannelRead(AbstractChannelHandlerContext.java:442)\n\tat io.netty.channel.AbstractChannelHandlerContext.invokeChannelRead(AbstractChannelHandlerContext.java:420)\n\tat io.netty.channel.AbstractChannelHandlerContext.fireChannelRead(AbstractChannelHandlerContext.java:412)\n\tat io.netty.channel.DefaultChannelPipeline$HeadContext.channelRead(DefaultChannelPipeline.java:1357)\n\tat io.netty.channel.AbstractChannelHandlerContext.invokeChannelRead(AbstractChannelHandlerContext.java:440)\n\tat io.netty.channel.AbstractChannelHandlerContext.invokeChannelRead(AbstractChannelHandlerContext.java:420)\n\tat io.netty.channel.DefaultChannelPipeline.fireChannelRead(DefaultChannelPipeline.java:868)\n\tat io.netty.channel.nio.AbstractNioByteChannel$NioByteUnsafe.read(AbstractNioByteChannel.java:166)\n\tat io.netty.channel.nio.NioEventLoop.processSelectedKey(NioEventLoop.java:796)\n\tat io.netty.channel.nio.NioEventLoop.processSelectedKeysOptimized(NioEventLoop.java:732)\n\tat io.netty.channel.nio.NioEventLoop.processSelectedKeys(NioEventLoop.java:658)\n\tat io.netty.channel.nio.NioEventLoop.run(NioEventLoop.java:562)\n\tat io.netty.util.concurrent.SingleThreadEventExecutor$4.run(SingleThreadEventExecutor.java:998)\n\tat io.netty.util.internal.ThreadExecutorMap$2.run(ThreadExecutorMap.java:74)\n\tat io.netty.util.concurrent.FastThreadLocalRunnable.run(FastThreadLocalRunnable.java:30)\n\tat java.base/java.lang.Thread.run(Thread.java:1583)\nCaused by: java.sql.SQLException: ERROR: relation \"events_dead_letter\" does not exist (42P01)\n\t... 73 more"
}
22:00:33 DEBUG [or.ap.ht.im.co.BasicClientConnectionManager] Get connection for route {}->http://localhost:8081
22:00:33 DEBUG [or.ap.ht.im.co.DefaultClientConnectionOperator] Connecting to localhost:8081
22:00:33 DEBUG [or.ap.ht.cl.pr.RequestAddCookies] CookieSpec selected: ignoreCookies
22:00:33 DEBUG [or.ap.ht.cl.pr.RequestAuthCache] Auth cache not set in the context
22:00:33 DEBUG [or.ap.ht.cl.pr.RequestTargetAuthentication] Target auth state: UNCHALLENGED
22:00:33 DEBUG [or.ap.ht.cl.pr.RequestProxyAuthentication] Proxy auth state: UNCHALLENGED
22:00:33 DEBUG [or.ap.ht.im.cl.DefaultHttpClient] Attempt 1 to execute request
22:00:33 DEBUG [or.ap.ht.im.co.DefaultClientConnection] Sending request: POST /test-support/wipe HTTP/1.1
22:00:33 DEBUG [or.ap.ht.wire]  >> "POST /test-support/wipe HTTP/1.1[\r][\n]"
22:00:33 DEBUG [or.ap.ht.wire]  >> "Content-Type: application/x-www-form-urlencoded; charset=ISO-8859-1[\r][\n]"
22:00:33 DEBUG [or.ap.ht.wire]  >> "Accept: */*[\r][\n]"
22:00:33 DEBUG [or.ap.ht.wire]  >> "Content-Length: 0[\r][\n]"
22:00:33 DEBUG [or.ap.ht.wire]  >> "Host: localhost:8081[\r][\n]"
22:00:33 DEBUG [or.ap.ht.wire]  >> "Connection: Keep-Alive[\r][\n]"
22:00:33 DEBUG [or.ap.ht.wire]  >> "User-Agent: Apache-HttpClient/4.5.14 (Java/21)[\r][\n]"
22:00:33 DEBUG [or.ap.ht.wire]  >> "Accept-Encoding: gzip,deflate[\r][\n]"
22:00:33 DEBUG [or.ap.ht.wire]  >> "[\r][\n]"
22:00:33 DEBUG [or.ap.ht.headers] >> POST /test-support/wipe HTTP/1.1
22:00:33 DEBUG [or.ap.ht.headers] >> Content-Type: application/x-www-form-urlencoded; charset=ISO-8859-1
22:00:33 DEBUG [or.ap.ht.headers] >> Accept: */*
22:00:33 DEBUG [or.ap.ht.headers] >> Content-Length: 0
22:00:33 DEBUG [or.ap.ht.headers] >> Host: localhost:8081
22:00:33 DEBUG [or.ap.ht.headers] >> Connection: Keep-Alive
22:00:33 DEBUG [or.ap.ht.headers] >> User-Agent: Apache-HttpClient/4.5.14 (Java/21)
22:00:33 DEBUG [or.ap.ht.headers] >> Accept-Encoding: gzip,deflate
22:00:33 DEBUG [io.qu.mi.ru.bi.ve.VertxHttpServerMetrics] requestRouted null HttpRequestMetric [initialPath=/test-support/wipe, currentRoutePath=null, templatePath=null, request=io.vertx.core.http.impl.Http1xServerRequest@101f7b32]
22:00:33 DEBUG [io.qu.mi.ru.bi.ve.VertxHttpServerMetrics] requestRouted null HttpRequestMetric [initialPath=/test-support/wipe, currentRoutePath=null, templatePath=null, request=io.vertx.core.http.impl.Http1xServerRequest@101f7b32]
22:00:33 DEBUG [io.qu.mi.ru.bi.ve.VertxHttpServerMetrics] requestRouted null HttpRequestMetric [initialPath=/test-support/wipe, currentRoutePath=null, templatePath=null, request=io.vertx.core.http.impl.Http1xServerRequest@101f7b32]
22:00:33 DEBUG [io.qu.mi.ru.bi.ve.VertxHttpServerMetrics] requestRouted null HttpRequestMetric [initialPath=/test-support/wipe, currentRoutePath=null, templatePath=null, request=io.vertx.core.http.impl.Http1xServerRequest@101f7b32]
22:00:33 DEBUG [io.qu.mi.ru.bi.ve.VertxHttpServerMetrics] requestRouted / HttpRequestMetric [initialPath=/test-support/wipe, currentRoutePath=null, templatePath=null, request=io.vertx.core.http.impl.Http1xServerRequest@101f7b32]
22:00:33 DEBUG [io.mi.co.in.MeterRegistry] This Gauge has been already registered (MeterId{name='postgresql.queue.size', tags=[tag(clientName=<default>),tag(clientType=sql)]}), the registration will be ignored.
22:00:33 DEBUG [io.mi.co.in.MeterRegistry] This Gauge has been already registered (MeterId{name='postgresql.current', tags=[tag(clientName=<default>),tag(clientType=sql)]}), the registration will be ignored.
22:00:33 DEBUG [or.hi.or.re.jdbc] HHH10003030: 'hibernate.connection.provider_disables_autocommit' was enabled. This setting should only be enabled when JDBC Connections obtained by Hibernate from the ConnectionProvider have auto-commit disabled. Enabling this setting when connections have auto-commit enabled leads to execution of SQL operations outside of any JDBC transaction.
22:00:33 DEBUG [io.qu.hi.re.pa.co.ru.SessionOperations] Opening lazy managed session for Persistence Unit '<default>'
22:00:33 DEBUG [or.hi.SQL] 
    DELETE 
    FROM
        events_dead_letter
[Hibernate] 
    DELETE 
    FROM
        events_dead_letter
22:00:33 WARN  [or.hi.or.jd.error] HHH000247: ErrorCode: 0, SQLState: 42P01
22:00:33 WARN  [or.hi.or.jd.error] ERROR: relation "events_dead_letter" does not exist (42P01)
22:00:33 DEBUG [or.hi.or.jd.error] error executing SQL statement [DELETE FROM events_dead_letter]: java.sql.SQLException: ERROR: relation "events_dead_letter" does not exist (42P01)
	at org.hibernate.reactive.pool.impl.SqlClientConnection.convertException(SqlClientConnection.java:171)
	at org.hibernate.reactive.pool.impl.SqlClientConnection.lambda$preparedQuery$8(SqlClientConnection.java:264)
	at java.base/java.util.concurrent.CompletableFuture.uniHandle(CompletableFuture.java:934)
	at java.base/java.util.concurrent.CompletableFuture$UniHandle.tryFire(CompletableFuture.java:911)
	at java.base/java.util.concurrent.CompletableFuture.postComplete(CompletableFuture.java:510)
	at java.base/java.util.concurrent.CompletableFuture.completeExceptionally(CompletableFuture.java:2194)
	at io.vertx.core.Future.lambda$toCompletionStage$3(Future.java:602)
	at io.vertx.core.impl.future.FutureImpl$4.onFailure(FutureImpl.java:188)
	at io.vertx.core.impl.future.FutureBase.emitFailure(FutureBase.java:81)
	at io.vertx.core.impl.future.FutureImpl.tryFail(FutureImpl.java:278)
	at io.vertx.sqlclient.impl.QueryResultBuilder.tryFail(QueryResultBuilder.java:94)
	at io.vertx.core.Promise.fail(Promise.java:89)
	at io.vertx.core.Promise.handle(Promise.java:53)
	at io.vertx.core.Promise.handle(Promise.java:29)
	at io.vertx.core.impl.future.FutureImpl$4.onFailure(FutureImpl.java:188)
	at io.vertx.core.impl.future.FutureBase.emitFailure(FutureBase.java:81)
	at io.vertx.core.impl.future.FutureImpl.tryFail(FutureImpl.java:278)
	at io.vertx.core.impl.future.PromiseImpl.onFailure(PromiseImpl.java:54)
	at io.vertx.core.impl.future.PromiseImpl.handle(PromiseImpl.java:43)
	at io.vertx.sqlclient.impl.TransactionImpl.lambda$wrap$0(TransactionImpl.java:72)
	at io.vertx.core.impl.future.FutureImpl$4.onFailure(FutureImpl.java:188)
	at io.vertx.core.impl.future.FutureBase.emitFailure(FutureBase.java:81)
	at io.vertx.core.impl.future.FutureImpl.tryFail(FutureImpl.java:278)
	at io.vertx.core.impl.future.Transformation$1.onFailure(Transformation.java:65)
	at io.vertx.core.impl.future.FutureBase.emitFailure(FutureBase.java:81)
	at io.vertx.core.impl.future.FailedFuture.addListener(FailedFuture.java:98)
	at io.vertx.core.impl.future.Transformation.onFailure(Transformation.java:54)
	at io.vertx.core.impl.future.FutureBase.lambda$emitFailure$1(FutureBase.java:75)
	at io.vertx.core.impl.ContextImpl.execute(ContextImpl.java:312)
	at io.vertx.core.impl.DuplicatedContext.execute(DuplicatedContext.java:168)
	at io.vertx.core.impl.future.FutureBase.emitFailure(FutureBase.java:72)
	at io.vertx.core.impl.future.FutureImpl.tryFail(FutureImpl.java:278)
	at io.vertx.core.impl.future.PromiseImpl.onFailure(PromiseImpl.java:54)
	at io.vertx.core.impl.future.PromiseImpl.handle(PromiseImpl.java:43)
	at io.vertx.core.impl.future.PromiseImpl.handle(PromiseImpl.java:23)
	at io.vertx.sqlclient.impl.command.CommandBase.complete(CommandBase.java:42)
	at io.vertx.sqlclient.impl.command.CommandBase.fail(CommandBase.java:33)
	at io.vertx.sqlclient.impl.SocketConnectionBase.lambda$prepareCommand$4(SocketConnectionBase.java:313)
	at io.vertx.sqlclient.impl.command.CommandResponse.fire(CommandResponse.java:46)
	at io.vertx.sqlclient.impl.SocketConnectionBase.handleMessage(SocketConnectionBase.java:324)
	at io.vertx.pgclient.impl.PgSocketConnection.handleMessage(PgSocketConnection.java:114)
	at io.vertx.sqlclient.impl.SocketConnectionBase.lambda$init$0(SocketConnectionBase.java:137)
	at io.vertx.core.impl.ContextImpl.emit(ContextImpl.java:342)
	at io.vertx.core.impl.ContextImpl.emit(ContextImpl.java:335)
	at io.vertx.core.net.impl.NetSocketImpl.handleMessage(NetSocketImpl.java:389)
	at io.vertx.core.net.impl.ConnectionBase.read(ConnectionBase.java:159)
	at io.vertx.core.net.impl.VertxHandler.channelRead(VertxHandler.java:153)
	at io.netty.channel.AbstractChannelHandlerContext.invokeChannelRead(AbstractChannelHandlerContext.java:442)
	at io.netty.channel.AbstractChannelHandlerContext.invokeChannelRead(AbstractChannelHandlerContext.java:420)
	at io.netty.channel.AbstractChannelHandlerContext.fireChannelRead(AbstractChannelHandlerContext.java:412)
	at io.netty.channel.CombinedChannelDuplexHandler$DelegatingChannelHandlerContext.fireChannelRead(CombinedChannelDuplexHandler.java:436)
	at io.vertx.pgclient.impl.codec.PgDecoder.fireCommandResponse(PgDecoder.java:52)
	at io.vertx.pgclient.impl.codec.PgCommandCodec.handleReadyForQuery(PgCommandCodec.java:133)
	at io.vertx.pgclient.impl.codec.PrepareStatementCommandCodec.handleReadyForQuery(PrepareStatementCommandCodec.java:96)
	at io.vertx.pgclient.impl.codec.PgDecoder.decodeReadyForQuery(PgDecoder.java:248)
	at io.vertx.pgclient.impl.codec.PgDecoder.channelRead(PgDecoder.java:107)
	at io.netty.channel.CombinedChannelDuplexHandler.channelRead(CombinedChannelDuplexHandler.java:251)
	at io.netty.channel.AbstractChannelHandlerContext.invokeChannelRead(AbstractChannelHandlerContext.java:442)
	at io.netty.channel.AbstractChannelHandlerContext.invokeChannelRead(AbstractChannelHandlerContext.java:420)
	at io.netty.channel.AbstractChannelHandlerContext.fireChannelRead(AbstractChannelHandlerContext.java:412)
	at io.netty.channel.DefaultChannelPipeline$HeadContext.channelRead(DefaultChannelPipeline.java:1357)
	at io.netty.channel.AbstractChannelHandlerContext.invokeChannelRead(AbstractChannelHandlerContext.java:440)
	at io.netty.channel.AbstractChannelHandlerContext.invokeChannelRead(AbstractChannelHandlerContext.java:420)
	at io.netty.channel.DefaultChannelPipeline.fireChannelRead(DefaultChannelPipeline.java:868)
	at io.netty.channel.nio.AbstractNioByteChannel$NioByteUnsafe.read(AbstractNioByteChannel.java:166)
	at io.netty.channel.nio.NioEventLoop.processSelectedKey(NioEventLoop.java:796)
	at io.netty.channel.nio.NioEventLoop.processSelectedKeysOptimized(NioEventLoop.java:732)
	at io.netty.channel.nio.NioEventLoop.processSelectedKeys(NioEventLoop.java:658)
	at io.netty.channel.nio.NioEventLoop.run(NioEventLoop.java:562)
	at io.netty.util.concurrent.SingleThreadEventExecutor$4.run(SingleThreadEventExecutor.java:998)
	at io.netty.util.internal.ThreadExecutorMap$2.run(ThreadExecutorMap.java:74)
	at io.netty.util.concurrent.FastThreadLocalRunnable.run(FastThreadLocalRunnable.java:30)
	at java.base/java.lang.Thread.run(Thread.java:1583)

22:00:33 DEBUG [io.qu.hi.re.pa.co.ru.SessionOperations] Closing session for Persistence Unit '<default>'
22:00:33 DEBUG [io.qu.hi.re.pa.co.ru.SessionOperations] Closing opened managed session for Persistence Unit '<default>'
22:00:33 DEBUG [or.hi.se.metrics] HHH000401: Logging session metrics:
	0 ns acquiring 0 JDBC connections
	0 ns releasing 0 JDBC connections
	0 ns preparing 0 JDBC statements
	1382638 ns executing 1 JDBC statements
	0 ns executing 0 JDBC batches
	11272 ns performing 4 second-level cache puts
	0 ns performing 0 second-level cache hits
	0 ns performing 0 second-level cache misses
	0 ns executing 0 flushes (flushing a total of 0 entities and 0 collections)
	0 ns executing 0 pre-partial-flushes
	18395 ns executing 2 partial-flushes (flushing a total of 0 entities and 0 collections)

22:00:33 WARN  [or.hi.or.session] HHH90010101: Closing shared session with unprocessed transaction completion actions
22:00:33 WARN  [or.hi.or.session] HHH90010108: Closing session with unprocessed clean up bulk operations, forcing their execution
22:00:33 DEBUG [or.jb.re.re.co.co.AbstractResteasyReactiveContext] Attempting to handle unrecoverable exception: org.hibernate.exception.SQLGrammarException: error executing SQL statement [ERROR: relation "events_dead_letter" does not exist (42P01)] [DELETE FROM events_dead_letter]
	at org.hibernate.exception.internal.SQLStateConversionDelegate.convert(SQLStateConversionDelegate.java:63)
	at org.hibernate.exception.internal.StandardSQLExceptionConverter.convert(StandardSQLExceptionConverter.java:34)
	at org.hibernate.engine.jdbc.spi.SqlExceptionHelper.convert(SqlExceptionHelper.java:115)
	at org.hibernate.reactive.pool.impl.SqlClientConnection.convertException(SqlClientConnection.java:171)
	at org.hibernate.reactive.pool.impl.SqlClientConnection.lambda$preparedQuery$8(SqlClientConnection.java:264)
	at java.base/java.util.concurrent.CompletableFuture.uniHandle(CompletableFuture.java:934)
	at java.base/java.util.concurrent.CompletableFuture$UniHandle.tryFire(CompletableFuture.java:911)
	at java.base/java.util.concurrent.CompletableFuture.postComplete(CompletableFuture.java:510)
	at java.base/java.util.concurrent.CompletableFuture.completeExceptionally(CompletableFuture.java:2194)
	at io.vertx.core.Future.lambda$toCompletionStage$3(Future.java:602)
	at io.vertx.core.impl.future.FutureImpl$4.onFailure(FutureImpl.java:188)
	at io.vertx.core.impl.future.FutureBase.emitFailure(FutureBase.java:81)
	at io.vertx.core.impl.future.FutureImpl.tryFail(FutureImpl.java:278)
	at io.vertx.sqlclient.impl.QueryResultBuilder.tryFail(QueryResultBuilder.java:94)
	at io.vertx.core.Promise.fail(Promise.java:89)
	at io.vertx.core.Promise.handle(Promise.java:53)
	at io.vertx.core.Promise.handle(Promise.java:29)
	at io.vertx.core.impl.future.FutureImpl$4.onFailure(FutureImpl.java:188)
	at io.vertx.core.impl.future.FutureBase.emitFailure(FutureBase.java:81)
	at io.vertx.core.impl.future.FutureImpl.tryFail(FutureImpl.java:278)
	at io.vertx.core.impl.future.PromiseImpl.onFailure(PromiseImpl.java:54)
	at io.vertx.core.impl.future.PromiseImpl.handle(PromiseImpl.java:43)
	at io.vertx.sqlclient.impl.TransactionImpl.lambda$wrap$0(TransactionImpl.java:72)
	at io.vertx.core.impl.future.FutureImpl$4.onFailure(FutureImpl.java:188)
	at io.vertx.core.impl.future.FutureBase.emitFailure(FutureBase.java:81)
	at io.vertx.core.impl.future.FutureImpl.tryFail(FutureImpl.java:278)
	at io.vertx.core.impl.future.Transformation$1.onFailure(Transformation.java:65)
	at io.vertx.core.impl.future.FutureBase.emitFailure(FutureBase.java:81)
	at io.vertx.core.impl.future.FailedFuture.addListener(FailedFuture.java:98)
	at io.vertx.core.impl.future.Transformation.onFailure(Transformation.java:54)
	at io.vertx.core.impl.future.FutureBase.lambda$emitFailure$1(FutureBase.java:75)
	at io.vertx.core.impl.ContextImpl.execute(ContextImpl.java:312)
	at io.vertx.core.impl.DuplicatedContext.execute(DuplicatedContext.java:168)
	at io.vertx.core.impl.future.FutureBase.emitFailure(FutureBase.java:72)
	at io.vertx.core.impl.future.FutureImpl.tryFail(FutureImpl.java:278)
	at io.vertx.core.impl.future.PromiseImpl.onFailure(PromiseImpl.java:54)
	at io.vertx.core.impl.future.PromiseImpl.handle(PromiseImpl.java:43)
	at io.vertx.core.impl.future.PromiseImpl.handle(PromiseImpl.java:23)
	at io.vertx.sqlclient.impl.command.CommandBase.complete(CommandBase.java:42)
	at io.vertx.sqlclient.impl.command.CommandBase.fail(CommandBase.java:33)
	at io.vertx.sqlclient.impl.SocketConnectionBase.lambda$prepareCommand$4(SocketConnectionBase.java:313)
	at io.vertx.sqlclient.impl.command.CommandResponse.fire(CommandResponse.java:46)
	at io.vertx.sqlclient.impl.SocketConnectionBase.handleMessage(SocketConnectionBase.java:324)
	at io.vertx.pgclient.impl.PgSocketConnection.handleMessage(PgSocketConnection.java:114)
	at io.vertx.sqlclient.impl.SocketConnectionBase.lambda$init$0(SocketConnectionBase.java:137)
	at io.vertx.core.impl.ContextImpl.emit(ContextImpl.java:342)
	at io.vertx.core.impl.ContextImpl.emit(ContextImpl.java:335)
	at io.vertx.core.net.impl.NetSocketImpl.handleMessage(NetSocketImpl.java:389)
	at io.vertx.core.net.impl.ConnectionBase.read(ConnectionBase.java:159)
	at io.vertx.core.net.impl.VertxHandler.channelRead(VertxHandler.java:153)
	at io.netty.channel.AbstractChannelHandlerContext.invokeChannelRead(AbstractChannelHandlerContext.java:442)
	at io.netty.channel.AbstractChannelHandlerContext.invokeChannelRead(AbstractChannelHandlerContext.java:420)
	at io.netty.channel.AbstractChannelHandlerContext.fireChannelRead(AbstractChannelHandlerContext.java:412)
	at io.netty.channel.CombinedChannelDuplexHandler$DelegatingChannelHandlerContext.fireChannelRead(CombinedChannelDuplexHandler.java:436)
	at io.vertx.pgclient.impl.codec.PgDecoder.fireCommandResponse(PgDecoder.java:52)
	at io.vertx.pgclient.impl.codec.PgCommandCodec.handleReadyForQuery(PgCommandCodec.java:133)
	at io.vertx.pgclient.impl.codec.PrepareStatementCommandCodec.handleReadyForQuery(PrepareStatementCommandCodec.java:96)
	at io.vertx.pgclient.impl.codec.PgDecoder.decodeReadyForQuery(PgDecoder.java:248)
	at io.vertx.pgclient.impl.codec.PgDecoder.channelRead(PgDecoder.java:107)
	at io.netty.channel.CombinedChannelDuplexHandler.channelRead(CombinedChannelDuplexHandler.java:251)
	at io.netty.channel.AbstractChannelHandlerContext.invokeChannelRead(AbstractChannelHandlerContext.java:442)
	at io.netty.channel.AbstractChannelHandlerContext.invokeChannelRead(AbstractChannelHandlerContext.java:420)
	at io.netty.channel.AbstractChannelHandlerContext.fireChannelRead(AbstractChannelHandlerContext.java:412)
	at io.netty.channel.DefaultChannelPipeline$HeadContext.channelRead(DefaultChannelPipeline.java:1357)
	at io.netty.channel.AbstractChannelHandlerContext.invokeChannelRead(AbstractChannelHandlerContext.java:440)
	at io.netty.channel.AbstractChannelHandlerContext.invokeChannelRead(AbstractChannelHandlerContext.java:420)
	at io.netty.channel.DefaultChannelPipeline.fireChannelRead(DefaultChannelPipeline.java:868)
	at io.netty.channel.nio.AbstractNioByteChannel$NioByteUnsafe.read(AbstractNioByteChannel.java:166)
	at io.netty.channel.nio.NioEventLoop.processSelectedKey(NioEventLoop.java:796)
	at io.netty.channel.nio.NioEventLoop.processSelectedKeysOptimized(NioEventLoop.java:732)
	at io.netty.channel.nio.NioEventLoop.processSelectedKeys(NioEventLoop.java:658)
	at io.netty.channel.nio.NioEventLoop.run(NioEventLoop.java:562)
	at io.netty.util.concurrent.SingleThreadEventExecutor$4.run(SingleThreadEventExecutor.java:998)
	at io.netty.util.internal.ThreadExecutorMap$2.run(ThreadExecutorMap.java:74)
	at io.netty.util.concurrent.FastThreadLocalRunnable.run(FastThreadLocalRunnable.java:30)
	at java.base/java.lang.Thread.run(Thread.java:1583)
Caused by: java.sql.SQLException: ERROR: relation "events_dead_letter" does not exist (42P01)
	... 73 more

22:00:33 DEBUG [io.ve.ex.we.RoutingContext] RoutingContext failure (500): org.hibernate.exception.SQLGrammarException: error executing SQL statement [ERROR: relation "events_dead_letter" does not exist (42P01)] [DELETE FROM events_dead_letter]
	at org.hibernate.exception.internal.SQLStateConversionDelegate.convert(SQLStateConversionDelegate.java:63)
	at org.hibernate.exception.internal.StandardSQLExceptionConverter.convert(StandardSQLExceptionConverter.java:34)
	at org.hibernate.engine.jdbc.spi.SqlExceptionHelper.convert(SqlExceptionHelper.java:115)
	at org.hibernate.reactive.pool.impl.SqlClientConnection.convertException(SqlClientConnection.java:171)
	at org.hibernate.reactive.pool.impl.SqlClientConnection.lambda$preparedQuery$8(SqlClientConnection.java:264)
	at java.base/java.util.concurrent.CompletableFuture.uniHandle(CompletableFuture.java:934)
	at java.base/java.util.concurrent.CompletableFuture$UniHandle.tryFire(CompletableFuture.java:911)
	at java.base/java.util.concurrent.CompletableFuture.postComplete(CompletableFuture.java:510)
	at java.base/java.util.concurrent.CompletableFuture.completeExceptionally(CompletableFuture.java:2194)
	at io.vertx.core.Future.lambda$toCompletionStage$3(Future.java:602)
	at io.vertx.core.impl.future.FutureImpl$4.onFailure(FutureImpl.java:188)
	at io.vertx.core.impl.future.FutureBase.emitFailure(FutureBase.java:81)
	at io.vertx.core.impl.future.FutureImpl.tryFail(FutureImpl.java:278)
	at io.vertx.sqlclient.impl.QueryResultBuilder.tryFail(QueryResultBuilder.java:94)
	at io.vertx.core.Promise.fail(Promise.java:89)
	at io.vertx.core.Promise.handle(Promise.java:53)
	at io.vertx.core.Promise.handle(Promise.java:29)
	at io.vertx.core.impl.future.FutureImpl$4.onFailure(FutureImpl.java:188)
	at io.vertx.core.impl.future.FutureBase.emitFailure(FutureBase.java:81)
	at io.vertx.core.impl.future.FutureImpl.tryFail(FutureImpl.java:278)
	at io.vertx.core.impl.future.PromiseImpl.onFailure(PromiseImpl.java:54)
	at io.vertx.core.impl.future.PromiseImpl.handle(PromiseImpl.java:43)
	at io.vertx.sqlclient.impl.TransactionImpl.lambda$wrap$0(TransactionImpl.java:72)
	at io.vertx.core.impl.future.FutureImpl$4.onFailure(FutureImpl.java:188)
	at io.vertx.core.impl.future.FutureBase.emitFailure(FutureBase.java:81)
	at io.vertx.core.impl.future.FutureImpl.tryFail(FutureImpl.java:278)
	at io.vertx.core.impl.future.Transformation$1.onFailure(Transformation.java:65)
	at io.vertx.core.impl.future.FutureBase.emitFailure(FutureBase.java:81)
	at io.vertx.core.impl.future.FailedFuture.addListener(FailedFuture.java:98)
	at io.vertx.core.impl.future.Transformation.onFailure(Transformation.java:54)
	at io.vertx.core.impl.future.FutureBase.lambda$emitFailure$1(FutureBase.java:75)
	at io.vertx.core.impl.ContextImpl.execute(ContextImpl.java:312)
	at io.vertx.core.impl.DuplicatedContext.execute(DuplicatedContext.java:168)
	at io.vertx.core.impl.future.FutureBase.emitFailure(FutureBase.java:72)
	at io.vertx.core.impl.future.FutureImpl.tryFail(FutureImpl.java:278)
	at io.vertx.core.impl.future.PromiseImpl.onFailure(PromiseImpl.java:54)
	at io.vertx.core.impl.future.PromiseImpl.handle(PromiseImpl.java:43)
	at io.vertx.core.impl.future.PromiseImpl.handle(PromiseImpl.java:23)
	at io.vertx.sqlclient.impl.command.CommandBase.complete(CommandBase.java:42)
	at io.vertx.sqlclient.impl.command.CommandBase.fail(CommandBase.java:33)
	at io.vertx.sqlclient.impl.SocketConnectionBase.lambda$prepareCommand$4(SocketConnectionBase.java:313)
	at io.vertx.sqlclient.impl.command.CommandResponse.fire(CommandResponse.java:46)
	at io.vertx.sqlclient.impl.SocketConnectionBase.handleMessage(SocketConnectionBase.java:324)
	at io.vertx.pgclient.impl.PgSocketConnection.handleMessage(PgSocketConnection.java:114)
	at io.vertx.sqlclient.impl.SocketConnectionBase.lambda$init$0(SocketConnectionBase.java:137)
	at io.vertx.core.impl.ContextImpl.emit(ContextImpl.java:342)
	at io.vertx.core.impl.ContextImpl.emit(ContextImpl.java:335)
	at io.vertx.core.net.impl.NetSocketImpl.handleMessage(NetSocketImpl.java:389)
	at io.vertx.core.net.impl.ConnectionBase.read(ConnectionBase.java:159)
	at io.vertx.core.net.impl.VertxHandler.channelRead(VertxHandler.java:153)
	at io.netty.channel.AbstractChannelHandlerContext.invokeChannelRead(AbstractChannelHandlerContext.java:442)
	at io.netty.channel.AbstractChannelHandlerContext.invokeChannelRead(AbstractChannelHandlerContext.java:420)
	at io.netty.channel.AbstractChannelHandlerContext.fireChannelRead(AbstractChannelHandlerContext.java:412)
	at io.netty.channel.CombinedChannelDuplexHandler$DelegatingChannelHandlerContext.fireChannelRead(CombinedChannelDuplexHandler.java:436)
	at io.vertx.pgclient.impl.codec.PgDecoder.fireCommandResponse(PgDecoder.java:52)
	at io.vertx.pgclient.impl.codec.PgCommandCodec.handleReadyForQuery(PgCommandCodec.java:133)
	at io.vertx.pgclient.impl.codec.PrepareStatementCommandCodec.handleReadyForQuery(PrepareStatementCommandCodec.java:96)
	at io.vertx.pgclient.impl.codec.PgDecoder.decodeReadyForQuery(PgDecoder.java:248)
	at io.vertx.pgclient.impl.codec.PgDecoder.channelRead(PgDecoder.java:107)
	at io.netty.channel.CombinedChannelDuplexHandler.channelRead(CombinedChannelDuplexHandler.java:251)
	at io.netty.channel.AbstractChannelHandlerContext.invokeChannelRead(AbstractChannelHandlerContext.java:442)
	at io.netty.channel.AbstractChannelHandlerContext.invokeChannelRead(AbstractChannelHandlerContext.java:420)
	at io.netty.channel.AbstractChannelHandlerContext.fireChannelRead(AbstractChannelHandlerContext.java:412)
	at io.netty.channel.DefaultChannelPipeline$HeadContext.channelRead(DefaultChannelPipeline.java:1357)
	at io.netty.channel.AbstractChannelHandlerContext.invokeChannelRead(AbstractChannelHandlerContext.java:440)
	at io.netty.channel.AbstractChannelHandlerContext.invokeChannelRead(AbstractChannelHandlerContext.java:420)
	at io.netty.channel.DefaultChannelPipeline.fireChannelRead(DefaultChannelPipeline.java:868)
	at io.netty.channel.nio.AbstractNioByteChannel$NioByteUnsafe.read(AbstractNioByteChannel.java:166)
	at io.netty.channel.nio.NioEventLoop.processSelectedKey(NioEventLoop.java:796)
	at io.netty.channel.nio.NioEventLoop.processSelectedKeysOptimized(NioEventLoop.java:732)
	at io.netty.channel.nio.NioEventLoop.processSelectedKeys(NioEventLoop.java:658)
	at io.netty.channel.nio.NioEventLoop.run(NioEventLoop.java:562)
	at io.netty.util.concurrent.SingleThreadEventExecutor$4.run(SingleThreadEventExecutor.java:998)
	at io.netty.util.internal.ThreadExecutorMap$2.run(ThreadExecutorMap.java:74)
	at io.netty.util.concurrent.FastThreadLocalRunnable.run(FastThreadLocalRunnable.java:30)
	at java.base/java.lang.Thread.run(Thread.java:1583)
Caused by: java.sql.SQLException: ERROR: relation "events_dead_letter" does not exist (42P01)
	... 73 more

22:00:33 DEBUG [io.qu.mi.ru.bi.ve.VertxHttpServerMetrics] requestRouted null HttpRequestMetric [initialPath=/test-support/wipe, currentRoutePath=/, templatePath=null, request=io.vertx.core.http.impl.Http1xServerRequest@101f7b32]
22:00:33 DEBUG [io.qu.mi.ru.bi.ve.VertxHttpServerMetrics] requestRouted null HttpRequestMetric [initialPath=/test-support/wipe, currentRoutePath=/, templatePath=null, request=io.vertx.core.http.impl.Http1xServerRequest@101f7b32]
22:00:33 DEBUG [io.qu.mi.ru.bi.ve.VertxHttpServerMetrics] requestRouted null HttpRequestMetric [initialPath=/test-support/wipe, currentRoutePath=/, templatePath=null, request=io.vertx.core.http.impl.Http1xServerRequest@101f7b32]
22:00:33 ERROR [io.qu.ve.ht.ru.QuarkusErrorHandler] HTTP Request to /test-support/wipe failed, error id: f7331714-e474-4d29-a55c-9ef6e5a7e022-2: org.hibernate.exception.SQLGrammarException: error executing SQL statement [ERROR: relation "events_dead_letter" does not exist (42P01)] [DELETE FROM events_dead_letter]
	at org.hibernate.exception.internal.SQLStateConversionDelegate.convert(SQLStateConversionDelegate.java:63)
	at org.hibernate.exception.internal.StandardSQLExceptionConverter.convert(StandardSQLExceptionConverter.java:34)
	at org.hibernate.engine.jdbc.spi.SqlExceptionHelper.convert(SqlExceptionHelper.java:115)
	at org.hibernate.reactive.pool.impl.SqlClientConnection.convertException(SqlClientConnection.java:171)
	at org.hibernate.reactive.pool.impl.SqlClientConnection.lambda$preparedQuery$8(SqlClientConnection.java:264)
	at java.base/java.util.concurrent.CompletableFuture.uniHandle(CompletableFuture.java:934)
	at java.base/java.util.concurrent.CompletableFuture$UniHandle.tryFire(CompletableFuture.java:911)
	at java.base/java.util.concurrent.CompletableFuture.postComplete(CompletableFuture.java:510)
	at java.base/java.util.concurrent.CompletableFuture.completeExceptionally(CompletableFuture.java:2194)
	at io.vertx.core.Future.lambda$toCompletionStage$3(Future.java:602)
	at io.vertx.core.impl.future.FutureImpl$4.onFailure(FutureImpl.java:188)
	at io.vertx.core.impl.future.FutureBase.emitFailure(FutureBase.java:81)
	at io.vertx.core.impl.future.FutureImpl.tryFail(FutureImpl.java:278)
	at io.vertx.sqlclient.impl.QueryResultBuilder.tryFail(QueryResultBuilder.java:94)
	at io.vertx.core.Promise.fail(Promise.java:89)
	at io.vertx.core.Promise.handle(Promise.java:53)
	at io.vertx.core.Promise.handle(Promise.java:29)
	at io.vertx.core.impl.future.FutureImpl$4.onFailure(FutureImpl.java:188)
	at io.vertx.core.impl.future.FutureBase.emitFailure(FutureBase.java:81)
	at io.vertx.core.impl.future.FutureImpl.tryFail(FutureImpl.java:278)
	at io.vertx.core.impl.future.PromiseImpl.onFailure(PromiseImpl.java:54)
	at io.vertx.core.impl.future.PromiseImpl.handle(PromiseImpl.java:43)
	at io.vertx.sqlclient.impl.TransactionImpl.lambda$wrap$0(TransactionImpl.java:72)
	at io.vertx.core.impl.future.FutureImpl$4.onFailure(FutureImpl.java:188)
	at io.vertx.core.impl.future.FutureBase.emitFailure(FutureBase.java:81)
	at io.vertx.core.impl.future.FutureImpl.tryFail(FutureImpl.java:278)
	at io.vertx.core.impl.future.Transformation$1.onFailure(Transformation.java:65)
	at io.vertx.core.impl.future.FutureBase.emitFailure(FutureBase.java:81)
	at io.vertx.core.impl.future.FailedFuture.addListener(FailedFuture.java:98)
	at io.vertx.core.impl.future.Transformation.onFailure(Transformation.java:54)
	at io.vertx.core.impl.future.FutureBase.lambda$emitFailure$1(FutureBase.java:75)
	at io.vertx.core.impl.ContextImpl.execute(ContextImpl.java:312)
	at io.vertx.core.impl.DuplicatedContext.execute(DuplicatedContext.java:168)
	at io.vertx.core.impl.future.FutureBase.emitFailure(FutureBase.java:72)
	at io.vertx.core.impl.future.FutureImpl.tryFail(FutureImpl.java:278)
	at io.vertx.core.impl.future.PromiseImpl.onFailure(PromiseImpl.java:54)
	at io.vertx.core.impl.future.PromiseImpl.handle(PromiseImpl.java:43)
	at io.vertx.core.impl.future.PromiseImpl.handle(PromiseImpl.java:23)
	at io.vertx.sqlclient.impl.command.CommandBase.complete(CommandBase.java:42)
	at io.vertx.sqlclient.impl.command.CommandBase.fail(CommandBase.java:33)
	at io.vertx.sqlclient.impl.SocketConnectionBase.lambda$prepareCommand$4(SocketConnectionBase.java:313)
	at io.vertx.sqlclient.impl.command.CommandResponse.fire(CommandResponse.java:46)
	at io.vertx.sqlclient.impl.SocketConnectionBase.handleMessage(SocketConnectionBase.java:324)
	at io.vertx.pgclient.impl.PgSocketConnection.handleMessage(PgSocketConnection.java:114)
	at io.vertx.sqlclient.impl.SocketConnectionBase.lambda$init$0(SocketConnectionBase.java:137)
	at io.vertx.core.impl.ContextImpl.emit(ContextImpl.java:342)
	at io.vertx.core.impl.ContextImpl.emit(ContextImpl.java:335)
	at io.vertx.core.net.impl.NetSocketImpl.handleMessage(NetSocketImpl.java:389)
	at io.vertx.core.net.impl.ConnectionBase.read(ConnectionBase.java:159)
	at io.vertx.core.net.impl.VertxHandler.channelRead(VertxHandler.java:153)
	at io.netty.channel.AbstractChannelHandlerContext.invokeChannelRead(AbstractChannelHandlerContext.java:442)
	at io.netty.channel.AbstractChannelHandlerContext.invokeChannelRead(AbstractChannelHandlerContext.java:420)
	at io.netty.channel.AbstractChannelHandlerContext.fireChannelRead(AbstractChannelHandlerContext.java:412)
	at io.netty.channel.CombinedChannelDuplexHandler$DelegatingChannelHandlerContext.fireChannelRead(CombinedChannelDuplexHandler.java:436)
	at io.vertx.pgclient.impl.codec.PgDecoder.fireCommandResponse(PgDecoder.java:52)
	at io.vertx.pgclient.impl.codec.PgCommandCodec.handleReadyForQuery(PgCommandCodec.java:133)
	at io.vertx.pgclient.impl.codec.PrepareStatementCommandCodec.handleReadyForQuery(PrepareStatementCommandCodec.java:96)
	at io.vertx.pgclient.impl.codec.PgDecoder.decodeReadyForQuery(PgDecoder.java:248)
	at io.vertx.pgclient.impl.codec.PgDecoder.channelRead(PgDecoder.java:107)
	at io.netty.channel.CombinedChannelDuplexHandler.channelRead(CombinedChannelDuplexHandler.java:251)
	at io.netty.channel.AbstractChannelHandlerContext.invokeChannelRead(AbstractChannelHandlerContext.java:442)
	at io.netty.channel.AbstractChannelHandlerContext.invokeChannelRead(AbstractChannelHandlerContext.java:420)
	at io.netty.channel.AbstractChannelHandlerContext.fireChannelRead(AbstractChannelHandlerContext.java:412)
	at io.netty.channel.DefaultChannelPipeline$HeadContext.channelRead(DefaultChannelPipeline.java:1357)
	at io.netty.channel.AbstractChannelHandlerContext.invokeChannelRead(AbstractChannelHandlerContext.java:440)
	at io.netty.channel.AbstractChannelHandlerContext.invokeChannelRead(AbstractChannelHandlerContext.java:420)
	at io.netty.channel.DefaultChannelPipeline.fireChannelRead(DefaultChannelPipeline.java:868)
	at io.netty.channel.nio.AbstractNioByteChannel$NioByteUnsafe.read(AbstractNioByteChannel.java:166)
	at io.netty.channel.nio.NioEventLoop.processSelectedKey(NioEventLoop.java:796)
	at io.netty.channel.nio.NioEventLoop.processSelectedKeysOptimized(NioEventLoop.java:732)
	at io.netty.channel.nio.NioEventLoop.processSelectedKeys(NioEventLoop.java:658)
	at io.netty.channel.nio.NioEventLoop.run(NioEventLoop.java:562)
	at io.netty.util.concurrent.SingleThreadEventExecutor$4.run(SingleThreadEventExecutor.java:998)
	at io.netty.util.internal.ThreadExecutorMap$2.run(ThreadExecutorMap.java:74)
	at io.netty.util.concurrent.FastThreadLocalRunnable.run(FastThreadLocalRunnable.java:30)
	at java.base/java.lang.Thread.run(Thread.java:1583)
Caused by: java.sql.SQLException: ERROR: relation "events_dead_letter" does not exist (42P01)
	... 73 more

22:00:33 DEBUG [or.ap.ht.wire]  << "HTTP/1.1 500 Internal Server Error[\r][\n]"
22:00:33 DEBUG [io.qu.mi.ru.bi.ve.VertxHttpServerMetrics] responseEnd io.vertx.core.http.impl.Http1xServerResponse@cca4de0, HttpRequestMetric [initialPath=/test-support/wipe, currentRoutePath=/, templatePath=null, request=io.vertx.core.http.impl.Http1xServerRequest@101f7b32]
22:00:33 DEBUG [or.ap.ht.wire]  << "content-type: application/json; charset=utf-8[\r][\n]"
22:00:33 DEBUG [or.ap.ht.wire]  << "content-length: 7114[\r][\n]"
22:00:33 DEBUG [or.ap.ht.wire]  << "[\r][\n]"
22:00:33 DEBUG [or.ap.ht.im.co.DefaultClientConnection] Receiving response: HTTP/1.1 500 Internal Server Error
22:00:33 DEBUG [or.ap.ht.headers] << HTTP/1.1 500 Internal Server Error
22:00:33 DEBUG [or.ap.ht.headers] << content-type: application/json; charset=utf-8
22:00:33 DEBUG [or.ap.ht.headers] << content-length: 7114
22:00:33 DEBUG [or.ap.ht.im.cl.DefaultHttpClient] Connection can be kept alive indefinitely
22:00:33 DEBUG [io.re.in.RestAssuredHttpBuilder] Parsing response as: application/json; charset=utf-8
22:00:33 DEBUG [io.re.in.RestAssuredHttpBuilder] Parsed data to instance of: class org.apache.http.conn.EofSensorInputStream
22:00:33 DEBUG [or.ap.ht.wire]  << "{"details":"Error id f7331714-e474-4d29-a55c-9ef6e5a7e022-2, org.hibernate.exception.SQLGrammarException: error executing SQL statement [ERROR: relation \"events_dead_letter\" does not exist (42P01)] [DELETE FROM events_dead_letter]","stack":"org.hibernate.exception.SQLGrammarException: error executing SQL statement [ERROR: relation \"events_dead_letter\" does not exist (42P01)] [DELETE FROM events_dead_letter]\n\tat org.hibernate.exception.internal.SQLStateConversionDelegate.convert(SQLStateConversionDelegate.java:63)\n\tat org.hibernate.exception.internal.StandardSQLExceptionConverter.convert(StandardSQLExceptionConverter.java:34)\n\tat org.hibernate.engine.jdbc.spi.SqlExceptionHelper.convert(SqlExceptionHelper.java:115)\n\tat org.hibernate.reactive.pool.impl.SqlClientConnection.convertException(SqlClientConnection.java:171)\n\tat org.hibernate.reactive.pool.impl.SqlClientConnection.lambda$preparedQuery$8(SqlClientConnection.java:264)\n\tat java.base/java.util.concurrent.CompletableFuture.uniHandle(CompletableFuture.java:934)\n\tat java.base/java.util.concurrent.CompletableFuture$UniHandle.tryFire(CompletableFuture.java:911)\n\tat java.base/java.util.concurrent.CompletableFuture.postComplete(CompletableFuture.java:510)\n\tat java.base/java.util.concurrent.CompletableFuture.completeExceptionally(CompletableFuture.java:2194)\n\tat io.vertx.core.Future.lambda$toCompletionStage$3(Future.java:602)\n\tat io.vertx.core.impl.future.FutureImpl$4.onFailure(FutureImpl.java:188)\n\tat io.vertx.core.impl.future.FutureBase.emitFailure(FutureBase.java:81)\n\tat io.vertx.core.impl.future.FutureImpl.tryFail(FutureImpl.java:278)\n\tat io.vertx.sqlclient.impl.QueryResultBuilder.tryFail(QueryResultBuilder.java:94)\n\tat io.vertx.core.Promise.fail(Promise.java:89)\n\tat io.vertx.core.Promise.handle(Promise.java:53)\n\tat io.vertx.core.Promise.handle(Promise.java:29)\n\tat io.vertx.core.impl.future.FutureImpl$4.onFailure(FutureImpl.java:188)\n\tat io.vertx.core.impl.future.FutureBase.emitFailure(FutureBase.java:81)\n\tat io.vertx.core.impl.future.FutureImpl.tryFail(FutureImpl.java:278)\n\tat io.vertx.core.impl.future.PromiseImpl.onFailure(PromiseImpl.java:54)\n\tat io.vertx.core.impl.future.PromiseImpl.handle(PromiseImpl.java:43)\n\tat io.vertx.sqlclient.impl.TransactionImpl.lambda$wrap$0(TransactionImpl.java:72)\n\tat io.vertx.core.impl.future.FutureImpl$4.onFailure(FutureImpl.java:188)\n\tat io.vertx.core.impl.future.FutureBase.emitFailure(FutureBase.java:81)\n\tat io.vertx.core.impl.future.FutureImpl.tryFail(FutureImpl.java:278)\n\tat io.vertx.core.impl.future.Transformation$1.onFailure(Transformation.java:65)\n\tat io.vertx.core.impl.future.FutureBase.emitFailure(FutureBase.java:81)\n\tat io.vertx.core.impl.future.FailedFuture.addListener(FailedFuture.java:98)\n\tat io.vertx.core.impl.future.Transformation.onFailure(Transformation.java:54)\n\tat io.vertx.core.impl.future.FutureBase.lambda$emitFailure$1(FutureBase.java:75)\n\tat io.vertx.core.impl.ContextImpl.execute(ContextImpl.java:312)\n\tat io.vertx.core.impl.DuplicatedContext.execute(DuplicatedContext.java:168)\n\tat io.vertx.core.impl.future.FutureBase.emitFailure(FutureBase.java:72)\n\tat io.vertx.core.impl.future.FutureImpl.tryFail(FutureImpl.java:278)\n\tat io.vertx.core.impl.future.PromiseImpl.onFailure(PromiseImpl.java:54)\n\tat io.vertx.core.impl.future.PromiseImpl.handle(PromiseImpl.java:43)\n\tat io.vertx.core.impl.future.PromiseImpl.handle(PromiseImpl.java:23)\n\tat io.vertx.sqlclient.impl.command.CommandBase.complete(CommandBase.java:42)\n\tat io.vertx.sqlclient.impl.command.CommandBase.fail(CommandBase.java:33)\n\tat io.vertx.sqlclient.impl.SocketConnectionBase.lambda$prepareCommand$4(SocketConnectionBase.java:313)\n\tat io.vertx.sqlclient.impl.command.CommandResponse.fire(CommandResponse.java:46)\n\tat io.vertx.sqlclient.impl.SocketConnectionBase.handleMessage(SocketConnectionBase.java:324)\n\tat io.vertx.pgclient.impl.PgSocketConnection.handleMessage(PgSocketConnection.java:114)\n\tat io.vertx.sqlclient.impl.SocketConnectionBase.lambda$init$0(SocketConnectionBase.java:137)\n\tat io.vertx.core.impl.ContextImpl.emit(ContextImpl.java:342)\n\tat io.vertx.core.impl.ContextImpl.emit(ContextImpl.java:335)\n\tat io.vertx.core.net.impl.NetSocketImpl.handleMessage(NetSocketImpl.java:389)\n\tat io.vertx.core.net.impl.ConnectionBase.read(ConnectionBase.java:159)\n\tat io.vertx.core.net.impl.VertxHandler.channelRead(VertxHandler.java:153)\n\tat io.netty.channel.AbstractChannelHandlerContext.invokeChannelRead(AbstractChannelHandlerContext.java:442)\n\tat io.netty.channel.AbstractChannelHandlerContext.invokeChannelRead(AbstractChannelHandlerContext.java:420)\n\tat io.netty.channel.AbstractChannelHandlerContext.fireChannelRead(AbstractChannelHandlerContext.java:412)\n\tat io.netty.channel.CombinedChannelDuplexHandler$DelegatingChannelHandlerContext.fireChannelRead(CombinedChannelDuplexHandler.java:436)\n\tat io.vertx.pgclient.impl.codec.PgDecoder.fireCommandResponse(PgDecoder.java:52)\n\tat io.vertx.pgclient.impl.codec.PgCommandCodec.handleReadyForQuery(PgCommandCodec.java:133)\n\tat io.vertx.pgclient.impl.codec.PrepareStatementCommandCodec.handleReadyForQuery(PrepareStatementCommandCodec.java:96)\n\tat io.vertx.pgclient.impl.codec.PgDecoder.decodeReadyForQuery(PgDecoder.java:248)\n\tat io.vertx.pgclient.impl.codec.PgDecoder.channelRead(PgDecoder.java:107)\n\tat io.netty.channel.CombinedChannelDuplexHandler.channelRead(CombinedChannelDuplexHandler.java:251)\n\tat io.netty.channel.AbstractChannelHandlerContext.invokeChannelRead(AbstractChannelHandlerContext.java:442)\n\tat io.netty.channel.AbstractChannelHandlerContext.invokeChannelRead(AbstractChannelHandlerContext.java:420)\n\tat io.netty.channel.AbstractChannelHandlerContext.fireChannelRead(AbstractChannelHandlerContext.java:412)\n\tat io.netty.channel.DefaultChannelPipeline$HeadContext.channelRead(DefaultChannelPipeline.java:1357)\n\tat io.netty.channel.AbstractChannelHandlerContext.invokeChannelRead(AbstractChannelHandlerContext.java:440)\n\tat io.netty.channel.AbstractChannelHandlerContext.invokeChannelRead(AbstractChannelHandlerContext.java:420)\n\tat io.netty.channel.DefaultChannelPipeline.fireChannelRead(DefaultChannelPipeline.java:868)\n\tat io.netty.channel.nio.AbstractNioByteChannel$NioByteUnsafe.read(AbstractNioByteChannel.java:166)\n\tat io.netty.channel.nio.NioEventLoop.processSelectedKey(NioEventLoop.java:796)\n\tat io.netty.channel.nio.NioEventLoop.processSelectedKeysOptimized(NioEventLoop.java:732)\n\tat io.netty.channel.nio.NioEventLoop.processSelectedKeys(NioEventLoop.java:658)\n\tat io.netty.channel.nio.NioEventLoop.run(NioEventLoop.java:562)\n\tat io.netty.util.concurrent.SingleThreadEventExecutor$4.run(SingleThreadEventExecutor.java:998)\n\tat io.netty.util.internal.ThreadExecutorMap$2.run(ThreadExecutorMap.java:74)\n\tat io.netty.util.concurrent.FastThreadLocalRunnable.run(FastThreadLocalRunnable.java:30)\n\tat java.base/java.lang.Thread.run(Thread.java:1583)\nCaused by: java.sql.SQLException: ERROR: relation \"events_dead_letter\" does not exist (42P01)\n\t... 73 more"}"
22:00:33 DEBUG [or.ap.ht.im.co.BasicClientConnectionManager] Releasing connection org.apache.http.impl.conn.ManagedClientConnectionImpl@623dac3
22:00:33 DEBUG [or.ap.ht.im.co.BasicClientConnectionManager] Connection can be kept alive indefinitely
Request method:	POST
Request URI:	http://localhost:8081/test-support/wipe
Proxy:			<none>
Request params:	<none>
Query params:	<none>
Form params:	<none>
Path params:	<none>
Headers:		Accept=*/*
				Content-Type=application/x-www-form-urlencoded; charset=ISO-8859-1
Cookies:		<none>
Multiparts:		<none>
Body:			<none>

HTTP/1.1 500 Internal Server Error
content-type: application/json; charset=utf-8
content-length: 7114

{
    "details": "Error id f7331714-e474-4d29-a55c-9ef6e5a7e022-2, org.hibernate.exception.SQLGrammarException: error executing SQL statement [ERROR: relation \"events_dead_letter\" does not exist (42P01)] [DELETE FROM events_dead_letter]",
    "stack": "org.hibernate.exception.SQLGrammarException: error executing SQL statement [ERROR: relation \"events_dead_letter\" does not exist (42P01)] [DELETE FROM events_dead_letter]\n\tat org.hibernate.exception.internal.SQLStateConversionDelegate.convert(SQLStateConversionDelegate.java:63)\n\tat org.hibernate.exception.internal.StandardSQLExceptionConverter.convert(StandardSQLExceptionConverter.java:34)\n\tat org.hibernate.engine.jdbc.spi.SqlExceptionHelper.convert(SqlExceptionHelper.java:115)\n\tat org.hibernate.reactive.pool.impl.SqlClientConnection.convertException(SqlClientConnection.java:171)\n\tat org.hibernate.reactive.pool.impl.SqlClientConnection.lambda$preparedQuery$8(SqlClientConnection.java:264)\n\tat java.base/java.util.concurrent.CompletableFuture.uniHandle(CompletableFuture.java:934)\n\tat java.base/java.util.concurrent.CompletableFuture$UniHandle.tryFire(CompletableFuture.java:911)\n\tat java.base/java.util.concurrent.CompletableFuture.postComplete(CompletableFuture.java:510)\n\tat java.base/java.util.concurrent.CompletableFuture.completeExceptionally(CompletableFuture.java:2194)\n\tat io.vertx.core.Future.lambda$toCompletionStage$3(Future.java:602)\n\tat io.vertx.core.impl.future.FutureImpl$4.onFailure(FutureImpl.java:188)\n\tat io.vertx.core.impl.future.FutureBase.emitFailure(FutureBase.java:81)\n\tat io.vertx.core.impl.future.FutureImpl.tryFail(FutureImpl.java:278)\n\tat io.vertx.sqlclient.impl.QueryResultBuilder.tryFail(QueryResultBuilder.java:94)\n\tat io.vertx.core.Promise.fail(Promise.java:89)\n\tat io.vertx.core.Promise.handle(Promise.java:53)\n\tat io.vertx.core.Promise.handle(Promise.java:29)\n\tat io.vertx.core.impl.future.FutureImpl$4.onFailure(FutureImpl.java:188)\n\tat io.vertx.core.impl.future.FutureBase.emitFailure(FutureBase.java:81)\n\tat io.vertx.core.impl.future.FutureImpl.tryFail(FutureImpl.java:278)\n\tat io.vertx.core.impl.future.PromiseImpl.onFailure(PromiseImpl.java:54)\n\tat io.vertx.core.impl.future.PromiseImpl.handle(PromiseImpl.java:43)\n\tat io.vertx.sqlclient.impl.TransactionImpl.lambda$wrap$0(TransactionImpl.java:72)\n\tat io.vertx.core.impl.future.FutureImpl$4.onFailure(FutureImpl.java:188)\n\tat io.vertx.core.impl.future.FutureBase.emitFailure(FutureBase.java:81)\n\tat io.vertx.core.impl.future.FutureImpl.tryFail(FutureImpl.java:278)\n\tat io.vertx.core.impl.future.Transformation$1.onFailure(Transformation.java:65)\n\tat io.vertx.core.impl.future.FutureBase.emitFailure(FutureBase.java:81)\n\tat io.vertx.core.impl.future.FailedFuture.addListener(FailedFuture.java:98)\n\tat io.vertx.core.impl.future.Transformation.onFailure(Transformation.java:54)\n\tat io.vertx.core.impl.future.FutureBase.lambda$emitFailure$1(FutureBase.java:75)\n\tat io.vertx.core.impl.ContextImpl.execute(ContextImpl.java:312)\n\tat io.vertx.core.impl.DuplicatedContext.execute(DuplicatedContext.java:168)\n\tat io.vertx.core.impl.future.FutureBase.emitFailure(FutureBase.java:72)\n\tat io.vertx.core.impl.future.FutureImpl.tryFail(FutureImpl.java:278)\n\tat io.vertx.core.impl.future.PromiseImpl.onFailure(PromiseImpl.java:54)\n\tat io.vertx.core.impl.future.PromiseImpl.handle(PromiseImpl.java:43)\n\tat io.vertx.core.impl.future.PromiseImpl.handle(PromiseImpl.java:23)\n\tat io.vertx.sqlclient.impl.command.CommandBase.complete(CommandBase.java:42)\n\tat io.vertx.sqlclient.impl.command.CommandBase.fail(CommandBase.java:33)\n\tat io.vertx.sqlclient.impl.SocketConnectionBase.lambda$prepareCommand$4(SocketConnectionBase.java:313)\n\tat io.vertx.sqlclient.impl.command.CommandResponse.fire(CommandResponse.java:46)\n\tat io.vertx.sqlclient.impl.SocketConnectionBase.handleMessage(SocketConnectionBase.java:324)\n\tat io.vertx.pgclient.impl.PgSocketConnection.handleMessage(PgSocketConnection.java:114)\n\tat io.vertx.sqlclient.impl.SocketConnectionBase.lambda$init$0(SocketConnectionBase.java:137)\n\tat io.vertx.core.impl.ContextImpl.emit(ContextImpl.java:342)\n\tat io.vertx.core.impl.ContextImpl.emit(ContextImpl.java:335)\n\tat io.vertx.core.net.impl.NetSocketImpl.handleMessage(NetSocketImpl.java:389)\n\tat io.vertx.core.net.impl.ConnectionBase.read(ConnectionBase.java:159)\n\tat io.vertx.core.net.impl.VertxHandler.channelRead(VertxHandler.java:153)\n\tat io.netty.channel.AbstractChannelHandlerContext.invokeChannelRead(AbstractChannelHandlerContext.java:442)\n\tat io.netty.channel.AbstractChannelHandlerContext.invokeChannelRead(AbstractChannelHandlerContext.java:420)\n\tat io.netty.channel.AbstractChannelHandlerContext.fireChannelRead(AbstractChannelHandlerContext.java:412)\n\tat io.netty.channel.CombinedChannelDuplexHandler$DelegatingChannelHandlerContext.fireChannelRead(CombinedChannelDuplexHandler.java:436)\n\tat io.vertx.pgclient.impl.codec.PgDecoder.fireCommandResponse(PgDecoder.java:52)\n\tat io.vertx.pgclient.impl.codec.PgCommandCodec.handleReadyForQuery(PgCommandCodec.java:133)\n\tat io.vertx.pgclient.impl.codec.PrepareStatementCommandCodec.handleReadyForQuery(PrepareStatementCommandCodec.java:96)\n\tat io.vertx.pgclient.impl.codec.PgDecoder.decodeReadyForQuery(PgDecoder.java:248)\n\tat io.vertx.pgclient.impl.codec.PgDecoder.channelRead(PgDecoder.java:107)\n\tat io.netty.channel.CombinedChannelDuplexHandler.channelRead(CombinedChannelDuplexHandler.java:251)\n\tat io.netty.channel.AbstractChannelHandlerContext.invokeChannelRead(AbstractChannelHandlerContext.java:442)\n\tat io.netty.channel.AbstractChannelHandlerContext.invokeChannelRead(AbstractChannelHandlerContext.java:420)\n\tat io.netty.channel.AbstractChannelHandlerContext.fireChannelRead(AbstractChannelHandlerContext.java:412)\n\tat io.netty.channel.DefaultChannelPipeline$HeadContext.channelRead(DefaultChannelPipeline.java:1357)\n\tat io.netty.channel.AbstractChannelHandlerContext.invokeChannelRead(AbstractChannelHandlerContext.java:440)\n\tat io.netty.channel.AbstractChannelHandlerContext.invokeChannelRead(AbstractChannelHandlerContext.java:420)\n\tat io.netty.channel.DefaultChannelPipeline.fireChannelRead(DefaultChannelPipeline.java:868)\n\tat io.netty.channel.nio.AbstractNioByteChannel$NioByteUnsafe.read(AbstractNioByteChannel.java:166)\n\tat io.netty.channel.nio.NioEventLoop.processSelectedKey(NioEventLoop.java:796)\n\tat io.netty.channel.nio.NioEventLoop.processSelectedKeysOptimized(NioEventLoop.java:732)\n\tat io.netty.channel.nio.NioEventLoop.processSelectedKeys(NioEventLoop.java:658)\n\tat io.netty.channel.nio.NioEventLoop.run(NioEventLoop.java:562)\n\tat io.netty.util.concurrent.SingleThreadEventExecutor$4.run(SingleThreadEventExecutor.java:998)\n\tat io.netty.util.internal.ThreadExecutorMap$2.run(ThreadExecutorMap.java:74)\n\tat io.netty.util.concurrent.FastThreadLocalRunnable.run(FastThreadLocalRunnable.java:30)\n\tat java.base/java.lang.Thread.run(Thread.java:1583)\nCaused by: java.sql.SQLException: ERROR: relation \"events_dead_letter\" does not exist (42P01)\n\t... 73 more"
}
[ERROR] Tests run: 2, Failures: 2, Errors: 0, Skipped: 0, Time elapsed: 4.252 s <<< FAILURE! -- in space.maatini.eventsourcing.resource.AdminResourceTest
[ERROR] space.maatini.eventsourcing.resource.AdminResourceTest.triggerProjection_noEvents_returnsZero -- Time elapsed: 1.575 s <<< FAILURE!
java.lang.AssertionError: 
1 expectation failed.
Expected status code <200> but was <500>.

	at java.base/jdk.internal.reflect.DirectConstructorHandleAccessor.newInstance(DirectConstructorHandleAccessor.java:62)
	at java.base/java.lang.reflect.Constructor.newInstanceWithCaller(Constructor.java:502)
	at java.base/java.lang.reflect.Constructor.newInstance(Constructor.java:486)
	at org.codehaus.groovy.reflection.CachedConstructor.invoke(CachedConstructor.java:73)
	at org.codehaus.groovy.reflection.CachedConstructor.doConstructorInvoke(CachedConstructor.java:60)
	at org.codehaus.groovy.runtime.callsite.ConstructorSite$ConstructorSiteNoUnwrap.callConstructor(ConstructorSite.java:86)
	at org.codehaus.groovy.runtime.callsite.CallSiteArray.defaultCallConstructor(CallSiteArray.java:57)
	at org.codehaus.groovy.runtime.callsite.AbstractCallSite.callConstructor(AbstractCallSite.java:263)
	at org.codehaus.groovy.runtime.callsite.AbstractCallSite.callConstructor(AbstractCallSite.java:277)
	at io.restassured.internal.ResponseSpecificationImpl$HamcrestAssertionClosure.validate(ResponseSpecificationImpl.groovy:512)
	at io.restassured.internal.ResponseSpecificationImpl$HamcrestAssertionClosure$validate$1.call(Unknown Source)
	at org.codehaus.groovy.runtime.callsite.CallSiteArray.defaultCall(CallSiteArray.java:45)
	at org.codehaus.groovy.runtime.callsite.AbstractCallSite.call(AbstractCallSite.java:125)
	at org.codehaus.groovy.runtime.callsite.AbstractCallSite.call(AbstractCallSite.java:139)
	at io.restassured.internal.ResponseSpecificationImpl.validateResponseIfRequired(ResponseSpecificationImpl.groovy:696)
	at io.restassured.internal.ResponseSpecificationImpl.this$2$validateResponseIfRequired(ResponseSpecificationImpl.groovy)
	at java.base/jdk.internal.reflect.DirectMethodHandleAccessor.invoke(DirectMethodHandleAccessor.java:103)
	at java.base/java.lang.reflect.Method.invoke(Method.java:580)
	at org.codehaus.groovy.runtime.callsite.PlainObjectMetaMethodSite.doInvoke(PlainObjectMetaMethodSite.java:43)
	at org.codehaus.groovy.runtime.callsite.PogoMetaMethodSite$PogoCachedMethodSiteNoUnwrapNoCoerce.invoke(PogoMetaMethodSite.java:198)
	at org.codehaus.groovy.runtime.callsite.PogoMetaMethodSite.callCurrent(PogoMetaMethodSite.java:62)
	at org.codehaus.groovy.runtime.callsite.CallSiteArray.defaultCallCurrent(CallSiteArray.java:49)
	at org.codehaus.groovy.runtime.callsite.AbstractCallSite.callCurrent(AbstractCallSite.java:171)
	at org.codehaus.groovy.runtime.callsite.AbstractCallSite.callCurrent(AbstractCallSite.java:185)
	at io.restassured.internal.ResponseSpecificationImpl.statusCode(ResponseSpecificationImpl.groovy:135)
	at io.restassured.specification.ResponseSpecification$statusCode$1.callCurrent(Unknown Source)
	at org.codehaus.groovy.runtime.callsite.CallSiteArray.defaultCallCurrent(CallSiteArray.java:49)
	at org.codehaus.groovy.runtime.callsite.AbstractCallSite.callCurrent(AbstractCallSite.java:171)
	at org.codehaus.groovy.runtime.callsite.AbstractCallSite.callCurrent(AbstractCallSite.java:185)
	at io.restassured.internal.ResponseSpecificationImpl.statusCode(ResponseSpecificationImpl.groovy:143)
	at io.restassured.internal.ValidatableResponseOptionsImpl.statusCode(ValidatableResponseOptionsImpl.java:89)
	at space.maatini.eventsourcing.resource.AdminResourceTest.cleanup(AdminResourceTest.java:22)

[ERROR] space.maatini.eventsourcing.resource.AdminResourceTest.replayAll_withFromEventId -- Time elapsed: 0.043 s <<< FAILURE!
java.lang.AssertionError: 
1 expectation failed.
Expected status code <200> but was <500>.

	at java.base/jdk.internal.reflect.DirectConstructorHandleAccessor.newInstance(DirectConstructorHandleAccessor.java:62)
	at java.base/java.lang.reflect.Constructor.newInstanceWithCaller(Constructor.java:502)
	at java.base/java.lang.reflect.Constructor.newInstance(Constructor.java:486)
	at org.codehaus.groovy.reflection.CachedConstructor.invoke(CachedConstructor.java:73)
	at org.codehaus.groovy.reflection.CachedConstructor.doConstructorInvoke(CachedConstructor.java:60)
	at org.codehaus.groovy.runtime.callsite.ConstructorSite$ConstructorSiteNoUnwrap.callConstructor(ConstructorSite.java:86)
	at org.codehaus.groovy.runtime.callsite.AbstractCallSite.callConstructor(AbstractCallSite.java:277)
	at io.restassured.internal.ResponseSpecificationImpl$HamcrestAssertionClosure.validate(ResponseSpecificationImpl.groovy:512)
	at io.restassured.internal.ResponseSpecificationImpl$HamcrestAssertionClosure$validate$1.call(Unknown Source)
	at io.restassured.internal.ResponseSpecificationImpl.validateResponseIfRequired(ResponseSpecificationImpl.groovy:696)
	at io.restassured.internal.ResponseSpecificationImpl.this$2$validateResponseIfRequired(ResponseSpecificationImpl.groovy)
	at java.base/jdk.internal.reflect.DirectMethodHandleAccessor.invoke(DirectMethodHandleAccessor.java:103)
	at java.base/java.lang.reflect.Method.invoke(Method.java:580)
	at org.codehaus.groovy.runtime.callsite.PlainObjectMetaMethodSite.doInvoke(PlainObjectMetaMethodSite.java:43)
	at org.codehaus.groovy.runtime.callsite.PogoMetaMethodSite$PogoCachedMethodSiteNoUnwrapNoCoerce.invoke(PogoMetaMethodSite.java:198)
	at org.codehaus.groovy.runtime.callsite.PogoMetaMethodSite.callCurrent(PogoMetaMethodSite.java:62)
	at org.codehaus.groovy.runtime.callsite.AbstractCallSite.callCurrent(AbstractCallSite.java:185)
	at io.restassured.internal.ResponseSpecificationImpl.statusCode(ResponseSpecificationImpl.groovy:135)
	at io.restassured.specification.ResponseSpecification$statusCode$1.callCurrent(Unknown Source)
	at io.restassured.internal.ResponseSpecificationImpl.statusCode(ResponseSpecificationImpl.groovy:143)
	at io.restassured.internal.ValidatableResponseOptionsImpl.statusCode(ValidatableResponseOptionsImpl.java:89)
	at space.maatini.eventsourcing.resource.AdminResourceTest.cleanup(AdminResourceTest.java:22)

22:00:33 DEBUG [io.qu.ru.Application] Stopping application
22:00:33 DEBUG [io.qu.ru.sh.ShutdownRecorder] Attempting to gracefully shutdown.
22:00:33 DEBUG [or.hi.or.factory] HHH90020005: Closing factory [c4547e4a-fad1-406a-bec3-198ec5cb3260]
22:00:33 DEBUG [or.in.qu.hi.ca.QuarkusInfinispanRegionFactory] Stop region factory
22:00:33 DEBUG [or.in.qu.hi.ca.QuarkusInfinispanRegionFactory] Clear region references
22:00:33 DEBUG [or.hi.or.beans] HHH10005004: Stopping BeanContainer: io.quarkus.hibernate.orm.runtime.cdi.QuarkusArcBeanContainer@ca72afb
22:00:33 DEBUG [io.qu.ar.impl] ArC DI container shut down
22:00:33 DEBUG [io.qu.ru.ut.NoopShutdownScheduledExecutorService] shutdownNow() not allowed on managed executor service
22:00:33 DEBUG [io.ne.bu.PoolThreadCache] Freed 4 thread-local buffer(s) from thread: vert.x-eventloop-thread-2
22:00:33 DEBUG [io.ne.bu.PoolThreadCache] Freed 3 thread-local buffer(s) from thread: vert.x-eventloop-thread-4
22:00:33 DEBUG [io.ne.bu.PoolThreadCache] Freed 2 thread-local buffer(s) from thread: vert.x-eventloop-thread-0
22:00:33 DEBUG [io.ne.bu.PoolThreadCache] Freed 4 thread-local buffer(s) from thread: vert.x-eventloop-thread-4
22:00:33 DEBUG [io.ne.bu.PoolThreadCache] Freed 3 thread-local buffer(s) from thread: vert.x-eventloop-thread-3
22:00:33 DEBUG [io.ne.bu.PoolThreadCache] Freed 4 thread-local buffer(s) from thread: vert.x-eventloop-thread-3
22:00:33 DEBUG [io.ne.bu.PoolThreadCache] Freed 7 thread-local buffer(s) from thread: vert.x-eventloop-thread-1
22:00:33 DEBUG [io.qu.thread-pool] loop: 1, remaining: 60000000000, intervalRemaining: 5000000000, interruptRemaining: 10000000000
22:00:33 INFO  [io.quarkus] eventsourcing stopped in 0.062s
[INFO] 
[INFO] Results:
[INFO] 
[ERROR] Failures: 
[ERROR]   AdminResourceTest.cleanup:22 1 expectation failed.
Expected status code <200> but was <500>.

[ERROR]   AdminResourceTest.cleanup:22 1 expectation failed.
Expected status code <200> but was <500>.

[INFO] 
[ERROR] Tests run: 2, Failures: 2, Errors: 0, Skipped: 0
[INFO] 
[INFO] ------------------------------------------------------------------------
[INFO] BUILD FAILURE
[INFO] ------------------------------------------------------------------------
[INFO] Total time:  20.758 s
[INFO] Finished at: 2026-02-21T22:00:33+01:00
[INFO] ------------------------------------------------------------------------
[ERROR] Failed to execute goal org.apache.maven.plugins:maven-surefire-plugin:3.5.2:test (default-test) on project eventsourcing-core: There are test failures.
[ERROR] 
[ERROR] See /home/martin/work/es-psql-quarkus/eventsourcing-core/target/surefire-reports for the individual test results.
[ERROR] See dump files (if any exist) [date].dump, [date]-jvmRun[N].dump and [date].dumpstream.
[ERROR] -> [Help 1]
[ERROR] 
[ERROR] To see the full stack trace of the errors, re-run Maven with the -e switch.
[ERROR] Re-run Maven using the -X switch to enable full debug logging.
[ERROR] 
[ERROR] For more information about the errors and possible solutions, please read the following articles:
[ERROR] [Help 1] http://cwiki.apache.org/confluence/display/MAVEN/MojoFailureException
Error: error running script "./mvnw" in Devbox: exit status 1

